******************************************************************************
                  TI ARM Linker Unix v20.2.7                   
******************************************************************************
>> Linked Thu Mar 14 19:40:20 2024

OUTPUT FILE NAME:   <4352_Project-1.out>
ENTRY POINT SYMBOL: "_c_int00_noargs"  address: 0000696d


MEMORY CONFIGURATION

         name            origin    length      used     unused   attr    fill
----------------------  --------  ---------  --------  --------  ----  --------
  FLASH                 00000000   00040000  00006e24  000391dc  R  X
  SRAM                  20000000   00008000  00001238  00006dc8  RW X


SEGMENT ALLOCATION MAP

run origin  load origin   length   init length attrs members
----------  ----------- ---------- ----------- ----- -------
00000000    00000000    00006e28   00006e28    r-x
  00000000    00000000    0000026c   0000026c    r-- .intvecs
  0000026c    0000026c    00006990   00006990    r-x .text
  00006c00    00006c00    000001e0   000001e0    r-- .const
  00006de0    00006de0    00000048   00000048    r-- .cinit
20000000    20000000    00001238   00000000    rw-
  20000000    20000000    00001000   00000000    rw- .stack
  20001000    20001000    000001fc   00000000    rw- .bss
  200011fc    200011fc    0000003c   00000000    rw- .data


SECTION ALLOCATION MAP

 output                                  attributes/
section   page    origin      length       input sections
--------  ----  ----------  ----------   ----------------
.intvecs   0    00000000    0000026c     
                  00000000    0000026c     tm4c123gh6pm_startup_ccs.obj (.intvecs)

.text      0    0000026c    00006990     
                  0000026c    00000c48     ethernet.obj (.text)
                  00000eb4    00000b14     rtsv7M4_T_le_v4SPD16_eabi.lib : _scanfi.c.obj (.text:__TI_scanfi)
                  000019c8    00000a4e                                   : _printfi.c.obj (.text:__TI_printfi)
                  00002416    00000002                                   : div0.asm.obj (.text)
                  00002418    00000808     gpio.obj (.text)
                  00002c20    000007ac     dhcp.obj (.text)
                  000033cc    00000714     eth0.obj (.text)
                  00003ae0    000004ac     ip.obj (.text)
                  00003f8c    00000460     rtsv7M4_T_le_v4SPD16_eabi.lib : strtod.c.obj (.text:strtod)
                  000043ec    00000338     timer.obj (.text)
                  00004724    000002f4     arp.obj (.text)
                  00004a18    000002e0     socket.obj (.text)
                  00004cf8    00000270     rtsv7M4_T_le_v4SPD16_eabi.lib : _printfi.c.obj (.text:_pconv_a)
                  00004f68    000001dc                                   : strtoll.c.obj (.text:strtoll)
                  00005144    000001d0                                   : _printfi.c.obj (.text:_pconv_g)
                  00005314    000001b6                                   : fd_add_t2.asm.obj (.text)
                  000054ca    00000002     --HOLE-- [fill = 0]
                  000054cc    00000160     spi0.obj (.text)
                  0000562c    0000015c     rtsv7M4_T_le_v4SPD16_eabi.lib : strtoull.c.obj (.text:strtoull)
                  00005788    0000013c                                   : _printfi.c.obj (.text:_pconv_e)
                  000058c4    00000136                                   : fd_div_t2.asm.obj (.text)
                  000059fa    00000002     --HOLE-- [fill = 0]
                  000059fc    00000130                                   : strtol.c.obj (.text:strtol)
                  00005b2c    00000128     uart0.obj (.text)
                  00005c54    00000124     rtsv7M4_T_le_v4SPD16_eabi.lib : _printfi.c.obj (.text:fcvt)
                  00005d78    00000110                                   : s_scalbn.c.obj (.text:scalbn)
                  00005e88    00000110                                   : strtoul.c.obj (.text:strtoul)
                  00005f98    000000fc                                   : fd_mul_t2.asm.obj (.text)
                  00006094    000000b1                                   : _printfi.c.obj (.text:_ltostr)
                  00006145    00000001     --HOLE-- [fill = 0]
                  00006146    0000009c                                   : memcpy_t2.asm.obj (.text)
                  000061e2    00000096                                   : ull_div_t2.asm.obj (.text)
                  00006278    00000086                                   : fd_cmp_t2.asm.obj (.text:__aeabi_cdcmple)
                  000062fe    00000086                                   : fd_cmp_t2.asm.obj (.text:__aeabi_cdrcmple)
                  00006384    00000084     eeprom.obj (.text)
                  00006408    0000007a     rtsv7M4_T_le_v4SPD16_eabi.lib : memset_t2.asm.obj (.text)
                  00006482    0000006e                                   : _printfi.c.obj (.text:_mcpy)
                  000064f0    0000006e                                   : fd_tos_t2.asm.obj (.text)
                  0000655e    00000002     --HOLE-- [fill = 0]
                  00006560    00000068                                   : sscanf.c.obj (.text:_chkmbc)
                  000065c8    00000068                                   : copy_decompress_lzss.c.obj (.text:decompress:lzss:__TI_decompress_lzss)
                  00006630    00000064                                   : s_frexp.c.obj (.text:frexp)
                  00006694    00000056                                   : _printfi.c.obj (.text:_pconv_f)
                  000066ea    00000054                                   : _ltoa.c.obj (.text:__TI_ltoa)
                  0000673e    00000052                                   : _printfi.c.obj (.text:_ecpy)
                  00006790    0000004c                                   : atoi.c.obj (.text:atoi)
                  000067dc    0000004c                                   : snprintf.c.obj (.text:snprintf)
                  00006828    00000048                                   : fd_toi_t2.asm.obj (.text)
                  00006870    00000044                                   : autoinit.c.obj (.text:__TI_auto_init_nobinit_nopinit:__TI_auto_init_nobinit_nopinit)
                  000068b4    00000040                                   : strtok.c.obj (.text:strtok)
                  000068f4    0000003e                                   : _printfi.c.obj (.text:_fcpy)
                  00006932    00000002     --HOLE-- [fill = 0]
                  00006934    00000038                                   : sscanf.c.obj (.text:sscanf)
                  0000696c    00000034                                   : boot_cortex_m.c.obj (.text:_c_int00_noargs:_c_int00_noargs)
                  000069a0    00000030                                   : snprintf.c.obj (.text:_outs)
                  000069d0    0000002e                                   : i_tofd_t2.asm.obj (.text)
                  000069fe    0000002a                                   : strspn.c.obj (.text:strspn)
                  00006a28    00000024     mqtt.obj (.text)
                  00006a4c    00000024     rtsv7M4_T_le_v4SPD16_eabi.lib : strcspn.c.obj (.text:strcspn)
                  00006a70    00000024     wait.obj (.text)
                  00006a94    0000001c     rtsv7M4_T_le_v4SPD16_eabi.lib : copy_zero_init.c.obj (.text:decompress:ZI:__TI_zero_init_nomemset:__TI_zero_init_nomemset)
                  00006ab0    0000001c                                   : memccpy.c.obj (.text:memccpy)
                  00006acc    0000001a                                   : s_copysign.c.obj (.text:copysign)
                  00006ae6    00000018                                   : snprintf.c.obj (.text:_outc)
                  00006afe    00000018                                   : ll_mul_t2.asm.obj (.text)
                  00006b16    00000018                                   : strcmp.c.obj (.text:strcmp)
                  00006b2e    00000018                                   : strrchr.c.obj (.text:strrchr)
                  00006b46    00000016                                   : strchr.c.obj (.text:strchr)
                  00006b5c    00000014                                   : strcpy.c.obj (.text:strcpy)
                  00006b70    00000014                                   : strlen.c.obj (.text:strlen)
                  00006b84    00000012                                   : sscanf.c.obj (.text:_inpchar)
                  00006b96    00000012                                   : wcslen.c.obj (.text:wcslen)
                  00006ba8    00000010     clock.obj (.text)
                  00006bb8    00000010     rtsv7M4_T_le_v4SPD16_eabi.lib : tolower.c.obj (.text:tolower)
                  00006bc8    0000000e                                   : copy_decompress_none.c.obj (.text:decompress:none:__TI_decompress_none)
                  00006bd6    0000000c     tm4c123gh6pm_startup_ccs.obj (.text)
                  00006be2    00000002     --HOLE-- [fill = 0]
                  00006be4    00000008     rtsv7M4_T_le_v4SPD16_eabi.lib : errno.c.obj (.text:__aeabi_errno_addr)
                  00006bec    00000008                                   : sscanf.c.obj (.text:_uninpchar)
                  00006bf4    00000004                                   : pre_init.c.obj (.text:_system_pre_init)
                  00006bf8    00000004                                   : exit.c.obj (.text:abort:abort)

.const     0    00006c00    000001e0     
                  00006c00    00000101     rtsv7M4_T_le_v4SPD16_eabi.lib : ctype.c.obj (.const:.string:_ctypes_)
                  00006d01    00000007     --HOLE-- [fill = 0]
                  00006d08    000000c8                                   : strtod.c.obj (.const:$O1$$)
                  00006dd0    00000010                                   : _scanfi.c.obj (.const:$O1$$)

.cinit     0    00006de0    00000048     
                  00006de0    0000001e     (.cinit..data.load) [load image, compression = lzss]
                  00006dfe    00000002     --HOLE-- [fill = 0]
                  00006e00    0000000c     (__TI_handler_table)
                  00006e0c    00000004     --HOLE-- [fill = 0]
                  00006e10    00000008     (.cinit..bss.load) [load image, compression = zero_init]
                  00006e18    00000010     (__TI_cinit_table)

.init_array 
*          0    00000000    00000000     UNINITIALIZED

.bss       0    20001000    000001fc     UNINITIALIZED
                  20001000    00000118     (.common:sockets)
                  20001118    00000054     (.common:strInput)
                  2000116c    00000028     (.common:fn)
                  20001194    00000028     (.common:period)
                  200011bc    00000028     (.common:ticks)
                  200011e4    0000000c     (.common:reload)
                  200011f0    00000004     (.common:dhcpOfferedIpAdd)
                  200011f4    00000004     (.common:dhcpServerIpAdd)
                  200011f8    00000004     (.common:token)

.data      0    200011fc    0000003c     UNINITIALIZED
                  200011fc    00000016     dhcp.obj (.data)
                  20001212    00000006     eth0.obj (.data:hwAddress)
                  20001218    00000004     ip.obj (.data:ipAddress)
                  2000121c    00000004     ip.obj (.data:ipDnsAddress)
                  20001220    00000004     ip.obj (.data:ipGwAddress)
                  20001224    00000004     ip.obj (.data:ipSubnetMask)
                  20001228    00000004     ip.obj (.data:ipTimeServerAddress)
                  2000122c    00000004     rtsv7M4_T_le_v4SPD16_eabi.lib : errno.c.obj (.data)
                  20001230    00000004                                   : strtok.c.obj (.data)
                  20001234    00000003     eth0.obj (.data)
                  20001237    00000001     ethernet.obj (.data)

.stack     0    20000000    00001000     UNINITIALIZED
                  20000000    00000004     rtsv7M4_T_le_v4SPD16_eabi.lib : boot_cortex_m.c.obj (.stack)
                  20000004    00000ffc     --HOLE--

__llvm_prf_cnts 
*          0    20000000    00000000     UNINITIALIZED

MODULE SUMMARY

       Module                         code    ro data   rw data
       ------                         ----    -------   -------
    ./
       ethernet.obj                   3144    0         89     
       gpio.obj                       2056    0         0      
       dhcp.obj                       1964    0         30     
       eth0.obj                       1812    0         9      
       ip.obj                         1196    0         20     
       socket.obj                     736     0         280    
       timer.obj                      824     0         132    
       arp.obj                        756     0         0      
       tm4c123gh6pm_startup_ccs.obj   12      620       0      
       spi0.obj                       352     0         0      
       uart0.obj                      296     0         0      
       eeprom.obj                     132     0         0      
       mqtt.obj                       36      0         0      
       wait.obj                       36      0         0      
       clock.obj                      16      0         0      
    +--+------------------------------+-------+---------+---------+
       Total:                         13368   620       560    
                                                               
    /home/rolo/.local/share/ti/ccs1240/ccs/tools/compiler/ti-cgt-arm_20.2.7.LTS/lib/rtsv7M4_T_le_v4SPD16_eabi.lib
       _printfi.c.obj                 4851    0         0      
       _scanfi.c.obj                  2836    16        0      
       strtod.c.obj                   1120    200       0      
       strtoll.c.obj                  476     0         0      
       fd_add_t2.asm.obj              438     0         0      
       strtoull.c.obj                 348     0         0      
       fd_div_t2.asm.obj              310     0         0      
       strtol.c.obj                   304     0         0      
       s_scalbn.c.obj                 272     0         0      
       strtoul.c.obj                  272     0         0      
       fd_cmp_t2.asm.obj              268     0         0      
       ctype.c.obj                    0       257       0      
       fd_mul_t2.asm.obj              252     0         0      
       sscanf.c.obj                   186     0         0      
       memcpy_t2.asm.obj              156     0         0      
       ull_div_t2.asm.obj             150     0         0      
       snprintf.c.obj                 148     0         0      
       memset_t2.asm.obj              122     0         0      
       fd_tos_t2.asm.obj              110     0         0      
       copy_decompress_lzss.c.obj     104     0         0      
       s_frexp.c.obj                  100     0         0      
       _ltoa.c.obj                    84      0         0      
       atoi.c.obj                     76      0         0      
       fd_toi_t2.asm.obj              72      0         0      
       autoinit.c.obj                 68      0         0      
       strtok.c.obj                   64      0         4      
       boot_cortex_m.c.obj            52      0         0      
       i_tofd_t2.asm.obj              46      0         0      
       strspn.c.obj                   42      0         0      
       strcspn.c.obj                  36      0         0      
       copy_zero_init.c.obj           28      0         0      
       memccpy.c.obj                  28      0         0      
       s_copysign.c.obj               26      0         0      
       ll_mul_t2.asm.obj              24      0         0      
       strcmp.c.obj                   24      0         0      
       strrchr.c.obj                  24      0         0      
       strchr.c.obj                   22      0         0      
       strcpy.c.obj                   20      0         0      
       strlen.c.obj                   20      0         0      
       wcslen.c.obj                   18      0         0      
       tolower.c.obj                  16      0         0      
       copy_decompress_none.c.obj     14      0         0      
       errno.c.obj                    8       0         4      
       exit.c.obj                     4       0         0      
       pre_init.c.obj                 4       0         0      
       div0.asm.obj                   2       0         0      
    +--+------------------------------+-------+---------+---------+
       Total:                         13645   473       8      
                                                               
       Stack:                         0       0         4096   
       Linker Generated:              0       66        0      
    +--+------------------------------+-------+---------+---------+
       Grand Total:                   27013   1159      4664   


LINKER GENERATED COPY TABLES

__TI_cinit_table @ 00006e18 records: 2, size/record: 8, table size: 16
	.data: load addr=00006de0, load size=0000001e bytes, run addr=200011fc, run size=0000003c bytes, compression=lzss
	.bss: load addr=00006e10, load size=00000008 bytes, run addr=20001000, run size=000001fc bytes, compression=zero_init


LINKER GENERATED HANDLER TABLE

__TI_handler_table @ 00006e00 records: 3, size/record: 4, table size: 12
	index: 0, handler: __TI_decompress_lzss
	index: 1, handler: __TI_decompress_none
	index: 2, handler: __TI_zero_init


GLOBAL SYMBOLS: SORTED ALPHABETICALLY BY Name 

address   name                          
-------   ----                          
00006bf9  C$$EXIT                       
00006bd7  ResetISR                      
20001000  __STACK_END                   
00001000  __STACK_SIZE                  
20000200  __STACK_TOP                   
00006e18  __TI_CINIT_Base               
00006e28  __TI_CINIT_Limit              
00006e00  __TI_Handler_Table_Base       
00006e0c  __TI_Handler_Table_Limit      
00006871  __TI_auto_init_nobinit_nopinit
000065c9  __TI_decompress_lzss          
00006bc9  __TI_decompress_none          
000066eb  __TI_ltoa                     
ffffffff  __TI_pprof_out_hndl           
000019c9  __TI_printfi                  
ffffffff  __TI_prof_data_size           
ffffffff  __TI_prof_data_start          
00000eb5  __TI_scanfi                   
00000000  __TI_static_base__            
00006a95  __TI_zero_init_nomemset       
00006279  __aeabi_cdcmpeq               
00006279  __aeabi_cdcmple               
000062ff  __aeabi_cdrcmple              
000064f1  __aeabi_d2f                   
00006829  __aeabi_d2iz                  
0000531f  __aeabi_dadd                  
000058c5  __aeabi_ddiv                  
00005f99  __aeabi_dmul                  
00005315  __aeabi_dsub                  
00006be5  __aeabi_errno_addr            
000069d1  __aeabi_i2d                   
00002417  __aeabi_idiv0                 
00002417  __aeabi_ldiv0                 
00006aff  __aeabi_lmul                  
00006409  __aeabi_memclr                
00006409  __aeabi_memclr4               
00006409  __aeabi_memclr8               
00006147  __aeabi_memcpy                
00006147  __aeabi_memcpy4               
00006147  __aeabi_memcpy8               
0000640b  __aeabi_memset                
0000640b  __aeabi_memset4               
0000640b  __aeabi_memset8               
000061e3  __aeabi_uldivmod              
ffffffff  __binit__                     
ffffffff  __c_args__                    
UNDEFED   __mpu_init                    
20000000  __stack                       
20000000  __start___llvm_prf_cnts       
20000000  __stop___llvm_prf_cnts        
0000696d  _c_int00_noargs               
00006c00  _ctypes_                      
UNDEFED   _system_post_cinit            
00006bf5  _system_pre_init              
00006bf9  abort                         
000006c3  asciiToUint8                  
00006791  atoi                          
ffffffff  binit                         
00003f47  calcIpChecksum                
00002c3b  callbackDhcpGetNewAddressTimer
00002c4f  callbackDhcpIpConflictWindow  
00002c4b  callbackDhcpLeaseEndTimer     
00002c43  callbackDhcpT1HitTimer        
00002c41  callbackDhcpT1PeriodicTimer   
00002c49  callbackDhcpT2HitTimer        
00002c47  callbackDhcpT2PeriodicTimer   
0000348b  clearEtherReg                 
00002a6d  clearPinInterrupt             
00006a29  connectMqtt                   
00006acd  copysign                      
00006acd  copysignl                     
20001237  count                         
00004abb  deleteSocket                  
20001211  dhcpEnabled                   
200011f0  dhcpOfferedIpAdd              
200011f4  dhcpServerIpAdd               
20001210  dhcpState                     
00003391  disableDhcp                   
000033e3  disableEtherCs                
00002a49  disablePinInterrupt           
00002781  disablePinPulldown            
00002739  disablePinPullup              
000024d5  disablePort                   
00006a2b  disconnectMqtt                
2000120c  discoverNeeded                
000002ad  displayConnectionInfo         
00003389  enableDhcp                    
000033cd  enableEtherCs                 
00002a25  enablePinInterrupt            
0000275d  enablePinPulldown             
0000270b  enablePinPullup               
00002419  enablePort                    
2000122c  errno                         
2000116c  fn                            
00006631  frexp                         
00006631  frexpl                        
00000000  g_pfnVectors                  
00002c71  getDhcpLeaseSeconds           
000030fd  getDhcpOption                 
00002c35  getDhcpState                  
000039e7  getEtherId                    
00003a81  getEtherMacAddress            
000037c1  getEtherPacket                
00003c11  getIpAddress                  
00003f15  getIpChecksum                 
00003d6d  getIpDnsAddress               
00003cf9  getIpGatewayAddress           
00003e59  getIpMqttBrokerAddress        
00003c85  getIpSubnetMask               
00003de1  getIpTimeServerAddress        
00002adb  getPinValue                   
00002b91  getPortValue                  
00004b23  getSocketInfoFromArpResponse  
00004c45  getSocketInfoFromTcpPacket    
00004b9b  getSocketInfoFromUdpPacket    
00005c03  getcUart0                     
000031fd  handleDhcpAck                 
000039bb  htonl                         
00003997  htons                         
20001212  hwAddress                     
000039f3  incEtherId                    
00006385  initEeprom                    
000035d7  initEther                     
0000026d  initHw                        
00004a19  initSockets                   
000054cd  initSpi0                      
00006ba9  initSystemClockTo40Mhz        
000043ed  initTimer                     
00005b2d  initUart0                     
20001218  ipAddress                     
2000120f  ipConflictDetectionMode       
2000121c  ipDnsAddress                  
20001220  ipGwAddress                   
20001224  ipSubnetMask                  
20001228  ipTimeServerAddress           
00004725  isArpRequest                  
000047c9  isArpResponse                 
000031db  isDhcpAck                     
00003297  isDhcpDiscoverNeeded          
00003399  isDhcpEnabled                 
00002c6b  isDhcpIpConflictDetectionMode 
0000315b  isDhcpOffer                   
000032a3  isDhcpReleaseNeeded           
0000329d  isDhcpRequestNeeded           
00002c77  isDhcpResponse                
00003777  isEtherDataAvailable          
00003bb1  isEtherIpValid                
0000375d  isEtherLinkUp                 
00003791  isEtherOverflow               
00003ae1  isIp                          
00003b51  isIpUnicast                   
00005c17  kbhitUart0                    
00005d79  ldexp                         
00005d79  ldexpl                        
20001200  leaseSeconds                  
20001204  leaseT1                       
20001208  leaseT2                       
00000ce9  main                          
00006ab1  memccpy                       
00006147  memcpy                        
00006411  memset                        
00004a51  newSocket                     
20001234  nextPacketLsb                 
20001235  nextPacketMsb                 
20001194  period                        
0000337f  processDhcpArpResponse        
00003375  processDhcpResponse           
0000076d  processShell                  
00006a2d  publishMqtt                   
000038b1  putEtherPacket                
00005bbb  putcUart0                     
00005bd7  putsUart0                     
000046e7  random32                      
00000603  readConfiguration             
000063cd  readEeprom                    
000035bf  readEtherMem                  
00003513  readEtherPhy                  
00003425  readEtherReg                  
00005605  readSpi0Data                  
00002c45  rebindDhcp                    
00002c4d  releaseDhcp                   
2000120e  releaseNeeded                 
200011e4  reload                        
00002c3f  renewDhcp                     
00002c59  requestDhcpIpConflictTest     
00002c3d  requestDhcpNewAddress         
2000120d  requestNeeded                 
000045ff  restartTimer                  
00005d79  scalbn                        
00005d79  scalbnl                       
0000263f  selectPinAnalogInput          
000025f1  selectPinDigitalInput         
0000295b  selectPinInterruptBothEdges   
0000290b  selectPinInterruptFallingEdge 
000029b1  selectPinInterruptHighLevel   
000029eb  selectPinInterruptLowLevel    
000028bb  selectPinInterruptRisingEdge  
000025a3  selectPinOpenDrainOutput      
00002555  selectPinPushPullOutput       
000048fb  sendArpRequest                
0000481d  sendArpResponse               
00002c95  sendDhcpMessage               
000032ad  sendDhcpPendingMessages       
20001236  sequenceId                    
00002c21  setDhcpState                  
000034bf  setEtherBank                  
000039fd  setEtherMacAddress            
00003457  setEtherReg                   
00003bd7  setIpAddress                  
00003d33  setIpDnsAddress               
00003cbf  setIpGatewayAddress           
00003e1b  setIpMqttBrokerAddress        
00003c4b  setIpSubnetMask               
00003da7  setIpTimeServerAddress        
000027a9  setPinAuxFunction             
0000268f  setPinCommitControl           
00002a91  setPinValue                   
00002b19  setPortValue                  
00005569  setSpi0BaudRate               
0000559f  setSpi0Mode                   
00005b77  setUart0BaudRate              
000067dd  snprintf                      
20001000  sockets                       
00006935  sscanf                        
000035ad  startEtherMemRead             
0000357f  startEtherMemWrite            
0000448d  startOneshotTimer             
00004513  startPeriodicTimer            
000035cf  stopEtherMemRead              
000035a5  stopEtherMemWrite             
00004599  stopTimer                     
20001118  strInput                      
00006b47  strchr                        
00006b17  strcmp                        
00006b5d  strcpy                        
00006a4d  strcspn                       
00006b71  strlen                        
00006b2f  strrchr                       
000069ff  strspn                        
00003f8d  strtod                        
000068b5  strtok                        
000059fd  strtol                        
00003f8d  strtold                       
00004f69  strtoll                       
00005e89  strtoul                       
0000562d  strtoull                      
00006a39  subscribeMqtt                 
00003ea1  sumIpWords                    
0000466d  tickIsr                       
200011bc  ticks                         
00000cd3  timerTest                     
00002ab7  togglePinValue                
200011f8  token                         
00006bb9  tolower                       
00006a43  unsubscribeMqtt               
00006a71  waitMicrosecond               
00006b97  wcslen                        
0000639b  writeEeprom                   
00003591  writeEtherMem                 
000034db  writeEtherPhy                 
000033f1  writeEtherReg                 
000055ed  writeSpi0Data                 
200011fc  xid                           


GLOBAL SYMBOLS: SORTED BY Symbol Address 

address   name                          
-------   ----                          
00000000  __TI_static_base__            
00000000  g_pfnVectors                  
0000026d  initHw                        
000002ad  displayConnectionInfo         
00000603  readConfiguration             
000006c3  asciiToUint8                  
0000076d  processShell                  
00000cd3  timerTest                     
00000ce9  main                          
00000eb5  __TI_scanfi                   
00001000  __STACK_SIZE                  
000019c9  __TI_printfi                  
00002417  __aeabi_idiv0                 
00002417  __aeabi_ldiv0                 
00002419  enablePort                    
000024d5  disablePort                   
00002555  selectPinPushPullOutput       
000025a3  selectPinOpenDrainOutput      
000025f1  selectPinDigitalInput         
0000263f  selectPinAnalogInput          
0000268f  setPinCommitControl           
0000270b  enablePinPullup               
00002739  disablePinPullup              
0000275d  enablePinPulldown             
00002781  disablePinPulldown            
000027a9  setPinAuxFunction             
000028bb  selectPinInterruptRisingEdge  
0000290b  selectPinInterruptFallingEdge 
0000295b  selectPinInterruptBothEdges   
000029b1  selectPinInterruptHighLevel   
000029eb  selectPinInterruptLowLevel    
00002a25  enablePinInterrupt            
00002a49  disablePinInterrupt           
00002a6d  clearPinInterrupt             
00002a91  setPinValue                   
00002ab7  togglePinValue                
00002adb  getPinValue                   
00002b19  setPortValue                  
00002b91  getPortValue                  
00002c21  setDhcpState                  
00002c35  getDhcpState                  
00002c3b  callbackDhcpGetNewAddressTimer
00002c3d  requestDhcpNewAddress         
00002c3f  renewDhcp                     
00002c41  callbackDhcpT1PeriodicTimer   
00002c43  callbackDhcpT1HitTimer        
00002c45  rebindDhcp                    
00002c47  callbackDhcpT2PeriodicTimer   
00002c49  callbackDhcpT2HitTimer        
00002c4b  callbackDhcpLeaseEndTimer     
00002c4d  releaseDhcp                   
00002c4f  callbackDhcpIpConflictWindow  
00002c59  requestDhcpIpConflictTest     
00002c6b  isDhcpIpConflictDetectionMode 
00002c71  getDhcpLeaseSeconds           
00002c77  isDhcpResponse                
00002c95  sendDhcpMessage               
000030fd  getDhcpOption                 
0000315b  isDhcpOffer                   
000031db  isDhcpAck                     
000031fd  handleDhcpAck                 
00003297  isDhcpDiscoverNeeded          
0000329d  isDhcpRequestNeeded           
000032a3  isDhcpReleaseNeeded           
000032ad  sendDhcpPendingMessages       
00003375  processDhcpResponse           
0000337f  processDhcpArpResponse        
00003389  enableDhcp                    
00003391  disableDhcp                   
00003399  isDhcpEnabled                 
000033cd  enableEtherCs                 
000033e3  disableEtherCs                
000033f1  writeEtherReg                 
00003425  readEtherReg                  
00003457  setEtherReg                   
0000348b  clearEtherReg                 
000034bf  setEtherBank                  
000034db  writeEtherPhy                 
00003513  readEtherPhy                  
0000357f  startEtherMemWrite            
00003591  writeEtherMem                 
000035a5  stopEtherMemWrite             
000035ad  startEtherMemRead             
000035bf  readEtherMem                  
000035cf  stopEtherMemRead              
000035d7  initEther                     
0000375d  isEtherLinkUp                 
00003777  isEtherDataAvailable          
00003791  isEtherOverflow               
000037c1  getEtherPacket                
000038b1  putEtherPacket                
00003997  htons                         
000039bb  htonl                         
000039e7  getEtherId                    
000039f3  incEtherId                    
000039fd  setEtherMacAddress            
00003a81  getEtherMacAddress            
00003ae1  isIp                          
00003b51  isIpUnicast                   
00003bb1  isEtherIpValid                
00003bd7  setIpAddress                  
00003c11  getIpAddress                  
00003c4b  setIpSubnetMask               
00003c85  getIpSubnetMask               
00003cbf  setIpGatewayAddress           
00003cf9  getIpGatewayAddress           
00003d33  setIpDnsAddress               
00003d6d  getIpDnsAddress               
00003da7  setIpTimeServerAddress        
00003de1  getIpTimeServerAddress        
00003e1b  setIpMqttBrokerAddress        
00003e59  getIpMqttBrokerAddress        
00003ea1  sumIpWords                    
00003f15  getIpChecksum                 
00003f47  calcIpChecksum                
00003f8d  strtod                        
00003f8d  strtold                       
000043ed  initTimer                     
0000448d  startOneshotTimer             
00004513  startPeriodicTimer            
00004599  stopTimer                     
000045ff  restartTimer                  
0000466d  tickIsr                       
000046e7  random32                      
00004725  isArpRequest                  
000047c9  isArpResponse                 
0000481d  sendArpResponse               
000048fb  sendArpRequest                
00004a19  initSockets                   
00004a51  newSocket                     
00004abb  deleteSocket                  
00004b23  getSocketInfoFromArpResponse  
00004b9b  getSocketInfoFromUdpPacket    
00004c45  getSocketInfoFromTcpPacket    
00004f69  strtoll                       
00005315  __aeabi_dsub                  
0000531f  __aeabi_dadd                  
000054cd  initSpi0                      
00005569  setSpi0BaudRate               
0000559f  setSpi0Mode                   
000055ed  writeSpi0Data                 
00005605  readSpi0Data                  
0000562d  strtoull                      
000058c5  __aeabi_ddiv                  
000059fd  strtol                        
00005b2d  initUart0                     
00005b77  setUart0BaudRate              
00005bbb  putcUart0                     
00005bd7  putsUart0                     
00005c03  getcUart0                     
00005c17  kbhitUart0                    
00005d79  ldexp                         
00005d79  ldexpl                        
00005d79  scalbn                        
00005d79  scalbnl                       
00005e89  strtoul                       
00005f99  __aeabi_dmul                  
00006147  __aeabi_memcpy                
00006147  __aeabi_memcpy4               
00006147  __aeabi_memcpy8               
00006147  memcpy                        
000061e3  __aeabi_uldivmod              
00006279  __aeabi_cdcmpeq               
00006279  __aeabi_cdcmple               
000062ff  __aeabi_cdrcmple              
00006385  initEeprom                    
0000639b  writeEeprom                   
000063cd  readEeprom                    
00006409  __aeabi_memclr                
00006409  __aeabi_memclr4               
00006409  __aeabi_memclr8               
0000640b  __aeabi_memset                
0000640b  __aeabi_memset4               
0000640b  __aeabi_memset8               
00006411  memset                        
000064f1  __aeabi_d2f                   
000065c9  __TI_decompress_lzss          
00006631  frexp                         
00006631  frexpl                        
000066eb  __TI_ltoa                     
00006791  atoi                          
000067dd  snprintf                      
00006829  __aeabi_d2iz                  
00006871  __TI_auto_init_nobinit_nopinit
000068b5  strtok                        
00006935  sscanf                        
0000696d  _c_int00_noargs               
000069d1  __aeabi_i2d                   
000069ff  strspn                        
00006a29  connectMqtt                   
00006a2b  disconnectMqtt                
00006a2d  publishMqtt                   
00006a39  subscribeMqtt                 
00006a43  unsubscribeMqtt               
00006a4d  strcspn                       
00006a71  waitMicrosecond               
00006a95  __TI_zero_init_nomemset       
00006ab1  memccpy                       
00006acd  copysign                      
00006acd  copysignl                     
00006aff  __aeabi_lmul                  
00006b17  strcmp                        
00006b2f  strrchr                       
00006b47  strchr                        
00006b5d  strcpy                        
00006b71  strlen                        
00006b97  wcslen                        
00006ba9  initSystemClockTo40Mhz        
00006bb9  tolower                       
00006bc9  __TI_decompress_none          
00006bd7  ResetISR                      
00006be5  __aeabi_errno_addr            
00006bf5  _system_pre_init              
00006bf9  C$$EXIT                       
00006bf9  abort                         
00006c00  _ctypes_                      
00006e00  __TI_Handler_Table_Base       
00006e0c  __TI_Handler_Table_Limit      
00006e18  __TI_CINIT_Base               
00006e28  __TI_CINIT_Limit              
20000000  __stack                       
20000000  __start___llvm_prf_cnts       
20000000  __stop___llvm_prf_cnts        
20000200  __STACK_TOP                   
20001000  __STACK_END                   
20001000  sockets                       
20001118  strInput                      
2000116c  fn                            
20001194  period                        
200011bc  ticks                         
200011e4  reload                        
200011f0  dhcpOfferedIpAdd              
200011f4  dhcpServerIpAdd               
200011f8  token                         
200011fc  xid                           
20001200  leaseSeconds                  
20001204  leaseT1                       
20001208  leaseT2                       
2000120c  discoverNeeded                
2000120d  requestNeeded                 
2000120e  releaseNeeded                 
2000120f  ipConflictDetectionMode       
20001210  dhcpState                     
20001211  dhcpEnabled                   
20001212  hwAddress                     
20001218  ipAddress                     
2000121c  ipDnsAddress                  
20001220  ipGwAddress                   
20001224  ipSubnetMask                  
20001228  ipTimeServerAddress           
2000122c  errno                         
20001234  nextPacketLsb                 
20001235  nextPacketMsb                 
20001236  sequenceId                    
20001237  count                         
ffffffff  __TI_pprof_out_hndl           
ffffffff  __TI_prof_data_size           
ffffffff  __TI_prof_data_start          
ffffffff  __binit__                     
ffffffff  __c_args__                    
ffffffff  binit                         
UNDEFED   __mpu_init                    
UNDEFED   _system_post_cinit            

[263 symbols]
