******************************************************************************
                  TI ARM Linker Unix v20.2.7                   
******************************************************************************
>> Linked Sun Mar 17 21:34:22 2024

OUTPUT FILE NAME:   <4352_Project-1.out>
ENTRY POINT SYMBOL: "_c_int00_noargs"  address: 000071b5


MEMORY CONFIGURATION

         name            origin    length      used     unused   attr    fill
----------------------  --------  ---------  --------  --------  ----  --------
  FLASH                 00000000   00040000  0000766c  00038994  R  X
  SRAM                  20000000   00008000  0000123c  00006dc4  RW X


SEGMENT ALLOCATION MAP

run origin  load origin   length   init length attrs members
----------  ----------- ---------- ----------- ----- -------
00000000    00000000    00007670   00007670    r-x
  00000000    00000000    0000026c   0000026c    r-- .intvecs
  0000026c    0000026c    000071d8   000071d8    r-x .text
  00007448    00007448    000001e0   000001e0    r-- .const
  00007628    00007628    00000048   00000048    r-- .cinit
20000000    20000000    0000123c   00000000    rw-
  20000000    20000000    00001000   00000000    rw- .stack
  20001000    20001000    00000200   00000000    rw- .bss
  20001200    20001200    0000003c   00000000    rw- .data


SECTION ALLOCATION MAP

 output                                  attributes/
section   page    origin      length       input sections
--------  ----  ----------  ----------   ----------------
.intvecs   0    00000000    0000026c     
                  00000000    0000026c     tm4c123gh6pm_startup_ccs.obj (.intvecs)

.text      0    0000026c    000071d8     
                  0000026c    00000d4c     ethernet.obj (.text)
                  00000fb8    00000b14     rtsv7M4_T_le_v4SPD16_eabi.lib : _scanfi.c.obj (.text:__TI_scanfi)
                  00001acc    00000a4e                                   : _printfi.c.obj (.text:__TI_printfi)
                  0000251a    00000002                                   : div0.asm.obj (.text)
                  0000251c    00000a0c     dhcp.obj (.text)
                  00002f28    00000808     gpio.obj (.text)
                  00003730    00000714     eth0.obj (.text)
                  00003e44    000004ac     ip.obj (.text)
                  000042f0    00000460     rtsv7M4_T_le_v4SPD16_eabi.lib : strtod.c.obj (.text:strtod)
                  00004750    00000338     timer.obj (.text)
                  00004a88    000002f4     arp.obj (.text)
                  00004d7c    000002e0     socket.obj (.text)
                  0000505c    000002ce     udp.obj (.text)
                  0000532a    00000002     --HOLE-- [fill = 0]
                  0000532c    00000270     rtsv7M4_T_le_v4SPD16_eabi.lib : _printfi.c.obj (.text:_pconv_a)
                  0000559c    000001dc                                   : strtoll.c.obj (.text:strtoll)
                  00005778    000001d0                                   : _printfi.c.obj (.text:_pconv_g)
                  00005948    000001b6                                   : fd_add_t2.asm.obj (.text)
                  00005afe    00000160     icmp.obj (.text)
                  00005c5e    00000002     --HOLE-- [fill = 0]
                  00005c60    00000160     spi0.obj (.text)
                  00005dc0    0000015c     rtsv7M4_T_le_v4SPD16_eabi.lib : strtoull.c.obj (.text:strtoull)
                  00005f1c    0000013c                                   : _printfi.c.obj (.text:_pconv_e)
                  00006058    00000136                                   : fd_div_t2.asm.obj (.text)
                  0000618e    00000002     --HOLE-- [fill = 0]
                  00006190    00000130                                   : strtol.c.obj (.text:strtol)
                  000062c0    00000128     uart0.obj (.text)
                  000063e8    00000124     rtsv7M4_T_le_v4SPD16_eabi.lib : _printfi.c.obj (.text:fcvt)
                  0000650c    00000110                                   : s_scalbn.c.obj (.text:scalbn)
                  0000661c    00000110                                   : strtoul.c.obj (.text:strtoul)
                  0000672c    000000fc                                   : fd_mul_t2.asm.obj (.text)
                  00006828    000000b4     tcp.obj (.text)
                  000068dc    000000b1     rtsv7M4_T_le_v4SPD16_eabi.lib : _printfi.c.obj (.text:_ltostr)
                  0000698d    00000001     --HOLE-- [fill = 0]
                  0000698e    0000009c                                   : memcpy_t2.asm.obj (.text)
                  00006a2a    00000096                                   : ull_div_t2.asm.obj (.text)
                  00006ac0    00000086                                   : fd_cmp_t2.asm.obj (.text:__aeabi_cdcmple)
                  00006b46    00000086                                   : fd_cmp_t2.asm.obj (.text:__aeabi_cdrcmple)
                  00006bcc    00000084     eeprom.obj (.text)
                  00006c50    0000007a     rtsv7M4_T_le_v4SPD16_eabi.lib : memset_t2.asm.obj (.text)
                  00006cca    0000006e                                   : _printfi.c.obj (.text:_mcpy)
                  00006d38    0000006e                                   : fd_tos_t2.asm.obj (.text)
                  00006da6    00000002     --HOLE-- [fill = 0]
                  00006da8    00000068                                   : sscanf.c.obj (.text:_chkmbc)
                  00006e10    00000068                                   : copy_decompress_lzss.c.obj (.text:decompress:lzss:__TI_decompress_lzss)
                  00006e78    00000064                                   : s_frexp.c.obj (.text:frexp)
                  00006edc    00000056                                   : _printfi.c.obj (.text:_pconv_f)
                  00006f32    00000054                                   : _ltoa.c.obj (.text:__TI_ltoa)
                  00006f86    00000052                                   : _printfi.c.obj (.text:_ecpy)
                  00006fd8    0000004c                                   : atoi.c.obj (.text:atoi)
                  00007024    0000004c                                   : snprintf.c.obj (.text:snprintf)
                  00007070    00000048                                   : fd_toi_t2.asm.obj (.text)
                  000070b8    00000044                                   : autoinit.c.obj (.text:__TI_auto_init_nobinit_nopinit:__TI_auto_init_nobinit_nopinit)
                  000070fc    00000040                                   : strtok.c.obj (.text:strtok)
                  0000713c    0000003e                                   : _printfi.c.obj (.text:_fcpy)
                  0000717a    00000002     --HOLE-- [fill = 0]
                  0000717c    00000038                                   : sscanf.c.obj (.text:sscanf)
                  000071b4    00000034                                   : boot_cortex_m.c.obj (.text:_c_int00_noargs:_c_int00_noargs)
                  000071e8    00000030                                   : snprintf.c.obj (.text:_outs)
                  00007218    0000002e                                   : i_tofd_t2.asm.obj (.text)
                  00007246    0000002a                                   : strspn.c.obj (.text:strspn)
                  00007270    00000024     mqtt.obj (.text)
                  00007294    00000024     rtsv7M4_T_le_v4SPD16_eabi.lib : strcspn.c.obj (.text:strcspn)
                  000072b8    00000024     wait.obj (.text)
                  000072dc    0000001c     rtsv7M4_T_le_v4SPD16_eabi.lib : copy_zero_init.c.obj (.text:decompress:ZI:__TI_zero_init_nomemset:__TI_zero_init_nomemset)
                  000072f8    0000001c                                   : memccpy.c.obj (.text:memccpy)
                  00007314    0000001a                                   : s_copysign.c.obj (.text:copysign)
                  0000732e    00000018                                   : snprintf.c.obj (.text:_outc)
                  00007346    00000018                                   : ll_mul_t2.asm.obj (.text)
                  0000735e    00000018                                   : strcmp.c.obj (.text:strcmp)
                  00007376    00000018                                   : strrchr.c.obj (.text:strrchr)
                  0000738e    00000016                                   : strchr.c.obj (.text:strchr)
                  000073a4    00000014                                   : strcpy.c.obj (.text:strcpy)
                  000073b8    00000014                                   : strlen.c.obj (.text:strlen)
                  000073cc    00000012                                   : sscanf.c.obj (.text:_inpchar)
                  000073de    00000012                                   : wcslen.c.obj (.text:wcslen)
                  000073f0    00000010     clock.obj (.text)
                  00007400    00000010     rtsv7M4_T_le_v4SPD16_eabi.lib : tolower.c.obj (.text:tolower)
                  00007410    0000000e                                   : copy_decompress_none.c.obj (.text:decompress:none:__TI_decompress_none)
                  0000741e    0000000c     tm4c123gh6pm_startup_ccs.obj (.text)
                  0000742a    00000002     --HOLE-- [fill = 0]
                  0000742c    00000008     rtsv7M4_T_le_v4SPD16_eabi.lib : errno.c.obj (.text:__aeabi_errno_addr)
                  00007434    00000008                                   : sscanf.c.obj (.text:_uninpchar)
                  0000743c    00000004                                   : pre_init.c.obj (.text:_system_pre_init)
                  00007440    00000004                                   : exit.c.obj (.text:abort:abort)

.const     0    00007448    000001e0     
                  00007448    00000101     rtsv7M4_T_le_v4SPD16_eabi.lib : ctype.c.obj (.const:.string:_ctypes_)
                  00007549    00000007     --HOLE-- [fill = 0]
                  00007550    000000c8                                   : strtod.c.obj (.const:$O1$$)
                  00007618    00000010                                   : _scanfi.c.obj (.const:$O1$$)

.cinit     0    00007628    00000048     
                  00007628    0000001d     (.cinit..data.load) [load image, compression = lzss]
                  00007645    00000003     --HOLE-- [fill = 0]
                  00007648    0000000c     (__TI_handler_table)
                  00007654    00000004     --HOLE-- [fill = 0]
                  00007658    00000008     (.cinit..bss.load) [load image, compression = zero_init]
                  00007660    00000010     (__TI_cinit_table)

.init_array 
*          0    00000000    00000000     UNINITIALIZED

.bss       0    20001000    00000200     UNINITIALIZED
                  20001000    00000118     (.common:sockets)
                  20001118    00000054     (.common:strInput)
                  2000116c    00000028     (.common:fn)
                  20001194    00000028     (.common:period)
                  200011bc    00000028     (.common:ticks)
                  200011e4    0000000c     (.common:reload)
                  200011f0    00000004     (.common:dhcpOfferedIpAdd)
                  200011f4    00000004     (.common:dhcpServerIpAdd)
                  200011f8    00000004     (.common:tcpState)
                  200011fc    00000004     (.common:token)

.data      0    20001200    0000003c     UNINITIALIZED
                  20001200    00000016     dhcp.obj (.data)
                  20001216    00000006     eth0.obj (.data:hwAddress)
                  2000121c    00000004     ip.obj (.data:ipAddress)
                  20001220    00000004     ip.obj (.data:ipDnsAddress)
                  20001224    00000004     ip.obj (.data:ipGwAddress)
                  20001228    00000004     ip.obj (.data:ipSubnetMask)
                  2000122c    00000004     ip.obj (.data:ipTimeServerAddress)
                  20001230    00000004     rtsv7M4_T_le_v4SPD16_eabi.lib : errno.c.obj (.data)
                  20001234    00000004                                   : strtok.c.obj (.data)
                  20001238    00000003     eth0.obj (.data)
                  2000123b    00000001     ethernet.obj (.data)

.stack     0    20000000    00001000     UNINITIALIZED
                  20000000    00000004     rtsv7M4_T_le_v4SPD16_eabi.lib : boot_cortex_m.c.obj (.stack)
                  20000004    00000ffc     --HOLE--

__llvm_prf_cnts 
*          0    20000000    00000000     UNINITIALIZED

MODULE SUMMARY

       Module                         code    ro data   rw data
       ------                         ----    -------   -------
    ./
       ethernet.obj                   3404    0         89     
       dhcp.obj                       2572    0         30     
       gpio.obj                       2056    0         0      
       eth0.obj                       1812    0         9      
       ip.obj                         1196    0         20     
       socket.obj                     736     0         280    
       timer.obj                      824     0         132    
       arp.obj                        756     0         0      
       udp.obj                        718     0         0      
       tm4c123gh6pm_startup_ccs.obj   12      620       0      
       icmp.obj                       352     0         0      
       spi0.obj                       352     0         0      
       uart0.obj                      296     0         0      
       tcp.obj                        180     0         4      
       eeprom.obj                     132     0         0      
       mqtt.obj                       36      0         0      
       wait.obj                       36      0         0      
       clock.obj                      16      0         0      
    +--+------------------------------+-------+---------+---------+
       Total:                         15486   620       564    
                                                               
    /home/rolo/.local/share/ti/ccs1240/ccs/tools/compiler/ti-cgt-arm_20.2.7.LTS/lib/rtsv7M4_T_le_v4SPD16_eabi.lib
       _printfi.c.obj                 4851    0         0      
       _scanfi.c.obj                  2836    16        0      
       strtod.c.obj                   1120    200       0      
       strtoll.c.obj                  476     0         0      
       fd_add_t2.asm.obj              438     0         0      
       strtoull.c.obj                 348     0         0      
       fd_div_t2.asm.obj              310     0         0      
       strtol.c.obj                   304     0         0      
       s_scalbn.c.obj                 272     0         0      
       strtoul.c.obj                  272     0         0      
       fd_cmp_t2.asm.obj              268     0         0      
       ctype.c.obj                    0       257       0      
       fd_mul_t2.asm.obj              252     0         0      
       sscanf.c.obj                   186     0         0      
       memcpy_t2.asm.obj              156     0         0      
       ull_div_t2.asm.obj             150     0         0      
       snprintf.c.obj                 148     0         0      
       memset_t2.asm.obj              122     0         0      
       fd_tos_t2.asm.obj              110     0         0      
       copy_decompress_lzss.c.obj     104     0         0      
       s_frexp.c.obj                  100     0         0      
       _ltoa.c.obj                    84      0         0      
       atoi.c.obj                     76      0         0      
       fd_toi_t2.asm.obj              72      0         0      
       autoinit.c.obj                 68      0         0      
       strtok.c.obj                   64      0         4      
       boot_cortex_m.c.obj            52      0         0      
       i_tofd_t2.asm.obj              46      0         0      
       strspn.c.obj                   42      0         0      
       strcspn.c.obj                  36      0         0      
       copy_zero_init.c.obj           28      0         0      
       memccpy.c.obj                  28      0         0      
       s_copysign.c.obj               26      0         0      
       ll_mul_t2.asm.obj              24      0         0      
       strcmp.c.obj                   24      0         0      
       strrchr.c.obj                  24      0         0      
       strchr.c.obj                   22      0         0      
       strcpy.c.obj                   20      0         0      
       strlen.c.obj                   20      0         0      
       wcslen.c.obj                   18      0         0      
       tolower.c.obj                  16      0         0      
       copy_decompress_none.c.obj     14      0         0      
       errno.c.obj                    8       0         4      
       exit.c.obj                     4       0         0      
       pre_init.c.obj                 4       0         0      
       div0.asm.obj                   2       0         0      
    +--+------------------------------+-------+---------+---------+
       Total:                         13645   473       8      
                                                               
       Stack:                         0       0         4096   
       Linker Generated:              0       65        0      
    +--+------------------------------+-------+---------+---------+
       Grand Total:                   29131   1158      4668   


LINKER GENERATED COPY TABLES

__TI_cinit_table @ 00007660 records: 2, size/record: 8, table size: 16
	.data: load addr=00007628, load size=0000001d bytes, run addr=20001200, run size=0000003c bytes, compression=lzss
	.bss: load addr=00007658, load size=00000008 bytes, run addr=20001000, run size=00000200 bytes, compression=zero_init


LINKER GENERATED HANDLER TABLE

__TI_handler_table @ 00007648 records: 3, size/record: 4, table size: 12
	index: 0, handler: __TI_decompress_lzss
	index: 1, handler: __TI_decompress_none
	index: 2, handler: __TI_zero_init


GLOBAL SYMBOLS: SORTED ALPHABETICALLY BY Name 

address   name                          
-------   ----                          
00007441  C$$EXIT                       
0000741f  ResetISR                      
20001000  __STACK_END                   
00001000  __STACK_SIZE                  
20000200  __STACK_TOP                   
00007660  __TI_CINIT_Base               
00007670  __TI_CINIT_Limit              
00007648  __TI_Handler_Table_Base       
00007654  __TI_Handler_Table_Limit      
000070b9  __TI_auto_init_nobinit_nopinit
00006e11  __TI_decompress_lzss          
00007411  __TI_decompress_none          
00006f33  __TI_ltoa                     
ffffffff  __TI_pprof_out_hndl           
00001acd  __TI_printfi                  
ffffffff  __TI_prof_data_size           
ffffffff  __TI_prof_data_start          
00000fb9  __TI_scanfi                   
00000000  __TI_static_base__            
000072dd  __TI_zero_init_nomemset       
00006ac1  __aeabi_cdcmpeq               
00006ac1  __aeabi_cdcmple               
00006b47  __aeabi_cdrcmple              
00006d39  __aeabi_d2f                   
00007071  __aeabi_d2iz                  
00005953  __aeabi_dadd                  
00006059  __aeabi_ddiv                  
0000672d  __aeabi_dmul                  
00005949  __aeabi_dsub                  
0000742d  __aeabi_errno_addr            
00007219  __aeabi_i2d                   
0000251b  __aeabi_idiv0                 
0000251b  __aeabi_ldiv0                 
00007347  __aeabi_lmul                  
00006c51  __aeabi_memclr                
00006c51  __aeabi_memclr4               
00006c51  __aeabi_memclr8               
0000698f  __aeabi_memcpy                
0000698f  __aeabi_memcpy4               
0000698f  __aeabi_memcpy8               
00006c53  __aeabi_memset                
00006c53  __aeabi_memset4               
00006c53  __aeabi_memset8               
00006a2b  __aeabi_uldivmod              
ffffffff  __binit__                     
ffffffff  __c_args__                    
UNDEFED   __mpu_init                    
20000000  __stack                       
20000000  __start___llvm_prf_cnts       
20000000  __stop___llvm_prf_cnts        
000071b5  _c_int00_noargs               
00007448  _ctypes_                      
UNDEFED   _system_post_cinit            
0000743d  _system_pre_init              
00007441  abort                         
000006c3  asciiToUint8                  
00006fd9  atoi                          
ffffffff  binit                         
000042ab  calcIpChecksum                
00002579  callbackDhcpGetNewAddressTimer
000025f5  callbackDhcpIpConflictWindow  
000025f1  callbackDhcpLeaseEndTimer     
000025bb  callbackDhcpT1HitTimer        
0000259b  callbackDhcpT1PeriodicTimer   
000025e9  callbackDhcpT2HitTimer        
000025c3  callbackDhcpT2PeriodicTimer   
000037ef  clearEtherReg                 
0000357d  clearPinInterrupt             
00007271  connectMqtt                   
00007315  copysign                      
00007315  copysignl                     
2000123b  count                         
0000251d  debugLed                      
00004e1f  deleteSocket                  
20001215  dhcpEnabled                   
200011f0  dhcpOfferedIpAdd              
200011f4  dhcpServerIpAdd               
20001214  dhcpState                     
00002ee5  disableDhcp                   
00003747  disableEtherCs                
00003559  disablePinInterrupt           
00003291  disablePinPulldown            
00003249  disablePinPullup              
00002fe5  disablePort                   
00007273  disconnectMqtt                
20001210  discoverNeeded                
000002ad  displayConnectionInfo         
00002edd  enableDhcp                    
00003731  enableEtherCs                 
00003535  enablePinInterrupt            
0000326d  enablePinPulldown             
0000321b  enablePinPullup               
00002f29  enablePort                    
20001230  errno                         
2000116c  fn                            
00006e79  frexp                         
00006e79  frexpl                        
00000000  g_pfnVectors                  
00002641  getDhcpLeaseSeconds           
00002b87  getDhcpOption                 
00002573  getDhcpState                  
00003d4b  getEtherId                    
00003de5  getEtherMacAddress            
00003b25  getEtherPacket                
00003f75  getIpAddress                  
00004279  getIpChecksum                 
000040d1  getIpDnsAddress               
0000405d  getIpGatewayAddress           
000041bd  getIpMqttBrokerAddress        
00003fe9  getIpSubnetMask               
00004145  getIpTimeServerAddress        
000035eb  getPinValue                   
000036a1  getPortValue                  
00004e87  getSocketInfoFromArpResponse  
00004fa9  getSocketInfoFromTcpPacket    
00004eff  getSocketInfoFromUdpPacket    
00006845  getTcpState                   
00005105  getUdpData                    
00006397  getcUart0                     
00002c89  handleDhcpAck                 
00003d1f  htonl                         
00003cfb  htons                         
20001216  hwAddress                     
00003d57  incEtherId                    
00006bcd  initEeprom                    
0000393b  initEther                     
0000026d  initHw                        
00004d7d  initSockets                   
00005c61  initSpi0                      
000073f1  initSystemClockTo40Mhz        
00004751  initTimer                     
000062c1  initUart0                     
2000121c  ipAddress                     
20001213  ipConflictDetectionMode       
20001220  ipDnsAddress                  
20001224  ipGwAddress                   
20001228  ipSubnetMask                  
2000122c  ipTimeServerAddress           
00004a89  isArpRequest                  
00004b2d  isArpResponse                 
00002c69  isDhcpAck                     
00002d51  isDhcpDiscoverNeeded          
00002eed  isDhcpEnabled                 
0000263b  isDhcpIpConflictDetectionMode 
00002be5  isDhcpOffer                   
00002d5d  isDhcpReleaseNeeded           
00002d57  isDhcpRequestNeeded           
00002647  isDhcpResponse                
00003adb  isEtherDataAvailable          
00003f15  isEtherIpValid                
00003ac1  isEtherLinkUp                 
00003af5  isEtherOverflow               
00003e45  isIp                          
00003eb5  isIpUnicast                   
00005aff  isPingRequest                 
00006859  isTcp                         
00006871  isTcpAck                      
000068a9  isTcpPortOpen                 
00006865  isTcpSyn                      
0000505d  isUdp                         
000063ab  kbhitUart0                    
0000650d  ldexp                         
0000650d  ldexpl                        
20001204  leaseSeconds                  
20001208  leaseT1                       
2000120c  leaseT2                       
00000cf5  main                          
000072f9  memccpy                       
0000698f  memcpy                        
00006c59  memset                        
00004db5  newSocket                     
20001238  nextPacketLsb                 
20001239  nextPacketMsb                 
20001194  period                        
00002e89  processDhcpArpResponse        
00002e7f  processDhcpResponse           
0000076d  processShell                  
00006891  processTcpArpResponse         
00006887  processTcpResponse            
00007275  publishMqtt                   
00003c15  putEtherPacket                
0000634f  putcUart0                     
0000636b  putsUart0                     
00004a4b  random32                      
00000603  readConfiguration             
00006c15  readEeprom                    
00003923  readEtherMem                  
00003877  readEtherPhy                  
00003789  readEtherReg                  
00005d99  readSpi0Data                  
000025cb  rebindDhcp                    
000025f3  releaseDhcp                   
20001212  releaseNeeded                 
200011e4  reload                        
000025a3  renewDhcp                     
00002629  requestDhcpIpConflictTest     
00002589  requestDhcpNewAddress         
20001211  requestNeeded                 
00004963  restartTimer                  
0000650d  scalbn                        
0000650d  scalbnl                       
0000314f  selectPinAnalogInput          
00003101  selectPinDigitalInput         
0000346b  selectPinInterruptBothEdges   
0000341b  selectPinInterruptFallingEdge 
000034c1  selectPinInterruptHighLevel   
000034fb  selectPinInterruptLowLevel    
000033cb  selectPinInterruptRisingEdge  
000030b3  selectPinOpenDrainOutput      
00003065  selectPinPushPullOutput       
00004c5f  sendArpRequest                
00004b81  sendArpResponse               
000026cd  sendDhcpMessage               
00002d63  sendDhcpPendingMessages       
00005b43  sendPingRequest               
00005b4f  sendPingResponse              
000068c5  sendTcpMessage                
0000687d  sendTcpPendingMessages        
000068b5  sendTcpResponse               
00005131  sendUdpMessage                
2000123a  sequenceId                    
0000255f  setDhcpState                  
00003823  setEtherBank                  
00003d61  setEtherMacAddress            
000037bb  setEtherReg                   
00003f3b  setIpAddress                  
00004097  setIpDnsAddress               
00004023  setIpGatewayAddress           
0000417f  setIpMqttBrokerAddress        
00003faf  setIpSubnetMask               
0000410b  setIpTimeServerAddress        
000032b9  setPinAuxFunction             
0000319f  setPinCommitControl           
000035a1  setPinValue                   
00003629  setPortValue                  
00005cfd  setSpi0BaudRate               
00005d33  setSpi0Mode                   
0000689b  setTcpPortList                
00006829  setTcpState                   
0000630b  setUart0BaudRate              
00007025  snprintf                      
20001000  sockets                       
0000717d  sscanf                        
00002655  startDhcpTimers               
00003911  startEtherMemRead             
000038e3  startEtherMemWrite            
000047f1  startOneshotTimer             
00004877  startPeriodicTimer            
00003933  stopEtherMemRead              
00003909  stopEtherMemWrite             
000048fd  stopTimer                     
20001118  strInput                      
0000738f  strchr                        
0000735f  strcmp                        
000073a5  strcpy                        
00007295  strcspn                       
000073b9  strlen                        
00007377  strrchr                       
00007247  strspn                        
000042f1  strtod                        
000070fd  strtok                        
00006191  strtol                        
000042f1  strtold                       
0000559d  strtoll                       
0000661d  strtoul                       
00005dc1  strtoull                      
00007281  subscribeMqtt                 
00004205  sumIpWords                    
200011f8  tcpState                      
000049d1  tickIsr                       
200011bc  ticks                         
00000cd3  timerTest                     
000035c7  togglePinValue                
200011fc  token                         
00007401  tolower                       
0000728b  unsubscribeMqtt               
000072b9  waitMicrosecond               
000073df  wcslen                        
00006be3  writeEeprom                   
000038f5  writeEtherMem                 
0000383f  writeEtherPhy                 
00003755  writeEtherReg                 
00005d81  writeSpi0Data                 
20001200  xid                           


GLOBAL SYMBOLS: SORTED BY Symbol Address 

address   name                          
-------   ----                          
00000000  __TI_static_base__            
00000000  g_pfnVectors                  
0000026d  initHw                        
000002ad  displayConnectionInfo         
00000603  readConfiguration             
000006c3  asciiToUint8                  
0000076d  processShell                  
00000cd3  timerTest                     
00000cf5  main                          
00000fb9  __TI_scanfi                   
00001000  __STACK_SIZE                  
00001acd  __TI_printfi                  
0000251b  __aeabi_idiv0                 
0000251b  __aeabi_ldiv0                 
0000251d  debugLed                      
0000255f  setDhcpState                  
00002573  getDhcpState                  
00002579  callbackDhcpGetNewAddressTimer
00002589  requestDhcpNewAddress         
0000259b  callbackDhcpT1PeriodicTimer   
000025a3  renewDhcp                     
000025bb  callbackDhcpT1HitTimer        
000025c3  callbackDhcpT2PeriodicTimer   
000025cb  rebindDhcp                    
000025e9  callbackDhcpT2HitTimer        
000025f1  callbackDhcpLeaseEndTimer     
000025f3  releaseDhcp                   
000025f5  callbackDhcpIpConflictWindow  
00002629  requestDhcpIpConflictTest     
0000263b  isDhcpIpConflictDetectionMode 
00002641  getDhcpLeaseSeconds           
00002647  isDhcpResponse                
00002655  startDhcpTimers               
000026cd  sendDhcpMessage               
00002b87  getDhcpOption                 
00002be5  isDhcpOffer                   
00002c69  isDhcpAck                     
00002c89  handleDhcpAck                 
00002d51  isDhcpDiscoverNeeded          
00002d57  isDhcpRequestNeeded           
00002d5d  isDhcpReleaseNeeded           
00002d63  sendDhcpPendingMessages       
00002e7f  processDhcpResponse           
00002e89  processDhcpArpResponse        
00002edd  enableDhcp                    
00002ee5  disableDhcp                   
00002eed  isDhcpEnabled                 
00002f29  enablePort                    
00002fe5  disablePort                   
00003065  selectPinPushPullOutput       
000030b3  selectPinOpenDrainOutput      
00003101  selectPinDigitalInput         
0000314f  selectPinAnalogInput          
0000319f  setPinCommitControl           
0000321b  enablePinPullup               
00003249  disablePinPullup              
0000326d  enablePinPulldown             
00003291  disablePinPulldown            
000032b9  setPinAuxFunction             
000033cb  selectPinInterruptRisingEdge  
0000341b  selectPinInterruptFallingEdge 
0000346b  selectPinInterruptBothEdges   
000034c1  selectPinInterruptHighLevel   
000034fb  selectPinInterruptLowLevel    
00003535  enablePinInterrupt            
00003559  disablePinInterrupt           
0000357d  clearPinInterrupt             
000035a1  setPinValue                   
000035c7  togglePinValue                
000035eb  getPinValue                   
00003629  setPortValue                  
000036a1  getPortValue                  
00003731  enableEtherCs                 
00003747  disableEtherCs                
00003755  writeEtherReg                 
00003789  readEtherReg                  
000037bb  setEtherReg                   
000037ef  clearEtherReg                 
00003823  setEtherBank                  
0000383f  writeEtherPhy                 
00003877  readEtherPhy                  
000038e3  startEtherMemWrite            
000038f5  writeEtherMem                 
00003909  stopEtherMemWrite             
00003911  startEtherMemRead             
00003923  readEtherMem                  
00003933  stopEtherMemRead              
0000393b  initEther                     
00003ac1  isEtherLinkUp                 
00003adb  isEtherDataAvailable          
00003af5  isEtherOverflow               
00003b25  getEtherPacket                
00003c15  putEtherPacket                
00003cfb  htons                         
00003d1f  htonl                         
00003d4b  getEtherId                    
00003d57  incEtherId                    
00003d61  setEtherMacAddress            
00003de5  getEtherMacAddress            
00003e45  isIp                          
00003eb5  isIpUnicast                   
00003f15  isEtherIpValid                
00003f3b  setIpAddress                  
00003f75  getIpAddress                  
00003faf  setIpSubnetMask               
00003fe9  getIpSubnetMask               
00004023  setIpGatewayAddress           
0000405d  getIpGatewayAddress           
00004097  setIpDnsAddress               
000040d1  getIpDnsAddress               
0000410b  setIpTimeServerAddress        
00004145  getIpTimeServerAddress        
0000417f  setIpMqttBrokerAddress        
000041bd  getIpMqttBrokerAddress        
00004205  sumIpWords                    
00004279  getIpChecksum                 
000042ab  calcIpChecksum                
000042f1  strtod                        
000042f1  strtold                       
00004751  initTimer                     
000047f1  startOneshotTimer             
00004877  startPeriodicTimer            
000048fd  stopTimer                     
00004963  restartTimer                  
000049d1  tickIsr                       
00004a4b  random32                      
00004a89  isArpRequest                  
00004b2d  isArpResponse                 
00004b81  sendArpResponse               
00004c5f  sendArpRequest                
00004d7d  initSockets                   
00004db5  newSocket                     
00004e1f  deleteSocket                  
00004e87  getSocketInfoFromArpResponse  
00004eff  getSocketInfoFromUdpPacket    
00004fa9  getSocketInfoFromTcpPacket    
0000505d  isUdp                         
00005105  getUdpData                    
00005131  sendUdpMessage                
0000559d  strtoll                       
00005949  __aeabi_dsub                  
00005953  __aeabi_dadd                  
00005aff  isPingRequest                 
00005b43  sendPingRequest               
00005b4f  sendPingResponse              
00005c61  initSpi0                      
00005cfd  setSpi0BaudRate               
00005d33  setSpi0Mode                   
00005d81  writeSpi0Data                 
00005d99  readSpi0Data                  
00005dc1  strtoull                      
00006059  __aeabi_ddiv                  
00006191  strtol                        
000062c1  initUart0                     
0000630b  setUart0BaudRate              
0000634f  putcUart0                     
0000636b  putsUart0                     
00006397  getcUart0                     
000063ab  kbhitUart0                    
0000650d  ldexp                         
0000650d  ldexpl                        
0000650d  scalbn                        
0000650d  scalbnl                       
0000661d  strtoul                       
0000672d  __aeabi_dmul                  
00006829  setTcpState                   
00006845  getTcpState                   
00006859  isTcp                         
00006865  isTcpSyn                      
00006871  isTcpAck                      
0000687d  sendTcpPendingMessages        
00006887  processTcpResponse            
00006891  processTcpArpResponse         
0000689b  setTcpPortList                
000068a9  isTcpPortOpen                 
000068b5  sendTcpResponse               
000068c5  sendTcpMessage                
0000698f  __aeabi_memcpy                
0000698f  __aeabi_memcpy4               
0000698f  __aeabi_memcpy8               
0000698f  memcpy                        
00006a2b  __aeabi_uldivmod              
00006ac1  __aeabi_cdcmpeq               
00006ac1  __aeabi_cdcmple               
00006b47  __aeabi_cdrcmple              
00006bcd  initEeprom                    
00006be3  writeEeprom                   
00006c15  readEeprom                    
00006c51  __aeabi_memclr                
00006c51  __aeabi_memclr4               
00006c51  __aeabi_memclr8               
00006c53  __aeabi_memset                
00006c53  __aeabi_memset4               
00006c53  __aeabi_memset8               
00006c59  memset                        
00006d39  __aeabi_d2f                   
00006e11  __TI_decompress_lzss          
00006e79  frexp                         
00006e79  frexpl                        
00006f33  __TI_ltoa                     
00006fd9  atoi                          
00007025  snprintf                      
00007071  __aeabi_d2iz                  
000070b9  __TI_auto_init_nobinit_nopinit
000070fd  strtok                        
0000717d  sscanf                        
000071b5  _c_int00_noargs               
00007219  __aeabi_i2d                   
00007247  strspn                        
00007271  connectMqtt                   
00007273  disconnectMqtt                
00007275  publishMqtt                   
00007281  subscribeMqtt                 
0000728b  unsubscribeMqtt               
00007295  strcspn                       
000072b9  waitMicrosecond               
000072dd  __TI_zero_init_nomemset       
000072f9  memccpy                       
00007315  copysign                      
00007315  copysignl                     
00007347  __aeabi_lmul                  
0000735f  strcmp                        
00007377  strrchr                       
0000738f  strchr                        
000073a5  strcpy                        
000073b9  strlen                        
000073df  wcslen                        
000073f1  initSystemClockTo40Mhz        
00007401  tolower                       
00007411  __TI_decompress_none          
0000741f  ResetISR                      
0000742d  __aeabi_errno_addr            
0000743d  _system_pre_init              
00007441  C$$EXIT                       
00007441  abort                         
00007448  _ctypes_                      
00007648  __TI_Handler_Table_Base       
00007654  __TI_Handler_Table_Limit      
00007660  __TI_CINIT_Base               
00007670  __TI_CINIT_Limit              
20000000  __stack                       
20000000  __start___llvm_prf_cnts       
20000000  __stop___llvm_prf_cnts        
20000200  __STACK_TOP                   
20001000  __STACK_END                   
20001000  sockets                       
20001118  strInput                      
2000116c  fn                            
20001194  period                        
200011bc  ticks                         
200011e4  reload                        
200011f0  dhcpOfferedIpAdd              
200011f4  dhcpServerIpAdd               
200011f8  tcpState                      
200011fc  token                         
20001200  xid                           
20001204  leaseSeconds                  
20001208  leaseT1                       
2000120c  leaseT2                       
20001210  discoverNeeded                
20001211  requestNeeded                 
20001212  releaseNeeded                 
20001213  ipConflictDetectionMode       
20001214  dhcpState                     
20001215  dhcpEnabled                   
20001216  hwAddress                     
2000121c  ipAddress                     
20001220  ipDnsAddress                  
20001224  ipGwAddress                   
20001228  ipSubnetMask                  
2000122c  ipTimeServerAddress           
20001230  errno                         
20001238  nextPacketLsb                 
20001239  nextPacketMsb                 
2000123a  sequenceId                    
2000123b  count                         
ffffffff  __TI_pprof_out_hndl           
ffffffff  __TI_prof_data_size           
ffffffff  __TI_prof_data_start          
ffffffff  __binit__                     
ffffffff  __c_args__                    
ffffffff  binit                         
UNDEFED   __mpu_init                    
UNDEFED   _system_post_cinit            

[284 symbols]
