******************************************************************************
                  TI ARM Linker Unix v20.2.7                   
******************************************************************************
>> Linked Tue Mar 19 17:35:15 2024

OUTPUT FILE NAME:   <4352_Project-1.out>
ENTRY POINT SYMBOL: "_c_int00_noargs"  address: 000076a1


MEMORY CONFIGURATION

         name            origin    length      used     unused   attr    fill
----------------------  --------  ---------  --------  --------  ----  --------
  FLASH                 00000000   00040000  00007b58  000384a8  R  X
  SRAM                  20000000   00008000  00001253  00006dad  RW X


SEGMENT ALLOCATION MAP

run origin  load origin   length   init length attrs members
----------  ----------- ---------- ----------- ----- -------
00000000    00000000    00007b58   00007b58    r-x
  00000000    00000000    0000026c   0000026c    r-- .intvecs
  0000026c    0000026c    000076c4   000076c4    r-x .text
  00007930    00007930    000001e0   000001e0    r-- .const
  00007b10    00007b10    00000048   00000048    r-- .cinit
20000000    20000000    00001253   00000000    rw-
  20000000    20000000    00001000   00000000    rw- .stack
  20001000    20001000    00000210   00000000    rw- .bss
  20001210    20001210    00000043   00000000    rw- .data


SECTION ALLOCATION MAP

 output                                  attributes/
section   page    origin      length       input sections
--------  ----  ----------  ----------   ----------------
.intvecs   0    00000000    0000026c     
                  00000000    0000026c     tm4c123gh6pm_startup_ccs.obj (.intvecs)

.text      0    0000026c    000076c4     
                  0000026c    00000ef8     dhcp.obj (.text)
                  00001164    00000d4c     ethernet.obj (.text)
                  00001eb0    00000b14     rtsv7M4_T_le_v4SPD16_eabi.lib : _scanfi.c.obj (.text:__TI_scanfi)
                  000029c4    00000a4e                                   : _printfi.c.obj (.text:__TI_printfi)
                  00003412    00000002                                   : div0.asm.obj (.text)
                  00003414    00000808     gpio.obj (.text)
                  00003c1c    00000714     eth0.obj (.text)
                  00004330    000004ac     ip.obj (.text)
                  000047dc    00000460     rtsv7M4_T_le_v4SPD16_eabi.lib : strtod.c.obj (.text:strtod)
                  00004c3c    00000338     timer.obj (.text)
                  00004f74    000002f4     arp.obj (.text)
                  00005268    000002e0     socket.obj (.text)
                  00005548    000002ce     udp.obj (.text)
                  00005816    00000002     --HOLE-- [fill = 0]
                  00005818    00000270     rtsv7M4_T_le_v4SPD16_eabi.lib : _printfi.c.obj (.text:_pconv_a)
                  00005a88    000001dc                                   : strtoll.c.obj (.text:strtoll)
                  00005c64    000001d0                                   : _printfi.c.obj (.text:_pconv_g)
                  00005e34    000001b6                                   : fd_add_t2.asm.obj (.text)
                  00005fea    00000160     icmp.obj (.text)
                  0000614a    00000002     --HOLE-- [fill = 0]
                  0000614c    00000160     spi0.obj (.text)
                  000062ac    0000015c     rtsv7M4_T_le_v4SPD16_eabi.lib : strtoull.c.obj (.text:strtoull)
                  00006408    0000013c                                   : _printfi.c.obj (.text:_pconv_e)
                  00006544    00000136                                   : fd_div_t2.asm.obj (.text)
                  0000667a    00000002     --HOLE-- [fill = 0]
                  0000667c    00000130                                   : strtol.c.obj (.text:strtol)
                  000067ac    00000128     uart0.obj (.text)
                  000068d4    00000124     rtsv7M4_T_le_v4SPD16_eabi.lib : _printfi.c.obj (.text:fcvt)
                  000069f8    00000110                                   : s_scalbn.c.obj (.text:scalbn)
                  00006b08    00000110                                   : strtoul.c.obj (.text:strtoul)
                  00006c18    000000fc                                   : fd_mul_t2.asm.obj (.text)
                  00006d14    000000b4     tcp.obj (.text)
                  00006dc8    000000b1     rtsv7M4_T_le_v4SPD16_eabi.lib : _printfi.c.obj (.text:_ltostr)
                  00006e79    00000001     --HOLE-- [fill = 0]
                  00006e7a    0000009c                                   : memcpy_t2.asm.obj (.text)
                  00006f16    00000096                                   : ull_div_t2.asm.obj (.text)
                  00006fac    00000086                                   : fd_cmp_t2.asm.obj (.text:__aeabi_cdcmple)
                  00007032    00000086                                   : fd_cmp_t2.asm.obj (.text:__aeabi_cdrcmple)
                  000070b8    00000084     eeprom.obj (.text)
                  0000713c    0000007a     rtsv7M4_T_le_v4SPD16_eabi.lib : memset_t2.asm.obj (.text)
                  000071b6    0000006e                                   : _printfi.c.obj (.text:_mcpy)
                  00007224    0000006e                                   : fd_tos_t2.asm.obj (.text)
                  00007292    00000002     --HOLE-- [fill = 0]
                  00007294    00000068                                   : sscanf.c.obj (.text:_chkmbc)
                  000072fc    00000068                                   : copy_decompress_lzss.c.obj (.text:decompress:lzss:__TI_decompress_lzss)
                  00007364    00000064                                   : s_frexp.c.obj (.text:frexp)
                  000073c8    00000056                                   : _printfi.c.obj (.text:_pconv_f)
                  0000741e    00000054                                   : _ltoa.c.obj (.text:__TI_ltoa)
                  00007472    00000052                                   : _printfi.c.obj (.text:_ecpy)
                  000074c4    0000004c                                   : atoi.c.obj (.text:atoi)
                  00007510    0000004c                                   : snprintf.c.obj (.text:snprintf)
                  0000755c    00000048                                   : fd_toi_t2.asm.obj (.text)
                  000075a4    00000044                                   : autoinit.c.obj (.text:__TI_auto_init_nobinit_nopinit:__TI_auto_init_nobinit_nopinit)
                  000075e8    00000040                                   : strtok.c.obj (.text:strtok)
                  00007628    0000003e                                   : _printfi.c.obj (.text:_fcpy)
                  00007666    00000002     --HOLE-- [fill = 0]
                  00007668    00000038                                   : sscanf.c.obj (.text:sscanf)
                  000076a0    00000034                                   : boot_cortex_m.c.obj (.text:_c_int00_noargs:_c_int00_noargs)
                  000076d4    00000030                                   : snprintf.c.obj (.text:_outs)
                  00007704    0000002e                                   : i_tofd_t2.asm.obj (.text)
                  00007732    0000002a                                   : strspn.c.obj (.text:strspn)
                  0000775c    00000024     mqtt.obj (.text)
                  00007780    00000024     rtsv7M4_T_le_v4SPD16_eabi.lib : strcspn.c.obj (.text:strcspn)
                  000077a4    00000024     wait.obj (.text)
                  000077c8    0000001c     rtsv7M4_T_le_v4SPD16_eabi.lib : copy_zero_init.c.obj (.text:decompress:ZI:__TI_zero_init_nomemset:__TI_zero_init_nomemset)
                  000077e4    0000001c                                   : memccpy.c.obj (.text:memccpy)
                  00007800    0000001a                                   : s_copysign.c.obj (.text:copysign)
                  0000781a    00000018                                   : snprintf.c.obj (.text:_outc)
                  00007832    00000018                                   : ll_mul_t2.asm.obj (.text)
                  0000784a    00000018                                   : strcmp.c.obj (.text:strcmp)
                  00007862    00000018                                   : strrchr.c.obj (.text:strrchr)
                  0000787a    00000016                                   : strchr.c.obj (.text:strchr)
                  00007890    00000014                                   : strcpy.c.obj (.text:strcpy)
                  000078a4    00000014                                   : strlen.c.obj (.text:strlen)
                  000078b8    00000012                                   : sscanf.c.obj (.text:_inpchar)
                  000078ca    00000012                                   : wcslen.c.obj (.text:wcslen)
                  000078dc    00000010     clock.obj (.text)
                  000078ec    00000010     rtsv7M4_T_le_v4SPD16_eabi.lib : tolower.c.obj (.text:tolower)
                  000078fc    0000000e                                   : copy_decompress_none.c.obj (.text:decompress:none:__TI_decompress_none)
                  0000790a    0000000c     tm4c123gh6pm_startup_ccs.obj (.text)
                  00007916    00000002     --HOLE-- [fill = 0]
                  00007918    00000008     rtsv7M4_T_le_v4SPD16_eabi.lib : errno.c.obj (.text:__aeabi_errno_addr)
                  00007920    00000008                                   : sscanf.c.obj (.text:_uninpchar)
                  00007928    00000004                                   : pre_init.c.obj (.text:_system_pre_init)
                  0000792c    00000004                                   : exit.c.obj (.text:abort:abort)

.const     0    00007930    000001e0     
                  00007930    00000101     rtsv7M4_T_le_v4SPD16_eabi.lib : ctype.c.obj (.const:.string:_ctypes_)
                  00007a31    00000007     --HOLE-- [fill = 0]
                  00007a38    000000c8                                   : strtod.c.obj (.const:$O1$$)
                  00007b00    00000010                                   : _scanfi.c.obj (.const:$O1$$)

.cinit     0    00007b10    00000048     
                  00007b10    00000020     (.cinit..data.load) [load image, compression = lzss]
                  00007b30    0000000c     (__TI_handler_table)
                  00007b3c    00000004     --HOLE-- [fill = 0]
                  00007b40    00000008     (.cinit..bss.load) [load image, compression = zero_init]
                  00007b48    00000010     (__TI_cinit_table)

.init_array 
*          0    00000000    00000000     UNINITIALIZED

.bss       0    20001000    00000210     UNINITIALIZED
                  20001000    00000118     (.common:sockets)
                  20001118    00000054     (.common:strInput)
                  2000116c    00000028     (.common:fn)
                  20001194    00000028     (.common:period)
                  200011bc    00000028     (.common:ticks)
                  200011e4    0000000c     (.common:reload)
                  200011f0    00000004     (.common:dhcpOfferedIpAdd)
                  200011f4    00000004     (.common:dhcpServerIpAdd)
                  200011f8    00000004     (.common:tcpState)
                  200011fc    00000004     (.common:tempDns)
                  20001200    00000004     (.common:tempGw)
                  20001204    00000004     (.common:tempLs)
                  20001208    00000004     (.common:tempSub)
                  2000120c    00000004     (.common:token)

.data      0    20001210    00000043     UNINITIALIZED
                  20001210    0000001c     dhcp.obj (.data)
                  2000122c    00000006     eth0.obj (.data:hwAddress)
                  20001232    00000004     ip.obj (.data:ipAddress)
                  20001236    00000004     ip.obj (.data:ipDnsAddress)
                  2000123a    00000004     ip.obj (.data:ipGwAddress)
                  2000123e    00000004     ip.obj (.data:ipSubnetMask)
                  20001242    00000004     ip.obj (.data:ipTimeServerAddress)
                  20001246    00000001     ethernet.obj (.data)
                  20001247    00000001     --HOLE--
                  20001248    00000004     rtsv7M4_T_le_v4SPD16_eabi.lib : errno.c.obj (.data)
                  2000124c    00000004                                   : strtok.c.obj (.data)
                  20001250    00000003     eth0.obj (.data)

.stack     0    20000000    00001000     UNINITIALIZED
                  20000000    00000004     rtsv7M4_T_le_v4SPD16_eabi.lib : boot_cortex_m.c.obj (.stack)
                  20000004    00000ffc     --HOLE--

__llvm_prf_cnts 
*          0    20000000    00000000     UNINITIALIZED

MODULE SUMMARY

       Module                         code    ro data   rw data
       ------                         ----    -------   -------
    ./
       dhcp.obj                       3832    0         52     
       ethernet.obj                   3404    0         89     
       gpio.obj                       2056    0         0      
       eth0.obj                       1812    0         9      
       ip.obj                         1196    0         20     
       socket.obj                     736     0         280    
       timer.obj                      824     0         132    
       arp.obj                        756     0         0      
       udp.obj                        718     0         0      
       tm4c123gh6pm_startup_ccs.obj   12      620       0      
       icmp.obj                       352     0         0      
       spi0.obj                       352     0         0      
       uart0.obj                      296     0         0      
       tcp.obj                        180     0         4      
       eeprom.obj                     132     0         0      
       mqtt.obj                       36      0         0      
       wait.obj                       36      0         0      
       clock.obj                      16      0         0      
    +--+------------------------------+-------+---------+---------+
       Total:                         16746   620       586    
                                                               
    /home/rolo/.local/share/ti/ccs1240/ccs/tools/compiler/ti-cgt-arm_20.2.7.LTS/lib/rtsv7M4_T_le_v4SPD16_eabi.lib
       _printfi.c.obj                 4851    0         0      
       _scanfi.c.obj                  2836    16        0      
       strtod.c.obj                   1120    200       0      
       strtoll.c.obj                  476     0         0      
       fd_add_t2.asm.obj              438     0         0      
       strtoull.c.obj                 348     0         0      
       fd_div_t2.asm.obj              310     0         0      
       strtol.c.obj                   304     0         0      
       s_scalbn.c.obj                 272     0         0      
       strtoul.c.obj                  272     0         0      
       fd_cmp_t2.asm.obj              268     0         0      
       ctype.c.obj                    0       257       0      
       fd_mul_t2.asm.obj              252     0         0      
       sscanf.c.obj                   186     0         0      
       memcpy_t2.asm.obj              156     0         0      
       ull_div_t2.asm.obj             150     0         0      
       snprintf.c.obj                 148     0         0      
       memset_t2.asm.obj              122     0         0      
       fd_tos_t2.asm.obj              110     0         0      
       copy_decompress_lzss.c.obj     104     0         0      
       s_frexp.c.obj                  100     0         0      
       _ltoa.c.obj                    84      0         0      
       atoi.c.obj                     76      0         0      
       fd_toi_t2.asm.obj              72      0         0      
       autoinit.c.obj                 68      0         0      
       strtok.c.obj                   64      0         4      
       boot_cortex_m.c.obj            52      0         0      
       i_tofd_t2.asm.obj              46      0         0      
       strspn.c.obj                   42      0         0      
       strcspn.c.obj                  36      0         0      
       copy_zero_init.c.obj           28      0         0      
       memccpy.c.obj                  28      0         0      
       s_copysign.c.obj               26      0         0      
       ll_mul_t2.asm.obj              24      0         0      
       strcmp.c.obj                   24      0         0      
       strrchr.c.obj                  24      0         0      
       strchr.c.obj                   22      0         0      
       strcpy.c.obj                   20      0         0      
       strlen.c.obj                   20      0         0      
       wcslen.c.obj                   18      0         0      
       tolower.c.obj                  16      0         0      
       copy_decompress_none.c.obj     14      0         0      
       errno.c.obj                    8       0         4      
       exit.c.obj                     4       0         0      
       pre_init.c.obj                 4       0         0      
       div0.asm.obj                   2       0         0      
    +--+------------------------------+-------+---------+---------+
       Total:                         13645   473       8      
                                                               
       Stack:                         0       0         4096   
       Linker Generated:              0       68        0      
    +--+------------------------------+-------+---------+---------+
       Grand Total:                   30391   1161      4690   


LINKER GENERATED COPY TABLES

__TI_cinit_table @ 00007b48 records: 2, size/record: 8, table size: 16
	.data: load addr=00007b10, load size=00000020 bytes, run addr=20001210, run size=00000043 bytes, compression=lzss
	.bss: load addr=00007b40, load size=00000008 bytes, run addr=20001000, run size=00000210 bytes, compression=zero_init


LINKER GENERATED HANDLER TABLE

__TI_handler_table @ 00007b30 records: 3, size/record: 4, table size: 12
	index: 0, handler: __TI_decompress_lzss
	index: 1, handler: __TI_decompress_none
	index: 2, handler: __TI_zero_init


GLOBAL SYMBOLS: SORTED ALPHABETICALLY BY Name 

address   name                          
-------   ----                          
0000792d  C$$EXIT                       
0000790b  ResetISR                      
20001000  __STACK_END                   
00001000  __STACK_SIZE                  
20000200  __STACK_TOP                   
00007b48  __TI_CINIT_Base               
00007b58  __TI_CINIT_Limit              
00007b30  __TI_Handler_Table_Base       
00007b3c  __TI_Handler_Table_Limit      
000075a5  __TI_auto_init_nobinit_nopinit
000072fd  __TI_decompress_lzss          
000078fd  __TI_decompress_none          
0000741f  __TI_ltoa                     
ffffffff  __TI_pprof_out_hndl           
000029c5  __TI_printfi                  
ffffffff  __TI_prof_data_size           
ffffffff  __TI_prof_data_start          
00001eb1  __TI_scanfi                   
00000000  __TI_static_base__            
000077c9  __TI_zero_init_nomemset       
00006fad  __aeabi_cdcmpeq               
00006fad  __aeabi_cdcmple               
00007033  __aeabi_cdrcmple              
00007225  __aeabi_d2f                   
0000755d  __aeabi_d2iz                  
00005e3f  __aeabi_dadd                  
00006545  __aeabi_ddiv                  
00006c19  __aeabi_dmul                  
00005e35  __aeabi_dsub                  
00007919  __aeabi_errno_addr            
00007705  __aeabi_i2d                   
00003413  __aeabi_idiv0                 
00003413  __aeabi_ldiv0                 
00007833  __aeabi_lmul                  
0000713d  __aeabi_memclr                
0000713d  __aeabi_memclr4               
0000713d  __aeabi_memclr8               
00006e7b  __aeabi_memcpy                
00006e7b  __aeabi_memcpy4               
00006e7b  __aeabi_memcpy8               
0000713f  __aeabi_memset                
0000713f  __aeabi_memset4               
0000713f  __aeabi_memset8               
00006f17  __aeabi_uldivmod              
ffffffff  __binit__                     
ffffffff  __c_args__                    
UNDEFED   __mpu_init                    
20000000  __stack                       
20000000  __start___llvm_prf_cnts       
20000000  __stop___llvm_prf_cnts        
000076a1  _c_int00_noargs               
00007930  _ctypes_                      
UNDEFED   _system_post_cinit            
00007929  _system_pre_init              
0000792d  abort                         
000003d3  applyDhcpAckValues            
000015bb  asciiToUint8                  
000074c5  atoi                          
ffffffff  binit                         
00004797  calcIpChecksum                
000002c9  callbackDhcpGetNewAddressTimer
00000413  callbackDhcpIpConflictWindow  
00000341  callbackDhcpLeaseEndTimer     
0000030b  callbackDhcpT1HitTimer        
000002eb  callbackDhcpT1PeriodicTimer   
00000339  callbackDhcpT2HitTimer        
00000313  callbackDhcpT2PeriodicTimer   
00003cdb  clearEtherReg                 
00003a69  clearPinInterrupt             
0000775d  connectMqtt                   
00007801  copysign                      
00007801  copysignl                     
20001246  count                         
0000026d  debugLed                      
0000530b  deleteSocket                  
20001226  dhcpEnabled                   
200011f0  dhcpOfferedIpAdd              
200011f4  dhcpServerIpAdd               
20001225  dhcpState                     
00001127  disableDhcp                   
00003c33  disableEtherCs                
00003a45  disablePinInterrupt           
0000377d  disablePinPulldown            
00003735  disablePinPullup              
000034d1  disablePort                   
0000775f  disconnectMqtt                
20001220  discoverNeeded                
000011a5  displayConnectionInfo         
0000111f  enableDhcp                    
00003c1d  enableEtherCs                 
00003a21  enablePinInterrupt            
00003759  enablePinPulldown             
00003707  enablePinPullup               
00003415  enablePort                    
20001248  errno                         
2000116c  fn                            
00007365  frexp                         
00007365  frexpl                        
00000000  g_pfnVectors                  
00000445  getDhcpLeaseSeconds           
00000d0d  getDhcpOption                 
000002c3  getDhcpState                  
00004237  getEtherId                    
000042d1  getEtherMacAddress            
00004011  getEtherPacket                
00004461  getIpAddress                  
00004765  getIpChecksum                 
000045bd  getIpDnsAddress               
00004549  getIpGatewayAddress           
000046a9  getIpMqttBrokerAddress        
000044d5  getIpSubnetMask               
00004631  getIpTimeServerAddress        
00003ad7  getPinValue                   
00003b8d  getPortValue                  
00005373  getSocketInfoFromArpResponse  
00005495  getSocketInfoFromTcpPacket    
000053eb  getSocketInfoFromUdpPacket    
00006d31  getTcpState                   
000055f1  getUdpData                    
00006883  getcUart0                     
00000e3d  handleDhcpAck                 
0000420b  htonl                         
000041e7  htons                         
2000122c  hwAddress                     
00004243  incEtherId                    
000070b9  initEeprom                    
00003e27  initEther                     
00001165  initHw                        
00005269  initSockets                   
0000614d  initSpi0                      
000078dd  initSystemClockTo40Mhz        
00004c3d  initTimer                     
000067ad  initUart0                     
20001232  ipAddress                     
20001224  ipConflictDetectionMode       
20001236  ipDnsAddress                  
2000123a  ipGwAddress                   
2000123e  ipSubnetMask                  
20001242  ipTimeServerAddress           
00004f75  isArpRequest                  
00005019  isArpResponse                 
00000df5  isDhcpAck                     
00000eef  isDhcpDiscoverNeeded          
0000112f  isDhcpEnabled                 
0000043f  isDhcpIpConflictDetectionMode 
00000d75  isDhcpOffer                   
00000efb  isDhcpReleaseNeeded           
00000ef5  isDhcpRequestNeeded           
0000044b  isDhcpResponse                
00003fc7  isEtherDataAvailable          
00004401  isEtherIpValid                
00003fad  isEtherLinkUp                 
00003fe1  isEtherOverflow               
00004331  isIp                          
000043a1  isIpUnicast                   
00005feb  isPingRequest                 
00006d45  isTcp                         
00006d5d  isTcpAck                      
00006d95  isTcpPortOpen                 
00006d51  isTcpSyn                      
00005549  isUdp                         
00006897  kbhitUart0                    
000069f9  ldexp                         
000069f9  ldexpl                        
20001214  leaseSeconds                  
20001218  leaseT1                       
2000121c  leaseT2                       
00001bed  main                          
000077e5  memccpy                       
00006e7b  memcpy                        
00007145  memset                        
000052a1  newSocket                     
20001250  nextPacketLsb                 
20001251  nextPacketMsb                 
20001194  period                        
0000105f  processDhcpArpResponse        
00001055  processDhcpResponse           
00001665  processShell                  
00006d7d  processTcpArpResponse         
00006d73  processTcpResponse            
00007761  publishMqtt                   
00004101  putEtherPacket                
0000683b  putcUart0                     
00006857  putsUart0                     
00004f37  random32                      
000014fb  readConfiguration             
00007101  readEeprom                    
00003e0f  readEtherMem                  
00003d63  readEtherPhy                  
00003c75  readEtherReg                  
00006285  readSpi0Data                  
0000031b  rebindDhcp                    
20001223  receivedArpResp               
00000391  releaseDhcp                   
20001222  releaseNeeded                 
200011e4  reload                        
000002f3  renewDhcp                     
00000425  requestDhcpIpConflictTest     
000002d9  requestDhcpNewAddress         
20001221  requestNeeded                 
00004e4f  restartTimer                  
000069f9  scalbn                        
000069f9  scalbnl                       
0000363b  selectPinAnalogInput          
000035ed  selectPinDigitalInput         
00003957  selectPinInterruptBothEdges   
00003907  selectPinInterruptFallingEdge 
000039ad  selectPinInterruptHighLevel   
000039e7  selectPinInterruptLowLevel    
000038b7  selectPinInterruptRisingEdge  
0000359f  selectPinOpenDrainOutput      
00003551  selectPinPushPullOutput       
0000514b  sendArpRequest                
0000506d  sendArpResponse               
000004a9  sendDhcpMessage               
00000f01  sendDhcpPendingMessages       
0000602f  sendPingRequest               
0000603b  sendPingResponse              
00006db1  sendTcpMessage                
00006d69  sendTcpPendingMessages        
00006da1  sendTcpResponse               
0000561d  sendUdpMessage                
20001252  sequenceId                    
000002af  setDhcpState                  
00003d0f  setEtherBank                  
0000424d  setEtherMacAddress            
00003ca7  setEtherReg                   
00004427  setIpAddress                  
00004583  setIpDnsAddress               
0000450f  setIpGatewayAddress           
0000466b  setIpMqttBrokerAddress        
0000449b  setIpSubnetMask               
000045f7  setIpTimeServerAddress        
000037a5  setPinAuxFunction             
0000368b  setPinCommitControl           
00003a8d  setPinValue                   
00003b15  setPortValue                  
000061e9  setSpi0BaudRate               
0000621f  setSpi0Mode                   
00006d87  setTcpPortList                
00006d15  setTcpState                   
000067f7  setUart0BaudRate              
00007511  snprintf                      
20001000  sockets                       
00007669  sscanf                        
00000399  startDhcpTimers               
00003dfd  startEtherMemRead             
00003dcf  startEtherMemWrite            
00004cdd  startOneshotTimer             
00004d63  startPeriodicTimer            
00003e1f  stopEtherMemRead              
00003df5  stopEtherMemWrite             
00004de9  stopTimer                     
20001118  strInput                      
0000787b  strchr                        
0000784b  strcmp                        
00007891  strcpy                        
00007781  strcspn                       
000078a5  strlen                        
00007863  strrchr                       
00007733  strspn                        
000047dd  strtod                        
000075e9  strtok                        
0000667d  strtol                        
000047dd  strtold                       
00005a89  strtoll                       
00006b09  strtoul                       
000062ad  strtoull                      
0000776d  subscribeMqtt                 
000046f1  sumIpWords                    
200011f8  tcpState                      
200011fc  tempDns                       
20001200  tempGw                        
20001228  tempLeaseSecs                 
20001204  tempLs                        
20001208  tempSub                       
00004ebd  tickIsr                       
200011bc  ticks                         
00001bcb  timerTest                     
00003ab3  togglePinValue                
2000120c  token                         
000078ed  tolower                       
00007777  unsubscribeMqtt               
000077a5  waitMicrosecond               
000078cb  wcslen                        
000070cf  writeEeprom                   
00003de1  writeEtherMem                 
00003d2b  writeEtherPhy                 
00003c41  writeEtherReg                 
0000626d  writeSpi0Data                 
20001210  xid                           


GLOBAL SYMBOLS: SORTED BY Symbol Address 

address   name                          
-------   ----                          
00000000  __TI_static_base__            
00000000  g_pfnVectors                  
0000026d  debugLed                      
000002af  setDhcpState                  
000002c3  getDhcpState                  
000002c9  callbackDhcpGetNewAddressTimer
000002d9  requestDhcpNewAddress         
000002eb  callbackDhcpT1PeriodicTimer   
000002f3  renewDhcp                     
0000030b  callbackDhcpT1HitTimer        
00000313  callbackDhcpT2PeriodicTimer   
0000031b  rebindDhcp                    
00000339  callbackDhcpT2HitTimer        
00000341  callbackDhcpLeaseEndTimer     
00000391  releaseDhcp                   
00000399  startDhcpTimers               
000003d3  applyDhcpAckValues            
00000413  callbackDhcpIpConflictWindow  
00000425  requestDhcpIpConflictTest     
0000043f  isDhcpIpConflictDetectionMode 
00000445  getDhcpLeaseSeconds           
0000044b  isDhcpResponse                
000004a9  sendDhcpMessage               
00000d0d  getDhcpOption                 
00000d75  isDhcpOffer                   
00000df5  isDhcpAck                     
00000e3d  handleDhcpAck                 
00000eef  isDhcpDiscoverNeeded          
00000ef5  isDhcpRequestNeeded           
00000efb  isDhcpReleaseNeeded           
00000f01  sendDhcpPendingMessages       
00001000  __STACK_SIZE                  
00001055  processDhcpResponse           
0000105f  processDhcpArpResponse        
0000111f  enableDhcp                    
00001127  disableDhcp                   
0000112f  isDhcpEnabled                 
00001165  initHw                        
000011a5  displayConnectionInfo         
000014fb  readConfiguration             
000015bb  asciiToUint8                  
00001665  processShell                  
00001bcb  timerTest                     
00001bed  main                          
00001eb1  __TI_scanfi                   
000029c5  __TI_printfi                  
00003413  __aeabi_idiv0                 
00003413  __aeabi_ldiv0                 
00003415  enablePort                    
000034d1  disablePort                   
00003551  selectPinPushPullOutput       
0000359f  selectPinOpenDrainOutput      
000035ed  selectPinDigitalInput         
0000363b  selectPinAnalogInput          
0000368b  setPinCommitControl           
00003707  enablePinPullup               
00003735  disablePinPullup              
00003759  enablePinPulldown             
0000377d  disablePinPulldown            
000037a5  setPinAuxFunction             
000038b7  selectPinInterruptRisingEdge  
00003907  selectPinInterruptFallingEdge 
00003957  selectPinInterruptBothEdges   
000039ad  selectPinInterruptHighLevel   
000039e7  selectPinInterruptLowLevel    
00003a21  enablePinInterrupt            
00003a45  disablePinInterrupt           
00003a69  clearPinInterrupt             
00003a8d  setPinValue                   
00003ab3  togglePinValue                
00003ad7  getPinValue                   
00003b15  setPortValue                  
00003b8d  getPortValue                  
00003c1d  enableEtherCs                 
00003c33  disableEtherCs                
00003c41  writeEtherReg                 
00003c75  readEtherReg                  
00003ca7  setEtherReg                   
00003cdb  clearEtherReg                 
00003d0f  setEtherBank                  
00003d2b  writeEtherPhy                 
00003d63  readEtherPhy                  
00003dcf  startEtherMemWrite            
00003de1  writeEtherMem                 
00003df5  stopEtherMemWrite             
00003dfd  startEtherMemRead             
00003e0f  readEtherMem                  
00003e1f  stopEtherMemRead              
00003e27  initEther                     
00003fad  isEtherLinkUp                 
00003fc7  isEtherDataAvailable          
00003fe1  isEtherOverflow               
00004011  getEtherPacket                
00004101  putEtherPacket                
000041e7  htons                         
0000420b  htonl                         
00004237  getEtherId                    
00004243  incEtherId                    
0000424d  setEtherMacAddress            
000042d1  getEtherMacAddress            
00004331  isIp                          
000043a1  isIpUnicast                   
00004401  isEtherIpValid                
00004427  setIpAddress                  
00004461  getIpAddress                  
0000449b  setIpSubnetMask               
000044d5  getIpSubnetMask               
0000450f  setIpGatewayAddress           
00004549  getIpGatewayAddress           
00004583  setIpDnsAddress               
000045bd  getIpDnsAddress               
000045f7  setIpTimeServerAddress        
00004631  getIpTimeServerAddress        
0000466b  setIpMqttBrokerAddress        
000046a9  getIpMqttBrokerAddress        
000046f1  sumIpWords                    
00004765  getIpChecksum                 
00004797  calcIpChecksum                
000047dd  strtod                        
000047dd  strtold                       
00004c3d  initTimer                     
00004cdd  startOneshotTimer             
00004d63  startPeriodicTimer            
00004de9  stopTimer                     
00004e4f  restartTimer                  
00004ebd  tickIsr                       
00004f37  random32                      
00004f75  isArpRequest                  
00005019  isArpResponse                 
0000506d  sendArpResponse               
0000514b  sendArpRequest                
00005269  initSockets                   
000052a1  newSocket                     
0000530b  deleteSocket                  
00005373  getSocketInfoFromArpResponse  
000053eb  getSocketInfoFromUdpPacket    
00005495  getSocketInfoFromTcpPacket    
00005549  isUdp                         
000055f1  getUdpData                    
0000561d  sendUdpMessage                
00005a89  strtoll                       
00005e35  __aeabi_dsub                  
00005e3f  __aeabi_dadd                  
00005feb  isPingRequest                 
0000602f  sendPingRequest               
0000603b  sendPingResponse              
0000614d  initSpi0                      
000061e9  setSpi0BaudRate               
0000621f  setSpi0Mode                   
0000626d  writeSpi0Data                 
00006285  readSpi0Data                  
000062ad  strtoull                      
00006545  __aeabi_ddiv                  
0000667d  strtol                        
000067ad  initUart0                     
000067f7  setUart0BaudRate              
0000683b  putcUart0                     
00006857  putsUart0                     
00006883  getcUart0                     
00006897  kbhitUart0                    
000069f9  ldexp                         
000069f9  ldexpl                        
000069f9  scalbn                        
000069f9  scalbnl                       
00006b09  strtoul                       
00006c19  __aeabi_dmul                  
00006d15  setTcpState                   
00006d31  getTcpState                   
00006d45  isTcp                         
00006d51  isTcpSyn                      
00006d5d  isTcpAck                      
00006d69  sendTcpPendingMessages        
00006d73  processTcpResponse            
00006d7d  processTcpArpResponse         
00006d87  setTcpPortList                
00006d95  isTcpPortOpen                 
00006da1  sendTcpResponse               
00006db1  sendTcpMessage                
00006e7b  __aeabi_memcpy                
00006e7b  __aeabi_memcpy4               
00006e7b  __aeabi_memcpy8               
00006e7b  memcpy                        
00006f17  __aeabi_uldivmod              
00006fad  __aeabi_cdcmpeq               
00006fad  __aeabi_cdcmple               
00007033  __aeabi_cdrcmple              
000070b9  initEeprom                    
000070cf  writeEeprom                   
00007101  readEeprom                    
0000713d  __aeabi_memclr                
0000713d  __aeabi_memclr4               
0000713d  __aeabi_memclr8               
0000713f  __aeabi_memset                
0000713f  __aeabi_memset4               
0000713f  __aeabi_memset8               
00007145  memset                        
00007225  __aeabi_d2f                   
000072fd  __TI_decompress_lzss          
00007365  frexp                         
00007365  frexpl                        
0000741f  __TI_ltoa                     
000074c5  atoi                          
00007511  snprintf                      
0000755d  __aeabi_d2iz                  
000075a5  __TI_auto_init_nobinit_nopinit
000075e9  strtok                        
00007669  sscanf                        
000076a1  _c_int00_noargs               
00007705  __aeabi_i2d                   
00007733  strspn                        
0000775d  connectMqtt                   
0000775f  disconnectMqtt                
00007761  publishMqtt                   
0000776d  subscribeMqtt                 
00007777  unsubscribeMqtt               
00007781  strcspn                       
000077a5  waitMicrosecond               
000077c9  __TI_zero_init_nomemset       
000077e5  memccpy                       
00007801  copysign                      
00007801  copysignl                     
00007833  __aeabi_lmul                  
0000784b  strcmp                        
00007863  strrchr                       
0000787b  strchr                        
00007891  strcpy                        
000078a5  strlen                        
000078cb  wcslen                        
000078dd  initSystemClockTo40Mhz        
000078ed  tolower                       
000078fd  __TI_decompress_none          
0000790b  ResetISR                      
00007919  __aeabi_errno_addr            
00007929  _system_pre_init              
0000792d  C$$EXIT                       
0000792d  abort                         
00007930  _ctypes_                      
00007b30  __TI_Handler_Table_Base       
00007b3c  __TI_Handler_Table_Limit      
00007b48  __TI_CINIT_Base               
00007b58  __TI_CINIT_Limit              
20000000  __stack                       
20000000  __start___llvm_prf_cnts       
20000000  __stop___llvm_prf_cnts        
20000200  __STACK_TOP                   
20001000  __STACK_END                   
20001000  sockets                       
20001118  strInput                      
2000116c  fn                            
20001194  period                        
200011bc  ticks                         
200011e4  reload                        
200011f0  dhcpOfferedIpAdd              
200011f4  dhcpServerIpAdd               
200011f8  tcpState                      
200011fc  tempDns                       
20001200  tempGw                        
20001204  tempLs                        
20001208  tempSub                       
2000120c  token                         
20001210  xid                           
20001214  leaseSeconds                  
20001218  leaseT1                       
2000121c  leaseT2                       
20001220  discoverNeeded                
20001221  requestNeeded                 
20001222  releaseNeeded                 
20001223  receivedArpResp               
20001224  ipConflictDetectionMode       
20001225  dhcpState                     
20001226  dhcpEnabled                   
20001228  tempLeaseSecs                 
2000122c  hwAddress                     
20001232  ipAddress                     
20001236  ipDnsAddress                  
2000123a  ipGwAddress                   
2000123e  ipSubnetMask                  
20001242  ipTimeServerAddress           
20001246  count                         
20001248  errno                         
20001250  nextPacketLsb                 
20001251  nextPacketMsb                 
20001252  sequenceId                    
ffffffff  __TI_pprof_out_hndl           
ffffffff  __TI_prof_data_size           
ffffffff  __TI_prof_data_start          
ffffffff  __binit__                     
ffffffff  __c_args__                    
ffffffff  binit                         
UNDEFED   __mpu_init                    
UNDEFED   _system_post_cinit            

[291 symbols]
