******************************************************************************
                  TI ARM Linker Unix v20.2.7                   
******************************************************************************
>> Linked Tue Mar 19 13:20:57 2024

OUTPUT FILE NAME:   <4352_Project-1.out>
ENTRY POINT SYMBOL: "_c_int00_noargs"  address: 000075d1


MEMORY CONFIGURATION

         name            origin    length      used     unused   attr    fill
----------------------  --------  ---------  --------  --------  ----  --------
  FLASH                 00000000   00040000  00007a88  00038578  R  X
  SRAM                  20000000   00008000  00001253  00006dad  RW X


SEGMENT ALLOCATION MAP

run origin  load origin   length   init length attrs members
----------  ----------- ---------- ----------- ----- -------
00000000    00000000    00007a88   00007a88    r-x
  00000000    00000000    0000026c   0000026c    r-- .intvecs
  0000026c    0000026c    000075f4   000075f4    r-x .text
  00007860    00007860    000001e0   000001e0    r-- .const
  00007a40    00007a40    00000048   00000048    r-- .cinit
20000000    20000000    00001253   00000000    rw-
  20000000    20000000    00001000   00000000    rw- .stack
  20001000    20001000    00000210   00000000    rw- .bss
  20001210    20001210    00000043   00000000    rw- .data


SECTION ALLOCATION MAP

 output                                  attributes/
section   page    origin      length       input sections
--------  ----  ----------  ----------   ----------------
.intvecs   0    00000000    0000026c     
                  00000000    0000026c     tm4c123gh6pm_startup_ccs.obj (.intvecs)

.text      0    0000026c    000075f4     
                  0000026c    00000e28     dhcp.obj (.text)
                  00001094    00000d4c     ethernet.obj (.text)
                  00001de0    00000b14     rtsv7M4_T_le_v4SPD16_eabi.lib : _scanfi.c.obj (.text:__TI_scanfi)
                  000028f4    00000a4e                                   : _printfi.c.obj (.text:__TI_printfi)
                  00003342    00000002                                   : div0.asm.obj (.text)
                  00003344    00000808     gpio.obj (.text)
                  00003b4c    00000714     eth0.obj (.text)
                  00004260    000004ac     ip.obj (.text)
                  0000470c    00000460     rtsv7M4_T_le_v4SPD16_eabi.lib : strtod.c.obj (.text:strtod)
                  00004b6c    00000338     timer.obj (.text)
                  00004ea4    000002f4     arp.obj (.text)
                  00005198    000002e0     socket.obj (.text)
                  00005478    000002ce     udp.obj (.text)
                  00005746    00000002     --HOLE-- [fill = 0]
                  00005748    00000270     rtsv7M4_T_le_v4SPD16_eabi.lib : _printfi.c.obj (.text:_pconv_a)
                  000059b8    000001dc                                   : strtoll.c.obj (.text:strtoll)
                  00005b94    000001d0                                   : _printfi.c.obj (.text:_pconv_g)
                  00005d64    000001b6                                   : fd_add_t2.asm.obj (.text)
                  00005f1a    00000160     icmp.obj (.text)
                  0000607a    00000002     --HOLE-- [fill = 0]
                  0000607c    00000160     spi0.obj (.text)
                  000061dc    0000015c     rtsv7M4_T_le_v4SPD16_eabi.lib : strtoull.c.obj (.text:strtoull)
                  00006338    0000013c                                   : _printfi.c.obj (.text:_pconv_e)
                  00006474    00000136                                   : fd_div_t2.asm.obj (.text)
                  000065aa    00000002     --HOLE-- [fill = 0]
                  000065ac    00000130                                   : strtol.c.obj (.text:strtol)
                  000066dc    00000128     uart0.obj (.text)
                  00006804    00000124     rtsv7M4_T_le_v4SPD16_eabi.lib : _printfi.c.obj (.text:fcvt)
                  00006928    00000110                                   : s_scalbn.c.obj (.text:scalbn)
                  00006a38    00000110                                   : strtoul.c.obj (.text:strtoul)
                  00006b48    000000fc                                   : fd_mul_t2.asm.obj (.text)
                  00006c44    000000b4     tcp.obj (.text)
                  00006cf8    000000b1     rtsv7M4_T_le_v4SPD16_eabi.lib : _printfi.c.obj (.text:_ltostr)
                  00006da9    00000001     --HOLE-- [fill = 0]
                  00006daa    0000009c                                   : memcpy_t2.asm.obj (.text)
                  00006e46    00000096                                   : ull_div_t2.asm.obj (.text)
                  00006edc    00000086                                   : fd_cmp_t2.asm.obj (.text:__aeabi_cdcmple)
                  00006f62    00000086                                   : fd_cmp_t2.asm.obj (.text:__aeabi_cdrcmple)
                  00006fe8    00000084     eeprom.obj (.text)
                  0000706c    0000007a     rtsv7M4_T_le_v4SPD16_eabi.lib : memset_t2.asm.obj (.text)
                  000070e6    0000006e                                   : _printfi.c.obj (.text:_mcpy)
                  00007154    0000006e                                   : fd_tos_t2.asm.obj (.text)
                  000071c2    00000002     --HOLE-- [fill = 0]
                  000071c4    00000068                                   : sscanf.c.obj (.text:_chkmbc)
                  0000722c    00000068                                   : copy_decompress_lzss.c.obj (.text:decompress:lzss:__TI_decompress_lzss)
                  00007294    00000064                                   : s_frexp.c.obj (.text:frexp)
                  000072f8    00000056                                   : _printfi.c.obj (.text:_pconv_f)
                  0000734e    00000054                                   : _ltoa.c.obj (.text:__TI_ltoa)
                  000073a2    00000052                                   : _printfi.c.obj (.text:_ecpy)
                  000073f4    0000004c                                   : atoi.c.obj (.text:atoi)
                  00007440    0000004c                                   : snprintf.c.obj (.text:snprintf)
                  0000748c    00000048                                   : fd_toi_t2.asm.obj (.text)
                  000074d4    00000044                                   : autoinit.c.obj (.text:__TI_auto_init_nobinit_nopinit:__TI_auto_init_nobinit_nopinit)
                  00007518    00000040                                   : strtok.c.obj (.text:strtok)
                  00007558    0000003e                                   : _printfi.c.obj (.text:_fcpy)
                  00007596    00000002     --HOLE-- [fill = 0]
                  00007598    00000038                                   : sscanf.c.obj (.text:sscanf)
                  000075d0    00000034                                   : boot_cortex_m.c.obj (.text:_c_int00_noargs:_c_int00_noargs)
                  00007604    00000030                                   : snprintf.c.obj (.text:_outs)
                  00007634    0000002e                                   : i_tofd_t2.asm.obj (.text)
                  00007662    0000002a                                   : strspn.c.obj (.text:strspn)
                  0000768c    00000024     mqtt.obj (.text)
                  000076b0    00000024     rtsv7M4_T_le_v4SPD16_eabi.lib : strcspn.c.obj (.text:strcspn)
                  000076d4    00000024     wait.obj (.text)
                  000076f8    0000001c     rtsv7M4_T_le_v4SPD16_eabi.lib : copy_zero_init.c.obj (.text:decompress:ZI:__TI_zero_init_nomemset:__TI_zero_init_nomemset)
                  00007714    0000001c                                   : memccpy.c.obj (.text:memccpy)
                  00007730    0000001a                                   : s_copysign.c.obj (.text:copysign)
                  0000774a    00000018                                   : snprintf.c.obj (.text:_outc)
                  00007762    00000018                                   : ll_mul_t2.asm.obj (.text)
                  0000777a    00000018                                   : strcmp.c.obj (.text:strcmp)
                  00007792    00000018                                   : strrchr.c.obj (.text:strrchr)
                  000077aa    00000016                                   : strchr.c.obj (.text:strchr)
                  000077c0    00000014                                   : strcpy.c.obj (.text:strcpy)
                  000077d4    00000014                                   : strlen.c.obj (.text:strlen)
                  000077e8    00000012                                   : sscanf.c.obj (.text:_inpchar)
                  000077fa    00000012                                   : wcslen.c.obj (.text:wcslen)
                  0000780c    00000010     clock.obj (.text)
                  0000781c    00000010     rtsv7M4_T_le_v4SPD16_eabi.lib : tolower.c.obj (.text:tolower)
                  0000782c    0000000e                                   : copy_decompress_none.c.obj (.text:decompress:none:__TI_decompress_none)
                  0000783a    0000000c     tm4c123gh6pm_startup_ccs.obj (.text)
                  00007846    00000002     --HOLE-- [fill = 0]
                  00007848    00000008     rtsv7M4_T_le_v4SPD16_eabi.lib : errno.c.obj (.text:__aeabi_errno_addr)
                  00007850    00000008                                   : sscanf.c.obj (.text:_uninpchar)
                  00007858    00000004                                   : pre_init.c.obj (.text:_system_pre_init)
                  0000785c    00000004                                   : exit.c.obj (.text:abort:abort)

.const     0    00007860    000001e0     
                  00007860    00000101     rtsv7M4_T_le_v4SPD16_eabi.lib : ctype.c.obj (.const:.string:_ctypes_)
                  00007961    00000007     --HOLE-- [fill = 0]
                  00007968    000000c8                                   : strtod.c.obj (.const:$O1$$)
                  00007a30    00000010                                   : _scanfi.c.obj (.const:$O1$$)

.cinit     0    00007a40    00000048     
                  00007a40    00000020     (.cinit..data.load) [load image, compression = lzss]
                  00007a60    0000000c     (__TI_handler_table)
                  00007a6c    00000004     --HOLE-- [fill = 0]
                  00007a70    00000008     (.cinit..bss.load) [load image, compression = zero_init]
                  00007a78    00000010     (__TI_cinit_table)

.init_array 
*          0    00000000    00000000     UNINITIALIZED

.bss       0    20001000    00000210     UNINITIALIZED
                  20001000    00000118     (.common:sockets)
                  20001118    00000054     (.common:strInput)
                  2000116c    00000028     (.common:fn)
                  20001194    00000028     (.common:period)
                  200011bc    00000028     (.common:ticks)
                  200011e4    0000000c     (.common:reload)
                  200011f0    00000004     (.common:dhcpOfferedIpAdd)
                  200011f4    00000004     (.common:dhcpServerIpAdd)
                  200011f8    00000004     (.common:tcpState)
                  200011fc    00000004     (.common:tempDns)
                  20001200    00000004     (.common:tempGw)
                  20001204    00000004     (.common:tempLs)
                  20001208    00000004     (.common:tempSub)
                  2000120c    00000004     (.common:token)

.data      0    20001210    00000043     UNINITIALIZED
                  20001210    0000001c     dhcp.obj (.data)
                  2000122c    00000006     eth0.obj (.data:hwAddress)
                  20001232    00000004     ip.obj (.data:ipAddress)
                  20001236    00000004     ip.obj (.data:ipDnsAddress)
                  2000123a    00000004     ip.obj (.data:ipGwAddress)
                  2000123e    00000004     ip.obj (.data:ipSubnetMask)
                  20001242    00000004     ip.obj (.data:ipTimeServerAddress)
                  20001246    00000001     ethernet.obj (.data)
                  20001247    00000001     --HOLE--
                  20001248    00000004     rtsv7M4_T_le_v4SPD16_eabi.lib : errno.c.obj (.data)
                  2000124c    00000004                                   : strtok.c.obj (.data)
                  20001250    00000003     eth0.obj (.data)

.stack     0    20000000    00001000     UNINITIALIZED
                  20000000    00000004     rtsv7M4_T_le_v4SPD16_eabi.lib : boot_cortex_m.c.obj (.stack)
                  20000004    00000ffc     --HOLE--

__llvm_prf_cnts 
*          0    20000000    00000000     UNINITIALIZED

MODULE SUMMARY

       Module                         code    ro data   rw data
       ------                         ----    -------   -------
    ./
       dhcp.obj                       3624    0         52     
       ethernet.obj                   3404    0         89     
       gpio.obj                       2056    0         0      
       eth0.obj                       1812    0         9      
       ip.obj                         1196    0         20     
       socket.obj                     736     0         280    
       timer.obj                      824     0         132    
       arp.obj                        756     0         0      
       udp.obj                        718     0         0      
       tm4c123gh6pm_startup_ccs.obj   12      620       0      
       icmp.obj                       352     0         0      
       spi0.obj                       352     0         0      
       uart0.obj                      296     0         0      
       tcp.obj                        180     0         4      
       eeprom.obj                     132     0         0      
       mqtt.obj                       36      0         0      
       wait.obj                       36      0         0      
       clock.obj                      16      0         0      
    +--+------------------------------+-------+---------+---------+
       Total:                         16538   620       586    
                                                               
    /home/rolo/.local/share/ti/ccs1240/ccs/tools/compiler/ti-cgt-arm_20.2.7.LTS/lib/rtsv7M4_T_le_v4SPD16_eabi.lib
       _printfi.c.obj                 4851    0         0      
       _scanfi.c.obj                  2836    16        0      
       strtod.c.obj                   1120    200       0      
       strtoll.c.obj                  476     0         0      
       fd_add_t2.asm.obj              438     0         0      
       strtoull.c.obj                 348     0         0      
       fd_div_t2.asm.obj              310     0         0      
       strtol.c.obj                   304     0         0      
       s_scalbn.c.obj                 272     0         0      
       strtoul.c.obj                  272     0         0      
       fd_cmp_t2.asm.obj              268     0         0      
       ctype.c.obj                    0       257       0      
       fd_mul_t2.asm.obj              252     0         0      
       sscanf.c.obj                   186     0         0      
       memcpy_t2.asm.obj              156     0         0      
       ull_div_t2.asm.obj             150     0         0      
       snprintf.c.obj                 148     0         0      
       memset_t2.asm.obj              122     0         0      
       fd_tos_t2.asm.obj              110     0         0      
       copy_decompress_lzss.c.obj     104     0         0      
       s_frexp.c.obj                  100     0         0      
       _ltoa.c.obj                    84      0         0      
       atoi.c.obj                     76      0         0      
       fd_toi_t2.asm.obj              72      0         0      
       autoinit.c.obj                 68      0         0      
       strtok.c.obj                   64      0         4      
       boot_cortex_m.c.obj            52      0         0      
       i_tofd_t2.asm.obj              46      0         0      
       strspn.c.obj                   42      0         0      
       strcspn.c.obj                  36      0         0      
       copy_zero_init.c.obj           28      0         0      
       memccpy.c.obj                  28      0         0      
       s_copysign.c.obj               26      0         0      
       ll_mul_t2.asm.obj              24      0         0      
       strcmp.c.obj                   24      0         0      
       strrchr.c.obj                  24      0         0      
       strchr.c.obj                   22      0         0      
       strcpy.c.obj                   20      0         0      
       strlen.c.obj                   20      0         0      
       wcslen.c.obj                   18      0         0      
       tolower.c.obj                  16      0         0      
       copy_decompress_none.c.obj     14      0         0      
       errno.c.obj                    8       0         4      
       exit.c.obj                     4       0         0      
       pre_init.c.obj                 4       0         0      
       div0.asm.obj                   2       0         0      
    +--+------------------------------+-------+---------+---------+
       Total:                         13645   473       8      
                                                               
       Stack:                         0       0         4096   
       Linker Generated:              0       68        0      
    +--+------------------------------+-------+---------+---------+
       Grand Total:                   30183   1161      4690   


LINKER GENERATED COPY TABLES

__TI_cinit_table @ 00007a78 records: 2, size/record: 8, table size: 16
	.data: load addr=00007a40, load size=00000020 bytes, run addr=20001210, run size=00000043 bytes, compression=lzss
	.bss: load addr=00007a70, load size=00000008 bytes, run addr=20001000, run size=00000210 bytes, compression=zero_init


LINKER GENERATED HANDLER TABLE

__TI_handler_table @ 00007a60 records: 3, size/record: 4, table size: 12
	index: 0, handler: __TI_decompress_lzss
	index: 1, handler: __TI_decompress_none
	index: 2, handler: __TI_zero_init


GLOBAL SYMBOLS: SORTED ALPHABETICALLY BY Name 

address   name                          
-------   ----                          
0000785d  C$$EXIT                       
0000783b  ResetISR                      
20001000  __STACK_END                   
00001000  __STACK_SIZE                  
20000200  __STACK_TOP                   
00007a78  __TI_CINIT_Base               
00007a88  __TI_CINIT_Limit              
00007a60  __TI_Handler_Table_Base       
00007a6c  __TI_Handler_Table_Limit      
000074d5  __TI_auto_init_nobinit_nopinit
0000722d  __TI_decompress_lzss          
0000782d  __TI_decompress_none          
0000734f  __TI_ltoa                     
ffffffff  __TI_pprof_out_hndl           
000028f5  __TI_printfi                  
ffffffff  __TI_prof_data_size           
ffffffff  __TI_prof_data_start          
00001de1  __TI_scanfi                   
00000000  __TI_static_base__            
000076f9  __TI_zero_init_nomemset       
00006edd  __aeabi_cdcmpeq               
00006edd  __aeabi_cdcmple               
00006f63  __aeabi_cdrcmple              
00007155  __aeabi_d2f                   
0000748d  __aeabi_d2iz                  
00005d6f  __aeabi_dadd                  
00006475  __aeabi_ddiv                  
00006b49  __aeabi_dmul                  
00005d65  __aeabi_dsub                  
00007849  __aeabi_errno_addr            
00007635  __aeabi_i2d                   
00003343  __aeabi_idiv0                 
00003343  __aeabi_ldiv0                 
00007763  __aeabi_lmul                  
0000706d  __aeabi_memclr                
0000706d  __aeabi_memclr4               
0000706d  __aeabi_memclr8               
00006dab  __aeabi_memcpy                
00006dab  __aeabi_memcpy4               
00006dab  __aeabi_memcpy8               
0000706f  __aeabi_memset                
0000706f  __aeabi_memset4               
0000706f  __aeabi_memset8               
00006e47  __aeabi_uldivmod              
ffffffff  __binit__                     
ffffffff  __c_args__                    
UNDEFED   __mpu_init                    
20000000  __stack                       
20000000  __start___llvm_prf_cnts       
20000000  __stop___llvm_prf_cnts        
000075d1  _c_int00_noargs               
00007860  _ctypes_                      
UNDEFED   _system_post_cinit            
00007859  _system_pre_init              
0000785d  abort                         
000003cd  applyDhcpAckValues            
000014eb  asciiToUint8                  
000073f5  atoi                          
ffffffff  binit                         
000046c7  calcIpChecksum                
000002c9  callbackDhcpGetNewAddressTimer
0000040d  callbackDhcpIpConflictWindow  
00000341  callbackDhcpLeaseEndTimer     
0000030b  callbackDhcpT1HitTimer        
000002eb  callbackDhcpT1PeriodicTimer   
00000339  callbackDhcpT2HitTimer        
00000313  callbackDhcpT2PeriodicTimer   
00003c0b  clearEtherReg                 
00003999  clearPinInterrupt             
0000768d  connectMqtt                   
00007731  copysign                      
00007731  copysignl                     
20001246  count                         
0000026d  debugLed                      
0000523b  deleteSocket                  
20001226  dhcpEnabled                   
200011f0  dhcpOfferedIpAdd              
200011f4  dhcpServerIpAdd               
20001225  dhcpState                     
00001051  disableDhcp                   
00003b63  disableEtherCs                
00003975  disablePinInterrupt           
000036ad  disablePinPulldown            
00003665  disablePinPullup              
00003401  disablePort                   
0000768f  disconnectMqtt                
20001220  discoverNeeded                
000010d5  displayConnectionInfo         
00001049  enableDhcp                    
00003b4d  enableEtherCs                 
00003951  enablePinInterrupt            
00003689  enablePinPulldown             
00003637  enablePinPullup               
00003345  enablePort                    
20001248  errno                         
2000116c  fn                            
00007295  frexp                         
00007295  frexpl                        
00000000  g_pfnVectors                  
0000043f  getDhcpLeaseSeconds           
00000cc5  getDhcpOption                 
000002c3  getDhcpState                  
00004167  getEtherId                    
00004201  getEtherMacAddress            
00003f41  getEtherPacket                
00004391  getIpAddress                  
00004695  getIpChecksum                 
000044ed  getIpDnsAddress               
00004479  getIpGatewayAddress           
000045d9  getIpMqttBrokerAddress        
00004405  getIpSubnetMask               
00004561  getIpTimeServerAddress        
00003a07  getPinValue                   
00003abd  getPortValue                  
000052a3  getSocketInfoFromArpResponse  
000053c5  getSocketInfoFromTcpPacket    
0000531b  getSocketInfoFromUdpPacket    
00006c61  getTcpState                   
00005521  getUdpData                    
000067b3  getcUart0                     
00000dcd  handleDhcpAck                 
0000413b  htonl                         
00004117  htons                         
2000122c  hwAddress                     
00004173  incEtherId                    
00006fe9  initEeprom                    
00003d57  initEther                     
00001095  initHw                        
00005199  initSockets                   
0000607d  initSpi0                      
0000780d  initSystemClockTo40Mhz        
00004b6d  initTimer                     
000066dd  initUart0                     
20001232  ipAddress                     
20001224  ipConflictDetectionMode       
20001236  ipDnsAddress                  
2000123a  ipGwAddress                   
2000123e  ipSubnetMask                  
20001242  ipTimeServerAddress           
00004ea5  isArpRequest                  
00004f49  isArpResponse                 
00000dad  isDhcpAck                     
00000e7f  isDhcpDiscoverNeeded          
00001059  isDhcpEnabled                 
00000439  isDhcpIpConflictDetectionMode 
00000d2d  isDhcpOffer                   
00000e8b  isDhcpReleaseNeeded           
00000e85  isDhcpRequestNeeded           
00000445  isDhcpResponse                
00003ef7  isEtherDataAvailable          
00004331  isEtherIpValid                
00003edd  isEtherLinkUp                 
00003f11  isEtherOverflow               
00004261  isIp                          
000042d1  isIpUnicast                   
00005f1b  isPingRequest                 
00006c75  isTcp                         
00006c8d  isTcpAck                      
00006cc5  isTcpPortOpen                 
00006c81  isTcpSyn                      
00005479  isUdp                         
000067c7  kbhitUart0                    
00006929  ldexp                         
00006929  ldexpl                        
20001214  leaseSeconds                  
20001218  leaseT1                       
2000121c  leaseT2                       
00001b1d  main                          
00007715  memccpy                       
00006dab  memcpy                        
00007075  memset                        
000051d1  newSocket                     
20001250  nextPacketLsb                 
20001251  nextPacketMsb                 
20001194  period                        
00000f8d  processDhcpArpResponse        
00000f83  processDhcpResponse           
00001595  processShell                  
00006cad  processTcpArpResponse         
00006ca3  processTcpResponse            
00007691  publishMqtt                   
00004031  putEtherPacket                
0000676b  putcUart0                     
00006787  putsUart0                     
00004e67  random32                      
0000142b  readConfiguration             
00007031  readEeprom                    
00003d3f  readEtherMem                  
00003c93  readEtherPhy                  
00003ba5  readEtherReg                  
000061b5  readSpi0Data                  
0000031b  rebindDhcp                    
20001223  receivedArpResp               
00000391  releaseDhcp                   
20001222  releaseNeeded                 
200011e4  reload                        
000002f3  renewDhcp                     
0000041f  requestDhcpIpConflictTest     
000002d9  requestDhcpNewAddress         
20001221  requestNeeded                 
00004d7f  restartTimer                  
00006929  scalbn                        
00006929  scalbnl                       
0000356b  selectPinAnalogInput          
0000351d  selectPinDigitalInput         
00003887  selectPinInterruptBothEdges   
00003837  selectPinInterruptFallingEdge 
000038dd  selectPinInterruptHighLevel   
00003917  selectPinInterruptLowLevel    
000037e7  selectPinInterruptRisingEdge  
000034cf  selectPinOpenDrainOutput      
00003481  selectPinPushPullOutput       
0000507b  sendArpRequest                
00004f9d  sendArpResponse               
000004a5  sendDhcpMessage               
00000e91  sendDhcpPendingMessages       
00005f5f  sendPingRequest               
00005f6b  sendPingResponse              
00006ce1  sendTcpMessage                
00006c99  sendTcpPendingMessages        
00006cd1  sendTcpResponse               
0000554d  sendUdpMessage                
20001252  sequenceId                    
000002af  setDhcpState                  
00003c3f  setEtherBank                  
0000417d  setEtherMacAddress            
00003bd7  setEtherReg                   
00004357  setIpAddress                  
000044b3  setIpDnsAddress               
0000443f  setIpGatewayAddress           
0000459b  setIpMqttBrokerAddress        
000043cb  setIpSubnetMask               
00004527  setIpTimeServerAddress        
000036d5  setPinAuxFunction             
000035bb  setPinCommitControl           
000039bd  setPinValue                   
00003a45  setPortValue                  
00006119  setSpi0BaudRate               
0000614f  setSpi0Mode                   
00006cb7  setTcpPortList                
00006c45  setTcpState                   
00006727  setUart0BaudRate              
00007441  snprintf                      
20001000  sockets                       
00007599  sscanf                        
00000393  startDhcpTimers               
00003d2d  startEtherMemRead             
00003cff  startEtherMemWrite            
00004c0d  startOneshotTimer             
00004c93  startPeriodicTimer            
00003d4f  stopEtherMemRead              
00003d25  stopEtherMemWrite             
00004d19  stopTimer                     
20001118  strInput                      
000077ab  strchr                        
0000777b  strcmp                        
000077c1  strcpy                        
000076b1  strcspn                       
000077d5  strlen                        
00007793  strrchr                       
00007663  strspn                        
0000470d  strtod                        
00007519  strtok                        
000065ad  strtol                        
0000470d  strtold                       
000059b9  strtoll                       
00006a39  strtoul                       
000061dd  strtoull                      
0000769d  subscribeMqtt                 
00004621  sumIpWords                    
200011f8  tcpState                      
200011fc  tempDns                       
20001200  tempGw                        
20001228  tempLeaseSecs                 
20001204  tempLs                        
20001208  tempSub                       
00004ded  tickIsr                       
200011bc  ticks                         
00001afb  timerTest                     
000039e3  togglePinValue                
2000120c  token                         
0000781d  tolower                       
000076a7  unsubscribeMqtt               
000076d5  waitMicrosecond               
000077fb  wcslen                        
00006fff  writeEeprom                   
00003d11  writeEtherMem                 
00003c5b  writeEtherPhy                 
00003b71  writeEtherReg                 
0000619d  writeSpi0Data                 
20001210  xid                           


GLOBAL SYMBOLS: SORTED BY Symbol Address 

address   name                          
-------   ----                          
00000000  __TI_static_base__            
00000000  g_pfnVectors                  
0000026d  debugLed                      
000002af  setDhcpState                  
000002c3  getDhcpState                  
000002c9  callbackDhcpGetNewAddressTimer
000002d9  requestDhcpNewAddress         
000002eb  callbackDhcpT1PeriodicTimer   
000002f3  renewDhcp                     
0000030b  callbackDhcpT1HitTimer        
00000313  callbackDhcpT2PeriodicTimer   
0000031b  rebindDhcp                    
00000339  callbackDhcpT2HitTimer        
00000341  callbackDhcpLeaseEndTimer     
00000391  releaseDhcp                   
00000393  startDhcpTimers               
000003cd  applyDhcpAckValues            
0000040d  callbackDhcpIpConflictWindow  
0000041f  requestDhcpIpConflictTest     
00000439  isDhcpIpConflictDetectionMode 
0000043f  getDhcpLeaseSeconds           
00000445  isDhcpResponse                
000004a5  sendDhcpMessage               
00000cc5  getDhcpOption                 
00000d2d  isDhcpOffer                   
00000dad  isDhcpAck                     
00000dcd  handleDhcpAck                 
00000e7f  isDhcpDiscoverNeeded          
00000e85  isDhcpRequestNeeded           
00000e8b  isDhcpReleaseNeeded           
00000e91  sendDhcpPendingMessages       
00000f83  processDhcpResponse           
00000f8d  processDhcpArpResponse        
00001000  __STACK_SIZE                  
00001049  enableDhcp                    
00001051  disableDhcp                   
00001059  isDhcpEnabled                 
00001095  initHw                        
000010d5  displayConnectionInfo         
0000142b  readConfiguration             
000014eb  asciiToUint8                  
00001595  processShell                  
00001afb  timerTest                     
00001b1d  main                          
00001de1  __TI_scanfi                   
000028f5  __TI_printfi                  
00003343  __aeabi_idiv0                 
00003343  __aeabi_ldiv0                 
00003345  enablePort                    
00003401  disablePort                   
00003481  selectPinPushPullOutput       
000034cf  selectPinOpenDrainOutput      
0000351d  selectPinDigitalInput         
0000356b  selectPinAnalogInput          
000035bb  setPinCommitControl           
00003637  enablePinPullup               
00003665  disablePinPullup              
00003689  enablePinPulldown             
000036ad  disablePinPulldown            
000036d5  setPinAuxFunction             
000037e7  selectPinInterruptRisingEdge  
00003837  selectPinInterruptFallingEdge 
00003887  selectPinInterruptBothEdges   
000038dd  selectPinInterruptHighLevel   
00003917  selectPinInterruptLowLevel    
00003951  enablePinInterrupt            
00003975  disablePinInterrupt           
00003999  clearPinInterrupt             
000039bd  setPinValue                   
000039e3  togglePinValue                
00003a07  getPinValue                   
00003a45  setPortValue                  
00003abd  getPortValue                  
00003b4d  enableEtherCs                 
00003b63  disableEtherCs                
00003b71  writeEtherReg                 
00003ba5  readEtherReg                  
00003bd7  setEtherReg                   
00003c0b  clearEtherReg                 
00003c3f  setEtherBank                  
00003c5b  writeEtherPhy                 
00003c93  readEtherPhy                  
00003cff  startEtherMemWrite            
00003d11  writeEtherMem                 
00003d25  stopEtherMemWrite             
00003d2d  startEtherMemRead             
00003d3f  readEtherMem                  
00003d4f  stopEtherMemRead              
00003d57  initEther                     
00003edd  isEtherLinkUp                 
00003ef7  isEtherDataAvailable          
00003f11  isEtherOverflow               
00003f41  getEtherPacket                
00004031  putEtherPacket                
00004117  htons                         
0000413b  htonl                         
00004167  getEtherId                    
00004173  incEtherId                    
0000417d  setEtherMacAddress            
00004201  getEtherMacAddress            
00004261  isIp                          
000042d1  isIpUnicast                   
00004331  isEtherIpValid                
00004357  setIpAddress                  
00004391  getIpAddress                  
000043cb  setIpSubnetMask               
00004405  getIpSubnetMask               
0000443f  setIpGatewayAddress           
00004479  getIpGatewayAddress           
000044b3  setIpDnsAddress               
000044ed  getIpDnsAddress               
00004527  setIpTimeServerAddress        
00004561  getIpTimeServerAddress        
0000459b  setIpMqttBrokerAddress        
000045d9  getIpMqttBrokerAddress        
00004621  sumIpWords                    
00004695  getIpChecksum                 
000046c7  calcIpChecksum                
0000470d  strtod                        
0000470d  strtold                       
00004b6d  initTimer                     
00004c0d  startOneshotTimer             
00004c93  startPeriodicTimer            
00004d19  stopTimer                     
00004d7f  restartTimer                  
00004ded  tickIsr                       
00004e67  random32                      
00004ea5  isArpRequest                  
00004f49  isArpResponse                 
00004f9d  sendArpResponse               
0000507b  sendArpRequest                
00005199  initSockets                   
000051d1  newSocket                     
0000523b  deleteSocket                  
000052a3  getSocketInfoFromArpResponse  
0000531b  getSocketInfoFromUdpPacket    
000053c5  getSocketInfoFromTcpPacket    
00005479  isUdp                         
00005521  getUdpData                    
0000554d  sendUdpMessage                
000059b9  strtoll                       
00005d65  __aeabi_dsub                  
00005d6f  __aeabi_dadd                  
00005f1b  isPingRequest                 
00005f5f  sendPingRequest               
00005f6b  sendPingResponse              
0000607d  initSpi0                      
00006119  setSpi0BaudRate               
0000614f  setSpi0Mode                   
0000619d  writeSpi0Data                 
000061b5  readSpi0Data                  
000061dd  strtoull                      
00006475  __aeabi_ddiv                  
000065ad  strtol                        
000066dd  initUart0                     
00006727  setUart0BaudRate              
0000676b  putcUart0                     
00006787  putsUart0                     
000067b3  getcUart0                     
000067c7  kbhitUart0                    
00006929  ldexp                         
00006929  ldexpl                        
00006929  scalbn                        
00006929  scalbnl                       
00006a39  strtoul                       
00006b49  __aeabi_dmul                  
00006c45  setTcpState                   
00006c61  getTcpState                   
00006c75  isTcp                         
00006c81  isTcpSyn                      
00006c8d  isTcpAck                      
00006c99  sendTcpPendingMessages        
00006ca3  processTcpResponse            
00006cad  processTcpArpResponse         
00006cb7  setTcpPortList                
00006cc5  isTcpPortOpen                 
00006cd1  sendTcpResponse               
00006ce1  sendTcpMessage                
00006dab  __aeabi_memcpy                
00006dab  __aeabi_memcpy4               
00006dab  __aeabi_memcpy8               
00006dab  memcpy                        
00006e47  __aeabi_uldivmod              
00006edd  __aeabi_cdcmpeq               
00006edd  __aeabi_cdcmple               
00006f63  __aeabi_cdrcmple              
00006fe9  initEeprom                    
00006fff  writeEeprom                   
00007031  readEeprom                    
0000706d  __aeabi_memclr                
0000706d  __aeabi_memclr4               
0000706d  __aeabi_memclr8               
0000706f  __aeabi_memset                
0000706f  __aeabi_memset4               
0000706f  __aeabi_memset8               
00007075  memset                        
00007155  __aeabi_d2f                   
0000722d  __TI_decompress_lzss          
00007295  frexp                         
00007295  frexpl                        
0000734f  __TI_ltoa                     
000073f5  atoi                          
00007441  snprintf                      
0000748d  __aeabi_d2iz                  
000074d5  __TI_auto_init_nobinit_nopinit
00007519  strtok                        
00007599  sscanf                        
000075d1  _c_int00_noargs               
00007635  __aeabi_i2d                   
00007663  strspn                        
0000768d  connectMqtt                   
0000768f  disconnectMqtt                
00007691  publishMqtt                   
0000769d  subscribeMqtt                 
000076a7  unsubscribeMqtt               
000076b1  strcspn                       
000076d5  waitMicrosecond               
000076f9  __TI_zero_init_nomemset       
00007715  memccpy                       
00007731  copysign                      
00007731  copysignl                     
00007763  __aeabi_lmul                  
0000777b  strcmp                        
00007793  strrchr                       
000077ab  strchr                        
000077c1  strcpy                        
000077d5  strlen                        
000077fb  wcslen                        
0000780d  initSystemClockTo40Mhz        
0000781d  tolower                       
0000782d  __TI_decompress_none          
0000783b  ResetISR                      
00007849  __aeabi_errno_addr            
00007859  _system_pre_init              
0000785d  C$$EXIT                       
0000785d  abort                         
00007860  _ctypes_                      
00007a60  __TI_Handler_Table_Base       
00007a6c  __TI_Handler_Table_Limit      
00007a78  __TI_CINIT_Base               
00007a88  __TI_CINIT_Limit              
20000000  __stack                       
20000000  __start___llvm_prf_cnts       
20000000  __stop___llvm_prf_cnts        
20000200  __STACK_TOP                   
20001000  __STACK_END                   
20001000  sockets                       
20001118  strInput                      
2000116c  fn                            
20001194  period                        
200011bc  ticks                         
200011e4  reload                        
200011f0  dhcpOfferedIpAdd              
200011f4  dhcpServerIpAdd               
200011f8  tcpState                      
200011fc  tempDns                       
20001200  tempGw                        
20001204  tempLs                        
20001208  tempSub                       
2000120c  token                         
20001210  xid                           
20001214  leaseSeconds                  
20001218  leaseT1                       
2000121c  leaseT2                       
20001220  discoverNeeded                
20001221  requestNeeded                 
20001222  releaseNeeded                 
20001223  receivedArpResp               
20001224  ipConflictDetectionMode       
20001225  dhcpState                     
20001226  dhcpEnabled                   
20001228  tempLeaseSecs                 
2000122c  hwAddress                     
20001232  ipAddress                     
20001236  ipDnsAddress                  
2000123a  ipGwAddress                   
2000123e  ipSubnetMask                  
20001242  ipTimeServerAddress           
20001246  count                         
20001248  errno                         
20001250  nextPacketLsb                 
20001251  nextPacketMsb                 
20001252  sequenceId                    
ffffffff  __TI_pprof_out_hndl           
ffffffff  __TI_prof_data_size           
ffffffff  __TI_prof_data_start          
ffffffff  __binit__                     
ffffffff  __c_args__                    
ffffffff  binit                         
UNDEFED   __mpu_init                    
UNDEFED   _system_post_cinit            

[291 symbols]
