******************************************************************************
                  TI ARM Linker Unix v20.2.7                   
******************************************************************************
>> Linked Mon Mar 18 16:58:48 2024

OUTPUT FILE NAME:   <4352_Project-1.out>
ENTRY POINT SYMBOL: "_c_int00_noargs"  address: 000074a9


MEMORY CONFIGURATION

         name            origin    length      used     unused   attr    fill
----------------------  --------  ---------  --------  --------  ----  --------
  FLASH                 00000000   00040000  00007960  000386a0  R  X
  SRAM                  20000000   00008000  0000123c  00006dc4  RW X


SEGMENT ALLOCATION MAP

run origin  load origin   length   init length attrs members
----------  ----------- ---------- ----------- ----- -------
00000000    00000000    00007960   00007960    r-x
  00000000    00000000    0000026c   0000026c    r-- .intvecs
  0000026c    0000026c    000074cc   000074cc    r-x .text
  00007738    00007738    000001e0   000001e0    r-- .const
  00007918    00007918    00000048   00000048    r-- .cinit
20000000    20000000    0000123c   00000000    rw-
  20000000    20000000    00001000   00000000    rw- .stack
  20001000    20001000    00000200   00000000    rw- .bss
  20001200    20001200    0000003c   00000000    rw- .data


SECTION ALLOCATION MAP

 output                                  attributes/
section   page    origin      length       input sections
--------  ----  ----------  ----------   ----------------
.intvecs   0    00000000    0000026c     
                  00000000    0000026c     tm4c123gh6pm_startup_ccs.obj (.intvecs)

.text      0    0000026c    000074cc     
                  0000026c    00000d4c     ethernet.obj (.text)
                  00000fb8    00000d00     dhcp.obj (.text)
                  00001cb8    00000b14     rtsv7M4_T_le_v4SPD16_eabi.lib : _scanfi.c.obj (.text:__TI_scanfi)
                  000027cc    00000a4e                                   : _printfi.c.obj (.text:__TI_printfi)
                  0000321a    00000002                                   : div0.asm.obj (.text)
                  0000321c    00000808     gpio.obj (.text)
                  00003a24    00000714     eth0.obj (.text)
                  00004138    000004ac     ip.obj (.text)
                  000045e4    00000460     rtsv7M4_T_le_v4SPD16_eabi.lib : strtod.c.obj (.text:strtod)
                  00004a44    00000338     timer.obj (.text)
                  00004d7c    000002f4     arp.obj (.text)
                  00005070    000002e0     socket.obj (.text)
                  00005350    000002ce     udp.obj (.text)
                  0000561e    00000002     --HOLE-- [fill = 0]
                  00005620    00000270     rtsv7M4_T_le_v4SPD16_eabi.lib : _printfi.c.obj (.text:_pconv_a)
                  00005890    000001dc                                   : strtoll.c.obj (.text:strtoll)
                  00005a6c    000001d0                                   : _printfi.c.obj (.text:_pconv_g)
                  00005c3c    000001b6                                   : fd_add_t2.asm.obj (.text)
                  00005df2    00000160     icmp.obj (.text)
                  00005f52    00000002     --HOLE-- [fill = 0]
                  00005f54    00000160     spi0.obj (.text)
                  000060b4    0000015c     rtsv7M4_T_le_v4SPD16_eabi.lib : strtoull.c.obj (.text:strtoull)
                  00006210    0000013c                                   : _printfi.c.obj (.text:_pconv_e)
                  0000634c    00000136                                   : fd_div_t2.asm.obj (.text)
                  00006482    00000002     --HOLE-- [fill = 0]
                  00006484    00000130                                   : strtol.c.obj (.text:strtol)
                  000065b4    00000128     uart0.obj (.text)
                  000066dc    00000124     rtsv7M4_T_le_v4SPD16_eabi.lib : _printfi.c.obj (.text:fcvt)
                  00006800    00000110                                   : s_scalbn.c.obj (.text:scalbn)
                  00006910    00000110                                   : strtoul.c.obj (.text:strtoul)
                  00006a20    000000fc                                   : fd_mul_t2.asm.obj (.text)
                  00006b1c    000000b4     tcp.obj (.text)
                  00006bd0    000000b1     rtsv7M4_T_le_v4SPD16_eabi.lib : _printfi.c.obj (.text:_ltostr)
                  00006c81    00000001     --HOLE-- [fill = 0]
                  00006c82    0000009c                                   : memcpy_t2.asm.obj (.text)
                  00006d1e    00000096                                   : ull_div_t2.asm.obj (.text)
                  00006db4    00000086                                   : fd_cmp_t2.asm.obj (.text:__aeabi_cdcmple)
                  00006e3a    00000086                                   : fd_cmp_t2.asm.obj (.text:__aeabi_cdrcmple)
                  00006ec0    00000084     eeprom.obj (.text)
                  00006f44    0000007a     rtsv7M4_T_le_v4SPD16_eabi.lib : memset_t2.asm.obj (.text)
                  00006fbe    0000006e                                   : _printfi.c.obj (.text:_mcpy)
                  0000702c    0000006e                                   : fd_tos_t2.asm.obj (.text)
                  0000709a    00000002     --HOLE-- [fill = 0]
                  0000709c    00000068                                   : sscanf.c.obj (.text:_chkmbc)
                  00007104    00000068                                   : copy_decompress_lzss.c.obj (.text:decompress:lzss:__TI_decompress_lzss)
                  0000716c    00000064                                   : s_frexp.c.obj (.text:frexp)
                  000071d0    00000056                                   : _printfi.c.obj (.text:_pconv_f)
                  00007226    00000054                                   : _ltoa.c.obj (.text:__TI_ltoa)
                  0000727a    00000052                                   : _printfi.c.obj (.text:_ecpy)
                  000072cc    0000004c                                   : atoi.c.obj (.text:atoi)
                  00007318    0000004c                                   : snprintf.c.obj (.text:snprintf)
                  00007364    00000048                                   : fd_toi_t2.asm.obj (.text)
                  000073ac    00000044                                   : autoinit.c.obj (.text:__TI_auto_init_nobinit_nopinit:__TI_auto_init_nobinit_nopinit)
                  000073f0    00000040                                   : strtok.c.obj (.text:strtok)
                  00007430    0000003e                                   : _printfi.c.obj (.text:_fcpy)
                  0000746e    00000002     --HOLE-- [fill = 0]
                  00007470    00000038                                   : sscanf.c.obj (.text:sscanf)
                  000074a8    00000034                                   : boot_cortex_m.c.obj (.text:_c_int00_noargs:_c_int00_noargs)
                  000074dc    00000030                                   : snprintf.c.obj (.text:_outs)
                  0000750c    0000002e                                   : i_tofd_t2.asm.obj (.text)
                  0000753a    0000002a                                   : strspn.c.obj (.text:strspn)
                  00007564    00000024     mqtt.obj (.text)
                  00007588    00000024     rtsv7M4_T_le_v4SPD16_eabi.lib : strcspn.c.obj (.text:strcspn)
                  000075ac    00000024     wait.obj (.text)
                  000075d0    0000001c     rtsv7M4_T_le_v4SPD16_eabi.lib : copy_zero_init.c.obj (.text:decompress:ZI:__TI_zero_init_nomemset:__TI_zero_init_nomemset)
                  000075ec    0000001c                                   : memccpy.c.obj (.text:memccpy)
                  00007608    0000001a                                   : s_copysign.c.obj (.text:copysign)
                  00007622    00000018                                   : snprintf.c.obj (.text:_outc)
                  0000763a    00000018                                   : ll_mul_t2.asm.obj (.text)
                  00007652    00000018                                   : strcmp.c.obj (.text:strcmp)
                  0000766a    00000018                                   : strrchr.c.obj (.text:strrchr)
                  00007682    00000016                                   : strchr.c.obj (.text:strchr)
                  00007698    00000014                                   : strcpy.c.obj (.text:strcpy)
                  000076ac    00000014                                   : strlen.c.obj (.text:strlen)
                  000076c0    00000012                                   : sscanf.c.obj (.text:_inpchar)
                  000076d2    00000012                                   : wcslen.c.obj (.text:wcslen)
                  000076e4    00000010     clock.obj (.text)
                  000076f4    00000010     rtsv7M4_T_le_v4SPD16_eabi.lib : tolower.c.obj (.text:tolower)
                  00007704    0000000e                                   : copy_decompress_none.c.obj (.text:decompress:none:__TI_decompress_none)
                  00007712    0000000c     tm4c123gh6pm_startup_ccs.obj (.text)
                  0000771e    00000002     --HOLE-- [fill = 0]
                  00007720    00000008     rtsv7M4_T_le_v4SPD16_eabi.lib : errno.c.obj (.text:__aeabi_errno_addr)
                  00007728    00000008                                   : sscanf.c.obj (.text:_uninpchar)
                  00007730    00000004                                   : pre_init.c.obj (.text:_system_pre_init)
                  00007734    00000004                                   : exit.c.obj (.text:abort:abort)

.const     0    00007738    000001e0     
                  00007738    00000101     rtsv7M4_T_le_v4SPD16_eabi.lib : ctype.c.obj (.const:.string:_ctypes_)
                  00007839    00000007     --HOLE-- [fill = 0]
                  00007840    000000c8                                   : strtod.c.obj (.const:$O1$$)
                  00007908    00000010                                   : _scanfi.c.obj (.const:$O1$$)

.cinit     0    00007918    00000048     
                  00007918    0000001d     (.cinit..data.load) [load image, compression = lzss]
                  00007935    00000003     --HOLE-- [fill = 0]
                  00007938    0000000c     (__TI_handler_table)
                  00007944    00000004     --HOLE-- [fill = 0]
                  00007948    00000008     (.cinit..bss.load) [load image, compression = zero_init]
                  00007950    00000010     (__TI_cinit_table)

.init_array 
*          0    00000000    00000000     UNINITIALIZED

.bss       0    20001000    00000200     UNINITIALIZED
                  20001000    00000118     (.common:sockets)
                  20001118    00000054     (.common:strInput)
                  2000116c    00000028     (.common:fn)
                  20001194    00000028     (.common:period)
                  200011bc    00000028     (.common:ticks)
                  200011e4    0000000c     (.common:reload)
                  200011f0    00000004     (.common:dhcpOfferedIpAdd)
                  200011f4    00000004     (.common:dhcpServerIpAdd)
                  200011f8    00000004     (.common:tcpState)
                  200011fc    00000004     (.common:token)

.data      0    20001200    0000003c     UNINITIALIZED
                  20001200    00000016     dhcp.obj (.data)
                  20001216    00000006     eth0.obj (.data:hwAddress)
                  2000121c    00000004     ip.obj (.data:ipAddress)
                  20001220    00000004     ip.obj (.data:ipDnsAddress)
                  20001224    00000004     ip.obj (.data:ipGwAddress)
                  20001228    00000004     ip.obj (.data:ipSubnetMask)
                  2000122c    00000004     ip.obj (.data:ipTimeServerAddress)
                  20001230    00000004     rtsv7M4_T_le_v4SPD16_eabi.lib : errno.c.obj (.data)
                  20001234    00000004                                   : strtok.c.obj (.data)
                  20001238    00000003     eth0.obj (.data)
                  2000123b    00000001     ethernet.obj (.data)

.stack     0    20000000    00001000     UNINITIALIZED
                  20000000    00000004     rtsv7M4_T_le_v4SPD16_eabi.lib : boot_cortex_m.c.obj (.stack)
                  20000004    00000ffc     --HOLE--

__llvm_prf_cnts 
*          0    20000000    00000000     UNINITIALIZED

MODULE SUMMARY

       Module                         code    ro data   rw data
       ------                         ----    -------   -------
    ./
       ethernet.obj                   3404    0         89     
       dhcp.obj                       3328    0         30     
       gpio.obj                       2056    0         0      
       eth0.obj                       1812    0         9      
       ip.obj                         1196    0         20     
       socket.obj                     736     0         280    
       timer.obj                      824     0         132    
       arp.obj                        756     0         0      
       udp.obj                        718     0         0      
       tm4c123gh6pm_startup_ccs.obj   12      620       0      
       icmp.obj                       352     0         0      
       spi0.obj                       352     0         0      
       uart0.obj                      296     0         0      
       tcp.obj                        180     0         4      
       eeprom.obj                     132     0         0      
       mqtt.obj                       36      0         0      
       wait.obj                       36      0         0      
       clock.obj                      16      0         0      
    +--+------------------------------+-------+---------+---------+
       Total:                         16242   620       564    
                                                               
    /home/rolo/.local/share/ti/ccs1240/ccs/tools/compiler/ti-cgt-arm_20.2.7.LTS/lib/rtsv7M4_T_le_v4SPD16_eabi.lib
       _printfi.c.obj                 4851    0         0      
       _scanfi.c.obj                  2836    16        0      
       strtod.c.obj                   1120    200       0      
       strtoll.c.obj                  476     0         0      
       fd_add_t2.asm.obj              438     0         0      
       strtoull.c.obj                 348     0         0      
       fd_div_t2.asm.obj              310     0         0      
       strtol.c.obj                   304     0         0      
       s_scalbn.c.obj                 272     0         0      
       strtoul.c.obj                  272     0         0      
       fd_cmp_t2.asm.obj              268     0         0      
       ctype.c.obj                    0       257       0      
       fd_mul_t2.asm.obj              252     0         0      
       sscanf.c.obj                   186     0         0      
       memcpy_t2.asm.obj              156     0         0      
       ull_div_t2.asm.obj             150     0         0      
       snprintf.c.obj                 148     0         0      
       memset_t2.asm.obj              122     0         0      
       fd_tos_t2.asm.obj              110     0         0      
       copy_decompress_lzss.c.obj     104     0         0      
       s_frexp.c.obj                  100     0         0      
       _ltoa.c.obj                    84      0         0      
       atoi.c.obj                     76      0         0      
       fd_toi_t2.asm.obj              72      0         0      
       autoinit.c.obj                 68      0         0      
       strtok.c.obj                   64      0         4      
       boot_cortex_m.c.obj            52      0         0      
       i_tofd_t2.asm.obj              46      0         0      
       strspn.c.obj                   42      0         0      
       strcspn.c.obj                  36      0         0      
       copy_zero_init.c.obj           28      0         0      
       memccpy.c.obj                  28      0         0      
       s_copysign.c.obj               26      0         0      
       ll_mul_t2.asm.obj              24      0         0      
       strcmp.c.obj                   24      0         0      
       strrchr.c.obj                  24      0         0      
       strchr.c.obj                   22      0         0      
       strcpy.c.obj                   20      0         0      
       strlen.c.obj                   20      0         0      
       wcslen.c.obj                   18      0         0      
       tolower.c.obj                  16      0         0      
       copy_decompress_none.c.obj     14      0         0      
       errno.c.obj                    8       0         4      
       exit.c.obj                     4       0         0      
       pre_init.c.obj                 4       0         0      
       div0.asm.obj                   2       0         0      
    +--+------------------------------+-------+---------+---------+
       Total:                         13645   473       8      
                                                               
       Stack:                         0       0         4096   
       Linker Generated:              0       65        0      
    +--+------------------------------+-------+---------+---------+
       Grand Total:                   29887   1158      4668   


LINKER GENERATED COPY TABLES

__TI_cinit_table @ 00007950 records: 2, size/record: 8, table size: 16
	.data: load addr=00007918, load size=0000001d bytes, run addr=20001200, run size=0000003c bytes, compression=lzss
	.bss: load addr=00007948, load size=00000008 bytes, run addr=20001000, run size=00000200 bytes, compression=zero_init


LINKER GENERATED HANDLER TABLE

__TI_handler_table @ 00007938 records: 3, size/record: 4, table size: 12
	index: 0, handler: __TI_decompress_lzss
	index: 1, handler: __TI_decompress_none
	index: 2, handler: __TI_zero_init


GLOBAL SYMBOLS: SORTED ALPHABETICALLY BY Name 

address   name                          
-------   ----                          
00007735  C$$EXIT                       
00007713  ResetISR                      
20001000  __STACK_END                   
00001000  __STACK_SIZE                  
20000200  __STACK_TOP                   
00007950  __TI_CINIT_Base               
00007960  __TI_CINIT_Limit              
00007938  __TI_Handler_Table_Base       
00007944  __TI_Handler_Table_Limit      
000073ad  __TI_auto_init_nobinit_nopinit
00007105  __TI_decompress_lzss          
00007705  __TI_decompress_none          
00007227  __TI_ltoa                     
ffffffff  __TI_pprof_out_hndl           
000027cd  __TI_printfi                  
ffffffff  __TI_prof_data_size           
ffffffff  __TI_prof_data_start          
00001cb9  __TI_scanfi                   
00000000  __TI_static_base__            
000075d1  __TI_zero_init_nomemset       
00006db5  __aeabi_cdcmpeq               
00006db5  __aeabi_cdcmple               
00006e3b  __aeabi_cdrcmple              
0000702d  __aeabi_d2f                   
00007365  __aeabi_d2iz                  
00005c47  __aeabi_dadd                  
0000634d  __aeabi_ddiv                  
00006a21  __aeabi_dmul                  
00005c3d  __aeabi_dsub                  
00007721  __aeabi_errno_addr            
0000750d  __aeabi_i2d                   
0000321b  __aeabi_idiv0                 
0000321b  __aeabi_ldiv0                 
0000763b  __aeabi_lmul                  
00006f45  __aeabi_memclr                
00006f45  __aeabi_memclr4               
00006f45  __aeabi_memclr8               
00006c83  __aeabi_memcpy                
00006c83  __aeabi_memcpy4               
00006c83  __aeabi_memcpy8               
00006f47  __aeabi_memset                
00006f47  __aeabi_memset4               
00006f47  __aeabi_memset8               
00006d1f  __aeabi_uldivmod              
ffffffff  __binit__                     
ffffffff  __c_args__                    
UNDEFED   __mpu_init                    
20000000  __stack                       
20000000  __start___llvm_prf_cnts       
20000000  __stop___llvm_prf_cnts        
000074a9  _c_int00_noargs               
00007738  _ctypes_                      
UNDEFED   _system_post_cinit            
00007731  _system_pre_init              
00007735  abort                         
000006c3  asciiToUint8                  
000072cd  atoi                          
ffffffff  binit                         
0000459f  calcIpChecksum                
00001015  callbackDhcpGetNewAddressTimer
00001119  callbackDhcpIpConflictWindow  
0000108d  callbackDhcpLeaseEndTimer     
00001057  callbackDhcpT1HitTimer        
00001037  callbackDhcpT1PeriodicTimer   
00001085  callbackDhcpT2HitTimer        
0000105f  callbackDhcpT2PeriodicTimer   
00003ae3  clearEtherReg                 
00003871  clearPinInterrupt             
00007565  connectMqtt                   
00007609  copysign                      
00007609  copysignl                     
2000123b  count                         
00000fb9  debugLed                      
00005113  deleteSocket                  
20001215  dhcpEnabled                   
200011f0  dhcpOfferedIpAdd              
200011f4  dhcpServerIpAdd               
20001214  dhcpState                     
00001c7d  disableDhcp                   
00003a3b  disableEtherCs                
0000384d  disablePinInterrupt           
00003585  disablePinPulldown            
0000353d  disablePinPullup              
000032d9  disablePort                   
00007567  disconnectMqtt                
20001210  discoverNeeded                
000002ad  displayConnectionInfo         
00001c75  enableDhcp                    
00003a25  enableEtherCs                 
00003829  enablePinInterrupt            
00003561  enablePinPulldown             
0000350f  enablePinPullup               
0000321d  enablePort                    
20001230  errno                         
2000116c  fn                            
0000716d  frexp                         
0000716d  frexpl                        
00000000  g_pfnVectors                  
0000113f  getDhcpLeaseSeconds           
00001971  getDhcpOption                 
0000100f  getDhcpState                  
0000403f  getEtherId                    
000040d9  getEtherMacAddress            
00003e19  getEtherPacket                
00004269  getIpAddress                  
0000456d  getIpChecksum                 
000043c5  getIpDnsAddress               
00004351  getIpGatewayAddress           
000044b1  getIpMqttBrokerAddress        
000042dd  getIpSubnetMask               
00004439  getIpTimeServerAddress        
000038df  getPinValue                   
00003995  getPortValue                  
0000517b  getSocketInfoFromArpResponse  
0000529d  getSocketInfoFromTcpPacket    
000051f3  getSocketInfoFromUdpPacket    
00006b39  getTcpState                   
000053f9  getUdpData                    
0000668b  getcUart0                     
00001a71  handleDhcpAck                 
00004013  htonl                         
00003fef  htons                         
20001216  hwAddress                     
0000404b  incEtherId                    
00006ec1  initEeprom                    
00003c2f  initEther                     
0000026d  initHw                        
00005071  initSockets                   
00005f55  initSpi0                      
000076e5  initSystemClockTo40Mhz        
00004a45  initTimer                     
000065b5  initUart0                     
2000121c  ipAddress                     
20001213  ipConflictDetectionMode       
20001220  ipDnsAddress                  
20001224  ipGwAddress                   
20001228  ipSubnetMask                  
2000122c  ipTimeServerAddress           
00004d7d  isArpRequest                  
00004e21  isArpResponse                 
00001a55  isDhcpAck                     
00001b03  isDhcpDiscoverNeeded          
00001c85  isDhcpEnabled                 
00001139  isDhcpIpConflictDetectionMode 
000019d5  isDhcpOffer                   
00001b0f  isDhcpReleaseNeeded           
00001b09  isDhcpRequestNeeded           
00001145  isDhcpResponse                
00003dcf  isEtherDataAvailable          
00004209  isEtherIpValid                
00003db5  isEtherLinkUp                 
00003de9  isEtherOverflow               
00004139  isIp                          
000041a9  isIpUnicast                   
00005df3  isPingRequest                 
00006b4d  isTcp                         
00006b65  isTcpAck                      
00006b9d  isTcpPortOpen                 
00006b59  isTcpSyn                      
00005351  isUdp                         
0000669f  kbhitUart0                    
00006801  ldexp                         
00006801  ldexpl                        
20001204  leaseSeconds                  
20001208  leaseT1                       
2000120c  leaseT2                       
00000cf5  main                          
000075ed  memccpy                       
00006c83  memcpy                        
00006f4d  memset                        
000050a9  newSocket                     
20001238  nextPacketLsb                 
20001239  nextPacketMsb                 
20001194  period                        
00001c1b  processDhcpArpResponse        
00001c11  processDhcpResponse           
0000076d  processShell                  
00006b85  processTcpArpResponse         
00006b7b  processTcpResponse            
00007569  publishMqtt                   
00003f09  putEtherPacket                
00006643  putcUart0                     
0000665f  putsUart0                     
00004d3f  random32                      
00000603  readConfiguration             
00006f09  readEeprom                    
00003c17  readEtherMem                  
00003b6b  readEtherPhy                  
00003a7d  readEtherReg                  
0000608d  readSpi0Data                  
00001067  rebindDhcp                    
000010dd  releaseDhcp                   
20001212  releaseNeeded                 
200011e4  reload                        
0000103f  renewDhcp                     
00001127  requestDhcpIpConflictTest     
00001025  requestDhcpNewAddress         
20001211  requestNeeded                 
00004c57  restartTimer                  
00006801  scalbn                        
00006801  scalbnl                       
00003443  selectPinAnalogInput          
000033f5  selectPinDigitalInput         
0000375f  selectPinInterruptBothEdges   
0000370f  selectPinInterruptFallingEdge 
000037b5  selectPinInterruptHighLevel   
000037ef  selectPinInterruptLowLevel    
000036bf  selectPinInterruptRisingEdge  
000033a7  selectPinOpenDrainOutput      
00003359  selectPinPushPullOutput       
00004f53  sendArpRequest                
00004e75  sendArpResponse               
00001195  sendDhcpMessage               
00001b19  sendDhcpPendingMessages       
00005e37  sendPingRequest               
00005e43  sendPingResponse              
00006bb9  sendTcpMessage                
00006b71  sendTcpPendingMessages        
00006ba9  sendTcpResponse               
00005425  sendUdpMessage                
2000123a  sequenceId                    
00000ffb  setDhcpState                  
00003b17  setEtherBank                  
00004055  setEtherMacAddress            
00003aaf  setEtherReg                   
0000422f  setIpAddress                  
0000438b  setIpDnsAddress               
00004317  setIpGatewayAddress           
00004473  setIpMqttBrokerAddress        
000042a3  setIpSubnetMask               
000043ff  setIpTimeServerAddress        
000035ad  setPinAuxFunction             
00003493  setPinCommitControl           
00003895  setPinValue                   
0000391d  setPortValue                  
00005ff1  setSpi0BaudRate               
00006027  setSpi0Mode                   
00006b8f  setTcpPortList                
00006b1d  setTcpState                   
000065ff  setUart0BaudRate              
00007319  snprintf                      
20001000  sockets                       
00007471  sscanf                        
000010df  startDhcpTimers               
00003c05  startEtherMemRead             
00003bd7  startEtherMemWrite            
00004ae5  startOneshotTimer             
00004b6b  startPeriodicTimer            
00003c27  stopEtherMemRead              
00003bfd  stopEtherMemWrite             
00004bf1  stopTimer                     
20001118  strInput                      
00007683  strchr                        
00007653  strcmp                        
00007699  strcpy                        
00007589  strcspn                       
000076ad  strlen                        
0000766b  strrchr                       
0000753b  strspn                        
000045e5  strtod                        
000073f1  strtok                        
00006485  strtol                        
000045e5  strtold                       
00005891  strtoll                       
00006911  strtoul                       
000060b5  strtoull                      
00007575  subscribeMqtt                 
000044f9  sumIpWords                    
200011f8  tcpState                      
00004cc5  tickIsr                       
200011bc  ticks                         
00000cd3  timerTest                     
000038bb  togglePinValue                
200011fc  token                         
000076f5  tolower                       
0000757f  unsubscribeMqtt               
000075ad  waitMicrosecond               
000076d3  wcslen                        
00006ed7  writeEeprom                   
00003be9  writeEtherMem                 
00003b33  writeEtherPhy                 
00003a49  writeEtherReg                 
00006075  writeSpi0Data                 
20001200  xid                           


GLOBAL SYMBOLS: SORTED BY Symbol Address 

address   name                          
-------   ----                          
00000000  __TI_static_base__            
00000000  g_pfnVectors                  
0000026d  initHw                        
000002ad  displayConnectionInfo         
00000603  readConfiguration             
000006c3  asciiToUint8                  
0000076d  processShell                  
00000cd3  timerTest                     
00000cf5  main                          
00000fb9  debugLed                      
00000ffb  setDhcpState                  
00001000  __STACK_SIZE                  
0000100f  getDhcpState                  
00001015  callbackDhcpGetNewAddressTimer
00001025  requestDhcpNewAddress         
00001037  callbackDhcpT1PeriodicTimer   
0000103f  renewDhcp                     
00001057  callbackDhcpT1HitTimer        
0000105f  callbackDhcpT2PeriodicTimer   
00001067  rebindDhcp                    
00001085  callbackDhcpT2HitTimer        
0000108d  callbackDhcpLeaseEndTimer     
000010dd  releaseDhcp                   
000010df  startDhcpTimers               
00001119  callbackDhcpIpConflictWindow  
00001127  requestDhcpIpConflictTest     
00001139  isDhcpIpConflictDetectionMode 
0000113f  getDhcpLeaseSeconds           
00001145  isDhcpResponse                
00001195  sendDhcpMessage               
00001971  getDhcpOption                 
000019d5  isDhcpOffer                   
00001a55  isDhcpAck                     
00001a71  handleDhcpAck                 
00001b03  isDhcpDiscoverNeeded          
00001b09  isDhcpRequestNeeded           
00001b0f  isDhcpReleaseNeeded           
00001b19  sendDhcpPendingMessages       
00001c11  processDhcpResponse           
00001c1b  processDhcpArpResponse        
00001c75  enableDhcp                    
00001c7d  disableDhcp                   
00001c85  isDhcpEnabled                 
00001cb9  __TI_scanfi                   
000027cd  __TI_printfi                  
0000321b  __aeabi_idiv0                 
0000321b  __aeabi_ldiv0                 
0000321d  enablePort                    
000032d9  disablePort                   
00003359  selectPinPushPullOutput       
000033a7  selectPinOpenDrainOutput      
000033f5  selectPinDigitalInput         
00003443  selectPinAnalogInput          
00003493  setPinCommitControl           
0000350f  enablePinPullup               
0000353d  disablePinPullup              
00003561  enablePinPulldown             
00003585  disablePinPulldown            
000035ad  setPinAuxFunction             
000036bf  selectPinInterruptRisingEdge  
0000370f  selectPinInterruptFallingEdge 
0000375f  selectPinInterruptBothEdges   
000037b5  selectPinInterruptHighLevel   
000037ef  selectPinInterruptLowLevel    
00003829  enablePinInterrupt            
0000384d  disablePinInterrupt           
00003871  clearPinInterrupt             
00003895  setPinValue                   
000038bb  togglePinValue                
000038df  getPinValue                   
0000391d  setPortValue                  
00003995  getPortValue                  
00003a25  enableEtherCs                 
00003a3b  disableEtherCs                
00003a49  writeEtherReg                 
00003a7d  readEtherReg                  
00003aaf  setEtherReg                   
00003ae3  clearEtherReg                 
00003b17  setEtherBank                  
00003b33  writeEtherPhy                 
00003b6b  readEtherPhy                  
00003bd7  startEtherMemWrite            
00003be9  writeEtherMem                 
00003bfd  stopEtherMemWrite             
00003c05  startEtherMemRead             
00003c17  readEtherMem                  
00003c27  stopEtherMemRead              
00003c2f  initEther                     
00003db5  isEtherLinkUp                 
00003dcf  isEtherDataAvailable          
00003de9  isEtherOverflow               
00003e19  getEtherPacket                
00003f09  putEtherPacket                
00003fef  htons                         
00004013  htonl                         
0000403f  getEtherId                    
0000404b  incEtherId                    
00004055  setEtherMacAddress            
000040d9  getEtherMacAddress            
00004139  isIp                          
000041a9  isIpUnicast                   
00004209  isEtherIpValid                
0000422f  setIpAddress                  
00004269  getIpAddress                  
000042a3  setIpSubnetMask               
000042dd  getIpSubnetMask               
00004317  setIpGatewayAddress           
00004351  getIpGatewayAddress           
0000438b  setIpDnsAddress               
000043c5  getIpDnsAddress               
000043ff  setIpTimeServerAddress        
00004439  getIpTimeServerAddress        
00004473  setIpMqttBrokerAddress        
000044b1  getIpMqttBrokerAddress        
000044f9  sumIpWords                    
0000456d  getIpChecksum                 
0000459f  calcIpChecksum                
000045e5  strtod                        
000045e5  strtold                       
00004a45  initTimer                     
00004ae5  startOneshotTimer             
00004b6b  startPeriodicTimer            
00004bf1  stopTimer                     
00004c57  restartTimer                  
00004cc5  tickIsr                       
00004d3f  random32                      
00004d7d  isArpRequest                  
00004e21  isArpResponse                 
00004e75  sendArpResponse               
00004f53  sendArpRequest                
00005071  initSockets                   
000050a9  newSocket                     
00005113  deleteSocket                  
0000517b  getSocketInfoFromArpResponse  
000051f3  getSocketInfoFromUdpPacket    
0000529d  getSocketInfoFromTcpPacket    
00005351  isUdp                         
000053f9  getUdpData                    
00005425  sendUdpMessage                
00005891  strtoll                       
00005c3d  __aeabi_dsub                  
00005c47  __aeabi_dadd                  
00005df3  isPingRequest                 
00005e37  sendPingRequest               
00005e43  sendPingResponse              
00005f55  initSpi0                      
00005ff1  setSpi0BaudRate               
00006027  setSpi0Mode                   
00006075  writeSpi0Data                 
0000608d  readSpi0Data                  
000060b5  strtoull                      
0000634d  __aeabi_ddiv                  
00006485  strtol                        
000065b5  initUart0                     
000065ff  setUart0BaudRate              
00006643  putcUart0                     
0000665f  putsUart0                     
0000668b  getcUart0                     
0000669f  kbhitUart0                    
00006801  ldexp                         
00006801  ldexpl                        
00006801  scalbn                        
00006801  scalbnl                       
00006911  strtoul                       
00006a21  __aeabi_dmul                  
00006b1d  setTcpState                   
00006b39  getTcpState                   
00006b4d  isTcp                         
00006b59  isTcpSyn                      
00006b65  isTcpAck                      
00006b71  sendTcpPendingMessages        
00006b7b  processTcpResponse            
00006b85  processTcpArpResponse         
00006b8f  setTcpPortList                
00006b9d  isTcpPortOpen                 
00006ba9  sendTcpResponse               
00006bb9  sendTcpMessage                
00006c83  __aeabi_memcpy                
00006c83  __aeabi_memcpy4               
00006c83  __aeabi_memcpy8               
00006c83  memcpy                        
00006d1f  __aeabi_uldivmod              
00006db5  __aeabi_cdcmpeq               
00006db5  __aeabi_cdcmple               
00006e3b  __aeabi_cdrcmple              
00006ec1  initEeprom                    
00006ed7  writeEeprom                   
00006f09  readEeprom                    
00006f45  __aeabi_memclr                
00006f45  __aeabi_memclr4               
00006f45  __aeabi_memclr8               
00006f47  __aeabi_memset                
00006f47  __aeabi_memset4               
00006f47  __aeabi_memset8               
00006f4d  memset                        
0000702d  __aeabi_d2f                   
00007105  __TI_decompress_lzss          
0000716d  frexp                         
0000716d  frexpl                        
00007227  __TI_ltoa                     
000072cd  atoi                          
00007319  snprintf                      
00007365  __aeabi_d2iz                  
000073ad  __TI_auto_init_nobinit_nopinit
000073f1  strtok                        
00007471  sscanf                        
000074a9  _c_int00_noargs               
0000750d  __aeabi_i2d                   
0000753b  strspn                        
00007565  connectMqtt                   
00007567  disconnectMqtt                
00007569  publishMqtt                   
00007575  subscribeMqtt                 
0000757f  unsubscribeMqtt               
00007589  strcspn                       
000075ad  waitMicrosecond               
000075d1  __TI_zero_init_nomemset       
000075ed  memccpy                       
00007609  copysign                      
00007609  copysignl                     
0000763b  __aeabi_lmul                  
00007653  strcmp                        
0000766b  strrchr                       
00007683  strchr                        
00007699  strcpy                        
000076ad  strlen                        
000076d3  wcslen                        
000076e5  initSystemClockTo40Mhz        
000076f5  tolower                       
00007705  __TI_decompress_none          
00007713  ResetISR                      
00007721  __aeabi_errno_addr            
00007731  _system_pre_init              
00007735  C$$EXIT                       
00007735  abort                         
00007738  _ctypes_                      
00007938  __TI_Handler_Table_Base       
00007944  __TI_Handler_Table_Limit      
00007950  __TI_CINIT_Base               
00007960  __TI_CINIT_Limit              
20000000  __stack                       
20000000  __start___llvm_prf_cnts       
20000000  __stop___llvm_prf_cnts        
20000200  __STACK_TOP                   
20001000  __STACK_END                   
20001000  sockets                       
20001118  strInput                      
2000116c  fn                            
20001194  period                        
200011bc  ticks                         
200011e4  reload                        
200011f0  dhcpOfferedIpAdd              
200011f4  dhcpServerIpAdd               
200011f8  tcpState                      
200011fc  token                         
20001200  xid                           
20001204  leaseSeconds                  
20001208  leaseT1                       
2000120c  leaseT2                       
20001210  discoverNeeded                
20001211  requestNeeded                 
20001212  releaseNeeded                 
20001213  ipConflictDetectionMode       
20001214  dhcpState                     
20001215  dhcpEnabled                   
20001216  hwAddress                     
2000121c  ipAddress                     
20001220  ipDnsAddress                  
20001224  ipGwAddress                   
20001228  ipSubnetMask                  
2000122c  ipTimeServerAddress           
20001230  errno                         
20001238  nextPacketLsb                 
20001239  nextPacketMsb                 
2000123a  sequenceId                    
2000123b  count                         
ffffffff  __TI_pprof_out_hndl           
ffffffff  __TI_prof_data_size           
ffffffff  __TI_prof_data_start          
ffffffff  __binit__                     
ffffffff  __c_args__                    
ffffffff  binit                         
UNDEFED   __mpu_init                    
UNDEFED   _system_post_cinit            

[284 symbols]
