******************************************************************************
                  TI ARM Linker Unix v20.2.7                   
******************************************************************************
>> Linked Mon Mar 18 17:10:27 2024

OUTPUT FILE NAME:   <4352_Project-1.out>
ENTRY POINT SYMBOL: "_c_int00_noargs"  address: 00007465


MEMORY CONFIGURATION

         name            origin    length      used     unused   attr    fill
----------------------  --------  ---------  --------  --------  ----  --------
  FLASH                 00000000   00040000  0000791c  000386e4  R  X
  SRAM                  20000000   00008000  0000123c  00006dc4  RW X


SEGMENT ALLOCATION MAP

run origin  load origin   length   init length attrs members
----------  ----------- ---------- ----------- ----- -------
00000000    00000000    00007920   00007920    r-x
  00000000    00000000    0000026c   0000026c    r-- .intvecs
  0000026c    0000026c    00007488   00007488    r-x .text
  000076f8    000076f8    000001e0   000001e0    r-- .const
  000078d8    000078d8    00000048   00000048    r-- .cinit
20000000    20000000    0000123c   00000000    rw-
  20000000    20000000    00001000   00000000    rw- .stack
  20001000    20001000    00000200   00000000    rw- .bss
  20001200    20001200    0000003c   00000000    rw- .data


SECTION ALLOCATION MAP

 output                                  attributes/
section   page    origin      length       input sections
--------  ----  ----------  ----------   ----------------
.intvecs   0    00000000    0000026c     
                  00000000    0000026c     tm4c123gh6pm_startup_ccs.obj (.intvecs)

.text      0    0000026c    00007488     
                  0000026c    00000d4c     ethernet.obj (.text)
                  00000fb8    00000cbc     dhcp.obj (.text)
                  00001c74    00000b14     rtsv7M4_T_le_v4SPD16_eabi.lib : _scanfi.c.obj (.text:__TI_scanfi)
                  00002788    00000a4e                                   : _printfi.c.obj (.text:__TI_printfi)
                  000031d6    00000002                                   : div0.asm.obj (.text)
                  000031d8    00000808     gpio.obj (.text)
                  000039e0    00000714     eth0.obj (.text)
                  000040f4    000004ac     ip.obj (.text)
                  000045a0    00000460     rtsv7M4_T_le_v4SPD16_eabi.lib : strtod.c.obj (.text:strtod)
                  00004a00    00000338     timer.obj (.text)
                  00004d38    000002f4     arp.obj (.text)
                  0000502c    000002e0     socket.obj (.text)
                  0000530c    000002ce     udp.obj (.text)
                  000055da    00000002     --HOLE-- [fill = 0]
                  000055dc    00000270     rtsv7M4_T_le_v4SPD16_eabi.lib : _printfi.c.obj (.text:_pconv_a)
                  0000584c    000001dc                                   : strtoll.c.obj (.text:strtoll)
                  00005a28    000001d0                                   : _printfi.c.obj (.text:_pconv_g)
                  00005bf8    000001b6                                   : fd_add_t2.asm.obj (.text)
                  00005dae    00000160     icmp.obj (.text)
                  00005f0e    00000002     --HOLE-- [fill = 0]
                  00005f10    00000160     spi0.obj (.text)
                  00006070    0000015c     rtsv7M4_T_le_v4SPD16_eabi.lib : strtoull.c.obj (.text:strtoull)
                  000061cc    0000013c                                   : _printfi.c.obj (.text:_pconv_e)
                  00006308    00000136                                   : fd_div_t2.asm.obj (.text)
                  0000643e    00000002     --HOLE-- [fill = 0]
                  00006440    00000130                                   : strtol.c.obj (.text:strtol)
                  00006570    00000128     uart0.obj (.text)
                  00006698    00000124     rtsv7M4_T_le_v4SPD16_eabi.lib : _printfi.c.obj (.text:fcvt)
                  000067bc    00000110                                   : s_scalbn.c.obj (.text:scalbn)
                  000068cc    00000110                                   : strtoul.c.obj (.text:strtoul)
                  000069dc    000000fc                                   : fd_mul_t2.asm.obj (.text)
                  00006ad8    000000b4     tcp.obj (.text)
                  00006b8c    000000b1     rtsv7M4_T_le_v4SPD16_eabi.lib : _printfi.c.obj (.text:_ltostr)
                  00006c3d    00000001     --HOLE-- [fill = 0]
                  00006c3e    0000009c                                   : memcpy_t2.asm.obj (.text)
                  00006cda    00000096                                   : ull_div_t2.asm.obj (.text)
                  00006d70    00000086                                   : fd_cmp_t2.asm.obj (.text:__aeabi_cdcmple)
                  00006df6    00000086                                   : fd_cmp_t2.asm.obj (.text:__aeabi_cdrcmple)
                  00006e7c    00000084     eeprom.obj (.text)
                  00006f00    0000007a     rtsv7M4_T_le_v4SPD16_eabi.lib : memset_t2.asm.obj (.text)
                  00006f7a    0000006e                                   : _printfi.c.obj (.text:_mcpy)
                  00006fe8    0000006e                                   : fd_tos_t2.asm.obj (.text)
                  00007056    00000002     --HOLE-- [fill = 0]
                  00007058    00000068                                   : sscanf.c.obj (.text:_chkmbc)
                  000070c0    00000068                                   : copy_decompress_lzss.c.obj (.text:decompress:lzss:__TI_decompress_lzss)
                  00007128    00000064                                   : s_frexp.c.obj (.text:frexp)
                  0000718c    00000056                                   : _printfi.c.obj (.text:_pconv_f)
                  000071e2    00000054                                   : _ltoa.c.obj (.text:__TI_ltoa)
                  00007236    00000052                                   : _printfi.c.obj (.text:_ecpy)
                  00007288    0000004c                                   : atoi.c.obj (.text:atoi)
                  000072d4    0000004c                                   : snprintf.c.obj (.text:snprintf)
                  00007320    00000048                                   : fd_toi_t2.asm.obj (.text)
                  00007368    00000044                                   : autoinit.c.obj (.text:__TI_auto_init_nobinit_nopinit:__TI_auto_init_nobinit_nopinit)
                  000073ac    00000040                                   : strtok.c.obj (.text:strtok)
                  000073ec    0000003e                                   : _printfi.c.obj (.text:_fcpy)
                  0000742a    00000002     --HOLE-- [fill = 0]
                  0000742c    00000038                                   : sscanf.c.obj (.text:sscanf)
                  00007464    00000034                                   : boot_cortex_m.c.obj (.text:_c_int00_noargs:_c_int00_noargs)
                  00007498    00000030                                   : snprintf.c.obj (.text:_outs)
                  000074c8    0000002e                                   : i_tofd_t2.asm.obj (.text)
                  000074f6    0000002a                                   : strspn.c.obj (.text:strspn)
                  00007520    00000024     mqtt.obj (.text)
                  00007544    00000024     rtsv7M4_T_le_v4SPD16_eabi.lib : strcspn.c.obj (.text:strcspn)
                  00007568    00000024     wait.obj (.text)
                  0000758c    0000001c     rtsv7M4_T_le_v4SPD16_eabi.lib : copy_zero_init.c.obj (.text:decompress:ZI:__TI_zero_init_nomemset:__TI_zero_init_nomemset)
                  000075a8    0000001c                                   : memccpy.c.obj (.text:memccpy)
                  000075c4    0000001a                                   : s_copysign.c.obj (.text:copysign)
                  000075de    00000018                                   : snprintf.c.obj (.text:_outc)
                  000075f6    00000018                                   : ll_mul_t2.asm.obj (.text)
                  0000760e    00000018                                   : strcmp.c.obj (.text:strcmp)
                  00007626    00000018                                   : strrchr.c.obj (.text:strrchr)
                  0000763e    00000016                                   : strchr.c.obj (.text:strchr)
                  00007654    00000014                                   : strcpy.c.obj (.text:strcpy)
                  00007668    00000014                                   : strlen.c.obj (.text:strlen)
                  0000767c    00000012                                   : sscanf.c.obj (.text:_inpchar)
                  0000768e    00000012                                   : wcslen.c.obj (.text:wcslen)
                  000076a0    00000010     clock.obj (.text)
                  000076b0    00000010     rtsv7M4_T_le_v4SPD16_eabi.lib : tolower.c.obj (.text:tolower)
                  000076c0    0000000e                                   : copy_decompress_none.c.obj (.text:decompress:none:__TI_decompress_none)
                  000076ce    0000000c     tm4c123gh6pm_startup_ccs.obj (.text)
                  000076da    00000002     --HOLE-- [fill = 0]
                  000076dc    00000008     rtsv7M4_T_le_v4SPD16_eabi.lib : errno.c.obj (.text:__aeabi_errno_addr)
                  000076e4    00000008                                   : sscanf.c.obj (.text:_uninpchar)
                  000076ec    00000004                                   : pre_init.c.obj (.text:_system_pre_init)
                  000076f0    00000004                                   : exit.c.obj (.text:abort:abort)

.const     0    000076f8    000001e0     
                  000076f8    00000101     rtsv7M4_T_le_v4SPD16_eabi.lib : ctype.c.obj (.const:.string:_ctypes_)
                  000077f9    00000007     --HOLE-- [fill = 0]
                  00007800    000000c8                                   : strtod.c.obj (.const:$O1$$)
                  000078c8    00000010                                   : _scanfi.c.obj (.const:$O1$$)

.cinit     0    000078d8    00000048     
                  000078d8    0000001d     (.cinit..data.load) [load image, compression = lzss]
                  000078f5    00000003     --HOLE-- [fill = 0]
                  000078f8    0000000c     (__TI_handler_table)
                  00007904    00000004     --HOLE-- [fill = 0]
                  00007908    00000008     (.cinit..bss.load) [load image, compression = zero_init]
                  00007910    00000010     (__TI_cinit_table)

.init_array 
*          0    00000000    00000000     UNINITIALIZED

.bss       0    20001000    00000200     UNINITIALIZED
                  20001000    00000118     (.common:sockets)
                  20001118    00000054     (.common:strInput)
                  2000116c    00000028     (.common:fn)
                  20001194    00000028     (.common:period)
                  200011bc    00000028     (.common:ticks)
                  200011e4    0000000c     (.common:reload)
                  200011f0    00000004     (.common:dhcpOfferedIpAdd)
                  200011f4    00000004     (.common:dhcpServerIpAdd)
                  200011f8    00000004     (.common:tcpState)
                  200011fc    00000004     (.common:token)

.data      0    20001200    0000003c     UNINITIALIZED
                  20001200    00000016     dhcp.obj (.data)
                  20001216    00000006     eth0.obj (.data:hwAddress)
                  2000121c    00000004     ip.obj (.data:ipAddress)
                  20001220    00000004     ip.obj (.data:ipDnsAddress)
                  20001224    00000004     ip.obj (.data:ipGwAddress)
                  20001228    00000004     ip.obj (.data:ipSubnetMask)
                  2000122c    00000004     ip.obj (.data:ipTimeServerAddress)
                  20001230    00000004     rtsv7M4_T_le_v4SPD16_eabi.lib : errno.c.obj (.data)
                  20001234    00000004                                   : strtok.c.obj (.data)
                  20001238    00000003     eth0.obj (.data)
                  2000123b    00000001     ethernet.obj (.data)

.stack     0    20000000    00001000     UNINITIALIZED
                  20000000    00000004     rtsv7M4_T_le_v4SPD16_eabi.lib : boot_cortex_m.c.obj (.stack)
                  20000004    00000ffc     --HOLE--

__llvm_prf_cnts 
*          0    20000000    00000000     UNINITIALIZED

MODULE SUMMARY

       Module                         code    ro data   rw data
       ------                         ----    -------   -------
    ./
       ethernet.obj                   3404    0         89     
       dhcp.obj                       3260    0         30     
       gpio.obj                       2056    0         0      
       eth0.obj                       1812    0         9      
       ip.obj                         1196    0         20     
       socket.obj                     736     0         280    
       timer.obj                      824     0         132    
       arp.obj                        756     0         0      
       udp.obj                        718     0         0      
       tm4c123gh6pm_startup_ccs.obj   12      620       0      
       icmp.obj                       352     0         0      
       spi0.obj                       352     0         0      
       uart0.obj                      296     0         0      
       tcp.obj                        180     0         4      
       eeprom.obj                     132     0         0      
       mqtt.obj                       36      0         0      
       wait.obj                       36      0         0      
       clock.obj                      16      0         0      
    +--+------------------------------+-------+---------+---------+
       Total:                         16174   620       564    
                                                               
    /home/rolo/.local/share/ti/ccs1240/ccs/tools/compiler/ti-cgt-arm_20.2.7.LTS/lib/rtsv7M4_T_le_v4SPD16_eabi.lib
       _printfi.c.obj                 4851    0         0      
       _scanfi.c.obj                  2836    16        0      
       strtod.c.obj                   1120    200       0      
       strtoll.c.obj                  476     0         0      
       fd_add_t2.asm.obj              438     0         0      
       strtoull.c.obj                 348     0         0      
       fd_div_t2.asm.obj              310     0         0      
       strtol.c.obj                   304     0         0      
       s_scalbn.c.obj                 272     0         0      
       strtoul.c.obj                  272     0         0      
       fd_cmp_t2.asm.obj              268     0         0      
       ctype.c.obj                    0       257       0      
       fd_mul_t2.asm.obj              252     0         0      
       sscanf.c.obj                   186     0         0      
       memcpy_t2.asm.obj              156     0         0      
       ull_div_t2.asm.obj             150     0         0      
       snprintf.c.obj                 148     0         0      
       memset_t2.asm.obj              122     0         0      
       fd_tos_t2.asm.obj              110     0         0      
       copy_decompress_lzss.c.obj     104     0         0      
       s_frexp.c.obj                  100     0         0      
       _ltoa.c.obj                    84      0         0      
       atoi.c.obj                     76      0         0      
       fd_toi_t2.asm.obj              72      0         0      
       autoinit.c.obj                 68      0         0      
       strtok.c.obj                   64      0         4      
       boot_cortex_m.c.obj            52      0         0      
       i_tofd_t2.asm.obj              46      0         0      
       strspn.c.obj                   42      0         0      
       strcspn.c.obj                  36      0         0      
       copy_zero_init.c.obj           28      0         0      
       memccpy.c.obj                  28      0         0      
       s_copysign.c.obj               26      0         0      
       ll_mul_t2.asm.obj              24      0         0      
       strcmp.c.obj                   24      0         0      
       strrchr.c.obj                  24      0         0      
       strchr.c.obj                   22      0         0      
       strcpy.c.obj                   20      0         0      
       strlen.c.obj                   20      0         0      
       wcslen.c.obj                   18      0         0      
       tolower.c.obj                  16      0         0      
       copy_decompress_none.c.obj     14      0         0      
       errno.c.obj                    8       0         4      
       exit.c.obj                     4       0         0      
       pre_init.c.obj                 4       0         0      
       div0.asm.obj                   2       0         0      
    +--+------------------------------+-------+---------+---------+
       Total:                         13645   473       8      
                                                               
       Stack:                         0       0         4096   
       Linker Generated:              0       65        0      
    +--+------------------------------+-------+---------+---------+
       Grand Total:                   29819   1158      4668   


LINKER GENERATED COPY TABLES

__TI_cinit_table @ 00007910 records: 2, size/record: 8, table size: 16
	.data: load addr=000078d8, load size=0000001d bytes, run addr=20001200, run size=0000003c bytes, compression=lzss
	.bss: load addr=00007908, load size=00000008 bytes, run addr=20001000, run size=00000200 bytes, compression=zero_init


LINKER GENERATED HANDLER TABLE

__TI_handler_table @ 000078f8 records: 3, size/record: 4, table size: 12
	index: 0, handler: __TI_decompress_lzss
	index: 1, handler: __TI_decompress_none
	index: 2, handler: __TI_zero_init


GLOBAL SYMBOLS: SORTED ALPHABETICALLY BY Name 

address   name                          
-------   ----                          
000076f1  C$$EXIT                       
000076cf  ResetISR                      
20001000  __STACK_END                   
00001000  __STACK_SIZE                  
20000200  __STACK_TOP                   
00007910  __TI_CINIT_Base               
00007920  __TI_CINIT_Limit              
000078f8  __TI_Handler_Table_Base       
00007904  __TI_Handler_Table_Limit      
00007369  __TI_auto_init_nobinit_nopinit
000070c1  __TI_decompress_lzss          
000076c1  __TI_decompress_none          
000071e3  __TI_ltoa                     
ffffffff  __TI_pprof_out_hndl           
00002789  __TI_printfi                  
ffffffff  __TI_prof_data_size           
ffffffff  __TI_prof_data_start          
00001c75  __TI_scanfi                   
00000000  __TI_static_base__            
0000758d  __TI_zero_init_nomemset       
00006d71  __aeabi_cdcmpeq               
00006d71  __aeabi_cdcmple               
00006df7  __aeabi_cdrcmple              
00006fe9  __aeabi_d2f                   
00007321  __aeabi_d2iz                  
00005c03  __aeabi_dadd                  
00006309  __aeabi_ddiv                  
000069dd  __aeabi_dmul                  
00005bf9  __aeabi_dsub                  
000076dd  __aeabi_errno_addr            
000074c9  __aeabi_i2d                   
000031d7  __aeabi_idiv0                 
000031d7  __aeabi_ldiv0                 
000075f7  __aeabi_lmul                  
00006f01  __aeabi_memclr                
00006f01  __aeabi_memclr4               
00006f01  __aeabi_memclr8               
00006c3f  __aeabi_memcpy                
00006c3f  __aeabi_memcpy4               
00006c3f  __aeabi_memcpy8               
00006f03  __aeabi_memset                
00006f03  __aeabi_memset4               
00006f03  __aeabi_memset8               
00006cdb  __aeabi_uldivmod              
ffffffff  __binit__                     
ffffffff  __c_args__                    
UNDEFED   __mpu_init                    
20000000  __stack                       
20000000  __start___llvm_prf_cnts       
20000000  __stop___llvm_prf_cnts        
00007465  _c_int00_noargs               
000076f8  _ctypes_                      
UNDEFED   _system_post_cinit            
000076ed  _system_pre_init              
000076f1  abort                         
000006c3  asciiToUint8                  
00007289  atoi                          
ffffffff  binit                         
0000455b  calcIpChecksum                
00001015  callbackDhcpGetNewAddressTimer
00001091  callbackDhcpIpConflictWindow  
0000108d  callbackDhcpLeaseEndTimer     
00001057  callbackDhcpT1HitTimer        
00001037  callbackDhcpT1PeriodicTimer   
00001085  callbackDhcpT2HitTimer        
0000105f  callbackDhcpT2PeriodicTimer   
00003a9f  clearEtherReg                 
0000382d  clearPinInterrupt             
00007521  connectMqtt                   
000075c5  copysign                      
000075c5  copysignl                     
2000123b  count                         
00000fb9  debugLed                      
000050cf  deleteSocket                  
20001215  dhcpEnabled                   
200011f0  dhcpOfferedIpAdd              
200011f4  dhcpServerIpAdd               
20001214  dhcpState                     
00001c3b  disableDhcp                   
000039f7  disableEtherCs                
00003809  disablePinInterrupt           
00003541  disablePinPulldown            
000034f9  disablePinPullup              
00003295  disablePort                   
00007523  disconnectMqtt                
20001210  discoverNeeded                
000002ad  displayConnectionInfo         
00001c33  enableDhcp                    
000039e1  enableEtherCs                 
000037e5  enablePinInterrupt            
0000351d  enablePinPulldown             
000034cb  enablePinPullup               
000031d9  enablePort                    
20001230  errno                         
2000116c  fn                            
00007129  frexp                         
00007129  frexpl                        
00000000  g_pfnVectors                  
000010b7  getDhcpLeaseSeconds           
000018f9  getDhcpOption                 
0000100f  getDhcpState                  
00003ffb  getEtherId                    
00004095  getEtherMacAddress            
00003dd5  getEtherPacket                
00004225  getIpAddress                  
00004529  getIpChecksum                 
00004381  getIpDnsAddress               
0000430d  getIpGatewayAddress           
0000446d  getIpMqttBrokerAddress        
00004299  getIpSubnetMask               
000043f5  getIpTimeServerAddress        
0000389b  getPinValue                   
00003951  getPortValue                  
00005137  getSocketInfoFromArpResponse  
00005259  getSocketInfoFromTcpPacket    
000051af  getSocketInfoFromUdpPacket    
00006af5  getTcpState                   
000053b5  getUdpData                    
00006647  getcUart0                     
000019f9  handleDhcpAck                 
00003fcf  htonl                         
00003fab  htons                         
20001216  hwAddress                     
00004007  incEtherId                    
00006e7d  initEeprom                    
00003beb  initEther                     
0000026d  initHw                        
0000502d  initSockets                   
00005f11  initSpi0                      
000076a1  initSystemClockTo40Mhz        
00004a01  initTimer                     
00006571  initUart0                     
2000121c  ipAddress                     
20001213  ipConflictDetectionMode       
20001220  ipDnsAddress                  
20001224  ipGwAddress                   
20001228  ipSubnetMask                  
2000122c  ipTimeServerAddress           
00004d39  isArpRequest                  
00004ddd  isArpResponse                 
000019dd  isDhcpAck                     
00001ac5  isDhcpDiscoverNeeded          
00001c43  isDhcpEnabled                 
000010b1  isDhcpIpConflictDetectionMode 
0000195d  isDhcpOffer                   
00001ad1  isDhcpReleaseNeeded           
00001acb  isDhcpRequestNeeded           
000010bd  isDhcpResponse                
00003d8b  isEtherDataAvailable          
000041c5  isEtherIpValid                
00003d71  isEtherLinkUp                 
00003da5  isEtherOverflow               
000040f5  isIp                          
00004165  isIpUnicast                   
00005daf  isPingRequest                 
00006b09  isTcp                         
00006b21  isTcpAck                      
00006b59  isTcpPortOpen                 
00006b15  isTcpSyn                      
0000530d  isUdp                         
0000665b  kbhitUart0                    
000067bd  ldexp                         
000067bd  ldexpl                        
20001204  leaseSeconds                  
20001208  leaseT1                       
2000120c  leaseT2                       
00000cf5  main                          
000075a9  memccpy                       
00006c3f  memcpy                        
00006f09  memset                        
00005065  newSocket                     
20001238  nextPacketLsb                 
20001239  nextPacketMsb                 
20001194  period                        
00001bd9  processDhcpArpResponse        
00001bcf  processDhcpResponse           
0000076d  processShell                  
00006b41  processTcpArpResponse         
00006b37  processTcpResponse            
00007525  publishMqtt                   
00003ec5  putEtherPacket                
000065ff  putcUart0                     
0000661b  putsUart0                     
00004cfb  random32                      
00000603  readConfiguration             
00006ec5  readEeprom                    
00003bd3  readEtherMem                  
00003b27  readEtherPhy                  
00003a39  readEtherReg                  
00006049  readSpi0Data                  
00001067  rebindDhcp                    
0000108f  releaseDhcp                   
20001212  releaseNeeded                 
200011e4  reload                        
0000103f  renewDhcp                     
0000109f  requestDhcpIpConflictTest     
00001025  requestDhcpNewAddress         
20001211  requestNeeded                 
00004c13  restartTimer                  
000067bd  scalbn                        
000067bd  scalbnl                       
000033ff  selectPinAnalogInput          
000033b1  selectPinDigitalInput         
0000371b  selectPinInterruptBothEdges   
000036cb  selectPinInterruptFallingEdge 
00003771  selectPinInterruptHighLevel   
000037ab  selectPinInterruptLowLevel    
0000367b  selectPinInterruptRisingEdge  
00003363  selectPinOpenDrainOutput      
00003315  selectPinPushPullOutput       
00004f0f  sendArpRequest                
00004e31  sendArpResponse               
00001141  sendDhcpMessage               
00001ad7  sendDhcpPendingMessages       
00005df3  sendPingRequest               
00005dff  sendPingResponse              
00006b75  sendTcpMessage                
00006b2d  sendTcpPendingMessages        
00006b65  sendTcpResponse               
000053e1  sendUdpMessage                
2000123a  sequenceId                    
00000ffb  setDhcpState                  
00003ad3  setEtherBank                  
00004011  setEtherMacAddress            
00003a6b  setEtherReg                   
000041eb  setIpAddress                  
00004347  setIpDnsAddress               
000042d3  setIpGatewayAddress           
0000442f  setIpMqttBrokerAddress        
0000425f  setIpSubnetMask               
000043bb  setIpTimeServerAddress        
00003569  setPinAuxFunction             
0000344f  setPinCommitControl           
00003851  setPinValue                   
000038d9  setPortValue                  
00005fad  setSpi0BaudRate               
00005fe3  setSpi0Mode                   
00006b4b  setTcpPortList                
00006ad9  setTcpState                   
000065bb  setUart0BaudRate              
000072d5  snprintf                      
20001000  sockets                       
0000742d  sscanf                        
000010cb  startDhcpTimers               
00003bc1  startEtherMemRead             
00003b93  startEtherMemWrite            
00004aa1  startOneshotTimer             
00004b27  startPeriodicTimer            
00003be3  stopEtherMemRead              
00003bb9  stopEtherMemWrite             
00004bad  stopTimer                     
20001118  strInput                      
0000763f  strchr                        
0000760f  strcmp                        
00007655  strcpy                        
00007545  strcspn                       
00007669  strlen                        
00007627  strrchr                       
000074f7  strspn                        
000045a1  strtod                        
000073ad  strtok                        
00006441  strtol                        
000045a1  strtold                       
0000584d  strtoll                       
000068cd  strtoul                       
00006071  strtoull                      
00007531  subscribeMqtt                 
000044b5  sumIpWords                    
200011f8  tcpState                      
00004c81  tickIsr                       
200011bc  ticks                         
00000cd3  timerTest                     
00003877  togglePinValue                
200011fc  token                         
000076b1  tolower                       
0000753b  unsubscribeMqtt               
00007569  waitMicrosecond               
0000768f  wcslen                        
00006e93  writeEeprom                   
00003ba5  writeEtherMem                 
00003aef  writeEtherPhy                 
00003a05  writeEtherReg                 
00006031  writeSpi0Data                 
20001200  xid                           


GLOBAL SYMBOLS: SORTED BY Symbol Address 

address   name                          
-------   ----                          
00000000  __TI_static_base__            
00000000  g_pfnVectors                  
0000026d  initHw                        
000002ad  displayConnectionInfo         
00000603  readConfiguration             
000006c3  asciiToUint8                  
0000076d  processShell                  
00000cd3  timerTest                     
00000cf5  main                          
00000fb9  debugLed                      
00000ffb  setDhcpState                  
00001000  __STACK_SIZE                  
0000100f  getDhcpState                  
00001015  callbackDhcpGetNewAddressTimer
00001025  requestDhcpNewAddress         
00001037  callbackDhcpT1PeriodicTimer   
0000103f  renewDhcp                     
00001057  callbackDhcpT1HitTimer        
0000105f  callbackDhcpT2PeriodicTimer   
00001067  rebindDhcp                    
00001085  callbackDhcpT2HitTimer        
0000108d  callbackDhcpLeaseEndTimer     
0000108f  releaseDhcp                   
00001091  callbackDhcpIpConflictWindow  
0000109f  requestDhcpIpConflictTest     
000010b1  isDhcpIpConflictDetectionMode 
000010b7  getDhcpLeaseSeconds           
000010bd  isDhcpResponse                
000010cb  startDhcpTimers               
00001141  sendDhcpMessage               
000018f9  getDhcpOption                 
0000195d  isDhcpOffer                   
000019dd  isDhcpAck                     
000019f9  handleDhcpAck                 
00001ac5  isDhcpDiscoverNeeded          
00001acb  isDhcpRequestNeeded           
00001ad1  isDhcpReleaseNeeded           
00001ad7  sendDhcpPendingMessages       
00001bcf  processDhcpResponse           
00001bd9  processDhcpArpResponse        
00001c33  enableDhcp                    
00001c3b  disableDhcp                   
00001c43  isDhcpEnabled                 
00001c75  __TI_scanfi                   
00002789  __TI_printfi                  
000031d7  __aeabi_idiv0                 
000031d7  __aeabi_ldiv0                 
000031d9  enablePort                    
00003295  disablePort                   
00003315  selectPinPushPullOutput       
00003363  selectPinOpenDrainOutput      
000033b1  selectPinDigitalInput         
000033ff  selectPinAnalogInput          
0000344f  setPinCommitControl           
000034cb  enablePinPullup               
000034f9  disablePinPullup              
0000351d  enablePinPulldown             
00003541  disablePinPulldown            
00003569  setPinAuxFunction             
0000367b  selectPinInterruptRisingEdge  
000036cb  selectPinInterruptFallingEdge 
0000371b  selectPinInterruptBothEdges   
00003771  selectPinInterruptHighLevel   
000037ab  selectPinInterruptLowLevel    
000037e5  enablePinInterrupt            
00003809  disablePinInterrupt           
0000382d  clearPinInterrupt             
00003851  setPinValue                   
00003877  togglePinValue                
0000389b  getPinValue                   
000038d9  setPortValue                  
00003951  getPortValue                  
000039e1  enableEtherCs                 
000039f7  disableEtherCs                
00003a05  writeEtherReg                 
00003a39  readEtherReg                  
00003a6b  setEtherReg                   
00003a9f  clearEtherReg                 
00003ad3  setEtherBank                  
00003aef  writeEtherPhy                 
00003b27  readEtherPhy                  
00003b93  startEtherMemWrite            
00003ba5  writeEtherMem                 
00003bb9  stopEtherMemWrite             
00003bc1  startEtherMemRead             
00003bd3  readEtherMem                  
00003be3  stopEtherMemRead              
00003beb  initEther                     
00003d71  isEtherLinkUp                 
00003d8b  isEtherDataAvailable          
00003da5  isEtherOverflow               
00003dd5  getEtherPacket                
00003ec5  putEtherPacket                
00003fab  htons                         
00003fcf  htonl                         
00003ffb  getEtherId                    
00004007  incEtherId                    
00004011  setEtherMacAddress            
00004095  getEtherMacAddress            
000040f5  isIp                          
00004165  isIpUnicast                   
000041c5  isEtherIpValid                
000041eb  setIpAddress                  
00004225  getIpAddress                  
0000425f  setIpSubnetMask               
00004299  getIpSubnetMask               
000042d3  setIpGatewayAddress           
0000430d  getIpGatewayAddress           
00004347  setIpDnsAddress               
00004381  getIpDnsAddress               
000043bb  setIpTimeServerAddress        
000043f5  getIpTimeServerAddress        
0000442f  setIpMqttBrokerAddress        
0000446d  getIpMqttBrokerAddress        
000044b5  sumIpWords                    
00004529  getIpChecksum                 
0000455b  calcIpChecksum                
000045a1  strtod                        
000045a1  strtold                       
00004a01  initTimer                     
00004aa1  startOneshotTimer             
00004b27  startPeriodicTimer            
00004bad  stopTimer                     
00004c13  restartTimer                  
00004c81  tickIsr                       
00004cfb  random32                      
00004d39  isArpRequest                  
00004ddd  isArpResponse                 
00004e31  sendArpResponse               
00004f0f  sendArpRequest                
0000502d  initSockets                   
00005065  newSocket                     
000050cf  deleteSocket                  
00005137  getSocketInfoFromArpResponse  
000051af  getSocketInfoFromUdpPacket    
00005259  getSocketInfoFromTcpPacket    
0000530d  isUdp                         
000053b5  getUdpData                    
000053e1  sendUdpMessage                
0000584d  strtoll                       
00005bf9  __aeabi_dsub                  
00005c03  __aeabi_dadd                  
00005daf  isPingRequest                 
00005df3  sendPingRequest               
00005dff  sendPingResponse              
00005f11  initSpi0                      
00005fad  setSpi0BaudRate               
00005fe3  setSpi0Mode                   
00006031  writeSpi0Data                 
00006049  readSpi0Data                  
00006071  strtoull                      
00006309  __aeabi_ddiv                  
00006441  strtol                        
00006571  initUart0                     
000065bb  setUart0BaudRate              
000065ff  putcUart0                     
0000661b  putsUart0                     
00006647  getcUart0                     
0000665b  kbhitUart0                    
000067bd  ldexp                         
000067bd  ldexpl                        
000067bd  scalbn                        
000067bd  scalbnl                       
000068cd  strtoul                       
000069dd  __aeabi_dmul                  
00006ad9  setTcpState                   
00006af5  getTcpState                   
00006b09  isTcp                         
00006b15  isTcpSyn                      
00006b21  isTcpAck                      
00006b2d  sendTcpPendingMessages        
00006b37  processTcpResponse            
00006b41  processTcpArpResponse         
00006b4b  setTcpPortList                
00006b59  isTcpPortOpen                 
00006b65  sendTcpResponse               
00006b75  sendTcpMessage                
00006c3f  __aeabi_memcpy                
00006c3f  __aeabi_memcpy4               
00006c3f  __aeabi_memcpy8               
00006c3f  memcpy                        
00006cdb  __aeabi_uldivmod              
00006d71  __aeabi_cdcmpeq               
00006d71  __aeabi_cdcmple               
00006df7  __aeabi_cdrcmple              
00006e7d  initEeprom                    
00006e93  writeEeprom                   
00006ec5  readEeprom                    
00006f01  __aeabi_memclr                
00006f01  __aeabi_memclr4               
00006f01  __aeabi_memclr8               
00006f03  __aeabi_memset                
00006f03  __aeabi_memset4               
00006f03  __aeabi_memset8               
00006f09  memset                        
00006fe9  __aeabi_d2f                   
000070c1  __TI_decompress_lzss          
00007129  frexp                         
00007129  frexpl                        
000071e3  __TI_ltoa                     
00007289  atoi                          
000072d5  snprintf                      
00007321  __aeabi_d2iz                  
00007369  __TI_auto_init_nobinit_nopinit
000073ad  strtok                        
0000742d  sscanf                        
00007465  _c_int00_noargs               
000074c9  __aeabi_i2d                   
000074f7  strspn                        
00007521  connectMqtt                   
00007523  disconnectMqtt                
00007525  publishMqtt                   
00007531  subscribeMqtt                 
0000753b  unsubscribeMqtt               
00007545  strcspn                       
00007569  waitMicrosecond               
0000758d  __TI_zero_init_nomemset       
000075a9  memccpy                       
000075c5  copysign                      
000075c5  copysignl                     
000075f7  __aeabi_lmul                  
0000760f  strcmp                        
00007627  strrchr                       
0000763f  strchr                        
00007655  strcpy                        
00007669  strlen                        
0000768f  wcslen                        
000076a1  initSystemClockTo40Mhz        
000076b1  tolower                       
000076c1  __TI_decompress_none          
000076cf  ResetISR                      
000076dd  __aeabi_errno_addr            
000076ed  _system_pre_init              
000076f1  C$$EXIT                       
000076f1  abort                         
000076f8  _ctypes_                      
000078f8  __TI_Handler_Table_Base       
00007904  __TI_Handler_Table_Limit      
00007910  __TI_CINIT_Base               
00007920  __TI_CINIT_Limit              
20000000  __stack                       
20000000  __start___llvm_prf_cnts       
20000000  __stop___llvm_prf_cnts        
20000200  __STACK_TOP                   
20001000  __STACK_END                   
20001000  sockets                       
20001118  strInput                      
2000116c  fn                            
20001194  period                        
200011bc  ticks                         
200011e4  reload                        
200011f0  dhcpOfferedIpAdd              
200011f4  dhcpServerIpAdd               
200011f8  tcpState                      
200011fc  token                         
20001200  xid                           
20001204  leaseSeconds                  
20001208  leaseT1                       
2000120c  leaseT2                       
20001210  discoverNeeded                
20001211  requestNeeded                 
20001212  releaseNeeded                 
20001213  ipConflictDetectionMode       
20001214  dhcpState                     
20001215  dhcpEnabled                   
20001216  hwAddress                     
2000121c  ipAddress                     
20001220  ipDnsAddress                  
20001224  ipGwAddress                   
20001228  ipSubnetMask                  
2000122c  ipTimeServerAddress           
20001230  errno                         
20001238  nextPacketLsb                 
20001239  nextPacketMsb                 
2000123a  sequenceId                    
2000123b  count                         
ffffffff  __TI_pprof_out_hndl           
ffffffff  __TI_prof_data_size           
ffffffff  __TI_prof_data_start          
ffffffff  __binit__                     
ffffffff  __c_args__                    
ffffffff  binit                         
UNDEFED   __mpu_init                    
UNDEFED   _system_post_cinit            

[284 symbols]
