******************************************************************************
                  TI ARM Linker Unix v20.2.7                   
******************************************************************************
>> Linked Sat Mar  2 21:43:52 2024

OUTPUT FILE NAME:   <4352_Project-1.out>
ENTRY POINT SYMBOL: "_c_int00_noargs"  address: 0000625d


MEMORY CONFIGURATION

         name            origin    length      used     unused   attr    fill
----------------------  --------  ---------  --------  --------  ----  --------
  FLASH                 00000000   00040000  0000670c  000398f4  R  X
  SRAM                  20000000   00008000  000011ac  00006e54  RW X


SEGMENT ALLOCATION MAP

run origin  load origin   length   init length attrs members
----------  ----------- ---------- ----------- ----- -------
00000000    00000000    00006710   00006710    r-x
  00000000    00000000    0000026c   0000026c    r-- .intvecs
  0000026c    0000026c    00006280   00006280    r-x .text
  000064f0    000064f0    000001e0   000001e0    r-- .const
  000066d0    000066d0    00000040   00000040    r-- .cinit
20000000    20000000    000011ac   00000000    rw-
  20000000    20000000    00001000   00000000    rw- .stack
  20001000    20001000    00000170   00000000    rw- .bss
  20001170    20001170    0000003c   00000000    rw- .data


SECTION ALLOCATION MAP

 output                                  attributes/
section   page    origin      length       input sections
--------  ----  ----------  ----------   ----------------
.intvecs   0    00000000    0000026c     
                  00000000    0000026c     tm4c123gh6pm_startup_ccs.obj (.intvecs)

.text      0    0000026c    00006280     
                  0000026c    00000c54     ethernet.obj (.text)
                  00000ec0    00000b14     rtsv7M4_T_le_v4SPD16_eabi.lib : _scanfi.c.obj (.text:__TI_scanfi)
                  000019d4    00000a4e                                   : _printfi.c.obj (.text:__TI_printfi)
                  00002422    00000002                                   : div0.asm.obj (.text)
                  00002424    00000808     gpio.obj (.text)
                  00002c2c    00000714     eth0.obj (.text)
                  00003340    000004ac     ip.obj (.text)
                  000037ec    00000460     rtsv7M4_T_le_v4SPD16_eabi.lib : strtod.c.obj (.text:strtod)
                  00003c4c    000003ec     dhcp.obj (.text)
                  00004038    000002e0     socket.obj (.text)
                  00004318    000002ce     udp.obj (.text)
                  000045e6    00000002     --HOLE-- [fill = 0]
                  000045e8    00000270     rtsv7M4_T_le_v4SPD16_eabi.lib : _printfi.c.obj (.text:_pconv_a)
                  00004858    000001dc                                   : strtoll.c.obj (.text:strtoll)
                  00004a34    000001d0                                   : _printfi.c.obj (.text:_pconv_g)
                  00004c04    000001b6                                   : fd_add_t2.asm.obj (.text)
                  00004dba    00000002     --HOLE-- [fill = 0]
                  00004dbc    00000160     spi0.obj (.text)
                  00004f1c    0000015c     rtsv7M4_T_le_v4SPD16_eabi.lib : strtoull.c.obj (.text:strtoull)
                  00005078    0000013c                                   : _printfi.c.obj (.text:_pconv_e)
                  000051b4    00000136                                   : fd_div_t2.asm.obj (.text)
                  000052ea    00000002     --HOLE-- [fill = 0]
                  000052ec    00000130                                   : strtol.c.obj (.text:strtol)
                  0000541c    00000128     uart0.obj (.text)
                  00005544    00000124     rtsv7M4_T_le_v4SPD16_eabi.lib : _printfi.c.obj (.text:fcvt)
                  00005668    00000110                                   : s_scalbn.c.obj (.text:scalbn)
                  00005778    00000110                                   : strtoul.c.obj (.text:strtoul)
                  00005888    000000fc                                   : fd_mul_t2.asm.obj (.text)
                  00005984    000000b1                                   : _printfi.c.obj (.text:_ltostr)
                  00005a35    00000001     --HOLE-- [fill = 0]
                  00005a36    0000009c                                   : memcpy_t2.asm.obj (.text)
                  00005ad2    00000096                                   : ull_div_t2.asm.obj (.text)
                  00005b68    00000086                                   : fd_cmp_t2.asm.obj (.text:__aeabi_cdcmple)
                  00005bee    00000086                                   : fd_cmp_t2.asm.obj (.text:__aeabi_cdrcmple)
                  00005c74    00000084     eeprom.obj (.text)
                  00005cf8    0000007a     rtsv7M4_T_le_v4SPD16_eabi.lib : memset_t2.asm.obj (.text)
                  00005d72    0000006e                                   : _printfi.c.obj (.text:_mcpy)
                  00005de0    0000006e                                   : fd_tos_t2.asm.obj (.text)
                  00005e4e    00000002     --HOLE-- [fill = 0]
                  00005e50    00000068                                   : sscanf.c.obj (.text:_chkmbc)
                  00005eb8    00000068                                   : copy_decompress_lzss.c.obj (.text:decompress:lzss:__TI_decompress_lzss)
                  00005f20    00000064                                   : s_frexp.c.obj (.text:frexp)
                  00005f84    00000056                                   : _printfi.c.obj (.text:_pconv_f)
                  00005fda    00000054                                   : _ltoa.c.obj (.text:__TI_ltoa)
                  0000602e    00000052                                   : _printfi.c.obj (.text:_ecpy)
                  00006080    0000004c                                   : atoi.c.obj (.text:atoi)
                  000060cc    0000004c                                   : snprintf.c.obj (.text:snprintf)
                  00006118    00000048                                   : fd_toi_t2.asm.obj (.text)
                  00006160    00000044                                   : autoinit.c.obj (.text:__TI_auto_init_nobinit_nopinit:__TI_auto_init_nobinit_nopinit)
                  000061a4    00000040                                   : strtok.c.obj (.text:strtok)
                  000061e4    0000003e                                   : _printfi.c.obj (.text:_fcpy)
                  00006222    00000002     --HOLE-- [fill = 0]
                  00006224    00000038                                   : sscanf.c.obj (.text:sscanf)
                  0000625c    00000034                                   : boot_cortex_m.c.obj (.text:_c_int00_noargs:_c_int00_noargs)
                  00006290    00000030                                   : snprintf.c.obj (.text:_outs)
                  000062c0    0000002e                                   : i_tofd_t2.asm.obj (.text)
                  000062ee    0000002a                                   : strspn.c.obj (.text:strspn)
                  00006318    00000024     mqtt.obj (.text)
                  0000633c    00000024     rtsv7M4_T_le_v4SPD16_eabi.lib : strcspn.c.obj (.text:strcspn)
                  00006360    00000024     wait.obj (.text)
                  00006384    0000001c     rtsv7M4_T_le_v4SPD16_eabi.lib : copy_zero_init.c.obj (.text:decompress:ZI:__TI_zero_init_nomemset:__TI_zero_init_nomemset)
                  000063a0    0000001c                                   : memccpy.c.obj (.text:memccpy)
                  000063bc    0000001a                                   : s_copysign.c.obj (.text:copysign)
                  000063d6    00000018                                   : snprintf.c.obj (.text:_outc)
                  000063ee    00000018                                   : ll_mul_t2.asm.obj (.text)
                  00006406    00000018                                   : strcmp.c.obj (.text:strcmp)
                  0000641e    00000018                                   : strrchr.c.obj (.text:strrchr)
                  00006436    00000016                                   : strchr.c.obj (.text:strchr)
                  0000644c    00000014                                   : strcpy.c.obj (.text:strcpy)
                  00006460    00000014                                   : strlen.c.obj (.text:strlen)
                  00006474    00000012                                   : sscanf.c.obj (.text:_inpchar)
                  00006486    00000012                                   : wcslen.c.obj (.text:wcslen)
                  00006498    00000010     clock.obj (.text)
                  000064a8    00000010     rtsv7M4_T_le_v4SPD16_eabi.lib : tolower.c.obj (.text:tolower)
                  000064b8    0000000e                                   : copy_decompress_none.c.obj (.text:decompress:none:__TI_decompress_none)
                  000064c6    0000000c     tm4c123gh6pm_startup_ccs.obj (.text)
                  000064d2    00000002     --HOLE-- [fill = 0]
                  000064d4    00000008     rtsv7M4_T_le_v4SPD16_eabi.lib : errno.c.obj (.text:__aeabi_errno_addr)
                  000064dc    00000008                                   : sscanf.c.obj (.text:_uninpchar)
                  000064e4    00000004                                   : pre_init.c.obj (.text:_system_pre_init)
                  000064e8    00000004                                   : exit.c.obj (.text:abort:abort)

.const     0    000064f0    000001e0     
                  000064f0    00000101     rtsv7M4_T_le_v4SPD16_eabi.lib : ctype.c.obj (.const:.string:_ctypes_)
                  000065f1    00000007     --HOLE-- [fill = 0]
                  000065f8    000000c8                                   : strtod.c.obj (.const:$O1$$)
                  000066c0    00000010                                   : _scanfi.c.obj (.const:$O1$$)

.cinit     0    000066d0    00000040     
                  000066d0    00000016     (.cinit..data.load) [load image, compression = lzss]
                  000066e6    00000002     --HOLE-- [fill = 0]
                  000066e8    0000000c     (__TI_handler_table)
                  000066f4    00000004     --HOLE-- [fill = 0]
                  000066f8    00000008     (.cinit..bss.load) [load image, compression = zero_init]
                  00006700    00000010     (__TI_cinit_table)

.init_array 
*          0    00000000    00000000     UNINITIALIZED

.bss       0    20001000    00000170     UNINITIALIZED
                  20001000    00000118     (.common:sockets)
                  20001118    00000054     (.common:strInput)
                  2000116c    00000004     (.common:token)

.data      0    20001170    0000003c     UNINITIALIZED
                  20001170    00000016     dhcp.obj (.data)
                  20001186    00000006     eth0.obj (.data:hwAddress)
                  2000118c    00000004     ip.obj (.data:ipAddress)
                  20001190    00000004     ip.obj (.data:ipDnsAddress)
                  20001194    00000004     ip.obj (.data:ipGwAddress)
                  20001198    00000004     ip.obj (.data:ipSubnetMask)
                  2000119c    00000004     ip.obj (.data:ipTimeServerAddress)
                  200011a0    00000004     rtsv7M4_T_le_v4SPD16_eabi.lib : errno.c.obj (.data)
                  200011a4    00000004                                   : strtok.c.obj (.data)
                  200011a8    00000003     eth0.obj (.data)
                  200011ab    00000001     ethernet.obj (.data)

.stack     0    20000000    00001000     UNINITIALIZED
                  20000000    00000004     rtsv7M4_T_le_v4SPD16_eabi.lib : boot_cortex_m.c.obj (.stack)
                  20000004    00000ffc     --HOLE--

__llvm_prf_cnts 
*          0    20000000    00000000     UNINITIALIZED

MODULE SUMMARY

       Module                         code    ro data   rw data
       ------                         ----    -------   -------
    ./
       ethernet.obj                   3156    0         89     
       gpio.obj                       2056    0         0      
       eth0.obj                       1812    0         9      
       ip.obj                         1196    0         20     
       dhcp.obj                       1004    0         22     
       socket.obj                     736     0         280    
       udp.obj                        718     0         0      
       tm4c123gh6pm_startup_ccs.obj   12      620       0      
       spi0.obj                       352     0         0      
       uart0.obj                      296     0         0      
       eeprom.obj                     132     0         0      
       mqtt.obj                       36      0         0      
       wait.obj                       36      0         0      
       clock.obj                      16      0         0      
    +--+------------------------------+-------+---------+---------+
       Total:                         11558   620       420    
                                                               
    /home/rolo/.local/share/ti/ccs1240/ccs/tools/compiler/ti-cgt-arm_20.2.7.LTS/lib/rtsv7M4_T_le_v4SPD16_eabi.lib
       _printfi.c.obj                 4851    0         0      
       _scanfi.c.obj                  2836    16        0      
       strtod.c.obj                   1120    200       0      
       strtoll.c.obj                  476     0         0      
       fd_add_t2.asm.obj              438     0         0      
       strtoull.c.obj                 348     0         0      
       fd_div_t2.asm.obj              310     0         0      
       strtol.c.obj                   304     0         0      
       s_scalbn.c.obj                 272     0         0      
       strtoul.c.obj                  272     0         0      
       fd_cmp_t2.asm.obj              268     0         0      
       ctype.c.obj                    0       257       0      
       fd_mul_t2.asm.obj              252     0         0      
       sscanf.c.obj                   186     0         0      
       memcpy_t2.asm.obj              156     0         0      
       ull_div_t2.asm.obj             150     0         0      
       snprintf.c.obj                 148     0         0      
       memset_t2.asm.obj              122     0         0      
       fd_tos_t2.asm.obj              110     0         0      
       copy_decompress_lzss.c.obj     104     0         0      
       s_frexp.c.obj                  100     0         0      
       _ltoa.c.obj                    84      0         0      
       atoi.c.obj                     76      0         0      
       fd_toi_t2.asm.obj              72      0         0      
       autoinit.c.obj                 68      0         0      
       strtok.c.obj                   64      0         4      
       boot_cortex_m.c.obj            52      0         0      
       i_tofd_t2.asm.obj              46      0         0      
       strspn.c.obj                   42      0         0      
       strcspn.c.obj                  36      0         0      
       copy_zero_init.c.obj           28      0         0      
       memccpy.c.obj                  28      0         0      
       s_copysign.c.obj               26      0         0      
       ll_mul_t2.asm.obj              24      0         0      
       strcmp.c.obj                   24      0         0      
       strrchr.c.obj                  24      0         0      
       strchr.c.obj                   22      0         0      
       strcpy.c.obj                   20      0         0      
       strlen.c.obj                   20      0         0      
       wcslen.c.obj                   18      0         0      
       tolower.c.obj                  16      0         0      
       copy_decompress_none.c.obj     14      0         0      
       errno.c.obj                    8       0         4      
       exit.c.obj                     4       0         0      
       pre_init.c.obj                 4       0         0      
       div0.asm.obj                   2       0         0      
    +--+------------------------------+-------+---------+---------+
       Total:                         13645   473       8      
                                                               
       Stack:                         0       0         4096   
       Linker Generated:              0       58        0      
    +--+------------------------------+-------+---------+---------+
       Grand Total:                   25203   1151      4524   


LINKER GENERATED COPY TABLES

__TI_cinit_table @ 00006700 records: 2, size/record: 8, table size: 16
	.data: load addr=000066d0, load size=00000016 bytes, run addr=20001170, run size=0000003c bytes, compression=lzss
	.bss: load addr=000066f8, load size=00000008 bytes, run addr=20001000, run size=00000170 bytes, compression=zero_init


LINKER GENERATED HANDLER TABLE

__TI_handler_table @ 000066e8 records: 3, size/record: 4, table size: 12
	index: 0, handler: __TI_decompress_lzss
	index: 1, handler: __TI_decompress_none
	index: 2, handler: __TI_zero_init


GLOBAL SYMBOLS: SORTED ALPHABETICALLY BY Name 

address   name                          
-------   ----                          
000064e9  C$$EXIT                       
000064c7  ResetISR                      
20001000  __STACK_END                   
00001000  __STACK_SIZE                  
20000200  __STACK_TOP                   
00006700  __TI_CINIT_Base               
00006710  __TI_CINIT_Limit              
000066e8  __TI_Handler_Table_Base       
000066f4  __TI_Handler_Table_Limit      
00006161  __TI_auto_init_nobinit_nopinit
00005eb9  __TI_decompress_lzss          
000064b9  __TI_decompress_none          
00005fdb  __TI_ltoa                     
ffffffff  __TI_pprof_out_hndl           
000019d5  __TI_printfi                  
ffffffff  __TI_prof_data_size           
ffffffff  __TI_prof_data_start          
00000ec1  __TI_scanfi                   
00000000  __TI_static_base__            
00006385  __TI_zero_init_nomemset       
00005b69  __aeabi_cdcmpeq               
00005b69  __aeabi_cdcmple               
00005bef  __aeabi_cdrcmple              
00005de1  __aeabi_d2f                   
00006119  __aeabi_d2iz                  
00004c0f  __aeabi_dadd                  
000051b5  __aeabi_ddiv                  
00005889  __aeabi_dmul                  
00004c05  __aeabi_dsub                  
000064d5  __aeabi_errno_addr            
000062c1  __aeabi_i2d                   
00002423  __aeabi_idiv0                 
00002423  __aeabi_ldiv0                 
000063ef  __aeabi_lmul                  
00005cf9  __aeabi_memclr                
00005cf9  __aeabi_memclr4               
00005cf9  __aeabi_memclr8               
00005a37  __aeabi_memcpy                
00005a37  __aeabi_memcpy4               
00005a37  __aeabi_memcpy8               
00005cfb  __aeabi_memset                
00005cfb  __aeabi_memset4               
00005cfb  __aeabi_memset8               
00005ad3  __aeabi_uldivmod              
ffffffff  __binit__                     
ffffffff  __c_args__                    
UNDEFED   __mpu_init                    
20000000  __stack                       
20000000  __start___llvm_prf_cnts       
20000000  __stop___llvm_prf_cnts        
0000625d  _c_int00_noargs               
000064f0  _ctypes_                      
UNDEFED   _system_post_cinit            
000064e5  _system_pre_init              
000064e9  abort                         
000006c3  asciiToUint8                  
00006081  atoi                          
ffffffff  binit                         
000037a7  calcIpChecksum                
00003c67  callbackDhcpGetNewAddressTimer
00003c7b  callbackDhcpIpConflictWindow  
00003c77  callbackDhcpLeaseEndTimer     
00003c6f  callbackDhcpT1HitTimer        
00003c6d  callbackDhcpT1PeriodicTimer   
00003c75  callbackDhcpT2HitTimer        
00003c73  callbackDhcpT2PeriodicTimer   
00002ceb  clearEtherReg                 
00002a79  clearPinInterrupt             
00006319  connectMqtt                   
000063bd  copysign                      
000063bd  copysignl                     
200011ab  count                         
000040db  deleteSocket                  
20001185  dhcpEnabled                   
20001184  dhcpState                     
00004029  disableDhcp                   
00002c43  disableEtherCs                
00002a55  disablePinInterrupt           
0000278d  disablePinPulldown            
00002745  disablePinPullup              
000024e1  disablePort                   
0000631b  disconnectMqtt                
20001180  discoverNeeded                
000002ad  displayConnectionInfo         
00004027  enableDhcp                    
00002c2d  enableEtherCs                 
00002a31  enablePinInterrupt            
00002769  enablePinPulldown             
00002717  enablePinPullup               
00002425  enablePort                    
200011a0  errno                         
00005f21  frexp                         
00005f21  frexpl                        
00000000  g_pfnVectors                  
00003c85  getDhcpLeaseSeconds           
00003fc3  getDhcpOption                 
00003c61  getDhcpState                  
00003247  getEtherId                    
000032e1  getEtherMacAddress            
00003021  getEtherPacket                
00003471  getIpAddress                  
00003775  getIpChecksum                 
000035cd  getIpDnsAddress               
00003559  getIpGatewayAddress           
000036b9  getIpMqttBrokerAddress        
000034e5  getIpSubnetMask               
00003641  getIpTimeServerAddress        
00002ae7  getPinValue                   
00002b9d  getPortValue                  
00004143  getSocketInfoFromArpResponse  
00004265  getSocketInfoFromTcpPacket    
000041bb  getSocketInfoFromUdpPacket    
000043c1  getUdpData                    
000054f3  getcUart0                     
00003ff3  handleDhcpAck                 
0000321b  htonl                         
000031f7  htons                         
20001186  hwAddress                     
00003253  incEtherId                    
00005c75  initEeprom                    
00002e37  initEther                     
0000026d  initHw                        
00004039  initSockets                   
00004dbd  initSpi0                      
00006499  initSystemClockTo40Mhz        
0000541d  initUart0                     
2000118c  ipAddress                     
20001183  ipConflictDetectionMode       
20001190  ipDnsAddress                  
20001194  ipGwAddress                   
20001198  ipSubnetMask                  
2000119c  ipTimeServerAddress           
00003fe5  isDhcpAck                     
00003ffd  isDhcpDiscoverNeeded          
0000402b  isDhcpEnabled                 
00003c7f  isDhcpIpConflictDetectionMode 
00003fd5  isDhcpOffer                   
00004005  isDhcpReleaseNeeded           
00004001  isDhcpRequestNeeded           
00003c8b  isDhcpResponse                
00002fd7  isEtherDataAvailable          
00003411  isEtherIpValid                
00002fbd  isEtherLinkUp                 
00002ff1  isEtherOverflow               
00003341  isIp                          
000033b1  isIpUnicast                   
00004319  isUdp                         
00005507  kbhitUart0                    
00005669  ldexp                         
00005669  ldexpl                        
20001174  leaseSeconds                  
20001178  leaseT1                       
2000117c  leaseT2                       
00000cdd  main                          
000063a1  memccpy                       
00005a37  memcpy                        
00005d01  memset                        
00004071  newSocket                     
200011a8  nextPacketLsb                 
200011a9  nextPacketMsb                 
0000401d  processDhcpArpResponse        
00004013  processDhcpResponse           
0000076d  processShell                  
0000631d  publishMqtt                   
00003111  putEtherPacket                
000054ab  putcUart0                     
000054c7  putsUart0                     
00000603  readConfiguration             
00005cbd  readEeprom                    
00002e1f  readEtherMem                  
00002d73  readEtherPhy                  
00002c85  readEtherReg                  
00004ef5  readSpi0Data                  
00003c71  rebindDhcp                    
00003c79  releaseDhcp                   
20001182  releaseNeeded                 
00003c6b  renewDhcp                     
00003c7d  requestDhcpIpConflictTest     
00003c69  requestDhcpNewAddress         
20001181  requestNeeded                 
00005669  scalbn                        
00005669  scalbnl                       
0000264b  selectPinAnalogInput          
000025fd  selectPinDigitalInput         
00002967  selectPinInterruptBothEdges   
00002917  selectPinInterruptFallingEdge 
000029bd  selectPinInterruptHighLevel   
000029f7  selectPinInterruptLowLevel    
000028c7  selectPinInterruptRisingEdge  
000025af  selectPinOpenDrainOutput      
00002561  selectPinPushPullOutput       
00003ca5  sendDhcpMessage               
00004009  sendDhcpPendingMessages       
000043ed  sendUdpMessage                
200011aa  sequenceId                    
00003c4d  setDhcpState                  
00002d1f  setEtherBank                  
0000325d  setEtherMacAddress            
00002cb7  setEtherReg                   
00003437  setIpAddress                  
00003593  setIpDnsAddress               
0000351f  setIpGatewayAddress           
0000367b  setIpMqttBrokerAddress        
000034ab  setIpSubnetMask               
00003607  setIpTimeServerAddress        
000027b5  setPinAuxFunction             
0000269b  setPinCommitControl           
00002a9d  setPinValue                   
00002b25  setPortValue                  
00004e59  setSpi0BaudRate               
00004e8f  setSpi0Mode                   
00005467  setUart0BaudRate              
000060cd  snprintf                      
20001000  sockets                       
00006225  sscanf                        
00002e0d  startEtherMemRead             
00002ddf  startEtherMemWrite            
00002e2f  stopEtherMemRead              
00002e05  stopEtherMemWrite             
20001118  strInput                      
00006437  strchr                        
00006407  strcmp                        
0000644d  strcpy                        
0000633d  strcspn                       
00006461  strlen                        
0000641f  strrchr                       
000062ef  strspn                        
000037ed  strtod                        
000061a5  strtok                        
000052ed  strtol                        
000037ed  strtold                       
00004859  strtoll                       
00005779  strtoul                       
00004f1d  strtoull                      
00006329  subscribeMqtt                 
00003701  sumIpWords                    
00002ac3  togglePinValue                
2000116c  token                         
000064a9  tolower                       
00006333  unsubscribeMqtt               
00006361  waitMicrosecond               
00006487  wcslen                        
00005c8b  writeEeprom                   
00002df1  writeEtherMem                 
00002d3b  writeEtherPhy                 
00002c51  writeEtherReg                 
00004edd  writeSpi0Data                 
20001170  xid                           


GLOBAL SYMBOLS: SORTED BY Symbol Address 

address   name                          
-------   ----                          
00000000  __TI_static_base__            
00000000  g_pfnVectors                  
0000026d  initHw                        
000002ad  displayConnectionInfo         
00000603  readConfiguration             
000006c3  asciiToUint8                  
0000076d  processShell                  
00000cdd  main                          
00000ec1  __TI_scanfi                   
00001000  __STACK_SIZE                  
000019d5  __TI_printfi                  
00002423  __aeabi_idiv0                 
00002423  __aeabi_ldiv0                 
00002425  enablePort                    
000024e1  disablePort                   
00002561  selectPinPushPullOutput       
000025af  selectPinOpenDrainOutput      
000025fd  selectPinDigitalInput         
0000264b  selectPinAnalogInput          
0000269b  setPinCommitControl           
00002717  enablePinPullup               
00002745  disablePinPullup              
00002769  enablePinPulldown             
0000278d  disablePinPulldown            
000027b5  setPinAuxFunction             
000028c7  selectPinInterruptRisingEdge  
00002917  selectPinInterruptFallingEdge 
00002967  selectPinInterruptBothEdges   
000029bd  selectPinInterruptHighLevel   
000029f7  selectPinInterruptLowLevel    
00002a31  enablePinInterrupt            
00002a55  disablePinInterrupt           
00002a79  clearPinInterrupt             
00002a9d  setPinValue                   
00002ac3  togglePinValue                
00002ae7  getPinValue                   
00002b25  setPortValue                  
00002b9d  getPortValue                  
00002c2d  enableEtherCs                 
00002c43  disableEtherCs                
00002c51  writeEtherReg                 
00002c85  readEtherReg                  
00002cb7  setEtherReg                   
00002ceb  clearEtherReg                 
00002d1f  setEtherBank                  
00002d3b  writeEtherPhy                 
00002d73  readEtherPhy                  
00002ddf  startEtherMemWrite            
00002df1  writeEtherMem                 
00002e05  stopEtherMemWrite             
00002e0d  startEtherMemRead             
00002e1f  readEtherMem                  
00002e2f  stopEtherMemRead              
00002e37  initEther                     
00002fbd  isEtherLinkUp                 
00002fd7  isEtherDataAvailable          
00002ff1  isEtherOverflow               
00003021  getEtherPacket                
00003111  putEtherPacket                
000031f7  htons                         
0000321b  htonl                         
00003247  getEtherId                    
00003253  incEtherId                    
0000325d  setEtherMacAddress            
000032e1  getEtherMacAddress            
00003341  isIp                          
000033b1  isIpUnicast                   
00003411  isEtherIpValid                
00003437  setIpAddress                  
00003471  getIpAddress                  
000034ab  setIpSubnetMask               
000034e5  getIpSubnetMask               
0000351f  setIpGatewayAddress           
00003559  getIpGatewayAddress           
00003593  setIpDnsAddress               
000035cd  getIpDnsAddress               
00003607  setIpTimeServerAddress        
00003641  getIpTimeServerAddress        
0000367b  setIpMqttBrokerAddress        
000036b9  getIpMqttBrokerAddress        
00003701  sumIpWords                    
00003775  getIpChecksum                 
000037a7  calcIpChecksum                
000037ed  strtod                        
000037ed  strtold                       
00003c4d  setDhcpState                  
00003c61  getDhcpState                  
00003c67  callbackDhcpGetNewAddressTimer
00003c69  requestDhcpNewAddress         
00003c6b  renewDhcp                     
00003c6d  callbackDhcpT1PeriodicTimer   
00003c6f  callbackDhcpT1HitTimer        
00003c71  rebindDhcp                    
00003c73  callbackDhcpT2PeriodicTimer   
00003c75  callbackDhcpT2HitTimer        
00003c77  callbackDhcpLeaseEndTimer     
00003c79  releaseDhcp                   
00003c7b  callbackDhcpIpConflictWindow  
00003c7d  requestDhcpIpConflictTest     
00003c7f  isDhcpIpConflictDetectionMode 
00003c85  getDhcpLeaseSeconds           
00003c8b  isDhcpResponse                
00003ca5  sendDhcpMessage               
00003fc3  getDhcpOption                 
00003fd5  isDhcpOffer                   
00003fe5  isDhcpAck                     
00003ff3  handleDhcpAck                 
00003ffd  isDhcpDiscoverNeeded          
00004001  isDhcpRequestNeeded           
00004005  isDhcpReleaseNeeded           
00004009  sendDhcpPendingMessages       
00004013  processDhcpResponse           
0000401d  processDhcpArpResponse        
00004027  enableDhcp                    
00004029  disableDhcp                   
0000402b  isDhcpEnabled                 
00004039  initSockets                   
00004071  newSocket                     
000040db  deleteSocket                  
00004143  getSocketInfoFromArpResponse  
000041bb  getSocketInfoFromUdpPacket    
00004265  getSocketInfoFromTcpPacket    
00004319  isUdp                         
000043c1  getUdpData                    
000043ed  sendUdpMessage                
00004859  strtoll                       
00004c05  __aeabi_dsub                  
00004c0f  __aeabi_dadd                  
00004dbd  initSpi0                      
00004e59  setSpi0BaudRate               
00004e8f  setSpi0Mode                   
00004edd  writeSpi0Data                 
00004ef5  readSpi0Data                  
00004f1d  strtoull                      
000051b5  __aeabi_ddiv                  
000052ed  strtol                        
0000541d  initUart0                     
00005467  setUart0BaudRate              
000054ab  putcUart0                     
000054c7  putsUart0                     
000054f3  getcUart0                     
00005507  kbhitUart0                    
00005669  ldexp                         
00005669  ldexpl                        
00005669  scalbn                        
00005669  scalbnl                       
00005779  strtoul                       
00005889  __aeabi_dmul                  
00005a37  __aeabi_memcpy                
00005a37  __aeabi_memcpy4               
00005a37  __aeabi_memcpy8               
00005a37  memcpy                        
00005ad3  __aeabi_uldivmod              
00005b69  __aeabi_cdcmpeq               
00005b69  __aeabi_cdcmple               
00005bef  __aeabi_cdrcmple              
00005c75  initEeprom                    
00005c8b  writeEeprom                   
00005cbd  readEeprom                    
00005cf9  __aeabi_memclr                
00005cf9  __aeabi_memclr4               
00005cf9  __aeabi_memclr8               
00005cfb  __aeabi_memset                
00005cfb  __aeabi_memset4               
00005cfb  __aeabi_memset8               
00005d01  memset                        
00005de1  __aeabi_d2f                   
00005eb9  __TI_decompress_lzss          
00005f21  frexp                         
00005f21  frexpl                        
00005fdb  __TI_ltoa                     
00006081  atoi                          
000060cd  snprintf                      
00006119  __aeabi_d2iz                  
00006161  __TI_auto_init_nobinit_nopinit
000061a5  strtok                        
00006225  sscanf                        
0000625d  _c_int00_noargs               
000062c1  __aeabi_i2d                   
000062ef  strspn                        
00006319  connectMqtt                   
0000631b  disconnectMqtt                
0000631d  publishMqtt                   
00006329  subscribeMqtt                 
00006333  unsubscribeMqtt               
0000633d  strcspn                       
00006361  waitMicrosecond               
00006385  __TI_zero_init_nomemset       
000063a1  memccpy                       
000063bd  copysign                      
000063bd  copysignl                     
000063ef  __aeabi_lmul                  
00006407  strcmp                        
0000641f  strrchr                       
00006437  strchr                        
0000644d  strcpy                        
00006461  strlen                        
00006487  wcslen                        
00006499  initSystemClockTo40Mhz        
000064a9  tolower                       
000064b9  __TI_decompress_none          
000064c7  ResetISR                      
000064d5  __aeabi_errno_addr            
000064e5  _system_pre_init              
000064e9  C$$EXIT                       
000064e9  abort                         
000064f0  _ctypes_                      
000066e8  __TI_Handler_Table_Base       
000066f4  __TI_Handler_Table_Limit      
00006700  __TI_CINIT_Base               
00006710  __TI_CINIT_Limit              
20000000  __stack                       
20000000  __start___llvm_prf_cnts       
20000000  __stop___llvm_prf_cnts        
20000200  __STACK_TOP                   
20001000  __STACK_END                   
20001000  sockets                       
20001118  strInput                      
2000116c  token                         
20001170  xid                           
20001174  leaseSeconds                  
20001178  leaseT1                       
2000117c  leaseT2                       
20001180  discoverNeeded                
20001181  requestNeeded                 
20001182  releaseNeeded                 
20001183  ipConflictDetectionMode       
20001184  dhcpState                     
20001185  dhcpEnabled                   
20001186  hwAddress                     
2000118c  ipAddress                     
20001190  ipDnsAddress                  
20001194  ipGwAddress                   
20001198  ipSubnetMask                  
2000119c  ipTimeServerAddress           
200011a0  errno                         
200011a8  nextPacketLsb                 
200011a9  nextPacketMsb                 
200011aa  sequenceId                    
200011ab  count                         
ffffffff  __TI_pprof_out_hndl           
ffffffff  __TI_prof_data_size           
ffffffff  __TI_prof_data_start          
ffffffff  __binit__                     
ffffffff  __c_args__                    
ffffffff  binit                         
UNDEFED   __mpu_init                    
UNDEFED   _system_post_cinit            

[248 symbols]
