******************************************************************************
                  TI ARM Linker Unix v20.2.7                   
******************************************************************************
>> Linked Thu Apr 18 18:32:30 2024

OUTPUT FILE NAME:   <4352_Project-1.out>
ENTRY POINT SYMBOL: "_c_int00_noargs"  address: 0000777d


MEMORY CONFIGURATION

         name            origin    length      used     unused   attr    fill
----------------------  --------  ---------  --------  --------  ----  --------
  FLASH                 00000000   00040000  00007c34  000383cc  R  X
  SRAM                  20000000   00008000  00001253  00006dad  RW X


SEGMENT ALLOCATION MAP

run origin  load origin   length   init length attrs members
----------  ----------- ---------- ----------- ----- -------
00000000    00000000    00007c38   00007c38    r-x
  00000000    00000000    0000026c   0000026c    r-- .intvecs
  0000026c    0000026c    000077a0   000077a0    r-x .text
  00007a10    00007a10    000001e0   000001e0    r-- .const
  00007bf0    00007bf0    00000048   00000048    r-- .cinit
20000000    20000000    00001253   00000000    rw-
  20000000    20000000    00001000   00000000    rw- .stack
  20001000    20001000    00000210   00000000    rw- .bss
  20001210    20001210    00000043   00000000    rw- .data


SECTION ALLOCATION MAP

 output                                  attributes/
section   page    origin      length       input sections
--------  ----  ----------  ----------   ----------------
.intvecs   0    00000000    0000026c     
                  00000000    0000026c     tm4c123gh6pm_startup_ccs.obj (.intvecs)

.text      0    0000026c    000077a0     
                  0000026c    00000fd4     dhcp.obj (.text)
                  00001240    00000d4c     ethernet.obj (.text)
                  00001f8c    00000b14     rtsv7M4_T_le_v4SPD16_eabi.lib : _scanfi.c.obj (.text:__TI_scanfi)
                  00002aa0    00000a4e                                   : _printfi.c.obj (.text:__TI_printfi)
                  000034ee    00000002                                   : div0.asm.obj (.text)
                  000034f0    00000808     gpio.obj (.text)
                  00003cf8    00000714     eth0.obj (.text)
                  0000440c    000004ac     ip.obj (.text)
                  000048b8    00000460     rtsv7M4_T_le_v4SPD16_eabi.lib : strtod.c.obj (.text:strtod)
                  00004d18    00000338     timer.obj (.text)
                  00005050    000002f4     arp.obj (.text)
                  00005344    000002e0     socket.obj (.text)
                  00005624    000002ce     udp.obj (.text)
                  000058f2    00000002     --HOLE-- [fill = 0]
                  000058f4    00000270     rtsv7M4_T_le_v4SPD16_eabi.lib : _printfi.c.obj (.text:_pconv_a)
                  00005b64    000001dc                                   : strtoll.c.obj (.text:strtoll)
                  00005d40    000001d0                                   : _printfi.c.obj (.text:_pconv_g)
                  00005f10    000001b6                                   : fd_add_t2.asm.obj (.text)
                  000060c6    00000160     icmp.obj (.text)
                  00006226    00000002     --HOLE-- [fill = 0]
                  00006228    00000160     spi0.obj (.text)
                  00006388    0000015c     rtsv7M4_T_le_v4SPD16_eabi.lib : strtoull.c.obj (.text:strtoull)
                  000064e4    0000013c                                   : _printfi.c.obj (.text:_pconv_e)
                  00006620    00000136                                   : fd_div_t2.asm.obj (.text)
                  00006756    00000002     --HOLE-- [fill = 0]
                  00006758    00000130                                   : strtol.c.obj (.text:strtol)
                  00006888    00000128     uart0.obj (.text)
                  000069b0    00000124     rtsv7M4_T_le_v4SPD16_eabi.lib : _printfi.c.obj (.text:fcvt)
                  00006ad4    00000110                                   : s_scalbn.c.obj (.text:scalbn)
                  00006be4    00000110                                   : strtoul.c.obj (.text:strtoul)
                  00006cf4    000000fc                                   : fd_mul_t2.asm.obj (.text)
                  00006df0    000000b4     tcp.obj (.text)
                  00006ea4    000000b1     rtsv7M4_T_le_v4SPD16_eabi.lib : _printfi.c.obj (.text:_ltostr)
                  00006f55    00000001     --HOLE-- [fill = 0]
                  00006f56    0000009c                                   : memcpy_t2.asm.obj (.text)
                  00006ff2    00000096                                   : ull_div_t2.asm.obj (.text)
                  00007088    00000086                                   : fd_cmp_t2.asm.obj (.text:__aeabi_cdcmple)
                  0000710e    00000086                                   : fd_cmp_t2.asm.obj (.text:__aeabi_cdrcmple)
                  00007194    00000084     eeprom.obj (.text)
                  00007218    0000007a     rtsv7M4_T_le_v4SPD16_eabi.lib : memset_t2.asm.obj (.text)
                  00007292    0000006e                                   : _printfi.c.obj (.text:_mcpy)
                  00007300    0000006e                                   : fd_tos_t2.asm.obj (.text)
                  0000736e    00000002     --HOLE-- [fill = 0]
                  00007370    00000068                                   : sscanf.c.obj (.text:_chkmbc)
                  000073d8    00000068                                   : copy_decompress_lzss.c.obj (.text:decompress:lzss:__TI_decompress_lzss)
                  00007440    00000064                                   : s_frexp.c.obj (.text:frexp)
                  000074a4    00000056                                   : _printfi.c.obj (.text:_pconv_f)
                  000074fa    00000054                                   : _ltoa.c.obj (.text:__TI_ltoa)
                  0000754e    00000052                                   : _printfi.c.obj (.text:_ecpy)
                  000075a0    0000004c                                   : atoi.c.obj (.text:atoi)
                  000075ec    0000004c                                   : snprintf.c.obj (.text:snprintf)
                  00007638    00000048                                   : fd_toi_t2.asm.obj (.text)
                  00007680    00000044                                   : autoinit.c.obj (.text:__TI_auto_init_nobinit_nopinit:__TI_auto_init_nobinit_nopinit)
                  000076c4    00000040                                   : strtok.c.obj (.text:strtok)
                  00007704    0000003e                                   : _printfi.c.obj (.text:_fcpy)
                  00007742    00000002     --HOLE-- [fill = 0]
                  00007744    00000038                                   : sscanf.c.obj (.text:sscanf)
                  0000777c    00000034                                   : boot_cortex_m.c.obj (.text:_c_int00_noargs:_c_int00_noargs)
                  000077b0    00000030                                   : snprintf.c.obj (.text:_outs)
                  000077e0    0000002e                                   : i_tofd_t2.asm.obj (.text)
                  0000780e    0000002a                                   : strspn.c.obj (.text:strspn)
                  00007838    00000024     mqtt.obj (.text)
                  0000785c    00000024     rtsv7M4_T_le_v4SPD16_eabi.lib : strcspn.c.obj (.text:strcspn)
                  00007880    00000024     wait.obj (.text)
                  000078a4    0000001c     rtsv7M4_T_le_v4SPD16_eabi.lib : copy_zero_init.c.obj (.text:decompress:ZI:__TI_zero_init_nomemset:__TI_zero_init_nomemset)
                  000078c0    0000001c                                   : memccpy.c.obj (.text:memccpy)
                  000078dc    0000001a                                   : s_copysign.c.obj (.text:copysign)
                  000078f6    00000018                                   : snprintf.c.obj (.text:_outc)
                  0000790e    00000018                                   : ll_mul_t2.asm.obj (.text)
                  00007926    00000018                                   : strcmp.c.obj (.text:strcmp)
                  0000793e    00000018                                   : strrchr.c.obj (.text:strrchr)
                  00007956    00000016                                   : strchr.c.obj (.text:strchr)
                  0000796c    00000014                                   : strcpy.c.obj (.text:strcpy)
                  00007980    00000014                                   : strlen.c.obj (.text:strlen)
                  00007994    00000012                                   : sscanf.c.obj (.text:_inpchar)
                  000079a6    00000012                                   : wcslen.c.obj (.text:wcslen)
                  000079b8    00000010     clock.obj (.text)
                  000079c8    00000010     rtsv7M4_T_le_v4SPD16_eabi.lib : tolower.c.obj (.text:tolower)
                  000079d8    0000000e                                   : copy_decompress_none.c.obj (.text:decompress:none:__TI_decompress_none)
                  000079e6    0000000c     tm4c123gh6pm_startup_ccs.obj (.text)
                  000079f2    00000002     --HOLE-- [fill = 0]
                  000079f4    00000008     rtsv7M4_T_le_v4SPD16_eabi.lib : errno.c.obj (.text:__aeabi_errno_addr)
                  000079fc    00000008                                   : sscanf.c.obj (.text:_uninpchar)
                  00007a04    00000004                                   : pre_init.c.obj (.text:_system_pre_init)
                  00007a08    00000004                                   : exit.c.obj (.text:abort:abort)

.const     0    00007a10    000001e0     
                  00007a10    00000101     rtsv7M4_T_le_v4SPD16_eabi.lib : ctype.c.obj (.const:.string:_ctypes_)
                  00007b11    00000007     --HOLE-- [fill = 0]
                  00007b18    000000c8                                   : strtod.c.obj (.const:$O1$$)
                  00007be0    00000010                                   : _scanfi.c.obj (.const:$O1$$)

.cinit     0    00007bf0    00000048     
                  00007bf0    00000020     (.cinit..data.load) [load image, compression = lzss]
                  00007c10    0000000c     (__TI_handler_table)
                  00007c1c    00000004     --HOLE-- [fill = 0]
                  00007c20    00000008     (.cinit..bss.load) [load image, compression = zero_init]
                  00007c28    00000010     (__TI_cinit_table)

.init_array 
*          0    00000000    00000000     UNINITIALIZED

.bss       0    20001000    00000210     UNINITIALIZED
                  20001000    00000118     (.common:sockets)
                  20001118    00000054     (.common:strInput)
                  2000116c    00000028     (.common:fn)
                  20001194    00000028     (.common:period)
                  200011bc    00000028     (.common:ticks)
                  200011e4    0000000c     (.common:reload)
                  200011f0    00000004     (.common:dhcpOfferedIpAdd)
                  200011f4    00000004     (.common:dhcpServerIpAdd)
                  200011f8    00000004     (.common:tcpState)
                  200011fc    00000004     (.common:tempDns)
                  20001200    00000004     (.common:tempGw)
                  20001204    00000004     (.common:tempLs)
                  20001208    00000004     (.common:tempSub)
                  2000120c    00000004     (.common:token)

.data      0    20001210    00000043     UNINITIALIZED
                  20001210    0000001c     dhcp.obj (.data)
                  2000122c    00000006     eth0.obj (.data:hwAddress)
                  20001232    00000004     ip.obj (.data:ipAddress)
                  20001236    00000004     ip.obj (.data:ipDnsAddress)
                  2000123a    00000004     ip.obj (.data:ipGwAddress)
                  2000123e    00000004     ip.obj (.data:ipSubnetMask)
                  20001242    00000004     ip.obj (.data:ipTimeServerAddress)
                  20001246    00000001     ethernet.obj (.data)
                  20001247    00000001     --HOLE--
                  20001248    00000004     rtsv7M4_T_le_v4SPD16_eabi.lib : errno.c.obj (.data)
                  2000124c    00000004                                   : strtok.c.obj (.data)
                  20001250    00000003     eth0.obj (.data)

.stack     0    20000000    00001000     UNINITIALIZED
                  20000000    00000004     rtsv7M4_T_le_v4SPD16_eabi.lib : boot_cortex_m.c.obj (.stack)
                  20000004    00000ffc     --HOLE--

__llvm_prf_cnts 
*          0    20000000    00000000     UNINITIALIZED

MODULE SUMMARY

       Module                         code    ro data   rw data
       ------                         ----    -------   -------
    ./
       dhcp.obj                       4052    0         52     
       ethernet.obj                   3404    0         89     
       gpio.obj                       2056    0         0      
       eth0.obj                       1812    0         9      
       ip.obj                         1196    0         20     
       socket.obj                     736     0         280    
       timer.obj                      824     0         132    
       arp.obj                        756     0         0      
       udp.obj                        718     0         0      
       tm4c123gh6pm_startup_ccs.obj   12      620       0      
       icmp.obj                       352     0         0      
       spi0.obj                       352     0         0      
       uart0.obj                      296     0         0      
       tcp.obj                        180     0         4      
       eeprom.obj                     132     0         0      
       mqtt.obj                       36      0         0      
       wait.obj                       36      0         0      
       clock.obj                      16      0         0      
    +--+------------------------------+-------+---------+---------+
       Total:                         16966   620       586    
                                                               
    /home/rolo/.local/share/ti/ccs1240/ccs/tools/compiler/ti-cgt-arm_20.2.7.LTS/lib/rtsv7M4_T_le_v4SPD16_eabi.lib
       _printfi.c.obj                 4851    0         0      
       _scanfi.c.obj                  2836    16        0      
       strtod.c.obj                   1120    200       0      
       strtoll.c.obj                  476     0         0      
       fd_add_t2.asm.obj              438     0         0      
       strtoull.c.obj                 348     0         0      
       fd_div_t2.asm.obj              310     0         0      
       strtol.c.obj                   304     0         0      
       s_scalbn.c.obj                 272     0         0      
       strtoul.c.obj                  272     0         0      
       fd_cmp_t2.asm.obj              268     0         0      
       ctype.c.obj                    0       257       0      
       fd_mul_t2.asm.obj              252     0         0      
       sscanf.c.obj                   186     0         0      
       memcpy_t2.asm.obj              156     0         0      
       ull_div_t2.asm.obj             150     0         0      
       snprintf.c.obj                 148     0         0      
       memset_t2.asm.obj              122     0         0      
       fd_tos_t2.asm.obj              110     0         0      
       copy_decompress_lzss.c.obj     104     0         0      
       s_frexp.c.obj                  100     0         0      
       _ltoa.c.obj                    84      0         0      
       atoi.c.obj                     76      0         0      
       fd_toi_t2.asm.obj              72      0         0      
       autoinit.c.obj                 68      0         0      
       strtok.c.obj                   64      0         4      
       boot_cortex_m.c.obj            52      0         0      
       i_tofd_t2.asm.obj              46      0         0      
       strspn.c.obj                   42      0         0      
       strcspn.c.obj                  36      0         0      
       copy_zero_init.c.obj           28      0         0      
       memccpy.c.obj                  28      0         0      
       s_copysign.c.obj               26      0         0      
       ll_mul_t2.asm.obj              24      0         0      
       strcmp.c.obj                   24      0         0      
       strrchr.c.obj                  24      0         0      
       strchr.c.obj                   22      0         0      
       strcpy.c.obj                   20      0         0      
       strlen.c.obj                   20      0         0      
       wcslen.c.obj                   18      0         0      
       tolower.c.obj                  16      0         0      
       copy_decompress_none.c.obj     14      0         0      
       errno.c.obj                    8       0         4      
       exit.c.obj                     4       0         0      
       pre_init.c.obj                 4       0         0      
       div0.asm.obj                   2       0         0      
    +--+------------------------------+-------+---------+---------+
       Total:                         13645   473       8      
                                                               
       Stack:                         0       0         4096   
       Linker Generated:              0       68        0      
    +--+------------------------------+-------+---------+---------+
       Grand Total:                   30611   1161      4690   


LINKER GENERATED COPY TABLES

__TI_cinit_table @ 00007c28 records: 2, size/record: 8, table size: 16
	.data: load addr=00007bf0, load size=00000020 bytes, run addr=20001210, run size=00000043 bytes, compression=lzss
	.bss: load addr=00007c20, load size=00000008 bytes, run addr=20001000, run size=00000210 bytes, compression=zero_init


LINKER GENERATED HANDLER TABLE

__TI_handler_table @ 00007c10 records: 3, size/record: 4, table size: 12
	index: 0, handler: __TI_decompress_lzss
	index: 1, handler: __TI_decompress_none
	index: 2, handler: __TI_zero_init


GLOBAL SYMBOLS: SORTED ALPHABETICALLY BY Name 

address   name                          
-------   ----                          
00007a09  C$$EXIT                       
000079e7  ResetISR                      
20001000  __STACK_END                   
00001000  __STACK_SIZE                  
20000200  __STACK_TOP                   
00007c28  __TI_CINIT_Base               
00007c38  __TI_CINIT_Limit              
00007c10  __TI_Handler_Table_Base       
00007c1c  __TI_Handler_Table_Limit      
00007681  __TI_auto_init_nobinit_nopinit
000073d9  __TI_decompress_lzss          
000079d9  __TI_decompress_none          
000074fb  __TI_ltoa                     
ffffffff  __TI_pprof_out_hndl           
00002aa1  __TI_printfi                  
ffffffff  __TI_prof_data_size           
ffffffff  __TI_prof_data_start          
00001f8d  __TI_scanfi                   
00000000  __TI_static_base__            
000078a5  __TI_zero_init_nomemset       
00007089  __aeabi_cdcmpeq               
00007089  __aeabi_cdcmple               
0000710f  __aeabi_cdrcmple              
00007301  __aeabi_d2f                   
00007639  __aeabi_d2iz                  
00005f1b  __aeabi_dadd                  
00006621  __aeabi_ddiv                  
00006cf5  __aeabi_dmul                  
00005f11  __aeabi_dsub                  
000079f5  __aeabi_errno_addr            
000077e1  __aeabi_i2d                   
000034ef  __aeabi_idiv0                 
000034ef  __aeabi_ldiv0                 
0000790f  __aeabi_lmul                  
00007219  __aeabi_memclr                
00007219  __aeabi_memclr4               
00007219  __aeabi_memclr8               
00006f57  __aeabi_memcpy                
00006f57  __aeabi_memcpy4               
00006f57  __aeabi_memcpy8               
0000721b  __aeabi_memset                
0000721b  __aeabi_memset4               
0000721b  __aeabi_memset8               
00006ff3  __aeabi_uldivmod              
ffffffff  __binit__                     
ffffffff  __c_args__                    
UNDEFED   __mpu_init                    
20000000  __stack                       
20000000  __start___llvm_prf_cnts       
20000000  __stop___llvm_prf_cnts        
0000777d  _c_int00_noargs               
00007a10  _ctypes_                      
UNDEFED   _system_post_cinit            
00007a05  _system_pre_init              
00007a09  abort                         
00000413  applyDhcpAckValues            
00001697  asciiToUint8                  
000075a1  atoi                          
ffffffff  binit                         
00004873  calcIpChecksum                
000002c9  callbackDhcpGetNewAddressTimer
00000453  callbackDhcpIpConflictWindow  
00000341  callbackDhcpLeaseEndTimer     
0000030b  callbackDhcpT1HitTimer        
000002eb  callbackDhcpT1PeriodicTimer   
00000339  callbackDhcpT2HitTimer        
00000313  callbackDhcpT2PeriodicTimer   
00003db7  clearEtherReg                 
00003b45  clearPinInterrupt             
00007839  connectMqtt                   
000078dd  copysign                      
000078dd  copysignl                     
20001246  count                         
0000026d  debugLed                      
000053e7  deleteSocket                  
20001226  dhcpEnabled                   
200011f0  dhcpOfferedIpAdd              
200011f4  dhcpServerIpAdd               
20001225  dhcpState                     
00001205  disableDhcp                   
00003d0f  disableEtherCs                
00003b21  disablePinInterrupt           
00003859  disablePinPulldown            
00003811  disablePinPullup              
000035ad  disablePort                   
0000783b  disconnectMqtt                
20001220  discoverNeeded                
00001281  displayConnectionInfo         
000011f9  enableDhcp                    
00003cf9  enableEtherCs                 
00003afd  enablePinInterrupt            
00003835  enablePinPulldown             
000037e3  enablePinPullup               
000034f1  enablePort                    
20001248  errno                         
2000116c  fn                            
00007441  frexp                         
00007441  frexpl                        
00000000  g_pfnVectors                  
00000485  getDhcpLeaseSeconds           
00000d6d  getDhcpOption                 
000002c3  getDhcpState                  
00004313  getEtherId                    
000043ad  getEtherMacAddress            
000040ed  getEtherPacket                
0000453d  getIpAddress                  
00004841  getIpChecksum                 
00004699  getIpDnsAddress               
00004625  getIpGatewayAddress           
00004785  getIpMqttBrokerAddress        
000045b1  getIpSubnetMask               
0000470d  getIpTimeServerAddress        
00003bb3  getPinValue                   
00003c69  getPortValue                  
0000544f  getSocketInfoFromArpResponse  
00005571  getSocketInfoFromTcpPacket    
000054c7  getSocketInfoFromUdpPacket    
00006e0d  getTcpState                   
000056cd  getUdpData                    
0000695f  getcUart0                     
00000e9d  handleDhcpAck                 
000042e7  htonl                         
000042c3  htons                         
2000122c  hwAddress                     
0000431f  incEtherId                    
00007195  initEeprom                    
00003f03  initEther                     
00001241  initHw                        
00005345  initSockets                   
00006229  initSpi0                      
000079b9  initSystemClockTo40Mhz        
00004d19  initTimer                     
00006889  initUart0                     
20001232  ipAddress                     
20001224  ipConflictDetectionMode       
20001236  ipDnsAddress                  
2000123a  ipGwAddress                   
2000123e  ipSubnetMask                  
20001242  ipTimeServerAddress           
00005051  isArpRequest                  
000050f5  isArpResponse                 
00000e55  isDhcpAck                     
00000f4f  isDhcpDiscoverNeeded          
00001211  isDhcpEnabled                 
0000047f  isDhcpIpConflictDetectionMode 
00000dd5  isDhcpOffer                   
00000f5b  isDhcpReleaseNeeded           
00000f55  isDhcpRequestNeeded           
0000048b  isDhcpResponse                
000040a3  isEtherDataAvailable          
000044dd  isEtherIpValid                
00004089  isEtherLinkUp                 
000040bd  isEtherOverflow               
0000440d  isIp                          
0000447d  isIpUnicast                   
000060c7  isPingRequest                 
00006e21  isTcp                         
00006e39  isTcpAck                      
00006e71  isTcpPortOpen                 
00006e2d  isTcpSyn                      
00005625  isUdp                         
00006973  kbhitUart0                    
00006ad5  ldexp                         
00006ad5  ldexpl                        
20001214  leaseSeconds                  
20001218  leaseT1                       
2000121c  leaseT2                       
00001cc9  main                          
000078c1  memccpy                       
00006f57  memcpy                        
00007221  memset                        
0000537d  newSocket                     
20001250  nextPacketLsb                 
20001251  nextPacketMsb                 
20001194  period                        
00001101  processDhcpArpResponse        
000010ef  processDhcpResponse           
00001741  processShell                  
00006e59  processTcpArpResponse         
00006e4f  processTcpResponse            
0000783d  publishMqtt                   
000041dd  putEtherPacket                
00006917  putcUart0                     
00006933  putsUart0                     
00005013  random32                      
000015d7  readConfiguration             
000071dd  readEeprom                    
00003eeb  readEtherMem                  
00003e3f  readEtherPhy                  
00003d51  readEtherReg                  
00006361  readSpi0Data                  
0000031b  rebindDhcp                    
20001223  receivedArpResp               
000003d1  releaseDhcp                   
20001222  releaseNeeded                 
200011e4  reload                        
000002f3  renewDhcp                     
00000465  requestDhcpIpConflictTest     
000002d9  requestDhcpNewAddress         
20001221  requestNeeded                 
00004f2b  restartTimer                  
00006ad5  scalbn                        
00006ad5  scalbnl                       
00003717  selectPinAnalogInput          
000036c9  selectPinDigitalInput         
00003a33  selectPinInterruptBothEdges   
000039e3  selectPinInterruptFallingEdge 
00003a89  selectPinInterruptHighLevel   
00003ac3  selectPinInterruptLowLevel    
00003993  selectPinInterruptRisingEdge  
0000367b  selectPinOpenDrainOutput      
0000362d  selectPinPushPullOutput       
00005227  sendArpRequest                
00005149  sendArpResponse               
000004f1  sendDhcpMessage               
00000f61  sendDhcpPendingMessages       
0000610b  sendPingRequest               
00006117  sendPingResponse              
00006e8d  sendTcpMessage                
00006e45  sendTcpPendingMessages        
00006e7d  sendTcpResponse               
000056f9  sendUdpMessage                
20001252  sequenceId                    
000002af  setDhcpState                  
00003deb  setEtherBank                  
00004329  setEtherMacAddress            
00003d83  setEtherReg                   
00004503  setIpAddress                  
0000465f  setIpDnsAddress               
000045eb  setIpGatewayAddress           
00004747  setIpMqttBrokerAddress        
00004577  setIpSubnetMask               
000046d3  setIpTimeServerAddress        
00003881  setPinAuxFunction             
00003767  setPinCommitControl           
00003b69  setPinValue                   
00003bf1  setPortValue                  
000062c5  setSpi0BaudRate               
000062fb  setSpi0Mode                   
00006e63  setTcpPortList                
00006df1  setTcpState                   
000068d3  setUart0BaudRate              
000075ed  snprintf                      
20001000  sockets                       
00007745  sscanf                        
000003d9  startDhcpTimers               
00003ed9  startEtherMemRead             
00003eab  startEtherMemWrite            
00004db9  startOneshotTimer             
00004e3f  startPeriodicTimer            
00003efb  stopEtherMemRead              
00003ed1  stopEtherMemWrite             
00004ec5  stopTimer                     
20001118  strInput                      
00007957  strchr                        
00007927  strcmp                        
0000796d  strcpy                        
0000785d  strcspn                       
00007981  strlen                        
0000793f  strrchr                       
0000780f  strspn                        
000048b9  strtod                        
000076c5  strtok                        
00006759  strtol                        
000048b9  strtold                       
00005b65  strtoll                       
00006be5  strtoul                       
00006389  strtoull                      
00007849  subscribeMqtt                 
000047cd  sumIpWords                    
200011f8  tcpState                      
200011fc  tempDns                       
20001200  tempGw                        
20001228  tempLeaseSecs                 
20001204  tempLs                        
20001208  tempSub                       
00004f99  tickIsr                       
200011bc  ticks                         
00001ca7  timerTest                     
00003b8f  togglePinValue                
2000120c  token                         
000079c9  tolower                       
00007853  unsubscribeMqtt               
00007881  waitMicrosecond               
000079a7  wcslen                        
000071ab  writeEeprom                   
00003ebd  writeEtherMem                 
00003e07  writeEtherPhy                 
00003d1d  writeEtherReg                 
00006349  writeSpi0Data                 
20001210  xid                           


GLOBAL SYMBOLS: SORTED BY Symbol Address 

address   name                          
-------   ----                          
00000000  __TI_static_base__            
00000000  g_pfnVectors                  
0000026d  debugLed                      
000002af  setDhcpState                  
000002c3  getDhcpState                  
000002c9  callbackDhcpGetNewAddressTimer
000002d9  requestDhcpNewAddress         
000002eb  callbackDhcpT1PeriodicTimer   
000002f3  renewDhcp                     
0000030b  callbackDhcpT1HitTimer        
00000313  callbackDhcpT2PeriodicTimer   
0000031b  rebindDhcp                    
00000339  callbackDhcpT2HitTimer        
00000341  callbackDhcpLeaseEndTimer     
000003d1  releaseDhcp                   
000003d9  startDhcpTimers               
00000413  applyDhcpAckValues            
00000453  callbackDhcpIpConflictWindow  
00000465  requestDhcpIpConflictTest     
0000047f  isDhcpIpConflictDetectionMode 
00000485  getDhcpLeaseSeconds           
0000048b  isDhcpResponse                
000004f1  sendDhcpMessage               
00000d6d  getDhcpOption                 
00000dd5  isDhcpOffer                   
00000e55  isDhcpAck                     
00000e9d  handleDhcpAck                 
00000f4f  isDhcpDiscoverNeeded          
00000f55  isDhcpRequestNeeded           
00000f5b  isDhcpReleaseNeeded           
00000f61  sendDhcpPendingMessages       
00001000  __STACK_SIZE                  
000010ef  processDhcpResponse           
00001101  processDhcpArpResponse        
000011f9  enableDhcp                    
00001205  disableDhcp                   
00001211  isDhcpEnabled                 
00001241  initHw                        
00001281  displayConnectionInfo         
000015d7  readConfiguration             
00001697  asciiToUint8                  
00001741  processShell                  
00001ca7  timerTest                     
00001cc9  main                          
00001f8d  __TI_scanfi                   
00002aa1  __TI_printfi                  
000034ef  __aeabi_idiv0                 
000034ef  __aeabi_ldiv0                 
000034f1  enablePort                    
000035ad  disablePort                   
0000362d  selectPinPushPullOutput       
0000367b  selectPinOpenDrainOutput      
000036c9  selectPinDigitalInput         
00003717  selectPinAnalogInput          
00003767  setPinCommitControl           
000037e3  enablePinPullup               
00003811  disablePinPullup              
00003835  enablePinPulldown             
00003859  disablePinPulldown            
00003881  setPinAuxFunction             
00003993  selectPinInterruptRisingEdge  
000039e3  selectPinInterruptFallingEdge 
00003a33  selectPinInterruptBothEdges   
00003a89  selectPinInterruptHighLevel   
00003ac3  selectPinInterruptLowLevel    
00003afd  enablePinInterrupt            
00003b21  disablePinInterrupt           
00003b45  clearPinInterrupt             
00003b69  setPinValue                   
00003b8f  togglePinValue                
00003bb3  getPinValue                   
00003bf1  setPortValue                  
00003c69  getPortValue                  
00003cf9  enableEtherCs                 
00003d0f  disableEtherCs                
00003d1d  writeEtherReg                 
00003d51  readEtherReg                  
00003d83  setEtherReg                   
00003db7  clearEtherReg                 
00003deb  setEtherBank                  
00003e07  writeEtherPhy                 
00003e3f  readEtherPhy                  
00003eab  startEtherMemWrite            
00003ebd  writeEtherMem                 
00003ed1  stopEtherMemWrite             
00003ed9  startEtherMemRead             
00003eeb  readEtherMem                  
00003efb  stopEtherMemRead              
00003f03  initEther                     
00004089  isEtherLinkUp                 
000040a3  isEtherDataAvailable          
000040bd  isEtherOverflow               
000040ed  getEtherPacket                
000041dd  putEtherPacket                
000042c3  htons                         
000042e7  htonl                         
00004313  getEtherId                    
0000431f  incEtherId                    
00004329  setEtherMacAddress            
000043ad  getEtherMacAddress            
0000440d  isIp                          
0000447d  isIpUnicast                   
000044dd  isEtherIpValid                
00004503  setIpAddress                  
0000453d  getIpAddress                  
00004577  setIpSubnetMask               
000045b1  getIpSubnetMask               
000045eb  setIpGatewayAddress           
00004625  getIpGatewayAddress           
0000465f  setIpDnsAddress               
00004699  getIpDnsAddress               
000046d3  setIpTimeServerAddress        
0000470d  getIpTimeServerAddress        
00004747  setIpMqttBrokerAddress        
00004785  getIpMqttBrokerAddress        
000047cd  sumIpWords                    
00004841  getIpChecksum                 
00004873  calcIpChecksum                
000048b9  strtod                        
000048b9  strtold                       
00004d19  initTimer                     
00004db9  startOneshotTimer             
00004e3f  startPeriodicTimer            
00004ec5  stopTimer                     
00004f2b  restartTimer                  
00004f99  tickIsr                       
00005013  random32                      
00005051  isArpRequest                  
000050f5  isArpResponse                 
00005149  sendArpResponse               
00005227  sendArpRequest                
00005345  initSockets                   
0000537d  newSocket                     
000053e7  deleteSocket                  
0000544f  getSocketInfoFromArpResponse  
000054c7  getSocketInfoFromUdpPacket    
00005571  getSocketInfoFromTcpPacket    
00005625  isUdp                         
000056cd  getUdpData                    
000056f9  sendUdpMessage                
00005b65  strtoll                       
00005f11  __aeabi_dsub                  
00005f1b  __aeabi_dadd                  
000060c7  isPingRequest                 
0000610b  sendPingRequest               
00006117  sendPingResponse              
00006229  initSpi0                      
000062c5  setSpi0BaudRate               
000062fb  setSpi0Mode                   
00006349  writeSpi0Data                 
00006361  readSpi0Data                  
00006389  strtoull                      
00006621  __aeabi_ddiv                  
00006759  strtol                        
00006889  initUart0                     
000068d3  setUart0BaudRate              
00006917  putcUart0                     
00006933  putsUart0                     
0000695f  getcUart0                     
00006973  kbhitUart0                    
00006ad5  ldexp                         
00006ad5  ldexpl                        
00006ad5  scalbn                        
00006ad5  scalbnl                       
00006be5  strtoul                       
00006cf5  __aeabi_dmul                  
00006df1  setTcpState                   
00006e0d  getTcpState                   
00006e21  isTcp                         
00006e2d  isTcpSyn                      
00006e39  isTcpAck                      
00006e45  sendTcpPendingMessages        
00006e4f  processTcpResponse            
00006e59  processTcpArpResponse         
00006e63  setTcpPortList                
00006e71  isTcpPortOpen                 
00006e7d  sendTcpResponse               
00006e8d  sendTcpMessage                
00006f57  __aeabi_memcpy                
00006f57  __aeabi_memcpy4               
00006f57  __aeabi_memcpy8               
00006f57  memcpy                        
00006ff3  __aeabi_uldivmod              
00007089  __aeabi_cdcmpeq               
00007089  __aeabi_cdcmple               
0000710f  __aeabi_cdrcmple              
00007195  initEeprom                    
000071ab  writeEeprom                   
000071dd  readEeprom                    
00007219  __aeabi_memclr                
00007219  __aeabi_memclr4               
00007219  __aeabi_memclr8               
0000721b  __aeabi_memset                
0000721b  __aeabi_memset4               
0000721b  __aeabi_memset8               
00007221  memset                        
00007301  __aeabi_d2f                   
000073d9  __TI_decompress_lzss          
00007441  frexp                         
00007441  frexpl                        
000074fb  __TI_ltoa                     
000075a1  atoi                          
000075ed  snprintf                      
00007639  __aeabi_d2iz                  
00007681  __TI_auto_init_nobinit_nopinit
000076c5  strtok                        
00007745  sscanf                        
0000777d  _c_int00_noargs               
000077e1  __aeabi_i2d                   
0000780f  strspn                        
00007839  connectMqtt                   
0000783b  disconnectMqtt                
0000783d  publishMqtt                   
00007849  subscribeMqtt                 
00007853  unsubscribeMqtt               
0000785d  strcspn                       
00007881  waitMicrosecond               
000078a5  __TI_zero_init_nomemset       
000078c1  memccpy                       
000078dd  copysign                      
000078dd  copysignl                     
0000790f  __aeabi_lmul                  
00007927  strcmp                        
0000793f  strrchr                       
00007957  strchr                        
0000796d  strcpy                        
00007981  strlen                        
000079a7  wcslen                        
000079b9  initSystemClockTo40Mhz        
000079c9  tolower                       
000079d9  __TI_decompress_none          
000079e7  ResetISR                      
000079f5  __aeabi_errno_addr            
00007a05  _system_pre_init              
00007a09  C$$EXIT                       
00007a09  abort                         
00007a10  _ctypes_                      
00007c10  __TI_Handler_Table_Base       
00007c1c  __TI_Handler_Table_Limit      
00007c28  __TI_CINIT_Base               
00007c38  __TI_CINIT_Limit              
20000000  __stack                       
20000000  __start___llvm_prf_cnts       
20000000  __stop___llvm_prf_cnts        
20000200  __STACK_TOP                   
20001000  __STACK_END                   
20001000  sockets                       
20001118  strInput                      
2000116c  fn                            
20001194  period                        
200011bc  ticks                         
200011e4  reload                        
200011f0  dhcpOfferedIpAdd              
200011f4  dhcpServerIpAdd               
200011f8  tcpState                      
200011fc  tempDns                       
20001200  tempGw                        
20001204  tempLs                        
20001208  tempSub                       
2000120c  token                         
20001210  xid                           
20001214  leaseSeconds                  
20001218  leaseT1                       
2000121c  leaseT2                       
20001220  discoverNeeded                
20001221  requestNeeded                 
20001222  releaseNeeded                 
20001223  receivedArpResp               
20001224  ipConflictDetectionMode       
20001225  dhcpState                     
20001226  dhcpEnabled                   
20001228  tempLeaseSecs                 
2000122c  hwAddress                     
20001232  ipAddress                     
20001236  ipDnsAddress                  
2000123a  ipGwAddress                   
2000123e  ipSubnetMask                  
20001242  ipTimeServerAddress           
20001246  count                         
20001248  errno                         
20001250  nextPacketLsb                 
20001251  nextPacketMsb                 
20001252  sequenceId                    
ffffffff  __TI_pprof_out_hndl           
ffffffff  __TI_prof_data_size           
ffffffff  __TI_prof_data_start          
ffffffff  __binit__                     
ffffffff  __c_args__                    
ffffffff  binit                         
UNDEFED   __mpu_init                    
UNDEFED   _system_post_cinit            

[291 symbols]
