<?xml version="1.0" encoding="ISO-8859-1" ?>
<link_info>
   <banner>TI ARM Linker Unix v20.2.7.LTS</banner>
   <copyright>Copyright (c) 1996-2018 Texas Instruments Incorporated</copyright>
   <link_time>0x65fa2945</link_time>
   <link_errors>0x0</link_errors>
   <output_file>4352_Project-1.out</output_file>
   <entry_point>
      <name>_c_int00_noargs</name>
      <address>0x777d</address>
   </entry_point>
   <input_file_list>
      <input_file id="fl-1">
         <path>./</path>
         <kind>object</kind>
         <file>arp.obj</file>
         <name>arp.obj</name>
      </input_file>
      <input_file id="fl-2">
         <path>./</path>
         <kind>object</kind>
         <file>clock.obj</file>
         <name>clock.obj</name>
      </input_file>
      <input_file id="fl-3">
         <path>./</path>
         <kind>object</kind>
         <file>dhcp.obj</file>
         <name>dhcp.obj</name>
      </input_file>
      <input_file id="fl-4">
         <path>./</path>
         <kind>object</kind>
         <file>eeprom.obj</file>
         <name>eeprom.obj</name>
      </input_file>
      <input_file id="fl-5">
         <path>./</path>
         <kind>object</kind>
         <file>eth0.obj</file>
         <name>eth0.obj</name>
      </input_file>
      <input_file id="fl-6">
         <path>./</path>
         <kind>object</kind>
         <file>ethernet.obj</file>
         <name>ethernet.obj</name>
      </input_file>
      <input_file id="fl-7">
         <path>./</path>
         <kind>object</kind>
         <file>gpio.obj</file>
         <name>gpio.obj</name>
      </input_file>
      <input_file id="fl-8">
         <path>./</path>
         <kind>object</kind>
         <file>icmp.obj</file>
         <name>icmp.obj</name>
      </input_file>
      <input_file id="fl-9">
         <path>./</path>
         <kind>object</kind>
         <file>ip.obj</file>
         <name>ip.obj</name>
      </input_file>
      <input_file id="fl-a">
         <path>./</path>
         <kind>object</kind>
         <file>mqtt.obj</file>
         <name>mqtt.obj</name>
      </input_file>
      <input_file id="fl-b">
         <path>./</path>
         <kind>object</kind>
         <file>socket.obj</file>
         <name>socket.obj</name>
      </input_file>
      <input_file id="fl-c">
         <path>./</path>
         <kind>object</kind>
         <file>spi0.obj</file>
         <name>spi0.obj</name>
      </input_file>
      <input_file id="fl-d">
         <path>./</path>
         <kind>object</kind>
         <file>tcp.obj</file>
         <name>tcp.obj</name>
      </input_file>
      <input_file id="fl-e">
         <path>./</path>
         <kind>object</kind>
         <file>timer.obj</file>
         <name>timer.obj</name>
      </input_file>
      <input_file id="fl-f">
         <path>./</path>
         <kind>object</kind>
         <file>tm4c123gh6pm_startup_ccs.obj</file>
         <name>tm4c123gh6pm_startup_ccs.obj</name>
      </input_file>
      <input_file id="fl-10">
         <path>./</path>
         <kind>object</kind>
         <file>uart0.obj</file>
         <name>uart0.obj</name>
      </input_file>
      <input_file id="fl-11">
         <path>./</path>
         <kind>object</kind>
         <file>udp.obj</file>
         <name>udp.obj</name>
      </input_file>
      <input_file id="fl-12">
         <path>./</path>
         <kind>object</kind>
         <file>wait.obj</file>
         <name>wait.obj</name>
      </input_file>
      <input_file id="fl-16">
         <kind>object</kind>
         <file>&lt;internal&gt;</file>
         <name>&lt;internal&gt;</name>
      </input_file>
      <input_file id="fl-cc">
         <path>/home/rolo/.local/share/ti/ccs1240/ccs/tools/compiler/ti-cgt-arm_20.2.7.LTS/lib/</path>
         <kind>archive</kind>
         <file>rtsv7M4_T_le_v4SPD16_eabi.lib</file>
         <name>snprintf.c.obj</name>
      </input_file>
      <input_file id="fl-cd">
         <path>/home/rolo/.local/share/ti/ccs1240/ccs/tools/compiler/ti-cgt-arm_20.2.7.LTS/lib/</path>
         <kind>archive</kind>
         <file>rtsv7M4_T_le_v4SPD16_eabi.lib</file>
         <name>sscanf.c.obj</name>
      </input_file>
      <input_file id="fl-ce">
         <path>/home/rolo/.local/share/ti/ccs1240/ccs/tools/compiler/ti-cgt-arm_20.2.7.LTS/lib/</path>
         <kind>archive</kind>
         <file>rtsv7M4_T_le_v4SPD16_eabi.lib</file>
         <name>memcpy_t2.asm.obj</name>
      </input_file>
      <input_file id="fl-cf">
         <path>/home/rolo/.local/share/ti/ccs1240/ccs/tools/compiler/ti-cgt-arm_20.2.7.LTS/lib/</path>
         <kind>archive</kind>
         <file>rtsv7M4_T_le_v4SPD16_eabi.lib</file>
         <name>memset_t2.asm.obj</name>
      </input_file>
      <input_file id="fl-d0">
         <path>/home/rolo/.local/share/ti/ccs1240/ccs/tools/compiler/ti-cgt-arm_20.2.7.LTS/lib/</path>
         <kind>archive</kind>
         <file>rtsv7M4_T_le_v4SPD16_eabi.lib</file>
         <name>copy_zero_init.c.obj</name>
      </input_file>
      <input_file id="fl-d1">
         <path>/home/rolo/.local/share/ti/ccs1240/ccs/tools/compiler/ti-cgt-arm_20.2.7.LTS/lib/</path>
         <kind>archive</kind>
         <file>rtsv7M4_T_le_v4SPD16_eabi.lib</file>
         <name>copy_decompress_none.c.obj</name>
      </input_file>
      <input_file id="fl-d2">
         <path>/home/rolo/.local/share/ti/ccs1240/ccs/tools/compiler/ti-cgt-arm_20.2.7.LTS/lib/</path>
         <kind>archive</kind>
         <file>rtsv7M4_T_le_v4SPD16_eabi.lib</file>
         <name>copy_decompress_lzss.c.obj</name>
      </input_file>
      <input_file id="fl-d3">
         <path>/home/rolo/.local/share/ti/ccs1240/ccs/tools/compiler/ti-cgt-arm_20.2.7.LTS/lib/</path>
         <kind>archive</kind>
         <file>rtsv7M4_T_le_v4SPD16_eabi.lib</file>
         <name>ctype.c.obj</name>
      </input_file>
      <input_file id="fl-d4">
         <path>/home/rolo/.local/share/ti/ccs1240/ccs/tools/compiler/ti-cgt-arm_20.2.7.LTS/lib/</path>
         <kind>archive</kind>
         <file>rtsv7M4_T_le_v4SPD16_eabi.lib</file>
         <name>strcmp.c.obj</name>
      </input_file>
      <input_file id="fl-d5">
         <path>/home/rolo/.local/share/ti/ccs1240/ccs/tools/compiler/ti-cgt-arm_20.2.7.LTS/lib/</path>
         <kind>archive</kind>
         <file>rtsv7M4_T_le_v4SPD16_eabi.lib</file>
         <name>strtok.c.obj</name>
      </input_file>
      <input_file id="fl-d6">
         <path>/home/rolo/.local/share/ti/ccs1240/ccs/tools/compiler/ti-cgt-arm_20.2.7.LTS/lib/</path>
         <kind>archive</kind>
         <file>rtsv7M4_T_le_v4SPD16_eabi.lib</file>
         <name>tolower.c.obj</name>
      </input_file>
      <input_file id="fl-d7">
         <path>/home/rolo/.local/share/ti/ccs1240/ccs/tools/compiler/ti-cgt-arm_20.2.7.LTS/lib/</path>
         <kind>archive</kind>
         <file>rtsv7M4_T_le_v4SPD16_eabi.lib</file>
         <name>boot_cortex_m.c.obj</name>
      </input_file>
      <input_file id="fl-d8">
         <path>/home/rolo/.local/share/ti/ccs1240/ccs/tools/compiler/ti-cgt-arm_20.2.7.LTS/lib/</path>
         <kind>archive</kind>
         <file>rtsv7M4_T_le_v4SPD16_eabi.lib</file>
         <name>_printfi.c.obj</name>
      </input_file>
      <input_file id="fl-d9">
         <path>/home/rolo/.local/share/ti/ccs1240/ccs/tools/compiler/ti-cgt-arm_20.2.7.LTS/lib/</path>
         <kind>archive</kind>
         <file>rtsv7M4_T_le_v4SPD16_eabi.lib</file>
         <name>_scanfi.c.obj</name>
      </input_file>
      <input_file id="fl-da">
         <path>/home/rolo/.local/share/ti/ccs1240/ccs/tools/compiler/ti-cgt-arm_20.2.7.LTS/lib/</path>
         <kind>archive</kind>
         <file>rtsv7M4_T_le_v4SPD16_eabi.lib</file>
         <name>fd_add_t2.asm.obj</name>
      </input_file>
      <input_file id="fl-db">
         <path>/home/rolo/.local/share/ti/ccs1240/ccs/tools/compiler/ti-cgt-arm_20.2.7.LTS/lib/</path>
         <kind>archive</kind>
         <file>rtsv7M4_T_le_v4SPD16_eabi.lib</file>
         <name>fd_cmp_t2.asm.obj</name>
      </input_file>
      <input_file id="fl-dc">
         <path>/home/rolo/.local/share/ti/ccs1240/ccs/tools/compiler/ti-cgt-arm_20.2.7.LTS/lib/</path>
         <kind>archive</kind>
         <file>rtsv7M4_T_le_v4SPD16_eabi.lib</file>
         <name>fd_div_t2.asm.obj</name>
      </input_file>
      <input_file id="fl-dd">
         <path>/home/rolo/.local/share/ti/ccs1240/ccs/tools/compiler/ti-cgt-arm_20.2.7.LTS/lib/</path>
         <kind>archive</kind>
         <file>rtsv7M4_T_le_v4SPD16_eabi.lib</file>
         <name>fd_mul_t2.asm.obj</name>
      </input_file>
      <input_file id="fl-de">
         <path>/home/rolo/.local/share/ti/ccs1240/ccs/tools/compiler/ti-cgt-arm_20.2.7.LTS/lib/</path>
         <kind>archive</kind>
         <file>rtsv7M4_T_le_v4SPD16_eabi.lib</file>
         <name>fd_toi_t2.asm.obj</name>
      </input_file>
      <input_file id="fl-df">
         <path>/home/rolo/.local/share/ti/ccs1240/ccs/tools/compiler/ti-cgt-arm_20.2.7.LTS/lib/</path>
         <kind>archive</kind>
         <file>rtsv7M4_T_le_v4SPD16_eabi.lib</file>
         <name>fd_tos_t2.asm.obj</name>
      </input_file>
      <input_file id="fl-e0">
         <path>/home/rolo/.local/share/ti/ccs1240/ccs/tools/compiler/ti-cgt-arm_20.2.7.LTS/lib/</path>
         <kind>archive</kind>
         <file>rtsv7M4_T_le_v4SPD16_eabi.lib</file>
         <name>i_tofd_t2.asm.obj</name>
      </input_file>
      <input_file id="fl-e1">
         <path>/home/rolo/.local/share/ti/ccs1240/ccs/tools/compiler/ti-cgt-arm_20.2.7.LTS/lib/</path>
         <kind>archive</kind>
         <file>rtsv7M4_T_le_v4SPD16_eabi.lib</file>
         <name>ull_div_t2.asm.obj</name>
      </input_file>
      <input_file id="fl-e2">
         <path>/home/rolo/.local/share/ti/ccs1240/ccs/tools/compiler/ti-cgt-arm_20.2.7.LTS/lib/</path>
         <kind>archive</kind>
         <file>rtsv7M4_T_le_v4SPD16_eabi.lib</file>
         <name>autoinit.c.obj</name>
      </input_file>
      <input_file id="fl-e3">
         <path>/home/rolo/.local/share/ti/ccs1240/ccs/tools/compiler/ti-cgt-arm_20.2.7.LTS/lib/</path>
         <kind>archive</kind>
         <file>rtsv7M4_T_le_v4SPD16_eabi.lib</file>
         <name>pre_init.c.obj</name>
      </input_file>
      <input_file id="fl-e4">
         <path>/home/rolo/.local/share/ti/ccs1240/ccs/tools/compiler/ti-cgt-arm_20.2.7.LTS/lib/</path>
         <kind>archive</kind>
         <file>rtsv7M4_T_le_v4SPD16_eabi.lib</file>
         <name>cpy_tbl.c.obj</name>
      </input_file>
      <input_file id="fl-e5">
         <path>/home/rolo/.local/share/ti/ccs1240/ccs/tools/compiler/ti-cgt-arm_20.2.7.LTS/lib/</path>
         <kind>archive</kind>
         <file>rtsv7M4_T_le_v4SPD16_eabi.lib</file>
         <name>exit.c.obj</name>
      </input_file>
      <input_file id="fl-e6">
         <path>/home/rolo/.local/share/ti/ccs1240/ccs/tools/compiler/ti-cgt-arm_20.2.7.LTS/lib/</path>
         <kind>archive</kind>
         <file>rtsv7M4_T_le_v4SPD16_eabi.lib</file>
         <name>_lock.c.obj</name>
      </input_file>
      <input_file id="fl-e7">
         <path>/home/rolo/.local/share/ti/ccs1240/ccs/tools/compiler/ti-cgt-arm_20.2.7.LTS/lib/</path>
         <kind>archive</kind>
         <file>rtsv7M4_T_le_v4SPD16_eabi.lib</file>
         <name>_ltoa.c.obj</name>
      </input_file>
      <input_file id="fl-e8">
         <path>/home/rolo/.local/share/ti/ccs1240/ccs/tools/compiler/ti-cgt-arm_20.2.7.LTS/lib/</path>
         <kind>archive</kind>
         <file>rtsv7M4_T_le_v4SPD16_eabi.lib</file>
         <name>args_main.c.obj</name>
      </input_file>
      <input_file id="fl-e9">
         <path>/home/rolo/.local/share/ti/ccs1240/ccs/tools/compiler/ti-cgt-arm_20.2.7.LTS/lib/</path>
         <kind>archive</kind>
         <file>rtsv7M4_T_le_v4SPD16_eabi.lib</file>
         <name>atoi.c.obj</name>
      </input_file>
      <input_file id="fl-ea">
         <path>/home/rolo/.local/share/ti/ccs1240/ccs/tools/compiler/ti-cgt-arm_20.2.7.LTS/lib/</path>
         <kind>archive</kind>
         <file>rtsv7M4_T_le_v4SPD16_eabi.lib</file>
         <name>memccpy.c.obj</name>
      </input_file>
      <input_file id="fl-eb">
         <path>/home/rolo/.local/share/ti/ccs1240/ccs/tools/compiler/ti-cgt-arm_20.2.7.LTS/lib/</path>
         <kind>archive</kind>
         <file>rtsv7M4_T_le_v4SPD16_eabi.lib</file>
         <name>strchr.c.obj</name>
      </input_file>
      <input_file id="fl-ec">
         <path>/home/rolo/.local/share/ti/ccs1240/ccs/tools/compiler/ti-cgt-arm_20.2.7.LTS/lib/</path>
         <kind>archive</kind>
         <file>rtsv7M4_T_le_v4SPD16_eabi.lib</file>
         <name>strcpy.c.obj</name>
      </input_file>
      <input_file id="fl-ed">
         <path>/home/rolo/.local/share/ti/ccs1240/ccs/tools/compiler/ti-cgt-arm_20.2.7.LTS/lib/</path>
         <kind>archive</kind>
         <file>rtsv7M4_T_le_v4SPD16_eabi.lib</file>
         <name>strcspn.c.obj</name>
      </input_file>
      <input_file id="fl-ee">
         <path>/home/rolo/.local/share/ti/ccs1240/ccs/tools/compiler/ti-cgt-arm_20.2.7.LTS/lib/</path>
         <kind>archive</kind>
         <file>rtsv7M4_T_le_v4SPD16_eabi.lib</file>
         <name>strlen.c.obj</name>
      </input_file>
      <input_file id="fl-ef">
         <path>/home/rolo/.local/share/ti/ccs1240/ccs/tools/compiler/ti-cgt-arm_20.2.7.LTS/lib/</path>
         <kind>archive</kind>
         <file>rtsv7M4_T_le_v4SPD16_eabi.lib</file>
         <name>strrchr.c.obj</name>
      </input_file>
      <input_file id="fl-f0">
         <path>/home/rolo/.local/share/ti/ccs1240/ccs/tools/compiler/ti-cgt-arm_20.2.7.LTS/lib/</path>
         <kind>archive</kind>
         <file>rtsv7M4_T_le_v4SPD16_eabi.lib</file>
         <name>strspn.c.obj</name>
      </input_file>
      <input_file id="fl-f1">
         <path>/home/rolo/.local/share/ti/ccs1240/ccs/tools/compiler/ti-cgt-arm_20.2.7.LTS/lib/</path>
         <kind>archive</kind>
         <file>rtsv7M4_T_le_v4SPD16_eabi.lib</file>
         <name>strtod.c.obj</name>
      </input_file>
      <input_file id="fl-f2">
         <path>/home/rolo/.local/share/ti/ccs1240/ccs/tools/compiler/ti-cgt-arm_20.2.7.LTS/lib/</path>
         <kind>archive</kind>
         <file>rtsv7M4_T_le_v4SPD16_eabi.lib</file>
         <name>strtol.c.obj</name>
      </input_file>
      <input_file id="fl-f3">
         <path>/home/rolo/.local/share/ti/ccs1240/ccs/tools/compiler/ti-cgt-arm_20.2.7.LTS/lib/</path>
         <kind>archive</kind>
         <file>rtsv7M4_T_le_v4SPD16_eabi.lib</file>
         <name>strtoll.c.obj</name>
      </input_file>
      <input_file id="fl-f4">
         <path>/home/rolo/.local/share/ti/ccs1240/ccs/tools/compiler/ti-cgt-arm_20.2.7.LTS/lib/</path>
         <kind>archive</kind>
         <file>rtsv7M4_T_le_v4SPD16_eabi.lib</file>
         <name>strtoul.c.obj</name>
      </input_file>
      <input_file id="fl-f5">
         <path>/home/rolo/.local/share/ti/ccs1240/ccs/tools/compiler/ti-cgt-arm_20.2.7.LTS/lib/</path>
         <kind>archive</kind>
         <file>rtsv7M4_T_le_v4SPD16_eabi.lib</file>
         <name>strtoull.c.obj</name>
      </input_file>
      <input_file id="fl-f6">
         <path>/home/rolo/.local/share/ti/ccs1240/ccs/tools/compiler/ti-cgt-arm_20.2.7.LTS/lib/</path>
         <kind>archive</kind>
         <file>rtsv7M4_T_le_v4SPD16_eabi.lib</file>
         <name>errno.c.obj</name>
      </input_file>
      <input_file id="fl-f7">
         <path>/home/rolo/.local/share/ti/ccs1240/ccs/tools/compiler/ti-cgt-arm_20.2.7.LTS/lib/</path>
         <kind>archive</kind>
         <file>rtsv7M4_T_le_v4SPD16_eabi.lib</file>
         <name>wcslen.c.obj</name>
      </input_file>
      <input_file id="fl-f8">
         <path>/home/rolo/.local/share/ti/ccs1240/ccs/tools/compiler/ti-cgt-arm_20.2.7.LTS/lib/</path>
         <kind>archive</kind>
         <file>rtsv7M4_T_le_v4SPD16_eabi.lib</file>
         <name>s_frexp.c.obj</name>
      </input_file>
      <input_file id="fl-f9">
         <path>/home/rolo/.local/share/ti/ccs1240/ccs/tools/compiler/ti-cgt-arm_20.2.7.LTS/lib/</path>
         <kind>archive</kind>
         <file>rtsv7M4_T_le_v4SPD16_eabi.lib</file>
         <name>s_scalbn.c.obj</name>
      </input_file>
      <input_file id="fl-fa">
         <path>/home/rolo/.local/share/ti/ccs1240/ccs/tools/compiler/ti-cgt-arm_20.2.7.LTS/lib/</path>
         <kind>archive</kind>
         <file>rtsv7M4_T_le_v4SPD16_eabi.lib</file>
         <name>div0.asm.obj</name>
      </input_file>
      <input_file id="fl-fb">
         <path>/home/rolo/.local/share/ti/ccs1240/ccs/tools/compiler/ti-cgt-arm_20.2.7.LTS/lib/</path>
         <kind>archive</kind>
         <file>rtsv7M4_T_le_v4SPD16_eabi.lib</file>
         <name>ll_mul_t2.asm.obj</name>
      </input_file>
      <input_file id="fl-fc">
         <path>/home/rolo/.local/share/ti/ccs1240/ccs/tools/compiler/ti-cgt-arm_20.2.7.LTS/lib/</path>
         <kind>archive</kind>
         <file>rtsv7M4_T_le_v4SPD16_eabi.lib</file>
         <name>s_copysign.c.obj</name>
      </input_file>
   </input_file_list>
   <object_component_list>
      <object_component id="oc-12">
         <name>.intvecs</name>
         <load_address>0x0</load_address>
         <run_address>0x0</run_address>
         <size>0x26c</size>
         <input_file_ref idref="fl-f"/>
      </object_component>
      <object_component id="oc-102">
         <name>.text</name>
         <load_address>0x26c</load_address>
         <run_address>0x26c</run_address>
         <size>0xfd4</size>
         <input_file_ref idref="fl-3"/>
      </object_component>
      <object_component id="oc-b2">
         <name>.text</name>
         <load_address>0x1240</load_address>
         <run_address>0x1240</run_address>
         <size>0xd4c</size>
         <input_file_ref idref="fl-6"/>
      </object_component>
      <object_component id="oc-20f">
         <name>.text:__TI_scanfi</name>
         <load_address>0x1f8c</load_address>
         <run_address>0x1f8c</run_address>
         <size>0xb14</size>
         <input_file_ref idref="fl-d9"/>
      </object_component>
      <object_component id="oc-1cb">
         <name>.text:__TI_printfi</name>
         <load_address>0x2aa0</load_address>
         <run_address>0x2aa0</run_address>
         <size>0xa4e</size>
         <input_file_ref idref="fl-d8"/>
      </object_component>
      <object_component id="oc-416">
         <name>.text</name>
         <load_address>0x34ee</load_address>
         <run_address>0x34ee</run_address>
         <size>0x2</size>
         <input_file_ref idref="fl-fa"/>
      </object_component>
      <object_component id="oc-e4">
         <name>.text</name>
         <load_address>0x34f0</load_address>
         <run_address>0x34f0</run_address>
         <size>0x808</size>
         <input_file_ref idref="fl-7"/>
      </object_component>
      <object_component id="oc-ea">
         <name>.text</name>
         <load_address>0x3cf8</load_address>
         <run_address>0x3cf8</run_address>
         <size>0x714</size>
         <input_file_ref idref="fl-5"/>
      </object_component>
      <object_component id="oc-fc">
         <name>.text</name>
         <load_address>0x440c</load_address>
         <run_address>0x440c</run_address>
         <size>0x4ac</size>
         <input_file_ref idref="fl-9"/>
      </object_component>
      <object_component id="oc-300">
         <name>.text:strtod</name>
         <load_address>0x48b8</load_address>
         <run_address>0x48b8</run_address>
         <size>0x460</size>
         <input_file_ref idref="fl-f1"/>
      </object_component>
      <object_component id="oc-2d">
         <name>.text</name>
         <load_address>0x4d18</load_address>
         <run_address>0x4d18</run_address>
         <size>0x338</size>
         <input_file_ref idref="fl-e"/>
      </object_component>
      <object_component id="oc-145">
         <name>.text</name>
         <load_address>0x5050</load_address>
         <run_address>0x5050</run_address>
         <size>0x2f4</size>
         <input_file_ref idref="fl-1"/>
      </object_component>
      <object_component id="oc-133">
         <name>.text</name>
         <load_address>0x5344</load_address>
         <run_address>0x5344</run_address>
         <size>0x2e0</size>
         <input_file_ref idref="fl-b"/>
      </object_component>
      <object_component id="oc-151">
         <name>.text</name>
         <load_address>0x5624</load_address>
         <run_address>0x5624</run_address>
         <size>0x2ce</size>
         <input_file_ref idref="fl-11"/>
      </object_component>
      <object_component id="oc-2b3">
         <name>.text:_pconv_a</name>
         <load_address>0x58f4</load_address>
         <run_address>0x58f4</run_address>
         <size>0x270</size>
         <input_file_ref idref="fl-d8"/>
      </object_component>
      <object_component id="oc-311">
         <name>.text:strtoll</name>
         <load_address>0x5b64</load_address>
         <run_address>0x5b64</run_address>
         <size>0x1dc</size>
         <input_file_ref idref="fl-f3"/>
      </object_component>
      <object_component id="oc-2a1">
         <name>.text:_pconv_g</name>
         <load_address>0x5d40</load_address>
         <run_address>0x5d40</run_address>
         <size>0x1d0</size>
         <input_file_ref idref="fl-d8"/>
      </object_component>
      <object_component id="oc-39a">
         <name>.text</name>
         <load_address>0x5f10</load_address>
         <run_address>0x5f10</run_address>
         <size>0x1b6</size>
         <input_file_ref idref="fl-da"/>
      </object_component>
      <object_component id="oc-14b">
         <name>.text</name>
         <load_address>0x60c6</load_address>
         <run_address>0x60c6</run_address>
         <size>0x160</size>
         <input_file_ref idref="fl-8"/>
      </object_component>
      <object_component id="oc-1bb">
         <name>.text</name>
         <load_address>0x6228</load_address>
         <run_address>0x6228</run_address>
         <size>0x160</size>
         <input_file_ref idref="fl-c"/>
      </object_component>
      <object_component id="oc-2f4">
         <name>.text:strtoull</name>
         <load_address>0x6388</load_address>
         <run_address>0x6388</run_address>
         <size>0x15c</size>
         <input_file_ref idref="fl-f5"/>
      </object_component>
      <object_component id="oc-2ad">
         <name>.text:_pconv_e</name>
         <load_address>0x64e4</load_address>
         <run_address>0x64e4</run_address>
         <size>0x13c</size>
         <input_file_ref idref="fl-d8"/>
      </object_component>
      <object_component id="oc-380">
         <name>.text</name>
         <load_address>0x6620</load_address>
         <run_address>0x6620</run_address>
         <size>0x136</size>
         <input_file_ref idref="fl-dc"/>
      </object_component>
      <object_component id="oc-30b">
         <name>.text:strtol</name>
         <load_address>0x6758</load_address>
         <run_address>0x6758</run_address>
         <size>0x130</size>
         <input_file_ref idref="fl-f2"/>
      </object_component>
      <object_component id="oc-f0">
         <name>.text</name>
         <load_address>0x6888</load_address>
         <run_address>0x6888</run_address>
         <size>0x128</size>
         <input_file_ref idref="fl-10"/>
      </object_component>
      <object_component id="oc-3ac">
         <name>.text:fcvt</name>
         <load_address>0x69b0</load_address>
         <run_address>0x69b0</run_address>
         <size>0x124</size>
         <input_file_ref idref="fl-d8"/>
      </object_component>
      <object_component id="oc-3c0">
         <name>.text:scalbn</name>
         <load_address>0x6ad4</load_address>
         <run_address>0x6ad4</run_address>
         <size>0x110</size>
         <input_file_ref idref="fl-f9"/>
      </object_component>
      <object_component id="oc-2fa">
         <name>.text:strtoul</name>
         <load_address>0x6be4</load_address>
         <run_address>0x6be4</run_address>
         <size>0x110</size>
         <input_file_ref idref="fl-f4"/>
      </object_component>
      <object_component id="oc-37b">
         <name>.text</name>
         <load_address>0x6cf4</load_address>
         <run_address>0x6cf4</run_address>
         <size>0xfc</size>
         <input_file_ref idref="fl-dd"/>
      </object_component>
      <object_component id="oc-13f">
         <name>.text</name>
         <load_address>0x6df0</load_address>
         <run_address>0x6df0</run_address>
         <size>0xb4</size>
         <input_file_ref idref="fl-d"/>
      </object_component>
      <object_component id="oc-296">
         <name>.text:_ltostr</name>
         <load_address>0x6ea4</load_address>
         <run_address>0x6ea4</run_address>
         <size>0xb1</size>
         <input_file_ref idref="fl-d8"/>
      </object_component>
      <object_component id="oc-41">
         <name>.text</name>
         <load_address>0x6f56</load_address>
         <run_address>0x6f56</run_address>
         <size>0x9c</size>
         <input_file_ref idref="fl-ce"/>
      </object_component>
      <object_component id="oc-374">
         <name>.text</name>
         <load_address>0x6ff2</load_address>
         <run_address>0x6ff2</run_address>
         <size>0x96</size>
         <input_file_ref idref="fl-e1"/>
      </object_component>
      <object_component id="oc-29c">
         <name>.text:__aeabi_cdcmple</name>
         <load_address>0x7088</load_address>
         <run_address>0x7088</run_address>
         <size>0x86</size>
         <input_file_ref idref="fl-db"/>
      </object_component>
      <object_component id="oc-385">
         <name>.text:__aeabi_cdrcmple</name>
         <load_address>0x710e</load_address>
         <run_address>0x710e</run_address>
         <size>0x86</size>
         <input_file_ref idref="fl-db"/>
      </object_component>
      <object_component id="oc-108">
         <name>.text</name>
         <load_address>0x7194</load_address>
         <run_address>0x7194</run_address>
         <size>0x84</size>
         <input_file_ref idref="fl-4"/>
      </object_component>
      <object_component id="oc-a6">
         <name>.text</name>
         <load_address>0x7218</load_address>
         <run_address>0x7218</run_address>
         <size>0x7a</size>
         <input_file_ref idref="fl-cf"/>
      </object_component>
      <object_component id="oc-3a5">
         <name>.text:_mcpy</name>
         <load_address>0x7292</load_address>
         <run_address>0x7292</run_address>
         <size>0x6e</size>
         <input_file_ref idref="fl-d8"/>
      </object_component>
      <object_component id="oc-306">
         <name>.text</name>
         <load_address>0x7300</load_address>
         <run_address>0x7300</run_address>
         <size>0x6e</size>
         <input_file_ref idref="fl-df"/>
      </object_component>
      <object_component id="oc-221">
         <name>.text:_chkmbc</name>
         <load_address>0x7370</load_address>
         <run_address>0x7370</run_address>
         <size>0x68</size>
         <input_file_ref idref="fl-cd"/>
      </object_component>
      <object_component id="oc-15">
         <name>.text:decompress:lzss:__TI_decompress_lzss</name>
         <load_address>0x73d8</load_address>
         <run_address>0x73d8</run_address>
         <size>0x68</size>
         <input_file_ref idref="fl-d2"/>
      </object_component>
      <object_component id="oc-3ba">
         <name>.text:frexp</name>
         <load_address>0x7440</load_address>
         <run_address>0x7440</run_address>
         <size>0x64</size>
         <input_file_ref idref="fl-f8"/>
      </object_component>
      <object_component id="oc-2a7">
         <name>.text:_pconv_f</name>
         <load_address>0x74a4</load_address>
         <run_address>0x74a4</run_address>
         <size>0x56</size>
         <input_file_ref idref="fl-d8"/>
      </object_component>
      <object_component id="oc-38f">
         <name>.text:__TI_ltoa</name>
         <load_address>0x74fa</load_address>
         <run_address>0x74fa</run_address>
         <size>0x54</size>
         <input_file_ref idref="fl-e7"/>
      </object_component>
      <object_component id="oc-39f">
         <name>.text:_ecpy</name>
         <load_address>0x754e</load_address>
         <run_address>0x754e</run_address>
         <size>0x52</size>
         <input_file_ref idref="fl-d8"/>
      </object_component>
      <object_component id="oc-290">
         <name>.text:atoi</name>
         <load_address>0x75a0</load_address>
         <run_address>0x75a0</run_address>
         <size>0x4c</size>
         <input_file_ref idref="fl-e9"/>
      </object_component>
      <object_component id="oc-f6">
         <name>.text:snprintf</name>
         <load_address>0x75ec</load_address>
         <run_address>0x75ec</run_address>
         <size>0x4c</size>
         <input_file_ref idref="fl-cc"/>
      </object_component>
      <object_component id="oc-38a">
         <name>.text</name>
         <load_address>0x7638</load_address>
         <run_address>0x7638</run_address>
         <size>0x48</size>
         <input_file_ref idref="fl-de"/>
      </object_component>
      <object_component id="oc-164">
         <name>.text:__TI_auto_init_nobinit_nopinit:__TI_auto_init_nobinit_nopinit</name>
         <load_address>0x7680</load_address>
         <run_address>0x7680</run_address>
         <size>0x44</size>
         <input_file_ref idref="fl-e2"/>
      </object_component>
      <object_component id="oc-11a">
         <name>.text:strtok</name>
         <load_address>0x76c4</load_address>
         <run_address>0x76c4</run_address>
         <size>0x40</size>
         <input_file_ref idref="fl-d5"/>
      </object_component>
      <object_component id="oc-3b2">
         <name>.text:_fcpy</name>
         <load_address>0x7704</load_address>
         <run_address>0x7704</run_address>
         <size>0x3e</size>
         <input_file_ref idref="fl-d8"/>
      </object_component>
      <object_component id="oc-114">
         <name>.text:sscanf</name>
         <load_address>0x7744</load_address>
         <run_address>0x7744</run_address>
         <size>0x38</size>
         <input_file_ref idref="fl-cd"/>
      </object_component>
      <object_component id="oc-5f">
         <name>.text:_c_int00_noargs:_c_int00_noargs</name>
         <load_address>0x777c</load_address>
         <run_address>0x777c</run_address>
         <size>0x34</size>
         <input_file_ref idref="fl-d7"/>
      </object_component>
      <object_component id="oc-1d1">
         <name>.text:_outs</name>
         <load_address>0x77b0</load_address>
         <run_address>0x77b0</run_address>
         <size>0x30</size>
         <input_file_ref idref="fl-cc"/>
      </object_component>
      <object_component id="oc-395">
         <name>.text</name>
         <load_address>0x77e0</load_address>
         <run_address>0x77e0</run_address>
         <size>0x2e</size>
         <input_file_ref idref="fl-e0"/>
      </object_component>
      <object_component id="oc-229">
         <name>.text:strspn</name>
         <load_address>0x780e</load_address>
         <run_address>0x780e</run_address>
         <size>0x2a</size>
         <input_file_ref idref="fl-f0"/>
      </object_component>
      <object_component id="oc-12c">
         <name>.text</name>
         <load_address>0x7838</load_address>
         <run_address>0x7838</run_address>
         <size>0x24</size>
         <input_file_ref idref="fl-a"/>
      </object_component>
      <object_component id="oc-22f">
         <name>.text:strcspn</name>
         <load_address>0x785c</load_address>
         <run_address>0x785c</run_address>
         <size>0x24</size>
         <input_file_ref idref="fl-ed"/>
      </object_component>
      <object_component id="oc-139">
         <name>.text</name>
         <load_address>0x7880</load_address>
         <run_address>0x7880</run_address>
         <size>0x24</size>
         <input_file_ref idref="fl-12"/>
      </object_component>
      <object_component id="oc-4d">
         <name>.text:decompress:ZI:__TI_zero_init_nomemset:__TI_zero_init_nomemset</name>
         <load_address>0x78a4</load_address>
         <run_address>0x78a4</run_address>
         <size>0x1c</size>
         <input_file_ref idref="fl-d0"/>
      </object_component>
      <object_component id="oc-2b9">
         <name>.text:memccpy</name>
         <load_address>0x78c0</load_address>
         <run_address>0x78c0</run_address>
         <size>0x1c</size>
         <input_file_ref idref="fl-ea"/>
      </object_component>
      <object_component id="oc-42f">
         <name>.text:copysign</name>
         <load_address>0x78dc</load_address>
         <run_address>0x78dc</run_address>
         <size>0x1a</size>
         <input_file_ref idref="fl-fc"/>
      </object_component>
      <object_component id="oc-1d7">
         <name>.text:_outc</name>
         <load_address>0x78f6</load_address>
         <run_address>0x78f6</run_address>
         <size>0x18</size>
         <input_file_ref idref="fl-cc"/>
      </object_component>
      <object_component id="oc-3e5">
         <name>.text</name>
         <load_address>0x790e</load_address>
         <run_address>0x790e</run_address>
         <size>0x18</size>
         <input_file_ref idref="fl-fb"/>
      </object_component>
      <object_component id="oc-120">
         <name>.text:strcmp</name>
         <load_address>0x7926</load_address>
         <run_address>0x7926</run_address>
         <size>0x18</size>
         <input_file_ref idref="fl-d4"/>
      </object_component>
      <object_component id="oc-317">
         <name>.text:strrchr</name>
         <load_address>0x793e</load_address>
         <run_address>0x793e</run_address>
         <size>0x18</size>
         <input_file_ref idref="fl-ef"/>
      </object_component>
      <object_component id="oc-31d">
         <name>.text:strchr</name>
         <load_address>0x7956</load_address>
         <run_address>0x7956</run_address>
         <size>0x16</size>
         <input_file_ref idref="fl-eb"/>
      </object_component>
      <object_component id="oc-2ee">
         <name>.text:strcpy</name>
         <load_address>0x796c</load_address>
         <run_address>0x796c</run_address>
         <size>0x14</size>
         <input_file_ref idref="fl-ec"/>
      </object_component>
      <object_component id="oc-28a">
         <name>.text:strlen</name>
         <load_address>0x7980</load_address>
         <run_address>0x7980</run_address>
         <size>0x14</size>
         <input_file_ref idref="fl-ee"/>
      </object_component>
      <object_component id="oc-215">
         <name>.text:_inpchar</name>
         <load_address>0x7994</load_address>
         <run_address>0x7994</run_address>
         <size>0x12</size>
         <input_file_ref idref="fl-cd"/>
      </object_component>
      <object_component id="oc-2bf">
         <name>.text:wcslen</name>
         <load_address>0x79a6</load_address>
         <run_address>0x79a6</run_address>
         <size>0x12</size>
         <input_file_ref idref="fl-f7"/>
      </object_component>
      <object_component id="oc-de">
         <name>.text</name>
         <load_address>0x79b8</load_address>
         <run_address>0x79b8</run_address>
         <size>0x10</size>
         <input_file_ref idref="fl-2"/>
      </object_component>
      <object_component id="oc-10e">
         <name>.text:tolower</name>
         <load_address>0x79c8</load_address>
         <run_address>0x79c8</run_address>
         <size>0x10</size>
         <input_file_ref idref="fl-d6"/>
      </object_component>
      <object_component id="oc-1b">
         <name>.text:decompress:none:__TI_decompress_none</name>
         <load_address>0x79d8</load_address>
         <run_address>0x79d8</run_address>
         <size>0xe</size>
         <input_file_ref idref="fl-d1"/>
      </object_component>
      <object_component id="oc-27">
         <name>.text</name>
         <load_address>0x79e6</load_address>
         <run_address>0x79e6</run_address>
         <size>0xc</size>
         <input_file_ref idref="fl-f"/>
      </object_component>
      <object_component id="oc-2c5">
         <name>.text:__aeabi_errno_addr</name>
         <load_address>0x79f4</load_address>
         <run_address>0x79f4</run_address>
         <size>0x8</size>
         <input_file_ref idref="fl-f6"/>
      </object_component>
      <object_component id="oc-21b">
         <name>.text:_uninpchar</name>
         <load_address>0x79fc</load_address>
         <run_address>0x79fc</run_address>
         <size>0x8</size>
         <input_file_ref idref="fl-cd"/>
      </object_component>
      <object_component id="oc-ac">
         <name>.text:_system_pre_init</name>
         <load_address>0x7a04</load_address>
         <run_address>0x7a04</run_address>
         <size>0x4</size>
         <input_file_ref idref="fl-e3"/>
      </object_component>
      <object_component id="oc-158">
         <name>.text:abort:abort</name>
         <load_address>0x7a08</load_address>
         <run_address>0x7a08</run_address>
         <size>0x4</size>
         <input_file_ref idref="fl-e5"/>
      </object_component>
      <object_component id="oc-20a">
         <name>.const:.string:_ctypes_</name>
         <load_address>0x7a10</load_address>
         <run_address>0x7a10</run_address>
         <size>0x101</size>
         <input_file_ref idref="fl-d3"/>
      </object_component>
      <object_component id="oc-3ee">
         <name>.const:$O1$$</name>
         <load_address>0x7b18</load_address>
         <run_address>0x7b18</run_address>
         <size>0xc8</size>
         <input_file_ref idref="fl-f1"/>
      </object_component>
      <object_component id="oc-323">
         <name>.const:$O1$$</name>
         <load_address>0x7be0</load_address>
         <run_address>0x7be0</run_address>
         <size>0x10</size>
         <input_file_ref idref="fl-d9"/>
      </object_component>
      <object_component id="oc-494">
         <name>.cinit..data.load</name>
         <load_address>0x7bf0</load_address>
         <run_address>0x7bf0</run_address>
         <size>0x20</size>
      </object_component>
      <object_component id="oc-492">
         <name>__TI_handler_table</name>
         <load_address>0x7c10</load_address>
         <run_address>0x7c10</run_address>
         <size>0xc</size>
      </object_component>
      <object_component id="oc-495">
         <name>.cinit..bss.load</name>
         <load_address>0x7c20</load_address>
         <run_address>0x7c20</run_address>
         <size>0x8</size>
      </object_component>
      <object_component id="oc-493">
         <name>__TI_cinit_table</name>
         <load_address>0x7c28</load_address>
         <run_address>0x7c28</run_address>
         <size>0x10</size>
      </object_component>
      <object_component id="oc-1ff">
         <name>.data</name>
         <load_address>0x20001210</load_address>
         <run_address>0x20001210</run_address>
         <size>0x1c</size>
         <input_file_ref idref="fl-3"/>
      </object_component>
      <object_component id="oc-1c1">
         <name>.data</name>
         <load_address>0x20001250</load_address>
         <run_address>0x20001250</run_address>
         <size>0x3</size>
         <input_file_ref idref="fl-5"/>
      </object_component>
      <object_component id="oc-1c4">
         <name>.data:hwAddress</name>
         <load_address>0x2000122c</load_address>
         <run_address>0x2000122c</run_address>
         <size>0x6</size>
         <input_file_ref idref="fl-5"/>
      </object_component>
      <object_component id="oc-126">
         <name>.data</name>
         <load_address>0x20001246</load_address>
         <run_address>0x20001246</run_address>
         <size>0x1</size>
         <input_file_ref idref="fl-6"/>
      </object_component>
      <object_component id="oc-1ee">
         <name>.data:ipAddress</name>
         <load_address>0x20001232</load_address>
         <run_address>0x20001232</run_address>
         <size>0x4</size>
         <input_file_ref idref="fl-9"/>
      </object_component>
      <object_component id="oc-1f1">
         <name>.data:ipSubnetMask</name>
         <load_address>0x2000123e</load_address>
         <run_address>0x2000123e</run_address>
         <size>0x4</size>
         <input_file_ref idref="fl-9"/>
      </object_component>
      <object_component id="oc-1f4">
         <name>.data:ipGwAddress</name>
         <load_address>0x2000123a</load_address>
         <run_address>0x2000123a</run_address>
         <size>0x4</size>
         <input_file_ref idref="fl-9"/>
      </object_component>
      <object_component id="oc-1f7">
         <name>.data:ipDnsAddress</name>
         <load_address>0x20001236</load_address>
         <run_address>0x20001236</run_address>
         <size>0x4</size>
         <input_file_ref idref="fl-9"/>
      </object_component>
      <object_component id="oc-1fa">
         <name>.data:ipTimeServerAddress</name>
         <load_address>0x20001242</load_address>
         <run_address>0x20001242</run_address>
         <size>0x4</size>
         <input_file_ref idref="fl-9"/>
      </object_component>
      <object_component id="oc-235">
         <name>.data</name>
         <load_address>0x2000124c</load_address>
         <run_address>0x2000124c</run_address>
         <size>0x4</size>
         <input_file_ref idref="fl-d5"/>
      </object_component>
      <object_component id="oc-3d0">
         <name>.data</name>
         <load_address>0x20001248</load_address>
         <run_address>0x20001248</run_address>
         <size>0x4</size>
         <input_file_ref idref="fl-f6"/>
      </object_component>
      <object_component id="oc-202">
         <name>.common:dhcpOfferedIpAdd</name>
         <uninitialized>true</uninitialized>
         <run_address>0x200011f0</run_address>
         <size>0x4</size>
      </object_component>
      <object_component id="oc-203">
         <name>.common:dhcpServerIpAdd</name>
         <uninitialized>true</uninitialized>
         <run_address>0x200011f4</run_address>
         <size>0x4</size>
      </object_component>
      <object_component id="oc-204">
         <name>.common:tempSub</name>
         <uninitialized>true</uninitialized>
         <run_address>0x20001208</run_address>
         <size>0x4</size>
      </object_component>
      <object_component id="oc-206">
         <name>.common:tempDns</name>
         <uninitialized>true</uninitialized>
         <run_address>0x200011fc</run_address>
         <size>0x4</size>
      </object_component>
      <object_component id="oc-205">
         <name>.common:tempGw</name>
         <uninitialized>true</uninitialized>
         <run_address>0x20001200</run_address>
         <size>0x4</size>
      </object_component>
      <object_component id="oc-207">
         <name>.common:tempLs</name>
         <uninitialized>true</uninitialized>
         <run_address>0x20001204</run_address>
         <size>0x4</size>
      </object_component>
      <object_component id="oc-129">
         <name>.common:strInput</name>
         <uninitialized>true</uninitialized>
         <run_address>0x20001118</run_address>
         <size>0x54</size>
      </object_component>
      <object_component id="oc-132">
         <name>.common:token</name>
         <uninitialized>true</uninitialized>
         <run_address>0x2000120c</run_address>
         <size>0x4</size>
      </object_component>
      <object_component id="oc-251">
         <name>.common:sockets</name>
         <uninitialized>true</uninitialized>
         <run_address>0x20001000</run_address>
         <size>0x118</size>
      </object_component>
      <object_component id="oc-256">
         <name>.common:tcpState</name>
         <uninitialized>true</uninitialized>
         <run_address>0x200011f8</run_address>
         <size>0x4</size>
      </object_component>
      <object_component id="oc-78">
         <name>.common:fn</name>
         <uninitialized>true</uninitialized>
         <run_address>0x2000116c</run_address>
         <size>0x28</size>
      </object_component>
      <object_component id="oc-74">
         <name>.common:period</name>
         <uninitialized>true</uninitialized>
         <run_address>0x20001194</run_address>
         <size>0x28</size>
      </object_component>
      <object_component id="oc-77">
         <name>.common:ticks</name>
         <uninitialized>true</uninitialized>
         <run_address>0x200011bc</run_address>
         <size>0x28</size>
      </object_component>
      <object_component id="oc-79">
         <name>.common:reload</name>
         <uninitialized>true</uninitialized>
         <run_address>0x200011e4</run_address>
         <size>0xc</size>
      </object_component>
      <object_component id="oc-24">
         <name>.stack</name>
         <uninitialized>true</uninitialized>
         <run_address>0x20000000</run_address>
         <size>0x4</size>
         <input_file_ref idref="fl-d7"/>
      </object_component>
      <object_component id="oc-497">
         <name>.stack</name>
         <uninitialized>true</uninitialized>
         <run_address>0x20000000</run_address>
         <size>0x0</size>
      </object_component>
      <object_component id="oc-cd">
         <name>.debug_info</name>
         <load_address>0x0</load_address>
         <run_address>0x0</run_address>
         <size>0x35e</size>
         <input_file_ref idref="fl-1"/>
      </object_component>
      <object_component id="oc-146">
         <name>.debug_info</name>
         <load_address>0x35e</load_address>
         <run_address>0x35e</run_address>
         <size>0x4c2</size>
         <input_file_ref idref="fl-1"/>
      </object_component>
      <object_component id="oc-8c">
         <name>.debug_info</name>
         <load_address>0x820</load_address>
         <run_address>0x820</run_address>
         <size>0x26b</size>
         <input_file_ref idref="fl-1"/>
      </object_component>
      <object_component id="oc-80">
         <name>.debug_info</name>
         <load_address>0xa8b</load_address>
         <run_address>0xa8b</run_address>
         <size>0x8b</size>
         <input_file_ref idref="fl-1"/>
      </object_component>
      <object_component id="oc-c6">
         <name>.debug_info</name>
         <load_address>0xb16</load_address>
         <run_address>0xb16</run_address>
         <size>0x2a4</size>
         <input_file_ref idref="fl-1"/>
      </object_component>
      <object_component id="oc-7b">
         <name>.debug_info</name>
         <load_address>0xdba</load_address>
         <run_address>0xdba</run_address>
         <size>0xbb</size>
         <input_file_ref idref="fl-1"/>
      </object_component>
      <object_component id="oc-24a">
         <name>.debug_info</name>
         <load_address>0xe75</load_address>
         <run_address>0xe75</run_address>
         <size>0xcc</size>
         <input_file_ref idref="fl-1"/>
      </object_component>
      <object_component id="oc-1e9">
         <name>.debug_info</name>
         <load_address>0xf41</load_address>
         <run_address>0xf41</run_address>
         <size>0x2c</size>
         <input_file_ref idref="fl-1"/>
      </object_component>
      <object_component id="oc-1ae">
         <name>.debug_info</name>
         <load_address>0xf6d</load_address>
         <run_address>0xf6d</run_address>
         <size>0xee</size>
         <input_file_ref idref="fl-1"/>
      </object_component>
      <object_component id="oc-19d">
         <name>.debug_info</name>
         <load_address>0x105b</load_address>
         <run_address>0x105b</run_address>
         <size>0xe1</size>
         <input_file_ref idref="fl-1"/>
      </object_component>
      <object_component id="oc-1a2">
         <name>.debug_info</name>
         <load_address>0x113c</load_address>
         <run_address>0x113c</run_address>
         <size>0x12e</size>
         <input_file_ref idref="fl-1"/>
      </object_component>
      <object_component id="oc-df">
         <name>.debug_info</name>
         <load_address>0x126a</load_address>
         <run_address>0x126a</run_address>
         <size>0x126</size>
         <input_file_ref idref="fl-2"/>
      </object_component>
      <object_component id="oc-3c">
         <name>.debug_info</name>
         <load_address>0x1390</load_address>
         <run_address>0x1390</run_address>
         <size>0x84</size>
         <input_file_ref idref="fl-2"/>
      </object_component>
      <object_component id="oc-cb">
         <name>.debug_info</name>
         <load_address>0x1414</load_address>
         <run_address>0x1414</run_address>
         <size>0x76e</size>
         <input_file_ref idref="fl-3"/>
      </object_component>
      <object_component id="oc-200">
         <name>.debug_info</name>
         <load_address>0x1b82</load_address>
         <run_address>0x1b82</run_address>
         <size>0x2a0</size>
         <input_file_ref idref="fl-3"/>
      </object_component>
      <object_component id="oc-103">
         <name>.debug_info</name>
         <load_address>0x1e22</load_address>
         <run_address>0x1e22</run_address>
         <size>0x1b1d</size>
         <input_file_ref idref="fl-3"/>
      </object_component>
      <object_component id="oc-85">
         <name>.debug_info</name>
         <load_address>0x393f</load_address>
         <run_address>0x393f</run_address>
         <size>0x2c</size>
         <input_file_ref idref="fl-3"/>
      </object_component>
      <object_component id="oc-198">
         <name>.debug_info</name>
         <load_address>0x396b</load_address>
         <run_address>0x396b</run_address>
         <size>0x168</size>
         <input_file_ref idref="fl-3"/>
      </object_component>
      <object_component id="oc-240">
         <name>.debug_info</name>
         <load_address>0x3ad3</load_address>
         <run_address>0x3ad3</run_address>
         <size>0xc6</size>
         <input_file_ref idref="fl-3"/>
      </object_component>
      <object_component id="oc-1a7">
         <name>.debug_info</name>
         <load_address>0x3b99</load_address>
         <run_address>0x3b99</run_address>
         <size>0x9e</size>
         <input_file_ref idref="fl-3"/>
      </object_component>
      <object_component id="oc-109">
         <name>.debug_info</name>
         <load_address>0x3c37</load_address>
         <run_address>0x3c37</run_address>
         <size>0x20e</size>
         <input_file_ref idref="fl-4"/>
      </object_component>
      <object_component id="oc-1c8">
         <name>.debug_info</name>
         <load_address>0x3e45</load_address>
         <run_address>0x3e45</run_address>
         <size>0x470</size>
         <input_file_ref idref="fl-5"/>
      </object_component>
      <object_component id="oc-1c2">
         <name>.debug_info</name>
         <load_address>0x42b5</load_address>
         <run_address>0x42b5</run_address>
         <size>0x137</size>
         <input_file_ref idref="fl-5"/>
      </object_component>
      <object_component id="oc-1c5">
         <name>.debug_info</name>
         <load_address>0x43ec</load_address>
         <run_address>0x43ec</run_address>
         <size>0xdf</size>
         <input_file_ref idref="fl-5"/>
      </object_component>
      <object_component id="oc-eb">
         <name>.debug_info</name>
         <load_address>0x44cb</load_address>
         <run_address>0x44cb</run_address>
         <size>0x1890</size>
         <input_file_ref idref="fl-5"/>
      </object_component>
      <object_component id="oc-1b5">
         <name>.debug_info</name>
         <load_address>0x5d5b</load_address>
         <run_address>0x5d5b</run_address>
         <size>0x88</size>
         <input_file_ref idref="fl-5"/>
      </object_component>
      <object_component id="oc-12a">
         <name>.debug_info</name>
         <load_address>0x5de3</load_address>
         <run_address>0x5de3</run_address>
         <size>0x1042</size>
         <input_file_ref idref="fl-6"/>
      </object_component>
      <object_component id="oc-127">
         <name>.debug_info</name>
         <load_address>0x6e25</load_address>
         <run_address>0x6e25</run_address>
         <size>0xdc</size>
         <input_file_ref idref="fl-6"/>
      </object_component>
      <object_component id="oc-b3">
         <name>.debug_info</name>
         <load_address>0x6f01</load_address>
         <run_address>0x6f01</run_address>
         <size>0x12b5</size>
         <input_file_ref idref="fl-6"/>
      </object_component>
      <object_component id="oc-348">
         <name>.debug_info</name>
         <load_address>0x81b6</load_address>
         <run_address>0x81b6</run_address>
         <size>0xb2</size>
         <input_file_ref idref="fl-6"/>
      </object_component>
      <object_component id="oc-33f">
         <name>.debug_info</name>
         <load_address>0x8268</load_address>
         <run_address>0x8268</run_address>
         <size>0xee</size>
         <input_file_ref idref="fl-6"/>
      </object_component>
      <object_component id="oc-245">
         <name>.debug_info</name>
         <load_address>0x8356</load_address>
         <run_address>0x8356</run_address>
         <size>0x35</size>
         <input_file_ref idref="fl-6"/>
      </object_component>
      <object_component id="oc-1ba">
         <name>.debug_info</name>
         <load_address>0x838b</load_address>
         <run_address>0x838b</run_address>
         <size>0x273</size>
         <input_file_ref idref="fl-7"/>
      </object_component>
      <object_component id="oc-e5">
         <name>.debug_info</name>
         <load_address>0x85fe</load_address>
         <run_address>0x85fe</run_address>
         <size>0x10f3</size>
         <input_file_ref idref="fl-7"/>
      </object_component>
      <object_component id="oc-25c">
         <name>.debug_info</name>
         <load_address>0x96f1</load_address>
         <run_address>0x96f1</run_address>
         <size>0x36b</size>
         <input_file_ref idref="fl-8"/>
      </object_component>
      <object_component id="oc-14c">
         <name>.debug_info</name>
         <load_address>0x9a5c</load_address>
         <run_address>0x9a5c</run_address>
         <size>0x37b</size>
         <input_file_ref idref="fl-8"/>
      </object_component>
      <object_component id="oc-1fe">
         <name>.debug_info</name>
         <load_address>0x9dd7</load_address>
         <run_address>0x9dd7</run_address>
         <size>0x2d7</size>
         <input_file_ref idref="fl-9"/>
      </object_component>
      <object_component id="oc-1ef">
         <name>.debug_info</name>
         <load_address>0xa0ae</load_address>
         <run_address>0xa0ae</run_address>
         <size>0xdd</size>
         <input_file_ref idref="fl-9"/>
      </object_component>
      <object_component id="oc-1f2">
         <name>.debug_info</name>
         <load_address>0xa18b</load_address>
         <run_address>0xa18b</run_address>
         <size>0xe3</size>
         <input_file_ref idref="fl-9"/>
      </object_component>
      <object_component id="oc-1f5">
         <name>.debug_info</name>
         <load_address>0xa26e</load_address>
         <run_address>0xa26e</run_address>
         <size>0xe1</size>
         <input_file_ref idref="fl-9"/>
      </object_component>
      <object_component id="oc-1f8">
         <name>.debug_info</name>
         <load_address>0xa34f</load_address>
         <run_address>0xa34f</run_address>
         <size>0xe3</size>
         <input_file_ref idref="fl-9"/>
      </object_component>
      <object_component id="oc-1fb">
         <name>.debug_info</name>
         <load_address>0xa432</load_address>
         <run_address>0xa432</run_address>
         <size>0xf1</size>
         <input_file_ref idref="fl-9"/>
      </object_component>
      <object_component id="oc-fd">
         <name>.debug_info</name>
         <load_address>0xa523</load_address>
         <run_address>0xa523</run_address>
         <size>0xa9f</size>
         <input_file_ref idref="fl-9"/>
      </object_component>
      <object_component id="oc-250">
         <name>.debug_info</name>
         <load_address>0xafc2</load_address>
         <run_address>0xafc2</run_address>
         <size>0x2aa</size>
         <input_file_ref idref="fl-a"/>
      </object_component>
      <object_component id="oc-12d">
         <name>.debug_info</name>
         <load_address>0xb26c</load_address>
         <run_address>0xb26c</run_address>
         <size>0x30b</size>
         <input_file_ref idref="fl-a"/>
      </object_component>
      <object_component id="oc-252">
         <name>.debug_info</name>
         <load_address>0xb577</load_address>
         <run_address>0xb577</run_address>
         <size>0x30a</size>
         <input_file_ref idref="fl-b"/>
      </object_component>
      <object_component id="oc-134">
         <name>.debug_info</name>
         <load_address>0xb881</load_address>
         <run_address>0xb881</run_address>
         <size>0x51f</size>
         <input_file_ref idref="fl-b"/>
      </object_component>
      <object_component id="oc-1bc">
         <name>.debug_info</name>
         <load_address>0xbda0</load_address>
         <run_address>0xbda0</run_address>
         <size>0x460</size>
         <input_file_ref idref="fl-c"/>
      </object_component>
      <object_component id="oc-257">
         <name>.debug_info</name>
         <load_address>0xc200</load_address>
         <run_address>0xc200</run_address>
         <size>0x30b</size>
         <input_file_ref idref="fl-d"/>
      </object_component>
      <object_component id="oc-140">
         <name>.debug_info</name>
         <load_address>0xc50b</load_address>
         <run_address>0xc50b</run_address>
         <size>0x756</size>
         <input_file_ref idref="fl-d"/>
      </object_component>
      <object_component id="oc-75">
         <name>.debug_info</name>
         <load_address>0xcc61</load_address>
         <run_address>0xcc61</run_address>
         <size>0x333</size>
         <input_file_ref idref="fl-e"/>
      </object_component>
      <object_component id="oc-2e">
         <name>.debug_info</name>
         <load_address>0xcf94</load_address>
         <run_address>0xcf94</run_address>
         <size>0x4b5</size>
         <input_file_ref idref="fl-e"/>
      </object_component>
      <object_component id="oc-35">
         <name>.debug_info</name>
         <load_address>0xd449</load_address>
         <run_address>0xd449</run_address>
         <size>0x2d0</size>
         <input_file_ref idref="fl-f"/>
      </object_component>
      <object_component id="oc-13">
         <name>.debug_info</name>
         <load_address>0xd719</load_address>
         <run_address>0xd719</run_address>
         <size>0xf9</size>
         <input_file_ref idref="fl-f"/>
      </object_component>
      <object_component id="oc-28">
         <name>.debug_info</name>
         <load_address>0xd812</load_address>
         <run_address>0xd812</run_address>
         <size>0x275</size>
         <input_file_ref idref="fl-f"/>
      </object_component>
      <object_component id="oc-1ca">
         <name>.debug_info</name>
         <load_address>0xda87</load_address>
         <run_address>0xda87</run_address>
         <size>0x359</size>
         <input_file_ref idref="fl-10"/>
      </object_component>
      <object_component id="oc-f1">
         <name>.debug_info</name>
         <load_address>0xdde0</load_address>
         <run_address>0xdde0</run_address>
         <size>0x3d2</size>
         <input_file_ref idref="fl-10"/>
      </object_component>
      <object_component id="oc-25e">
         <name>.debug_info</name>
         <load_address>0xe1b2</load_address>
         <run_address>0xe1b2</run_address>
         <size>0x3f8</size>
         <input_file_ref idref="fl-11"/>
      </object_component>
      <object_component id="oc-152">
         <name>.debug_info</name>
         <load_address>0xe5aa</load_address>
         <run_address>0xe5aa</run_address>
         <size>0x523</size>
         <input_file_ref idref="fl-11"/>
      </object_component>
      <object_component id="oc-13a">
         <name>.debug_info</name>
         <load_address>0xeacd</load_address>
         <run_address>0xeacd</run_address>
         <size>0x130</size>
         <input_file_ref idref="fl-12"/>
      </object_component>
      <object_component id="oc-1de">
         <name>.debug_info</name>
         <load_address>0xebfd</load_address>
         <run_address>0xebfd</run_address>
         <size>0x33a</size>
         <input_file_ref idref="fl-cc"/>
      </object_component>
      <object_component id="oc-fa">
         <name>.debug_info</name>
         <load_address>0xef37</load_address>
         <run_address>0xef37</run_address>
         <size>0x1ee</size>
         <input_file_ref idref="fl-cc"/>
      </object_component>
      <object_component id="oc-1d5">
         <name>.debug_info</name>
         <load_address>0xf125</load_address>
         <run_address>0xf125</run_address>
         <size>0x1c3</size>
         <input_file_ref idref="fl-cc"/>
      </object_component>
      <object_component id="oc-1db">
         <name>.debug_info</name>
         <load_address>0xf2e8</load_address>
         <run_address>0xf2e8</run_address>
         <size>0x176</size>
         <input_file_ref idref="fl-cc"/>
      </object_component>
      <object_component id="oc-1df">
         <name>.debug_info</name>
         <load_address>0xf45e</load_address>
         <run_address>0xf45e</run_address>
         <size>0x2c</size>
         <input_file_ref idref="fl-cc"/>
      </object_component>
      <object_component id="oc-1e4">
         <name>.debug_info</name>
         <load_address>0xf48a</load_address>
         <run_address>0xf48a</run_address>
         <size>0x69</size>
         <input_file_ref idref="fl-cc"/>
      </object_component>
      <object_component id="oc-228">
         <name>.debug_info</name>
         <load_address>0xf4f3</load_address>
         <run_address>0xf4f3</run_address>
         <size>0x37a</size>
         <input_file_ref idref="fl-cd"/>
      </object_component>
      <object_component id="oc-115">
         <name>.debug_info</name>
         <load_address>0xf86d</load_address>
         <run_address>0xf86d</run_address>
         <size>0x17e</size>
         <input_file_ref idref="fl-cd"/>
      </object_component>
      <object_component id="oc-21c">
         <name>.debug_info</name>
         <load_address>0xf9eb</load_address>
         <run_address>0xf9eb</run_address>
         <size>0x171</size>
         <input_file_ref idref="fl-cd"/>
      </object_component>
      <object_component id="oc-216">
         <name>.debug_info</name>
         <load_address>0xfb5c</load_address>
         <run_address>0xfb5c</run_address>
         <size>0x17e</size>
         <input_file_ref idref="fl-cd"/>
      </object_component>
      <object_component id="oc-222">
         <name>.debug_info</name>
         <load_address>0xfcda</load_address>
         <run_address>0xfcda</run_address>
         <size>0x1de</size>
         <input_file_ref idref="fl-cd"/>
      </object_component>
      <object_component id="oc-42">
         <name>.debug_info</name>
         <load_address>0xfeb8</load_address>
         <run_address>0xfeb8</run_address>
         <size>0x119</size>
         <input_file_ref idref="fl-ce"/>
      </object_component>
      <object_component id="oc-a7">
         <name>.debug_info</name>
         <load_address>0xffd1</load_address>
         <run_address>0xffd1</run_address>
         <size>0x147</size>
         <input_file_ref idref="fl-cf"/>
      </object_component>
      <object_component id="oc-a5">
         <name>.debug_info</name>
         <load_address>0x10118</load_address>
         <run_address>0x10118</run_address>
         <size>0x2d4</size>
         <input_file_ref idref="fl-d0"/>
      </object_component>
      <object_component id="oc-4e">
         <name>.debug_info</name>
         <load_address>0x103ec</load_address>
         <run_address>0x103ec</run_address>
         <size>0x1d2</size>
         <input_file_ref idref="fl-d0"/>
      </object_component>
      <object_component id="oc-a0">
         <name>.debug_info</name>
         <load_address>0x105be</load_address>
         <run_address>0x105be</run_address>
         <size>0x46</size>
         <input_file_ref idref="fl-d0"/>
      </object_component>
      <object_component id="oc-d5">
         <name>.debug_info</name>
         <load_address>0x10604</load_address>
         <run_address>0x10604</run_address>
         <size>0x2c</size>
         <input_file_ref idref="fl-d0"/>
      </object_component>
      <object_component id="oc-4c">
         <name>.debug_info</name>
         <load_address>0x10630</load_address>
         <run_address>0x10630</run_address>
         <size>0x2a8</size>
         <input_file_ref idref="fl-d1"/>
      </object_component>
      <object_component id="oc-1c">
         <name>.debug_info</name>
         <load_address>0x108d8</load_address>
         <run_address>0x108d8</run_address>
         <size>0x1ea</size>
         <input_file_ref idref="fl-d1"/>
      </object_component>
      <object_component id="oc-47">
         <name>.debug_info</name>
         <load_address>0x10ac2</load_address>
         <run_address>0x10ac2</run_address>
         <size>0x46</size>
         <input_file_ref idref="fl-d1"/>
      </object_component>
      <object_component id="oc-98">
         <name>.debug_info</name>
         <load_address>0x10b08</load_address>
         <run_address>0x10b08</run_address>
         <size>0x2c</size>
         <input_file_ref idref="fl-d1"/>
      </object_component>
      <object_component id="oc-96">
         <name>.debug_info</name>
         <load_address>0x10b34</load_address>
         <run_address>0x10b34</run_address>
         <size>0x29e</size>
         <input_file_ref idref="fl-d2"/>
      </object_component>
      <object_component id="oc-16">
         <name>.debug_info</name>
         <load_address>0x10dd2</load_address>
         <run_address>0x10dd2</run_address>
         <size>0x250</size>
         <input_file_ref idref="fl-d2"/>
      </object_component>
      <object_component id="oc-37">
         <name>.debug_info</name>
         <load_address>0x11022</load_address>
         <run_address>0x11022</run_address>
         <size>0x60</size>
         <input_file_ref idref="fl-d2"/>
      </object_component>
      <object_component id="oc-ce">
         <name>.debug_info</name>
         <load_address>0x11082</load_address>
         <run_address>0x11082</run_address>
         <size>0x46</size>
         <input_file_ref idref="fl-d2"/>
      </object_component>
      <object_component id="oc-91">
         <name>.debug_info</name>
         <load_address>0x110c8</load_address>
         <run_address>0x110c8</run_address>
         <size>0x39</size>
         <input_file_ref idref="fl-d2"/>
      </object_component>
      <object_component id="oc-2eb">
         <name>.debug_info</name>
         <load_address>0x11101</load_address>
         <run_address>0x11101</run_address>
         <size>0xf9</size>
         <input_file_ref idref="fl-d3"/>
      </object_component>
      <object_component id="oc-20b">
         <name>.debug_info</name>
         <load_address>0x111fa</load_address>
         <run_address>0x111fa</run_address>
         <size>0x105</size>
         <input_file_ref idref="fl-d3"/>
      </object_component>
      <object_component id="oc-23b">
         <name>.debug_info</name>
         <load_address>0x112ff</load_address>
         <run_address>0x112ff</run_address>
         <size>0x28a</size>
         <input_file_ref idref="fl-d4"/>
      </object_component>
      <object_component id="oc-121">
         <name>.debug_info</name>
         <load_address>0x11589</load_address>
         <run_address>0x11589</run_address>
         <size>0x273</size>
         <input_file_ref idref="fl-d4"/>
      </object_component>
      <object_component id="oc-239">
         <name>.debug_info</name>
         <load_address>0x117fc</load_address>
         <run_address>0x117fc</run_address>
         <size>0x2fe</size>
         <input_file_ref idref="fl-d5"/>
      </object_component>
      <object_component id="oc-236">
         <name>.debug_info</name>
         <load_address>0x11afa</load_address>
         <run_address>0x11afa</run_address>
         <size>0x105</size>
         <input_file_ref idref="fl-d5"/>
      </object_component>
      <object_component id="oc-11b">
         <name>.debug_info</name>
         <load_address>0x11bff</load_address>
         <run_address>0x11bff</run_address>
         <size>0x1ab</size>
         <input_file_ref idref="fl-d5"/>
      </object_component>
      <object_component id="oc-20e">
         <name>.debug_info</name>
         <load_address>0x11daa</load_address>
         <run_address>0x11daa</run_address>
         <size>0x2b6</size>
         <input_file_ref idref="fl-d6"/>
      </object_component>
      <object_component id="oc-10f">
         <name>.debug_info</name>
         <load_address>0x12060</load_address>
         <run_address>0x12060</run_address>
         <size>0x154</size>
         <input_file_ref idref="fl-d6"/>
      </object_component>
      <object_component id="oc-25">
         <name>.debug_info</name>
         <load_address>0x121b4</load_address>
         <run_address>0x121b4</run_address>
         <size>0x10b</size>
         <input_file_ref idref="fl-d7"/>
      </object_component>
      <object_component id="oc-60">
         <name>.debug_info</name>
         <load_address>0x122bf</load_address>
         <run_address>0x122bf</run_address>
         <size>0x1a9</size>
         <input_file_ref idref="fl-d7"/>
      </object_component>
      <object_component id="oc-2cc">
         <name>.debug_info</name>
         <load_address>0x12468</load_address>
         <run_address>0x12468</run_address>
         <size>0x590</size>
         <input_file_ref idref="fl-d8"/>
      </object_component>
      <object_component id="oc-297">
         <name>.debug_info</name>
         <load_address>0x129f8</load_address>
         <run_address>0x129f8</run_address>
         <size>0x21e</size>
         <input_file_ref idref="fl-d8"/>
      </object_component>
      <object_component id="oc-3a0">
         <name>.debug_info</name>
         <load_address>0x12c16</load_address>
         <run_address>0x12c16</run_address>
         <size>0x1b3</size>
         <input_file_ref idref="fl-d8"/>
      </object_component>
      <object_component id="oc-3a6">
         <name>.debug_info</name>
         <load_address>0x12dc9</load_address>
         <run_address>0x12dc9</run_address>
         <size>0x21b</size>
         <input_file_ref idref="fl-d8"/>
      </object_component>
      <object_component id="oc-2a2">
         <name>.debug_info</name>
         <load_address>0x12fe4</load_address>
         <run_address>0x12fe4</run_address>
         <size>0x3c0</size>
         <input_file_ref idref="fl-d8"/>
      </object_component>
      <object_component id="oc-3ad">
         <name>.debug_info</name>
         <load_address>0x133a4</load_address>
         <run_address>0x133a4</run_address>
         <size>0x30a</size>
         <input_file_ref idref="fl-d8"/>
      </object_component>
      <object_component id="oc-3b3">
         <name>.debug_info</name>
         <load_address>0x136ae</load_address>
         <run_address>0x136ae</run_address>
         <size>0x215</size>
         <input_file_ref idref="fl-d8"/>
      </object_component>
      <object_component id="oc-2a8">
         <name>.debug_info</name>
         <load_address>0x138c3</load_address>
         <run_address>0x138c3</run_address>
         <size>0x215</size>
         <input_file_ref idref="fl-d8"/>
      </object_component>
      <object_component id="oc-2ae">
         <name>.debug_info</name>
         <load_address>0x13ad8</load_address>
         <run_address>0x13ad8</run_address>
         <size>0x304</size>
         <input_file_ref idref="fl-d8"/>
      </object_component>
      <object_component id="oc-2b4">
         <name>.debug_info</name>
         <load_address>0x13ddc</load_address>
         <run_address>0x13ddc</run_address>
         <size>0x4b5</size>
         <input_file_ref idref="fl-d8"/>
      </object_component>
      <object_component id="oc-1cc">
         <name>.debug_info</name>
         <load_address>0x14291</load_address>
         <run_address>0x14291</run_address>
         <size>0x5f4</size>
         <input_file_ref idref="fl-d8"/>
      </object_component>
      <object_component id="oc-2cd">
         <name>.debug_info</name>
         <load_address>0x14885</load_address>
         <run_address>0x14885</run_address>
         <size>0x86</size>
         <input_file_ref idref="fl-d8"/>
      </object_component>
      <object_component id="oc-3d7">
         <name>.debug_info</name>
         <load_address>0x1490b</load_address>
         <run_address>0x1490b</run_address>
         <size>0x39</size>
         <input_file_ref idref="fl-d8"/>
      </object_component>
      <object_component id="oc-444">
         <name>.debug_info</name>
         <load_address>0x14944</load_address>
         <run_address>0x14944</run_address>
         <size>0xb6</size>
         <input_file_ref idref="fl-d8"/>
      </object_component>
      <object_component id="oc-3dc">
         <name>.debug_info</name>
         <load_address>0x149fa</load_address>
         <run_address>0x149fa</run_address>
         <size>0x46</size>
         <input_file_ref idref="fl-d8"/>
      </object_component>
      <object_component id="oc-2d2">
         <name>.debug_info</name>
         <load_address>0x14a40</load_address>
         <run_address>0x14a40</run_address>
         <size>0x46</size>
         <input_file_ref idref="fl-d8"/>
      </object_component>
      <object_component id="oc-325">
         <name>.debug_info</name>
         <load_address>0x14a86</load_address>
         <run_address>0x14a86</run_address>
         <size>0x5ce</size>
         <input_file_ref idref="fl-d9"/>
      </object_component>
      <object_component id="oc-210">
         <name>.debug_info</name>
         <load_address>0x15054</load_address>
         <run_address>0x15054</run_address>
         <size>0xa45</size>
         <input_file_ref idref="fl-d9"/>
      </object_component>
      <object_component id="oc-327">
         <name>.debug_info</name>
         <load_address>0x15a99</load_address>
         <run_address>0x15a99</run_address>
         <size>0x9a</size>
         <input_file_ref idref="fl-d9"/>
      </object_component>
      <object_component id="oc-39d">
         <name>.debug_info</name>
         <load_address>0x15b33</load_address>
         <run_address>0x15b33</run_address>
         <size>0x14c</size>
         <input_file_ref idref="fl-da"/>
      </object_component>
      <object_component id="oc-29d">
         <name>.debug_info</name>
         <load_address>0x15c7f</load_address>
         <run_address>0x15c7f</run_address>
         <size>0x128</size>
         <input_file_ref idref="fl-db"/>
      </object_component>
      <object_component id="oc-386">
         <name>.debug_info</name>
         <load_address>0x15da7</load_address>
         <run_address>0x15da7</run_address>
         <size>0x12a</size>
         <input_file_ref idref="fl-db"/>
      </object_component>
      <object_component id="oc-381">
         <name>.debug_info</name>
         <load_address>0x15ed1</load_address>
         <run_address>0x15ed1</run_address>
         <size>0x13a</size>
         <input_file_ref idref="fl-dc"/>
      </object_component>
      <object_component id="oc-37c">
         <name>.debug_info</name>
         <load_address>0x1600b</load_address>
         <run_address>0x1600b</run_address>
         <size>0x13a</size>
         <input_file_ref idref="fl-dd"/>
      </object_component>
      <object_component id="oc-38b">
         <name>.debug_info</name>
         <load_address>0x16145</load_address>
         <run_address>0x16145</run_address>
         <size>0x12e</size>
         <input_file_ref idref="fl-de"/>
      </object_component>
      <object_component id="oc-307">
         <name>.debug_info</name>
         <load_address>0x16273</load_address>
         <run_address>0x16273</run_address>
         <size>0x13e</size>
         <input_file_ref idref="fl-df"/>
      </object_component>
      <object_component id="oc-396">
         <name>.debug_info</name>
         <load_address>0x163b1</load_address>
         <run_address>0x163b1</run_address>
         <size>0x12c</size>
         <input_file_ref idref="fl-e0"/>
      </object_component>
      <object_component id="oc-375">
         <name>.debug_info</name>
         <load_address>0x164dd</load_address>
         <run_address>0x164dd</run_address>
         <size>0x134</size>
         <input_file_ref idref="fl-e1"/>
      </object_component>
      <object_component id="oc-26a">
         <name>.debug_info</name>
         <load_address>0x16611</load_address>
         <run_address>0x16611</run_address>
         <size>0x4b3</size>
         <input_file_ref idref="fl-e2"/>
      </object_component>
      <object_component id="oc-165">
         <name>.debug_info</name>
         <load_address>0x16ac4</load_address>
         <run_address>0x16ac4</run_address>
         <size>0x1a6</size>
         <input_file_ref idref="fl-e2"/>
      </object_component>
      <object_component id="oc-35f">
         <name>.debug_info</name>
         <load_address>0x16c6a</load_address>
         <run_address>0x16c6a</run_address>
         <size>0x39</size>
         <input_file_ref idref="fl-e2"/>
      </object_component>
      <object_component id="oc-406">
         <name>.debug_info</name>
         <load_address>0x16ca3</load_address>
         <run_address>0x16ca3</run_address>
         <size>0x39</size>
         <input_file_ref idref="fl-e2"/>
      </object_component>
      <object_component id="oc-364">
         <name>.debug_info</name>
         <load_address>0x16cdc</load_address>
         <run_address>0x16cdc</run_address>
         <size>0x39</size>
         <input_file_ref idref="fl-e2"/>
      </object_component>
      <object_component id="oc-369">
         <name>.debug_info</name>
         <load_address>0x16d15</load_address>
         <run_address>0x16d15</run_address>
         <size>0xcd</size>
         <input_file_ref idref="fl-e2"/>
      </object_component>
      <object_component id="oc-ad">
         <name>.debug_info</name>
         <load_address>0x16de2</load_address>
         <run_address>0x16de2</run_address>
         <size>0x153</size>
         <input_file_ref idref="fl-e3"/>
      </object_component>
      <object_component id="oc-159">
         <name>.debug_info</name>
         <load_address>0x16f35</load_address>
         <run_address>0x16f35</run_address>
         <size>0x122</size>
         <input_file_ref idref="fl-e5"/>
      </object_component>
      <object_component id="oc-421">
         <name>.debug_info</name>
         <load_address>0x17057</load_address>
         <run_address>0x17057</run_address>
         <size>0x29c</size>
         <input_file_ref idref="fl-e7"/>
      </object_component>
      <object_component id="oc-390">
         <name>.debug_info</name>
         <load_address>0x172f3</load_address>
         <run_address>0x172f3</run_address>
         <size>0x1da</size>
         <input_file_ref idref="fl-e7"/>
      </object_component>
      <object_component id="oc-373">
         <name>.debug_info</name>
         <load_address>0x174cd</load_address>
         <run_address>0x174cd</run_address>
         <size>0x2b9</size>
         <input_file_ref idref="fl-e9"/>
      </object_component>
      <object_component id="oc-291">
         <name>.debug_info</name>
         <load_address>0x17786</load_address>
         <run_address>0x17786</run_address>
         <size>0x17c</size>
         <input_file_ref idref="fl-e9"/>
      </object_component>
      <object_component id="oc-3c8">
[...]
      </symbol>
      <symbol id="sm-44b">
         <name>setIpSubnetMask</name>
         <value>0x4577</value>
         <object_component_ref idref="oc-fc"/>
      </symbol>
      <symbol id="sm-44c">
         <name>ipAddress</name>
         <value>0x20001232</value>
         <object_component_ref idref="oc-1ee"/>
      </symbol>
      <symbol id="sm-44d">
         <name>isIpUnicast</name>
         <value>0x447d</value>
         <object_component_ref idref="oc-fc"/>
      </symbol>
      <symbol id="sm-44e">
         <name>setIpAddress</name>
         <value>0x4503</value>
         <object_component_ref idref="oc-fc"/>
      </symbol>
      <symbol id="sm-44f">
         <name>getIpDnsAddress</name>
         <value>0x4699</value>
         <object_component_ref idref="oc-fc"/>
      </symbol>
      <symbol id="sm-450">
         <name>setIpDnsAddress</name>
         <value>0x465f</value>
         <object_component_ref idref="oc-fc"/>
      </symbol>
      <symbol id="sm-461">
         <name>connectMqtt</name>
         <value>0x7839</value>
         <object_component_ref idref="oc-12c"/>
      </symbol>
      <symbol id="sm-462">
         <name>publishMqtt</name>
         <value>0x783d</value>
         <object_component_ref idref="oc-12c"/>
      </symbol>
      <symbol id="sm-463">
         <name>subscribeMqtt</name>
         <value>0x7849</value>
         <object_component_ref idref="oc-12c"/>
      </symbol>
      <symbol id="sm-464">
         <name>unsubscribeMqtt</name>
         <value>0x7853</value>
         <object_component_ref idref="oc-12c"/>
      </symbol>
      <symbol id="sm-465">
         <name>disconnectMqtt</name>
         <value>0x783b</value>
         <object_component_ref idref="oc-12c"/>
      </symbol>
      <symbol id="sm-495">
         <name>sockets</name>
         <value>0x20001000</value>
      </symbol>
      <symbol id="sm-496">
         <name>getSocketInfoFromArpResponse</name>
         <value>0x544f</value>
         <object_component_ref idref="oc-133"/>
      </symbol>
      <symbol id="sm-497">
         <name>initSockets</name>
         <value>0x5345</value>
         <object_component_ref idref="oc-133"/>
      </symbol>
      <symbol id="sm-498">
         <name>newSocket</name>
         <value>0x537d</value>
         <object_component_ref idref="oc-133"/>
      </symbol>
      <symbol id="sm-499">
         <name>deleteSocket</name>
         <value>0x53e7</value>
         <object_component_ref idref="oc-133"/>
      </symbol>
      <symbol id="sm-49a">
         <name>getSocketInfoFromTcpPacket</name>
         <value>0x5571</value>
         <object_component_ref idref="oc-133"/>
      </symbol>
      <symbol id="sm-49b">
         <name>getSocketInfoFromUdpPacket</name>
         <value>0x54c7</value>
         <object_component_ref idref="oc-133"/>
      </symbol>
      <symbol id="sm-4b7">
         <name>setSpi0Mode</name>
         <value>0x62fb</value>
         <object_component_ref idref="oc-1bb"/>
      </symbol>
      <symbol id="sm-4b8">
         <name>readSpi0Data</name>
         <value>0x6361</value>
         <object_component_ref idref="oc-1bb"/>
      </symbol>
      <symbol id="sm-4b9">
         <name>writeSpi0Data</name>
         <value>0x6349</value>
         <object_component_ref idref="oc-1bb"/>
      </symbol>
      <symbol id="sm-4ba">
         <name>initSpi0</name>
         <value>0x6229</value>
         <object_component_ref idref="oc-1bb"/>
      </symbol>
      <symbol id="sm-4bb">
         <name>setSpi0BaudRate</name>
         <value>0x62c5</value>
         <object_component_ref idref="oc-1bb"/>
      </symbol>
      <symbol id="sm-4d6">
         <name>tcpState</name>
         <value>0x200011f8</value>
      </symbol>
      <symbol id="sm-4d7">
         <name>isTcp</name>
         <value>0x6e21</value>
         <object_component_ref idref="oc-13f"/>
      </symbol>
      <symbol id="sm-4d8">
         <name>sendTcpResponse</name>
         <value>0x6e7d</value>
         <object_component_ref idref="oc-13f"/>
      </symbol>
      <symbol id="sm-4d9">
         <name>setTcpPortList</name>
         <value>0x6e63</value>
         <object_component_ref idref="oc-13f"/>
      </symbol>
      <symbol id="sm-4da">
         <name>isTcpSyn</name>
         <value>0x6e2d</value>
         <object_component_ref idref="oc-13f"/>
      </symbol>
      <symbol id="sm-4db">
         <name>processTcpArpResponse</name>
         <value>0x6e59</value>
         <object_component_ref idref="oc-13f"/>
      </symbol>
      <symbol id="sm-4dc">
         <name>getTcpState</name>
         <value>0x6e0d</value>
         <object_component_ref idref="oc-13f"/>
      </symbol>
      <symbol id="sm-4dd">
         <name>sendTcpPendingMessages</name>
         <value>0x6e45</value>
         <object_component_ref idref="oc-13f"/>
      </symbol>
      <symbol id="sm-4de">
         <name>isTcpAck</name>
         <value>0x6e39</value>
         <object_component_ref idref="oc-13f"/>
      </symbol>
      <symbol id="sm-4df">
         <name>setTcpState</name>
         <value>0x6df1</value>
         <object_component_ref idref="oc-13f"/>
      </symbol>
      <symbol id="sm-4e0">
         <name>sendTcpMessage</name>
         <value>0x6e8d</value>
         <object_component_ref idref="oc-13f"/>
      </symbol>
      <symbol id="sm-4e1">
         <name>processTcpResponse</name>
         <value>0x6e4f</value>
         <object_component_ref idref="oc-13f"/>
      </symbol>
      <symbol id="sm-4e2">
         <name>isTcpPortOpen</name>
         <value>0x6e71</value>
         <object_component_ref idref="oc-13f"/>
      </symbol>
      <symbol id="sm-523">
         <name>fn</name>
         <value>0x2000116c</value>
      </symbol>
      <symbol id="sm-524">
         <name>period</name>
         <value>0x20001194</value>
      </symbol>
      <symbol id="sm-525">
         <name>ticks</name>
         <value>0x200011bc</value>
      </symbol>
      <symbol id="sm-526">
         <name>reload</name>
         <value>0x200011e4</value>
      </symbol>
      <symbol id="sm-527">
         <name>initTimer</name>
         <value>0x4d19</value>
         <object_component_ref idref="oc-2d"/>
      </symbol>
      <symbol id="sm-528">
         <name>stopTimer</name>
         <value>0x4ec5</value>
         <object_component_ref idref="oc-2d"/>
      </symbol>
      <symbol id="sm-529">
         <name>startOneshotTimer</name>
         <value>0x4db9</value>
         <object_component_ref idref="oc-2d"/>
      </symbol>
      <symbol id="sm-52a">
         <name>restartTimer</name>
         <value>0x4f2b</value>
         <object_component_ref idref="oc-2d"/>
      </symbol>
      <symbol id="sm-52b">
         <name>random32</name>
         <value>0x5013</value>
         <object_component_ref idref="oc-2d"/>
      </symbol>
      <symbol id="sm-52c">
         <name>tickIsr</name>
         <value>0x4f99</value>
         <object_component_ref idref="oc-2d"/>
      </symbol>
      <symbol id="sm-52d">
         <name>startPeriodicTimer</name>
         <value>0x4e3f</value>
         <object_component_ref idref="oc-2d"/>
      </symbol>
      <symbol id="sm-549">
         <name>ResetISR</name>
         <value>0x79e7</value>
         <object_component_ref idref="oc-27"/>
      </symbol>
      <symbol id="sm-54a">
         <name>g_pfnVectors</name>
         <value>0x0</value>
         <object_component_ref idref="oc-12"/>
      </symbol>
      <symbol id="sm-56d">
         <name>getcUart0</name>
         <value>0x695f</value>
         <object_component_ref idref="oc-f0"/>
      </symbol>
      <symbol id="sm-56e">
         <name>kbhitUart0</name>
         <value>0x6973</value>
         <object_component_ref idref="oc-f0"/>
      </symbol>
      <symbol id="sm-56f">
         <name>setUart0BaudRate</name>
         <value>0x68d3</value>
         <object_component_ref idref="oc-f0"/>
      </symbol>
      <symbol id="sm-570">
         <name>putsUart0</name>
         <value>0x6933</value>
         <object_component_ref idref="oc-f0"/>
      </symbol>
      <symbol id="sm-571">
         <name>initUart0</name>
         <value>0x6889</value>
         <object_component_ref idref="oc-f0"/>
      </symbol>
      <symbol id="sm-572">
         <name>putcUart0</name>
         <value>0x6917</value>
         <object_component_ref idref="oc-f0"/>
      </symbol>
      <symbol id="sm-58c">
         <name>sendUdpMessage</name>
         <value>0x56f9</value>
         <object_component_ref idref="oc-151"/>
      </symbol>
      <symbol id="sm-58d">
         <name>getUdpData</name>
         <value>0x56cd</value>
         <object_component_ref idref="oc-151"/>
      </symbol>
      <symbol id="sm-58e">
         <name>isUdp</name>
         <value>0x5625</value>
         <object_component_ref idref="oc-151"/>
      </symbol>
      <symbol id="sm-59c">
         <name>waitMicrosecond</name>
         <value>0x7881</value>
         <object_component_ref idref="oc-139"/>
      </symbol>
      <symbol id="sm-5cb">
         <name>snprintf</name>
         <value>0x75ed</value>
         <object_component_ref idref="oc-f6"/>
      </symbol>
      <symbol id="sm-602">
         <name>sscanf</name>
         <value>0x7745</value>
         <object_component_ref idref="oc-114"/>
      </symbol>
      <symbol id="sm-61d">
         <name>memcpy</name>
         <value>0x6f57</value>
         <object_component_ref idref="oc-41"/>
      </symbol>
      <symbol id="sm-61e">
         <name>__aeabi_memcpy</name>
         <value>0x6f57</value>
         <object_component_ref idref="oc-41"/>
      </symbol>
      <symbol id="sm-61f">
         <name>__aeabi_memcpy8</name>
         <value>0x6f57</value>
         <object_component_ref idref="oc-41"/>
      </symbol>
      <symbol id="sm-620">
         <name>__aeabi_memcpy4</name>
         <value>0x6f57</value>
         <object_component_ref idref="oc-41"/>
      </symbol>
      <symbol id="sm-62f">
         <name>__aeabi_memset</name>
         <value>0x721b</value>
         <object_component_ref idref="oc-a6"/>
      </symbol>
      <symbol id="sm-630">
         <name>memset</name>
         <value>0x7221</value>
         <object_component_ref idref="oc-a6"/>
      </symbol>
      <symbol id="sm-631">
         <name>__aeabi_memset8</name>
         <value>0x721b</value>
         <object_component_ref idref="oc-a6"/>
      </symbol>
      <symbol id="sm-632">
         <name>__aeabi_memset4</name>
         <value>0x721b</value>
         <object_component_ref idref="oc-a6"/>
      </symbol>
      <symbol id="sm-633">
         <name>__aeabi_memclr8</name>
         <value>0x7219</value>
         <object_component_ref idref="oc-a6"/>
      </symbol>
      <symbol id="sm-634">
         <name>__aeabi_memclr4</name>
         <value>0x7219</value>
         <object_component_ref idref="oc-a6"/>
      </symbol>
      <symbol id="sm-635">
         <name>__aeabi_memclr</name>
         <value>0x7219</value>
         <object_component_ref idref="oc-a6"/>
      </symbol>
      <symbol id="sm-64e">
         <name>__TI_zero_init_nomemset</name>
         <value>0x78a5</value>
         <object_component_ref idref="oc-4d"/>
      </symbol>
      <symbol id="sm-665">
         <name>__TI_decompress_none</name>
         <value>0x79d9</value>
         <object_component_ref idref="oc-1b"/>
      </symbol>
      <symbol id="sm-688">
         <name>__TI_decompress_lzss</name>
         <value>0x73d9</value>
         <object_component_ref idref="oc-15"/>
      </symbol>
      <symbol id="sm-693">
         <name>_ctypes_</name>
         <value>0x7a10</value>
         <object_component_ref idref="oc-20a"/>
      </symbol>
      <symbol id="sm-6a2">
         <name>strcmp</name>
         <value>0x7927</value>
         <object_component_ref idref="oc-120"/>
      </symbol>
      <symbol id="sm-6ba">
         <name>strtok</name>
         <value>0x76c5</value>
         <object_component_ref idref="oc-11a"/>
      </symbol>
      <symbol id="sm-6c9">
         <name>tolower</name>
         <value>0x79c9</value>
         <object_component_ref idref="oc-10e"/>
      </symbol>
      <symbol id="sm-6dc">
         <name>__stack</name>
         <value>0x20000000</value>
         <object_component_ref idref="oc-24"/>
      </symbol>
      <symbol id="sm-6dd">
         <name>_c_int00_noargs</name>
         <value>0x777d</value>
         <object_component_ref idref="oc-5f"/>
      </symbol>
      <symbol id="sm-842">
         <name>__TI_printfi</name>
         <value>0x2aa1</value>
         <object_component_ref idref="oc-1cb"/>
      </symbol>
      <symbol id="sm-8f8">
         <name>__TI_scanfi</name>
         <value>0x1f8d</value>
         <object_component_ref idref="oc-20f"/>
      </symbol>
      <symbol id="sm-90f">
         <name>__aeabi_dsub</name>
         <value>0x5f11</value>
         <object_component_ref idref="oc-39a"/>
      </symbol>
      <symbol id="sm-910">
         <name>__aeabi_dadd</name>
         <value>0x5f1b</value>
         <object_component_ref idref="oc-39a"/>
      </symbol>
      <symbol id="sm-932">
         <name>__aeabi_cdcmpeq</name>
         <value>0x7089</value>
         <object_component_ref idref="oc-29c"/>
      </symbol>
      <symbol id="sm-933">
         <name>__aeabi_cdcmple</name>
         <value>0x7089</value>
         <object_component_ref idref="oc-29c"/>
      </symbol>
      <symbol id="sm-934">
         <name>__aeabi_cdrcmple</name>
         <value>0x710f</value>
         <object_component_ref idref="oc-385"/>
      </symbol>
      <symbol id="sm-948">
         <name>__aeabi_ddiv</name>
         <value>0x6621</value>
         <object_component_ref idref="oc-380"/>
      </symbol>
      <symbol id="sm-953">
         <name>__aeabi_dmul</name>
         <value>0x6cf5</value>
         <object_component_ref idref="oc-37b"/>
      </symbol>
      <symbol id="sm-95d">
         <name>__aeabi_d2iz</name>
         <value>0x7639</value>
         <object_component_ref idref="oc-38a"/>
      </symbol>
      <symbol id="sm-969">
         <name>__aeabi_d2f</name>
         <value>0x7301</value>
         <object_component_ref idref="oc-306"/>
      </symbol>
      <symbol id="sm-973">
         <name>__aeabi_i2d</name>
         <value>0x77e1</value>
         <object_component_ref idref="oc-395"/>
      </symbol>
      <symbol id="sm-980">
         <name>__aeabi_uldivmod</name>
         <value>0x6ff3</value>
         <object_component_ref idref="oc-374"/>
      </symbol>
      <symbol id="sm-9a8">
         <name>__TI_auto_init_nobinit_nopinit</name>
         <value>0x7681</value>
         <object_component_ref idref="oc-164"/>
      </symbol>
      <symbol id="sm-9b2">
         <name>_system_pre_init</name>
         <value>0x7a05</value>
         <object_component_ref idref="oc-ac"/>
      </symbol>
      <symbol id="sm-9be">
         <name>C$$EXIT</name>
         <value>0x7a09</value>
         <object_component_ref idref="oc-158"/>
      </symbol>
      <symbol id="sm-9bf">
         <name>abort</name>
         <value>0x7a09</value>
         <object_component_ref idref="oc-158"/>
      </symbol>
      <symbol id="sm-9cf">
         <name>__TI_ltoa</name>
         <value>0x74fb</value>
         <object_component_ref idref="oc-38f"/>
      </symbol>
      <symbol id="sm-9e6">
         <name>atoi</name>
         <value>0x75a1</value>
         <object_component_ref idref="oc-290"/>
      </symbol>
      <symbol id="sm-9f6">
         <name>memccpy</name>
         <value>0x78c1</value>
         <object_component_ref idref="oc-2b9"/>
      </symbol>
      <symbol id="sm-a06">
         <name>strchr</name>
         <value>0x7957</value>
         <object_component_ref idref="oc-31d"/>
      </symbol>
      <symbol id="sm-a14">
         <name>strcpy</name>
         <value>0x796d</value>
         <object_component_ref idref="oc-2ee"/>
      </symbol>
      <symbol id="sm-a25">
         <name>strcspn</name>
         <value>0x785d</value>
         <object_component_ref idref="oc-22f"/>
      </symbol>
      <symbol id="sm-a33">
         <name>strlen</name>
         <value>0x7981</value>
         <object_component_ref idref="oc-28a"/>
      </symbol>
      <symbol id="sm-a42">
         <name>strrchr</name>
         <value>0x793f</value>
         <object_component_ref idref="oc-317"/>
      </symbol>
      <symbol id="sm-a54">
         <name>strspn</name>
         <value>0x780f</value>
         <object_component_ref idref="oc-229"/>
      </symbol>
      <symbol id="sm-ab4">
         <name>strtold</name>
         <value>0x48b9</value>
         <object_component_ref idref="oc-300"/>
      </symbol>
      <symbol id="sm-ab5">
         <name>strtod</name>
         <value>0x48b9</value>
         <object_component_ref idref="oc-300"/>
      </symbol>
      <symbol id="sm-ad9">
         <name>strtol</name>
         <value>0x6759</value>
         <object_component_ref idref="oc-30b"/>
      </symbol>
      <symbol id="sm-aff">
         <name>strtoll</name>
         <value>0x5b65</value>
         <object_component_ref idref="oc-311"/>
      </symbol>
      <symbol id="sm-b1f">
         <name>strtoul</name>
         <value>0x6be5</value>
         <object_component_ref idref="oc-2fa"/>
      </symbol>
      <symbol id="sm-b42">
         <name>strtoull</name>
         <value>0x6389</value>
         <object_component_ref idref="oc-2f4"/>
      </symbol>
      <symbol id="sm-b58">
         <name>__aeabi_errno_addr</name>
         <value>0x79f5</value>
         <object_component_ref idref="oc-2c5"/>
      </symbol>
      <symbol id="sm-b59">
         <name>errno</name>
         <value>0x20001248</value>
         <object_component_ref idref="oc-3d0"/>
      </symbol>
      <symbol id="sm-b72">
         <name>wcslen</name>
         <value>0x79a7</value>
         <object_component_ref idref="oc-2bf"/>
      </symbol>
      <symbol id="sm-b92">
         <name>frexpl</name>
         <value>0x7441</value>
         <object_component_ref idref="oc-3ba"/>
      </symbol>
      <symbol id="sm-b93">
         <name>frexp</name>
         <value>0x7441</value>
         <object_component_ref idref="oc-3ba"/>
      </symbol>
      <symbol id="sm-bb0">
         <name>scalbn</name>
         <value>0x6ad5</value>
         <object_component_ref idref="oc-3c0"/>
      </symbol>
      <symbol id="sm-bb1">
         <name>scalbnl</name>
         <value>0x6ad5</value>
         <object_component_ref idref="oc-3c0"/>
      </symbol>
      <symbol id="sm-bb2">
         <name>ldexpl</name>
         <value>0x6ad5</value>
         <object_component_ref idref="oc-3c0"/>
      </symbol>
      <symbol id="sm-bb3">
         <name>ldexp</name>
         <value>0x6ad5</value>
         <object_component_ref idref="oc-3c0"/>
      </symbol>
      <symbol id="sm-bbd">
         <name>__aeabi_idiv0</name>
         <value>0x34ef</value>
         <object_component_ref idref="oc-416"/>
      </symbol>
      <symbol id="sm-bbe">
         <name>__aeabi_ldiv0</name>
         <value>0x34ef</value>
         <object_component_ref idref="oc-416"/>
      </symbol>
      <symbol id="sm-bc7">
         <name>__aeabi_lmul</name>
         <value>0x790f</value>
         <object_component_ref idref="oc-3e5"/>
      </symbol>
      <symbol id="sm-bd1">
         <name>copysign</name>
         <value>0x78dd</value>
         <object_component_ref idref="oc-42f"/>
      </symbol>
      <symbol id="sm-bd2">
         <name>copysignl</name>
         <value>0x78dd</value>
         <object_component_ref idref="oc-42f"/>
      </symbol>
      <symbol id="sm-bd3">
         <name>__TI_static_base__</name>
         <value>0x0</value>
      </symbol>
      <symbol id="sm-bd6">
         <name>__mpu_init</name>
         <value>0x0</value>
      </symbol>
      <symbol id="sm-bd7">
         <name>_system_post_cinit</name>
         <value>0x0</value>
      </symbol>
   </symbol_table>
   <title>Link successful</title>
</link_info>
