******************************************************************************
                  TI ARM Linker Unix v20.2.7                   
******************************************************************************
>> Linked Mon Mar  4 18:47:34 2024

OUTPUT FILE NAME:   <4352_Project-1.out>
ENTRY POINT SYMBOL: "_c_int00_noargs"  address: 000061b9


MEMORY CONFIGURATION

         name            origin    length      used     unused   attr    fill
----------------------  --------  ---------  --------  --------  ----  --------
  FLASH                 00000000   00040000  00006668  00039998  R  X
  SRAM                  20000000   00008000  000011b4  00006e4c  RW X


SEGMENT ALLOCATION MAP

run origin  load origin   length   init length attrs members
----------  ----------- ---------- ----------- ----- -------
00000000    00000000    00006668   00006668    r-x
  00000000    00000000    0000026c   0000026c    r-- .intvecs
  0000026c    0000026c    000061dc   000061dc    r-x .text
  00006448    00006448    000001e0   000001e0    r-- .const
  00006628    00006628    00000040   00000040    r-- .cinit
20000000    20000000    000011b4   00000000    rw-
  20000000    20000000    00001000   00000000    rw- .stack
  20001000    20001000    00000178   00000000    rw- .bss
  20001178    20001178    0000003c   00000000    rw- .data


SECTION ALLOCATION MAP

 output                                  attributes/
section   page    origin      length       input sections
--------  ----  ----------  ----------   ----------------
.intvecs   0    00000000    0000026c     
                  00000000    0000026c     tm4c123gh6pm_startup_ccs.obj (.intvecs)

.text      0    0000026c    000061dc     
                  0000026c    00000c70     ethernet.obj (.text)
                  00000edc    00000b14     rtsv7M4_T_le_v4SPD16_eabi.lib : _scanfi.c.obj (.text:__TI_scanfi)
                  000019f0    00000a4e                                   : _printfi.c.obj (.text:__TI_printfi)
                  0000243e    00000002                                   : div0.asm.obj (.text)
                  00002440    00000808     gpio.obj (.text)
                  00002c48    00000714     eth0.obj (.text)
                  0000335c    000005fc     dhcp.obj (.text)
                  00003958    000004ac     ip.obj (.text)
                  00003e04    00000460     rtsv7M4_T_le_v4SPD16_eabi.lib : strtod.c.obj (.text:strtod)
                  00004264    000002e0     socket.obj (.text)
                  00004544    00000270     rtsv7M4_T_le_v4SPD16_eabi.lib : _printfi.c.obj (.text:_pconv_a)
                  000047b4    000001dc                                   : strtoll.c.obj (.text:strtoll)
                  00004990    000001d0                                   : _printfi.c.obj (.text:_pconv_g)
                  00004b60    000001b6                                   : fd_add_t2.asm.obj (.text)
                  00004d16    00000002     --HOLE-- [fill = 0]
                  00004d18    00000160     spi0.obj (.text)
                  00004e78    0000015c     rtsv7M4_T_le_v4SPD16_eabi.lib : strtoull.c.obj (.text:strtoull)
                  00004fd4    0000013c                                   : _printfi.c.obj (.text:_pconv_e)
                  00005110    00000136                                   : fd_div_t2.asm.obj (.text)
                  00005246    00000002     --HOLE-- [fill = 0]
                  00005248    00000130                                   : strtol.c.obj (.text:strtol)
                  00005378    00000128     uart0.obj (.text)
                  000054a0    00000124     rtsv7M4_T_le_v4SPD16_eabi.lib : _printfi.c.obj (.text:fcvt)
                  000055c4    00000110                                   : s_scalbn.c.obj (.text:scalbn)
                  000056d4    00000110                                   : strtoul.c.obj (.text:strtoul)
                  000057e4    000000fc                                   : fd_mul_t2.asm.obj (.text)
                  000058e0    000000b1                                   : _printfi.c.obj (.text:_ltostr)
                  00005991    00000001     --HOLE-- [fill = 0]
                  00005992    0000009c                                   : memcpy_t2.asm.obj (.text)
                  00005a2e    00000096                                   : ull_div_t2.asm.obj (.text)
                  00005ac4    00000086                                   : fd_cmp_t2.asm.obj (.text:__aeabi_cdcmple)
                  00005b4a    00000086                                   : fd_cmp_t2.asm.obj (.text:__aeabi_cdrcmple)
                  00005bd0    00000084     eeprom.obj (.text)
                  00005c54    0000007a     rtsv7M4_T_le_v4SPD16_eabi.lib : memset_t2.asm.obj (.text)
                  00005cce    0000006e                                   : _printfi.c.obj (.text:_mcpy)
                  00005d3c    0000006e                                   : fd_tos_t2.asm.obj (.text)
                  00005daa    00000002     --HOLE-- [fill = 0]
                  00005dac    00000068                                   : sscanf.c.obj (.text:_chkmbc)
                  00005e14    00000068                                   : copy_decompress_lzss.c.obj (.text:decompress:lzss:__TI_decompress_lzss)
                  00005e7c    00000064                                   : s_frexp.c.obj (.text:frexp)
                  00005ee0    00000056                                   : _printfi.c.obj (.text:_pconv_f)
                  00005f36    00000054                                   : _ltoa.c.obj (.text:__TI_ltoa)
                  00005f8a    00000052                                   : _printfi.c.obj (.text:_ecpy)
                  00005fdc    0000004c                                   : atoi.c.obj (.text:atoi)
                  00006028    0000004c                                   : snprintf.c.obj (.text:snprintf)
                  00006074    00000048                                   : fd_toi_t2.asm.obj (.text)
                  000060bc    00000044                                   : autoinit.c.obj (.text:__TI_auto_init_nobinit_nopinit:__TI_auto_init_nobinit_nopinit)
                  00006100    00000040                                   : strtok.c.obj (.text:strtok)
                  00006140    0000003e                                   : _printfi.c.obj (.text:_fcpy)
                  0000617e    00000002     --HOLE-- [fill = 0]
                  00006180    00000038                                   : sscanf.c.obj (.text:sscanf)
                  000061b8    00000034                                   : boot_cortex_m.c.obj (.text:_c_int00_noargs:_c_int00_noargs)
                  000061ec    00000030                                   : snprintf.c.obj (.text:_outs)
                  0000621c    0000002e                                   : i_tofd_t2.asm.obj (.text)
                  0000624a    0000002a                                   : strspn.c.obj (.text:strspn)
                  00006274    00000024     mqtt.obj (.text)
                  00006298    00000024     rtsv7M4_T_le_v4SPD16_eabi.lib : strcspn.c.obj (.text:strcspn)
                  000062bc    00000024     wait.obj (.text)
                  000062e0    0000001c     rtsv7M4_T_le_v4SPD16_eabi.lib : copy_zero_init.c.obj (.text:decompress:ZI:__TI_zero_init_nomemset:__TI_zero_init_nomemset)
                  000062fc    0000001c                                   : memccpy.c.obj (.text:memccpy)
                  00006318    0000001a                                   : s_copysign.c.obj (.text:copysign)
                  00006332    00000018                                   : snprintf.c.obj (.text:_outc)
                  0000634a    00000018                                   : ll_mul_t2.asm.obj (.text)
                  00006362    00000018                                   : strcmp.c.obj (.text:strcmp)
                  0000637a    00000018                                   : strrchr.c.obj (.text:strrchr)
                  00006392    00000016                                   : strchr.c.obj (.text:strchr)
                  000063a8    00000014                                   : strcpy.c.obj (.text:strcpy)
                  000063bc    00000014                                   : strlen.c.obj (.text:strlen)
                  000063d0    00000012                                   : sscanf.c.obj (.text:_inpchar)
                  000063e2    00000012                                   : wcslen.c.obj (.text:wcslen)
                  000063f4    00000010     clock.obj (.text)
                  00006404    00000010     rtsv7M4_T_le_v4SPD16_eabi.lib : tolower.c.obj (.text:tolower)
                  00006414    0000000e                                   : copy_decompress_none.c.obj (.text:decompress:none:__TI_decompress_none)
                  00006422    0000000c     tm4c123gh6pm_startup_ccs.obj (.text)
                  0000642e    00000002     --HOLE-- [fill = 0]
                  00006430    00000008     rtsv7M4_T_le_v4SPD16_eabi.lib : errno.c.obj (.text:__aeabi_errno_addr)
                  00006438    00000008                                   : sscanf.c.obj (.text:_uninpchar)
                  00006440    00000004                                   : pre_init.c.obj (.text:_system_pre_init)
                  00006444    00000004                                   : exit.c.obj (.text:abort:abort)

.const     0    00006448    000001e0     
                  00006448    00000101     rtsv7M4_T_le_v4SPD16_eabi.lib : ctype.c.obj (.const:.string:_ctypes_)
                  00006549    00000007     --HOLE-- [fill = 0]
                  00006550    000000c8                                   : strtod.c.obj (.const:$O1$$)
                  00006618    00000010                                   : _scanfi.c.obj (.const:$O1$$)

.cinit     0    00006628    00000040     
                  00006628    00000019     (.cinit..data.load) [load image, compression = lzss]
                  00006641    00000003     --HOLE-- [fill = 0]
                  00006644    0000000c     (__TI_handler_table)
                  00006650    00000008     (.cinit..bss.load) [load image, compression = zero_init]
                  00006658    00000010     (__TI_cinit_table)

.init_array 
*          0    00000000    00000000     UNINITIALIZED

.bss       0    20001000    00000178     UNINITIALIZED
                  20001000    00000118     (.common:sockets)
                  20001118    00000054     (.common:strInput)
                  2000116c    00000004     (.common:dhcpOfferedIpAdd)
                  20001170    00000004     (.common:dhcpServerIpAdd)
                  20001174    00000004     (.common:token)

.data      0    20001178    0000003c     UNINITIALIZED
                  20001178    00000016     dhcp.obj (.data)
                  2000118e    00000006     eth0.obj (.data:hwAddress)
                  20001194    00000004     ip.obj (.data:ipAddress)
                  20001198    00000004     ip.obj (.data:ipDnsAddress)
                  2000119c    00000004     ip.obj (.data:ipGwAddress)
                  200011a0    00000004     ip.obj (.data:ipSubnetMask)
                  200011a4    00000004     ip.obj (.data:ipTimeServerAddress)
                  200011a8    00000004     rtsv7M4_T_le_v4SPD16_eabi.lib : errno.c.obj (.data)
                  200011ac    00000004                                   : strtok.c.obj (.data)
                  200011b0    00000003     eth0.obj (.data)
                  200011b3    00000001     ethernet.obj (.data)

.stack     0    20000000    00001000     UNINITIALIZED
                  20000000    00000004     rtsv7M4_T_le_v4SPD16_eabi.lib : boot_cortex_m.c.obj (.stack)
                  20000004    00000ffc     --HOLE--

__llvm_prf_cnts 
*          0    20000000    00000000     UNINITIALIZED

MODULE SUMMARY

       Module                         code    ro data   rw data
       ------                         ----    -------   -------
    ./
       ethernet.obj                   3184    0         89     
       gpio.obj                       2056    0         0      
       eth0.obj                       1812    0         9      
       dhcp.obj                       1532    0         30     
       ip.obj                         1196    0         20     
       socket.obj                     736     0         280    
       tm4c123gh6pm_startup_ccs.obj   12      620       0      
       spi0.obj                       352     0         0      
       uart0.obj                      296     0         0      
       eeprom.obj                     132     0         0      
       mqtt.obj                       36      0         0      
       wait.obj                       36      0         0      
       clock.obj                      16      0         0      
    +--+------------------------------+-------+---------+---------+
       Total:                         11396   620       428    
                                                               
    /home/rolo/.local/share/ti/ccs1240/ccs/tools/compiler/ti-cgt-arm_20.2.7.LTS/lib/rtsv7M4_T_le_v4SPD16_eabi.lib
       _printfi.c.obj                 4851    0         0      
       _scanfi.c.obj                  2836    16        0      
       strtod.c.obj                   1120    200       0      
       strtoll.c.obj                  476     0         0      
       fd_add_t2.asm.obj              438     0         0      
       strtoull.c.obj                 348     0         0      
       fd_div_t2.asm.obj              310     0         0      
       strtol.c.obj                   304     0         0      
       s_scalbn.c.obj                 272     0         0      
       strtoul.c.obj                  272     0         0      
       fd_cmp_t2.asm.obj              268     0         0      
       ctype.c.obj                    0       257       0      
       fd_mul_t2.asm.obj              252     0         0      
       sscanf.c.obj                   186     0         0      
       memcpy_t2.asm.obj              156     0         0      
       ull_div_t2.asm.obj             150     0         0      
       snprintf.c.obj                 148     0         0      
       memset_t2.asm.obj              122     0         0      
       fd_tos_t2.asm.obj              110     0         0      
       copy_decompress_lzss.c.obj     104     0         0      
       s_frexp.c.obj                  100     0         0      
       _ltoa.c.obj                    84      0         0      
       atoi.c.obj                     76      0         0      
       fd_toi_t2.asm.obj              72      0         0      
       autoinit.c.obj                 68      0         0      
       strtok.c.obj                   64      0         4      
       boot_cortex_m.c.obj            52      0         0      
       i_tofd_t2.asm.obj              46      0         0      
       strspn.c.obj                   42      0         0      
       strcspn.c.obj                  36      0         0      
       copy_zero_init.c.obj           28      0         0      
       memccpy.c.obj                  28      0         0      
       s_copysign.c.obj               26      0         0      
       ll_mul_t2.asm.obj              24      0         0      
       strcmp.c.obj                   24      0         0      
       strrchr.c.obj                  24      0         0      
       strchr.c.obj                   22      0         0      
       strcpy.c.obj                   20      0         0      
       strlen.c.obj                   20      0         0      
       wcslen.c.obj                   18      0         0      
       tolower.c.obj                  16      0         0      
       copy_decompress_none.c.obj     14      0         0      
       errno.c.obj                    8       0         4      
       exit.c.obj                     4       0         0      
       pre_init.c.obj                 4       0         0      
       div0.asm.obj                   2       0         0      
    +--+------------------------------+-------+---------+---------+
       Total:                         13645   473       8      
                                                               
       Stack:                         0       0         4096   
       Linker Generated:              0       61        0      
    +--+------------------------------+-------+---------+---------+
       Grand Total:                   25041   1154      4532   


LINKER GENERATED COPY TABLES

__TI_cinit_table @ 00006658 records: 2, size/record: 8, table size: 16
	.data: load addr=00006628, load size=00000019 bytes, run addr=20001178, run size=0000003c bytes, compression=lzss
	.bss: load addr=00006650, load size=00000008 bytes, run addr=20001000, run size=00000178 bytes, compression=zero_init


LINKER GENERATED HANDLER TABLE

__TI_handler_table @ 00006644 records: 3, size/record: 4, table size: 12
	index: 0, handler: __TI_decompress_lzss
	index: 1, handler: __TI_decompress_none
	index: 2, handler: __TI_zero_init


GLOBAL SYMBOLS: SORTED ALPHABETICALLY BY Name 

address   name                          
-------   ----                          
00006445  C$$EXIT                       
00006423  ResetISR                      
20001000  __STACK_END                   
00001000  __STACK_SIZE                  
20000200  __STACK_TOP                   
00006658  __TI_CINIT_Base               
00006668  __TI_CINIT_Limit              
00006644  __TI_Handler_Table_Base       
00006650  __TI_Handler_Table_Limit      
000060bd  __TI_auto_init_nobinit_nopinit
00005e15  __TI_decompress_lzss          
00006415  __TI_decompress_none          
00005f37  __TI_ltoa                     
ffffffff  __TI_pprof_out_hndl           
000019f1  __TI_printfi                  
ffffffff  __TI_prof_data_size           
ffffffff  __TI_prof_data_start          
00000edd  __TI_scanfi                   
00000000  __TI_static_base__            
000062e1  __TI_zero_init_nomemset       
00005ac5  __aeabi_cdcmpeq               
00005ac5  __aeabi_cdcmple               
00005b4b  __aeabi_cdrcmple              
00005d3d  __aeabi_d2f                   
00006075  __aeabi_d2iz                  
00004b6b  __aeabi_dadd                  
00005111  __aeabi_ddiv                  
000057e5  __aeabi_dmul                  
00004b61  __aeabi_dsub                  
00006431  __aeabi_errno_addr            
0000621d  __aeabi_i2d                   
0000243f  __aeabi_idiv0                 
0000243f  __aeabi_ldiv0                 
0000634b  __aeabi_lmul                  
00005c55  __aeabi_memclr                
00005c55  __aeabi_memclr4               
00005c55  __aeabi_memclr8               
00005993  __aeabi_memcpy                
00005993  __aeabi_memcpy4               
00005993  __aeabi_memcpy8               
00005c57  __aeabi_memset                
00005c57  __aeabi_memset4               
00005c57  __aeabi_memset8               
00005a2f  __aeabi_uldivmod              
ffffffff  __binit__                     
ffffffff  __c_args__                    
UNDEFED   __mpu_init                    
20000000  __stack                       
20000000  __start___llvm_prf_cnts       
20000000  __stop___llvm_prf_cnts        
000061b9  _c_int00_noargs               
00006448  _ctypes_                      
UNDEFED   _system_post_cinit            
00006441  _system_pre_init              
00006445  abort                         
000006c3  asciiToUint8                  
00005fdd  atoi                          
ffffffff  binit                         
00003dbf  calcIpChecksum                
00003377  callbackDhcpGetNewAddressTimer
0000338b  callbackDhcpIpConflictWindow  
00003387  callbackDhcpLeaseEndTimer     
0000337f  callbackDhcpT1HitTimer        
0000337d  callbackDhcpT1PeriodicTimer   
00003385  callbackDhcpT2HitTimer        
00003383  callbackDhcpT2PeriodicTimer   
00002d07  clearEtherReg                 
00002a95  clearPinInterrupt             
00006275  connectMqtt                   
00006319  copysign                      
00006319  copysignl                     
200011b3  count                         
00004307  deleteSocket                  
2000118d  dhcpEnabled                   
2000116c  dhcpOfferedIpAdd              
20001170  dhcpServerIpAdd               
2000118c  dhcpState                     
0000394b  disableDhcp                   
00002c5f  disableEtherCs                
00002a71  disablePinInterrupt           
000027a9  disablePinPulldown            
00002761  disablePinPullup              
000024fd  disablePort                   
00006277  disconnectMqtt                
20001188  discoverNeeded                
000002ad  displayConnectionInfo         
00003949  enableDhcp                    
00002c49  enableEtherCs                 
00002a4d  enablePinInterrupt            
00002785  enablePinPulldown             
00002733  enablePinPullup               
00002441  enablePort                    
200011a8  errno                         
00005e7d  frexp                         
00005e7d  frexpl                        
00000000  g_pfnVectors                  
00003395  getDhcpLeaseSeconds           
00003851  getDhcpOption                 
00003371  getDhcpState                  
00003263  getEtherId                    
000032fd  getEtherMacAddress            
0000303d  getEtherPacket                
00003a89  getIpAddress                  
00003d8d  getIpChecksum                 
00003be5  getIpDnsAddress               
00003b71  getIpGatewayAddress           
00003cd1  getIpMqttBrokerAddress        
00003afd  getIpSubnetMask               
00003c59  getIpTimeServerAddress        
00002b03  getPinValue                   
00002bb9  getPortValue                  
0000436f  getSocketInfoFromArpResponse  
00004491  getSocketInfoFromTcpPacket    
000043e7  getSocketInfoFromUdpPacket    
0000544f  getcUart0                     
00003911  handleDhcpAck                 
00003237  htonl                         
00003213  htons                         
2000118e  hwAddress                     
0000326f  incEtherId                    
00005bd1  initEeprom                    
00002e53  initEther                     
0000026d  initHw                        
00004265  initSockets                   
00004d19  initSpi0                      
000063f5  initSystemClockTo40Mhz        
00005379  initUart0                     
20001194  ipAddress                     
2000118b  ipConflictDetectionMode       
20001198  ipDnsAddress                  
2000119c  ipGwAddress                   
200011a0  ipSubnetMask                  
200011a4  ipTimeServerAddress           
000038f5  isDhcpAck                     
0000391b  isDhcpDiscoverNeeded          
0000394d  isDhcpEnabled                 
0000338f  isDhcpIpConflictDetectionMode 
000038af  isDhcpOffer                   
00003923  isDhcpReleaseNeeded           
0000391f  isDhcpRequestNeeded           
0000339b  isDhcpResponse                
00002ff3  isEtherDataAvailable          
00003a29  isEtherIpValid                
00002fd9  isEtherLinkUp                 
0000300d  isEtherOverflow               
00003959  isIp                          
000039c9  isIpUnicast                   
00005463  kbhitUart0                    
000055c5  ldexp                         
000055c5  ldexpl                        
2000117c  leaseSeconds                  
20001180  leaseT1                       
20001184  leaseT2                       
00000cdd  main                          
000062fd  memccpy                       
00005993  memcpy                        
00005c5d  memset                        
0000429d  newSocket                     
200011b0  nextPacketLsb                 
200011b1  nextPacketMsb                 
0000393f  processDhcpArpResponse        
00003935  processDhcpResponse           
0000076d  processShell                  
00006279  publishMqtt                   
0000312d  putEtherPacket                
00005407  putcUart0                     
00005423  putsUart0                     
00000603  readConfiguration             
00005c19  readEeprom                    
00002e3b  readEtherMem                  
00002d8f  readEtherPhy                  
00002ca1  readEtherReg                  
00004e51  readSpi0Data                  
00003381  rebindDhcp                    
00003389  releaseDhcp                   
2000118a  releaseNeeded                 
0000337b  renewDhcp                     
0000338d  requestDhcpIpConflictTest     
00003379  requestDhcpNewAddress         
20001189  requestNeeded                 
000055c5  scalbn                        
000055c5  scalbnl                       
00002667  selectPinAnalogInput          
00002619  selectPinDigitalInput         
00002983  selectPinInterruptBothEdges   
00002933  selectPinInterruptFallingEdge 
000029d9  selectPinInterruptHighLevel   
00002a13  selectPinInterruptLowLevel    
000028e3  selectPinInterruptRisingEdge  
000025cb  selectPinOpenDrainOutput      
0000257d  selectPinPushPullOutput       
000033b1  sendDhcpMessage               
00003927  sendDhcpPendingMessages       
200011b2  sequenceId                    
0000335d  setDhcpState                  
00002d3b  setEtherBank                  
00003279  setEtherMacAddress            
00002cd3  setEtherReg                   
00003a4f  setIpAddress                  
00003bab  setIpDnsAddress               
00003b37  setIpGatewayAddress           
00003c93  setIpMqttBrokerAddress        
00003ac3  setIpSubnetMask               
00003c1f  setIpTimeServerAddress        
000027d1  setPinAuxFunction             
000026b7  setPinCommitControl           
00002ab9  setPinValue                   
00002b41  setPortValue                  
00004db5  setSpi0BaudRate               
00004deb  setSpi0Mode                   
000053c3  setUart0BaudRate              
00006029  snprintf                      
20001000  sockets                       
00006181  sscanf                        
00002e29  startEtherMemRead             
00002dfb  startEtherMemWrite            
00002e4b  stopEtherMemRead              
00002e21  stopEtherMemWrite             
20001118  strInput                      
00006393  strchr                        
00006363  strcmp                        
000063a9  strcpy                        
00006299  strcspn                       
000063bd  strlen                        
0000637b  strrchr                       
0000624b  strspn                        
00003e05  strtod                        
00006101  strtok                        
00005249  strtol                        
00003e05  strtold                       
000047b5  strtoll                       
000056d5  strtoul                       
00004e79  strtoull                      
00006285  subscribeMqtt                 
00003d19  sumIpWords                    
00002adf  togglePinValue                
20001174  token                         
00006405  tolower                       
0000628f  unsubscribeMqtt               
000062bd  waitMicrosecond               
000063e3  wcslen                        
00005be7  writeEeprom                   
00002e0d  writeEtherMem                 
00002d57  writeEtherPhy                 
00002c6d  writeEtherReg                 
00004e39  writeSpi0Data                 
20001178  xid                           


GLOBAL SYMBOLS: SORTED BY Symbol Address 

address   name                          
-------   ----                          
00000000  __TI_static_base__            
00000000  g_pfnVectors                  
0000026d  initHw                        
000002ad  displayConnectionInfo         
00000603  readConfiguration             
000006c3  asciiToUint8                  
0000076d  processShell                  
00000cdd  main                          
00000edd  __TI_scanfi                   
00001000  __STACK_SIZE                  
000019f1  __TI_printfi                  
0000243f  __aeabi_idiv0                 
0000243f  __aeabi_ldiv0                 
00002441  enablePort                    
000024fd  disablePort                   
0000257d  selectPinPushPullOutput       
000025cb  selectPinOpenDrainOutput      
00002619  selectPinDigitalInput         
00002667  selectPinAnalogInput          
000026b7  setPinCommitControl           
00002733  enablePinPullup               
00002761  disablePinPullup              
00002785  enablePinPulldown             
000027a9  disablePinPulldown            
000027d1  setPinAuxFunction             
000028e3  selectPinInterruptRisingEdge  
00002933  selectPinInterruptFallingEdge 
00002983  selectPinInterruptBothEdges   
000029d9  selectPinInterruptHighLevel   
00002a13  selectPinInterruptLowLevel    
00002a4d  enablePinInterrupt            
00002a71  disablePinInterrupt           
00002a95  clearPinInterrupt             
00002ab9  setPinValue                   
00002adf  togglePinValue                
00002b03  getPinValue                   
00002b41  setPortValue                  
00002bb9  getPortValue                  
00002c49  enableEtherCs                 
00002c5f  disableEtherCs                
00002c6d  writeEtherReg                 
00002ca1  readEtherReg                  
00002cd3  setEtherReg                   
00002d07  clearEtherReg                 
00002d3b  setEtherBank                  
00002d57  writeEtherPhy                 
00002d8f  readEtherPhy                  
00002dfb  startEtherMemWrite            
00002e0d  writeEtherMem                 
00002e21  stopEtherMemWrite             
00002e29  startEtherMemRead             
00002e3b  readEtherMem                  
00002e4b  stopEtherMemRead              
00002e53  initEther                     
00002fd9  isEtherLinkUp                 
00002ff3  isEtherDataAvailable          
0000300d  isEtherOverflow               
0000303d  getEtherPacket                
0000312d  putEtherPacket                
00003213  htons                         
00003237  htonl                         
00003263  getEtherId                    
0000326f  incEtherId                    
00003279  setEtherMacAddress            
000032fd  getEtherMacAddress            
0000335d  setDhcpState                  
00003371  getDhcpState                  
00003377  callbackDhcpGetNewAddressTimer
00003379  requestDhcpNewAddress         
0000337b  renewDhcp                     
0000337d  callbackDhcpT1PeriodicTimer   
0000337f  callbackDhcpT1HitTimer        
00003381  rebindDhcp                    
00003383  callbackDhcpT2PeriodicTimer   
00003385  callbackDhcpT2HitTimer        
00003387  callbackDhcpLeaseEndTimer     
00003389  releaseDhcp                   
0000338b  callbackDhcpIpConflictWindow  
0000338d  requestDhcpIpConflictTest     
0000338f  isDhcpIpConflictDetectionMode 
00003395  getDhcpLeaseSeconds           
0000339b  isDhcpResponse                
000033b1  sendDhcpMessage               
00003851  getDhcpOption                 
000038af  isDhcpOffer                   
000038f5  isDhcpAck                     
00003911  handleDhcpAck                 
0000391b  isDhcpDiscoverNeeded          
0000391f  isDhcpRequestNeeded           
00003923  isDhcpReleaseNeeded           
00003927  sendDhcpPendingMessages       
00003935  processDhcpResponse           
0000393f  processDhcpArpResponse        
00003949  enableDhcp                    
0000394b  disableDhcp                   
0000394d  isDhcpEnabled                 
00003959  isIp                          
000039c9  isIpUnicast                   
00003a29  isEtherIpValid                
00003a4f  setIpAddress                  
00003a89  getIpAddress                  
00003ac3  setIpSubnetMask               
00003afd  getIpSubnetMask               
00003b37  setIpGatewayAddress           
00003b71  getIpGatewayAddress           
00003bab  setIpDnsAddress               
00003be5  getIpDnsAddress               
00003c1f  setIpTimeServerAddress        
00003c59  getIpTimeServerAddress        
00003c93  setIpMqttBrokerAddress        
00003cd1  getIpMqttBrokerAddress        
00003d19  sumIpWords                    
00003d8d  getIpChecksum                 
00003dbf  calcIpChecksum                
00003e05  strtod                        
00003e05  strtold                       
00004265  initSockets                   
0000429d  newSocket                     
00004307  deleteSocket                  
0000436f  getSocketInfoFromArpResponse  
000043e7  getSocketInfoFromUdpPacket    
00004491  getSocketInfoFromTcpPacket    
000047b5  strtoll                       
00004b61  __aeabi_dsub                  
00004b6b  __aeabi_dadd                  
00004d19  initSpi0                      
00004db5  setSpi0BaudRate               
00004deb  setSpi0Mode                   
00004e39  writeSpi0Data                 
00004e51  readSpi0Data                  
00004e79  strtoull                      
00005111  __aeabi_ddiv                  
00005249  strtol                        
00005379  initUart0                     
000053c3  setUart0BaudRate              
00005407  putcUart0                     
00005423  putsUart0                     
0000544f  getcUart0                     
00005463  kbhitUart0                    
000055c5  ldexp                         
000055c5  ldexpl                        
000055c5  scalbn                        
000055c5  scalbnl                       
000056d5  strtoul                       
000057e5  __aeabi_dmul                  
00005993  __aeabi_memcpy                
00005993  __aeabi_memcpy4               
00005993  __aeabi_memcpy8               
00005993  memcpy                        
00005a2f  __aeabi_uldivmod              
00005ac5  __aeabi_cdcmpeq               
00005ac5  __aeabi_cdcmple               
00005b4b  __aeabi_cdrcmple              
00005bd1  initEeprom                    
00005be7  writeEeprom                   
00005c19  readEeprom                    
00005c55  __aeabi_memclr                
00005c55  __aeabi_memclr4               
00005c55  __aeabi_memclr8               
00005c57  __aeabi_memset                
00005c57  __aeabi_memset4               
00005c57  __aeabi_memset8               
00005c5d  memset                        
00005d3d  __aeabi_d2f                   
00005e15  __TI_decompress_lzss          
00005e7d  frexp                         
00005e7d  frexpl                        
00005f37  __TI_ltoa                     
00005fdd  atoi                          
00006029  snprintf                      
00006075  __aeabi_d2iz                  
000060bd  __TI_auto_init_nobinit_nopinit
00006101  strtok                        
00006181  sscanf                        
000061b9  _c_int00_noargs               
0000621d  __aeabi_i2d                   
0000624b  strspn                        
00006275  connectMqtt                   
00006277  disconnectMqtt                
00006279  publishMqtt                   
00006285  subscribeMqtt                 
0000628f  unsubscribeMqtt               
00006299  strcspn                       
000062bd  waitMicrosecond               
000062e1  __TI_zero_init_nomemset       
000062fd  memccpy                       
00006319  copysign                      
00006319  copysignl                     
0000634b  __aeabi_lmul                  
00006363  strcmp                        
0000637b  strrchr                       
00006393  strchr                        
000063a9  strcpy                        
000063bd  strlen                        
000063e3  wcslen                        
000063f5  initSystemClockTo40Mhz        
00006405  tolower                       
00006415  __TI_decompress_none          
00006423  ResetISR                      
00006431  __aeabi_errno_addr            
00006441  _system_pre_init              
00006445  C$$EXIT                       
00006445  abort                         
00006448  _ctypes_                      
00006644  __TI_Handler_Table_Base       
00006650  __TI_Handler_Table_Limit      
00006658  __TI_CINIT_Base               
00006668  __TI_CINIT_Limit              
20000000  __stack                       
20000000  __start___llvm_prf_cnts       
20000000  __stop___llvm_prf_cnts        
20000200  __STACK_TOP                   
20001000  __STACK_END                   
20001000  sockets                       
20001118  strInput                      
2000116c  dhcpOfferedIpAdd              
20001170  dhcpServerIpAdd               
20001174  token                         
20001178  xid                           
2000117c  leaseSeconds                  
20001180  leaseT1                       
20001184  leaseT2                       
20001188  discoverNeeded                
20001189  requestNeeded                 
2000118a  releaseNeeded                 
2000118b  ipConflictDetectionMode       
2000118c  dhcpState                     
2000118d  dhcpEnabled                   
2000118e  hwAddress                     
20001194  ipAddress                     
20001198  ipDnsAddress                  
2000119c  ipGwAddress                   
200011a0  ipSubnetMask                  
200011a4  ipTimeServerAddress           
200011a8  errno                         
200011b0  nextPacketLsb                 
200011b1  nextPacketMsb                 
200011b2  sequenceId                    
200011b3  count                         
ffffffff  __TI_pprof_out_hndl           
ffffffff  __TI_prof_data_size           
ffffffff  __TI_prof_data_start          
ffffffff  __binit__                     
ffffffff  __c_args__                    
ffffffff  binit                         
UNDEFED   __mpu_init                    
UNDEFED   _system_post_cinit            

[247 symbols]
