<?xml version="1.0" encoding="ISO-8859-1" ?>
<link_info>
   <banner>TI ARM Linker Unix v20.2.7.LTS</banner>
   <copyright>Copyright (c) 1996-2018 Texas Instruments Incorporated</copyright>
   <link_time>0x65f7a82e</link_time>
   <link_errors>0x0</link_errors>
   <output_file>4352_Project-1.out</output_file>
   <entry_point>
      <name>_c_int00_noargs</name>
      <address>0x71b5</address>
   </entry_point>
   <input_file_list>
      <input_file id="fl-1">
         <path>./</path>
         <kind>object</kind>
         <file>arp.obj</file>
         <name>arp.obj</name>
      </input_file>
      <input_file id="fl-2">
         <path>./</path>
         <kind>object</kind>
         <file>clock.obj</file>
         <name>clock.obj</name>
      </input_file>
      <input_file id="fl-3">
         <path>./</path>
         <kind>object</kind>
         <file>dhcp.obj</file>
         <name>dhcp.obj</name>
      </input_file>
      <input_file id="fl-4">
         <path>./</path>
         <kind>object</kind>
         <file>eeprom.obj</file>
         <name>eeprom.obj</name>
      </input_file>
      <input_file id="fl-5">
         <path>./</path>
         <kind>object</kind>
         <file>eth0.obj</file>
         <name>eth0.obj</name>
      </input_file>
      <input_file id="fl-6">
         <path>./</path>
         <kind>object</kind>
         <file>ethernet.obj</file>
         <name>ethernet.obj</name>
      </input_file>
      <input_file id="fl-7">
         <path>./</path>
         <kind>object</kind>
         <file>gpio.obj</file>
         <name>gpio.obj</name>
      </input_file>
      <input_file id="fl-8">
         <path>./</path>
         <kind>object</kind>
         <file>icmp.obj</file>
         <name>icmp.obj</name>
      </input_file>
      <input_file id="fl-9">
         <path>./</path>
         <kind>object</kind>
         <file>ip.obj</file>
         <name>ip.obj</name>
      </input_file>
      <input_file id="fl-a">
         <path>./</path>
         <kind>object</kind>
         <file>mqtt.obj</file>
         <name>mqtt.obj</name>
      </input_file>
      <input_file id="fl-b">
         <path>./</path>
         <kind>object</kind>
         <file>socket.obj</file>
         <name>socket.obj</name>
      </input_file>
      <input_file id="fl-c">
         <path>./</path>
         <kind>object</kind>
         <file>spi0.obj</file>
         <name>spi0.obj</name>
      </input_file>
      <input_file id="fl-d">
         <path>./</path>
         <kind>object</kind>
         <file>tcp.obj</file>
         <name>tcp.obj</name>
      </input_file>
      <input_file id="fl-e">
         <path>./</path>
         <kind>object</kind>
         <file>timer.obj</file>
         <name>timer.obj</name>
      </input_file>
      <input_file id="fl-f">
         <path>./</path>
         <kind>object</kind>
         <file>tm4c123gh6pm_startup_ccs.obj</file>
         <name>tm4c123gh6pm_startup_ccs.obj</name>
      </input_file>
      <input_file id="fl-10">
         <path>./</path>
         <kind>object</kind>
         <file>uart0.obj</file>
         <name>uart0.obj</name>
      </input_file>
      <input_file id="fl-11">
         <path>./</path>
         <kind>object</kind>
         <file>udp.obj</file>
         <name>udp.obj</name>
      </input_file>
      <input_file id="fl-12">
         <path>./</path>
         <kind>object</kind>
         <file>wait.obj</file>
         <name>wait.obj</name>
      </input_file>
      <input_file id="fl-16">
         <kind>object</kind>
         <file>&lt;internal&gt;</file>
         <name>&lt;internal&gt;</name>
      </input_file>
      <input_file id="fl-cc">
         <path>/home/rolo/.local/share/ti/ccs1240/ccs/tools/compiler/ti-cgt-arm_20.2.7.LTS/lib/</path>
         <kind>archive</kind>
         <file>rtsv7M4_T_le_v4SPD16_eabi.lib</file>
         <name>snprintf.c.obj</name>
      </input_file>
      <input_file id="fl-cd">
         <path>/home/rolo/.local/share/ti/ccs1240/ccs/tools/compiler/ti-cgt-arm_20.2.7.LTS/lib/</path>
         <kind>archive</kind>
         <file>rtsv7M4_T_le_v4SPD16_eabi.lib</file>
         <name>sscanf.c.obj</name>
      </input_file>
      <input_file id="fl-ce">
         <path>/home/rolo/.local/share/ti/ccs1240/ccs/tools/compiler/ti-cgt-arm_20.2.7.LTS/lib/</path>
         <kind>archive</kind>
         <file>rtsv7M4_T_le_v4SPD16_eabi.lib</file>
         <name>memcpy_t2.asm.obj</name>
      </input_file>
      <input_file id="fl-cf">
         <path>/home/rolo/.local/share/ti/ccs1240/ccs/tools/compiler/ti-cgt-arm_20.2.7.LTS/lib/</path>
         <kind>archive</kind>
         <file>rtsv7M4_T_le_v4SPD16_eabi.lib</file>
         <name>memset_t2.asm.obj</name>
      </input_file>
      <input_file id="fl-d0">
         <path>/home/rolo/.local/share/ti/ccs1240/ccs/tools/compiler/ti-cgt-arm_20.2.7.LTS/lib/</path>
         <kind>archive</kind>
         <file>rtsv7M4_T_le_v4SPD16_eabi.lib</file>
         <name>copy_zero_init.c.obj</name>
      </input_file>
      <input_file id="fl-d1">
         <path>/home/rolo/.local/share/ti/ccs1240/ccs/tools/compiler/ti-cgt-arm_20.2.7.LTS/lib/</path>
         <kind>archive</kind>
         <file>rtsv7M4_T_le_v4SPD16_eabi.lib</file>
         <name>copy_decompress_none.c.obj</name>
      </input_file>
      <input_file id="fl-d2">
         <path>/home/rolo/.local/share/ti/ccs1240/ccs/tools/compiler/ti-cgt-arm_20.2.7.LTS/lib/</path>
         <kind>archive</kind>
         <file>rtsv7M4_T_le_v4SPD16_eabi.lib</file>
         <name>copy_decompress_lzss.c.obj</name>
      </input_file>
      <input_file id="fl-d3">
         <path>/home/rolo/.local/share/ti/ccs1240/ccs/tools/compiler/ti-cgt-arm_20.2.7.LTS/lib/</path>
         <kind>archive</kind>
         <file>rtsv7M4_T_le_v4SPD16_eabi.lib</file>
         <name>ctype.c.obj</name>
      </input_file>
      <input_file id="fl-d4">
         <path>/home/rolo/.local/share/ti/ccs1240/ccs/tools/compiler/ti-cgt-arm_20.2.7.LTS/lib/</path>
         <kind>archive</kind>
         <file>rtsv7M4_T_le_v4SPD16_eabi.lib</file>
         <name>strcmp.c.obj</name>
      </input_file>
      <input_file id="fl-d5">
         <path>/home/rolo/.local/share/ti/ccs1240/ccs/tools/compiler/ti-cgt-arm_20.2.7.LTS/lib/</path>
         <kind>archive</kind>
         <file>rtsv7M4_T_le_v4SPD16_eabi.lib</file>
         <name>strtok.c.obj</name>
      </input_file>
      <input_file id="fl-d6">
         <path>/home/rolo/.local/share/ti/ccs1240/ccs/tools/compiler/ti-cgt-arm_20.2.7.LTS/lib/</path>
         <kind>archive</kind>
         <file>rtsv7M4_T_le_v4SPD16_eabi.lib</file>
         <name>tolower.c.obj</name>
      </input_file>
      <input_file id="fl-d7">
         <path>/home/rolo/.local/share/ti/ccs1240/ccs/tools/compiler/ti-cgt-arm_20.2.7.LTS/lib/</path>
         <kind>archive</kind>
         <file>rtsv7M4_T_le_v4SPD16_eabi.lib</file>
         <name>boot_cortex_m.c.obj</name>
      </input_file>
      <input_file id="fl-d8">
         <path>/home/rolo/.local/share/ti/ccs1240/ccs/tools/compiler/ti-cgt-arm_20.2.7.LTS/lib/</path>
         <kind>archive</kind>
         <file>rtsv7M4_T_le_v4SPD16_eabi.lib</file>
         <name>_printfi.c.obj</name>
      </input_file>
      <input_file id="fl-d9">
         <path>/home/rolo/.local/share/ti/ccs1240/ccs/tools/compiler/ti-cgt-arm_20.2.7.LTS/lib/</path>
         <kind>archive</kind>
         <file>rtsv7M4_T_le_v4SPD16_eabi.lib</file>
         <name>_scanfi.c.obj</name>
      </input_file>
      <input_file id="fl-da">
         <path>/home/rolo/.local/share/ti/ccs1240/ccs/tools/compiler/ti-cgt-arm_20.2.7.LTS/lib/</path>
         <kind>archive</kind>
         <file>rtsv7M4_T_le_v4SPD16_eabi.lib</file>
         <name>fd_add_t2.asm.obj</name>
      </input_file>
      <input_file id="fl-db">
         <path>/home/rolo/.local/share/ti/ccs1240/ccs/tools/compiler/ti-cgt-arm_20.2.7.LTS/lib/</path>
         <kind>archive</kind>
         <file>rtsv7M4_T_le_v4SPD16_eabi.lib</file>
         <name>fd_cmp_t2.asm.obj</name>
      </input_file>
      <input_file id="fl-dc">
         <path>/home/rolo/.local/share/ti/ccs1240/ccs/tools/compiler/ti-cgt-arm_20.2.7.LTS/lib/</path>
         <kind>archive</kind>
         <file>rtsv7M4_T_le_v4SPD16_eabi.lib</file>
         <name>fd_div_t2.asm.obj</name>
      </input_file>
      <input_file id="fl-dd">
         <path>/home/rolo/.local/share/ti/ccs1240/ccs/tools/compiler/ti-cgt-arm_20.2.7.LTS/lib/</path>
         <kind>archive</kind>
         <file>rtsv7M4_T_le_v4SPD16_eabi.lib</file>
         <name>fd_mul_t2.asm.obj</name>
      </input_file>
      <input_file id="fl-de">
         <path>/home/rolo/.local/share/ti/ccs1240/ccs/tools/compiler/ti-cgt-arm_20.2.7.LTS/lib/</path>
         <kind>archive</kind>
         <file>rtsv7M4_T_le_v4SPD16_eabi.lib</file>
         <name>fd_toi_t2.asm.obj</name>
      </input_file>
      <input_file id="fl-df">
         <path>/home/rolo/.local/share/ti/ccs1240/ccs/tools/compiler/ti-cgt-arm_20.2.7.LTS/lib/</path>
         <kind>archive</kind>
         <file>rtsv7M4_T_le_v4SPD16_eabi.lib</file>
         <name>fd_tos_t2.asm.obj</name>
      </input_file>
      <input_file id="fl-e0">
         <path>/home/rolo/.local/share/ti/ccs1240/ccs/tools/compiler/ti-cgt-arm_20.2.7.LTS/lib/</path>
         <kind>archive</kind>
         <file>rtsv7M4_T_le_v4SPD16_eabi.lib</file>
         <name>i_tofd_t2.asm.obj</name>
      </input_file>
      <input_file id="fl-e1">
         <path>/home/rolo/.local/share/ti/ccs1240/ccs/tools/compiler/ti-cgt-arm_20.2.7.LTS/lib/</path>
         <kind>archive</kind>
         <file>rtsv7M4_T_le_v4SPD16_eabi.lib</file>
         <name>ull_div_t2.asm.obj</name>
      </input_file>
      <input_file id="fl-e2">
         <path>/home/rolo/.local/share/ti/ccs1240/ccs/tools/compiler/ti-cgt-arm_20.2.7.LTS/lib/</path>
         <kind>archive</kind>
         <file>rtsv7M4_T_le_v4SPD16_eabi.lib</file>
         <name>autoinit.c.obj</name>
      </input_file>
      <input_file id="fl-e3">
         <path>/home/rolo/.local/share/ti/ccs1240/ccs/tools/compiler/ti-cgt-arm_20.2.7.LTS/lib/</path>
         <kind>archive</kind>
         <file>rtsv7M4_T_le_v4SPD16_eabi.lib</file>
         <name>pre_init.c.obj</name>
      </input_file>
      <input_file id="fl-e4">
         <path>/home/rolo/.local/share/ti/ccs1240/ccs/tools/compiler/ti-cgt-arm_20.2.7.LTS/lib/</path>
         <kind>archive</kind>
         <file>rtsv7M4_T_le_v4SPD16_eabi.lib</file>
         <name>cpy_tbl.c.obj</name>
      </input_file>
      <input_file id="fl-e5">
         <path>/home/rolo/.local/share/ti/ccs1240/ccs/tools/compiler/ti-cgt-arm_20.2.7.LTS/lib/</path>
         <kind>archive</kind>
         <file>rtsv7M4_T_le_v4SPD16_eabi.lib</file>
         <name>exit.c.obj</name>
      </input_file>
      <input_file id="fl-e6">
         <path>/home/rolo/.local/share/ti/ccs1240/ccs/tools/compiler/ti-cgt-arm_20.2.7.LTS/lib/</path>
         <kind>archive</kind>
         <file>rtsv7M4_T_le_v4SPD16_eabi.lib</file>
         <name>_lock.c.obj</name>
      </input_file>
      <input_file id="fl-e7">
         <path>/home/rolo/.local/share/ti/ccs1240/ccs/tools/compiler/ti-cgt-arm_20.2.7.LTS/lib/</path>
         <kind>archive</kind>
         <file>rtsv7M4_T_le_v4SPD16_eabi.lib</file>
         <name>_ltoa.c.obj</name>
      </input_file>
      <input_file id="fl-e8">
         <path>/home/rolo/.local/share/ti/ccs1240/ccs/tools/compiler/ti-cgt-arm_20.2.7.LTS/lib/</path>
         <kind>archive</kind>
         <file>rtsv7M4_T_le_v4SPD16_eabi.lib</file>
         <name>args_main.c.obj</name>
      </input_file>
      <input_file id="fl-e9">
         <path>/home/rolo/.local/share/ti/ccs1240/ccs/tools/compiler/ti-cgt-arm_20.2.7.LTS/lib/</path>
         <kind>archive</kind>
         <file>rtsv7M4_T_le_v4SPD16_eabi.lib</file>
         <name>atoi.c.obj</name>
      </input_file>
      <input_file id="fl-ea">
         <path>/home/rolo/.local/share/ti/ccs1240/ccs/tools/compiler/ti-cgt-arm_20.2.7.LTS/lib/</path>
         <kind>archive</kind>
         <file>rtsv7M4_T_le_v4SPD16_eabi.lib</file>
         <name>memccpy.c.obj</name>
      </input_file>
      <input_file id="fl-eb">
         <path>/home/rolo/.local/share/ti/ccs1240/ccs/tools/compiler/ti-cgt-arm_20.2.7.LTS/lib/</path>
         <kind>archive</kind>
         <file>rtsv7M4_T_le_v4SPD16_eabi.lib</file>
         <name>strchr.c.obj</name>
      </input_file>
      <input_file id="fl-ec">
         <path>/home/rolo/.local/share/ti/ccs1240/ccs/tools/compiler/ti-cgt-arm_20.2.7.LTS/lib/</path>
         <kind>archive</kind>
         <file>rtsv7M4_T_le_v4SPD16_eabi.lib</file>
         <name>strcpy.c.obj</name>
      </input_file>
      <input_file id="fl-ed">
         <path>/home/rolo/.local/share/ti/ccs1240/ccs/tools/compiler/ti-cgt-arm_20.2.7.LTS/lib/</path>
         <kind>archive</kind>
         <file>rtsv7M4_T_le_v4SPD16_eabi.lib</file>
         <name>strcspn.c.obj</name>
      </input_file>
      <input_file id="fl-ee">
         <path>/home/rolo/.local/share/ti/ccs1240/ccs/tools/compiler/ti-cgt-arm_20.2.7.LTS/lib/</path>
         <kind>archive</kind>
         <file>rtsv7M4_T_le_v4SPD16_eabi.lib</file>
         <name>strlen.c.obj</name>
      </input_file>
      <input_file id="fl-ef">
         <path>/home/rolo/.local/share/ti/ccs1240/ccs/tools/compiler/ti-cgt-arm_20.2.7.LTS/lib/</path>
         <kind>archive</kind>
         <file>rtsv7M4_T_le_v4SPD16_eabi.lib</file>
         <name>strrchr.c.obj</name>
      </input_file>
      <input_file id="fl-f0">
         <path>/home/rolo/.local/share/ti/ccs1240/ccs/tools/compiler/ti-cgt-arm_20.2.7.LTS/lib/</path>
         <kind>archive</kind>
         <file>rtsv7M4_T_le_v4SPD16_eabi.lib</file>
         <name>strspn.c.obj</name>
      </input_file>
      <input_file id="fl-f1">
         <path>/home/rolo/.local/share/ti/ccs1240/ccs/tools/compiler/ti-cgt-arm_20.2.7.LTS/lib/</path>
         <kind>archive</kind>
         <file>rtsv7M4_T_le_v4SPD16_eabi.lib</file>
         <name>strtod.c.obj</name>
      </input_file>
      <input_file id="fl-f2">
         <path>/home/rolo/.local/share/ti/ccs1240/ccs/tools/compiler/ti-cgt-arm_20.2.7.LTS/lib/</path>
         <kind>archive</kind>
         <file>rtsv7M4_T_le_v4SPD16_eabi.lib</file>
         <name>strtol.c.obj</name>
      </input_file>
      <input_file id="fl-f3">
         <path>/home/rolo/.local/share/ti/ccs1240/ccs/tools/compiler/ti-cgt-arm_20.2.7.LTS/lib/</path>
         <kind>archive</kind>
         <file>rtsv7M4_T_le_v4SPD16_eabi.lib</file>
         <name>strtoll.c.obj</name>
      </input_file>
      <input_file id="fl-f4">
         <path>/home/rolo/.local/share/ti/ccs1240/ccs/tools/compiler/ti-cgt-arm_20.2.7.LTS/lib/</path>
         <kind>archive</kind>
         <file>rtsv7M4_T_le_v4SPD16_eabi.lib</file>
         <name>strtoul.c.obj</name>
      </input_file>
      <input_file id="fl-f5">
         <path>/home/rolo/.local/share/ti/ccs1240/ccs/tools/compiler/ti-cgt-arm_20.2.7.LTS/lib/</path>
         <kind>archive</kind>
         <file>rtsv7M4_T_le_v4SPD16_eabi.lib</file>
         <name>strtoull.c.obj</name>
      </input_file>
      <input_file id="fl-f6">
         <path>/home/rolo/.local/share/ti/ccs1240/ccs/tools/compiler/ti-cgt-arm_20.2.7.LTS/lib/</path>
         <kind>archive</kind>
         <file>rtsv7M4_T_le_v4SPD16_eabi.lib</file>
         <name>errno.c.obj</name>
      </input_file>
      <input_file id="fl-f7">
         <path>/home/rolo/.local/share/ti/ccs1240/ccs/tools/compiler/ti-cgt-arm_20.2.7.LTS/lib/</path>
         <kind>archive</kind>
         <file>rtsv7M4_T_le_v4SPD16_eabi.lib</file>
         <name>wcslen.c.obj</name>
      </input_file>
      <input_file id="fl-f8">
         <path>/home/rolo/.local/share/ti/ccs1240/ccs/tools/compiler/ti-cgt-arm_20.2.7.LTS/lib/</path>
         <kind>archive</kind>
         <file>rtsv7M4_T_le_v4SPD16_eabi.lib</file>
         <name>s_frexp.c.obj</name>
      </input_file>
      <input_file id="fl-f9">
         <path>/home/rolo/.local/share/ti/ccs1240/ccs/tools/compiler/ti-cgt-arm_20.2.7.LTS/lib/</path>
         <kind>archive</kind>
         <file>rtsv7M4_T_le_v4SPD16_eabi.lib</file>
         <name>s_scalbn.c.obj</name>
      </input_file>
      <input_file id="fl-fa">
         <path>/home/rolo/.local/share/ti/ccs1240/ccs/tools/compiler/ti-cgt-arm_20.2.7.LTS/lib/</path>
         <kind>archive</kind>
         <file>rtsv7M4_T_le_v4SPD16_eabi.lib</file>
         <name>div0.asm.obj</name>
      </input_file>
      <input_file id="fl-fb">
         <path>/home/rolo/.local/share/ti/ccs1240/ccs/tools/compiler/ti-cgt-arm_20.2.7.LTS/lib/</path>
         <kind>archive</kind>
         <file>rtsv7M4_T_le_v4SPD16_eabi.lib</file>
         <name>ll_mul_t2.asm.obj</name>
      </input_file>
      <input_file id="fl-fc">
         <path>/home/rolo/.local/share/ti/ccs1240/ccs/tools/compiler/ti-cgt-arm_20.2.7.LTS/lib/</path>
         <kind>archive</kind>
         <file>rtsv7M4_T_le_v4SPD16_eabi.lib</file>
         <name>s_copysign.c.obj</name>
      </input_file>
   </input_file_list>
   <object_component_list>
      <object_component id="oc-12">
         <name>.intvecs</name>
         <load_address>0x0</load_address>
         <run_address>0x0</run_address>
         <size>0x26c</size>
         <input_file_ref idref="fl-f"/>
      </object_component>
      <object_component id="oc-b2">
         <name>.text</name>
         <load_address>0x26c</load_address>
         <run_address>0x26c</run_address>
         <size>0xd4c</size>
         <input_file_ref idref="fl-6"/>
      </object_component>
      <object_component id="oc-210">
         <name>.text:__TI_scanfi</name>
         <load_address>0xfb8</load_address>
         <run_address>0xfb8</run_address>
         <size>0xb14</size>
         <input_file_ref idref="fl-d9"/>
      </object_component>
      <object_component id="oc-1d0">
         <name>.text:__TI_printfi</name>
         <load_address>0x1acc</load_address>
         <run_address>0x1acc</run_address>
         <size>0xa4e</size>
         <input_file_ref idref="fl-d8"/>
      </object_component>
      <object_component id="oc-412">
         <name>.text</name>
         <load_address>0x251a</load_address>
         <run_address>0x251a</run_address>
         <size>0x2</size>
         <input_file_ref idref="fl-fa"/>
      </object_component>
      <object_component id="oc-102">
         <name>.text</name>
         <load_address>0x251c</load_address>
         <run_address>0x251c</run_address>
         <size>0xa0c</size>
         <input_file_ref idref="fl-3"/>
      </object_component>
      <object_component id="oc-e4">
         <name>.text</name>
         <load_address>0x2f28</load_address>
         <run_address>0x2f28</run_address>
         <size>0x808</size>
         <input_file_ref idref="fl-7"/>
      </object_component>
      <object_component id="oc-ea">
         <name>.text</name>
         <load_address>0x3730</load_address>
         <run_address>0x3730</run_address>
         <size>0x714</size>
         <input_file_ref idref="fl-5"/>
      </object_component>
      <object_component id="oc-fc">
         <name>.text</name>
         <load_address>0x3e44</load_address>
         <run_address>0x3e44</run_address>
         <size>0x4ac</size>
         <input_file_ref idref="fl-9"/>
      </object_component>
      <object_component id="oc-2fc">
         <name>.text:strtod</name>
         <load_address>0x42f0</load_address>
         <run_address>0x42f0</run_address>
         <size>0x460</size>
         <input_file_ref idref="fl-f1"/>
      </object_component>
      <object_component id="oc-2d">
         <name>.text</name>
         <load_address>0x4750</load_address>
         <run_address>0x4750</run_address>
         <size>0x338</size>
         <input_file_ref idref="fl-e"/>
      </object_component>
      <object_component id="oc-145">
         <name>.text</name>
         <load_address>0x4a88</load_address>
         <run_address>0x4a88</run_address>
         <size>0x2f4</size>
         <input_file_ref idref="fl-1"/>
      </object_component>
      <object_component id="oc-133">
         <name>.text</name>
         <load_address>0x4d7c</load_address>
         <run_address>0x4d7c</run_address>
         <size>0x2e0</size>
         <input_file_ref idref="fl-b"/>
      </object_component>
      <object_component id="oc-151">
         <name>.text</name>
         <load_address>0x505c</load_address>
         <run_address>0x505c</run_address>
         <size>0x2ce</size>
         <input_file_ref idref="fl-11"/>
      </object_component>
      <object_component id="oc-2af">
         <name>.text:_pconv_a</name>
         <load_address>0x532c</load_address>
         <run_address>0x532c</run_address>
         <size>0x270</size>
         <input_file_ref idref="fl-d8"/>
      </object_component>
      <object_component id="oc-30d">
         <name>.text:strtoll</name>
         <load_address>0x559c</load_address>
         <run_address>0x559c</run_address>
         <size>0x1dc</size>
         <input_file_ref idref="fl-f3"/>
      </object_component>
      <object_component id="oc-29d">
         <name>.text:_pconv_g</name>
         <load_address>0x5778</load_address>
         <run_address>0x5778</run_address>
         <size>0x1d0</size>
         <input_file_ref idref="fl-d8"/>
      </object_component>
      <object_component id="oc-396">
         <name>.text</name>
         <load_address>0x5948</load_address>
         <run_address>0x5948</run_address>
         <size>0x1b6</size>
         <input_file_ref idref="fl-da"/>
      </object_component>
      <object_component id="oc-14b">
         <name>.text</name>
         <load_address>0x5afe</load_address>
         <run_address>0x5afe</run_address>
         <size>0x160</size>
         <input_file_ref idref="fl-8"/>
      </object_component>
      <object_component id="oc-1c0">
         <name>.text</name>
         <load_address>0x5c60</load_address>
         <run_address>0x5c60</run_address>
         <size>0x160</size>
         <input_file_ref idref="fl-c"/>
      </object_component>
      <object_component id="oc-2f0">
         <name>.text:strtoull</name>
         <load_address>0x5dc0</load_address>
         <run_address>0x5dc0</run_address>
         <size>0x15c</size>
         <input_file_ref idref="fl-f5"/>
      </object_component>
      <object_component id="oc-2a9">
         <name>.text:_pconv_e</name>
         <load_address>0x5f1c</load_address>
         <run_address>0x5f1c</run_address>
         <size>0x13c</size>
         <input_file_ref idref="fl-d8"/>
      </object_component>
      <object_component id="oc-37c">
         <name>.text</name>
         <load_address>0x6058</load_address>
         <run_address>0x6058</run_address>
         <size>0x136</size>
         <input_file_ref idref="fl-dc"/>
      </object_component>
      <object_component id="oc-307">
         <name>.text:strtol</name>
         <load_address>0x6190</load_address>
         <run_address>0x6190</run_address>
         <size>0x130</size>
         <input_file_ref idref="fl-f2"/>
      </object_component>
      <object_component id="oc-f0">
         <name>.text</name>
         <load_address>0x62c0</load_address>
         <run_address>0x62c0</run_address>
         <size>0x128</size>
         <input_file_ref idref="fl-10"/>
      </object_component>
      <object_component id="oc-3a8">
         <name>.text:fcvt</name>
         <load_address>0x63e8</load_address>
         <run_address>0x63e8</run_address>
         <size>0x124</size>
         <input_file_ref idref="fl-d8"/>
      </object_component>
      <object_component id="oc-3bc">
         <name>.text:scalbn</name>
         <load_address>0x650c</load_address>
         <run_address>0x650c</run_address>
         <size>0x110</size>
         <input_file_ref idref="fl-f9"/>
      </object_component>
      <object_component id="oc-2f6">
         <name>.text:strtoul</name>
         <load_address>0x661c</load_address>
         <run_address>0x661c</run_address>
         <size>0x110</size>
         <input_file_ref idref="fl-f4"/>
      </object_component>
      <object_component id="oc-377">
         <name>.text</name>
         <load_address>0x672c</load_address>
         <run_address>0x672c</run_address>
         <size>0xfc</size>
         <input_file_ref idref="fl-dd"/>
      </object_component>
      <object_component id="oc-13f">
         <name>.text</name>
         <load_address>0x6828</load_address>
         <run_address>0x6828</run_address>
         <size>0xb4</size>
         <input_file_ref idref="fl-d"/>
      </object_component>
      <object_component id="oc-292">
         <name>.text:_ltostr</name>
         <load_address>0x68dc</load_address>
         <run_address>0x68dc</run_address>
         <size>0xb1</size>
         <input_file_ref idref="fl-d8"/>
      </object_component>
      <object_component id="oc-41">
         <name>.text</name>
         <load_address>0x698e</load_address>
         <run_address>0x698e</run_address>
         <size>0x9c</size>
         <input_file_ref idref="fl-ce"/>
      </object_component>
      <object_component id="oc-370">
         <name>.text</name>
         <load_address>0x6a2a</load_address>
         <run_address>0x6a2a</run_address>
         <size>0x96</size>
         <input_file_ref idref="fl-e1"/>
      </object_component>
      <object_component id="oc-298">
         <name>.text:__aeabi_cdcmple</name>
         <load_address>0x6ac0</load_address>
         <run_address>0x6ac0</run_address>
         <size>0x86</size>
         <input_file_ref idref="fl-db"/>
      </object_component>
      <object_component id="oc-381">
         <name>.text:__aeabi_cdrcmple</name>
         <load_address>0x6b46</load_address>
         <run_address>0x6b46</run_address>
         <size>0x86</size>
         <input_file_ref idref="fl-db"/>
      </object_component>
      <object_component id="oc-108">
         <name>.text</name>
         <load_address>0x6bcc</load_address>
         <run_address>0x6bcc</run_address>
         <size>0x84</size>
         <input_file_ref idref="fl-4"/>
      </object_component>
      <object_component id="oc-a6">
         <name>.text</name>
         <load_address>0x6c50</load_address>
         <run_address>0x6c50</run_address>
         <size>0x7a</size>
         <input_file_ref idref="fl-cf"/>
      </object_component>
      <object_component id="oc-3a1">
         <name>.text:_mcpy</name>
         <load_address>0x6cca</load_address>
         <run_address>0x6cca</run_address>
         <size>0x6e</size>
         <input_file_ref idref="fl-d8"/>
      </object_component>
      <object_component id="oc-302">
         <name>.text</name>
         <load_address>0x6d38</load_address>
         <run_address>0x6d38</run_address>
         <size>0x6e</size>
         <input_file_ref idref="fl-df"/>
      </object_component>
      <object_component id="oc-222">
         <name>.text:_chkmbc</name>
         <load_address>0x6da8</load_address>
         <run_address>0x6da8</run_address>
         <size>0x68</size>
         <input_file_ref idref="fl-cd"/>
      </object_component>
      <object_component id="oc-15">
         <name>.text:decompress:lzss:__TI_decompress_lzss</name>
         <load_address>0x6e10</load_address>
         <run_address>0x6e10</run_address>
         <size>0x68</size>
         <input_file_ref idref="fl-d2"/>
      </object_component>
      <object_component id="oc-3b6">
         <name>.text:frexp</name>
         <load_address>0x6e78</load_address>
         <run_address>0x6e78</run_address>
         <size>0x64</size>
         <input_file_ref idref="fl-f8"/>
      </object_component>
      <object_component id="oc-2a3">
         <name>.text:_pconv_f</name>
         <load_address>0x6edc</load_address>
         <run_address>0x6edc</run_address>
         <size>0x56</size>
         <input_file_ref idref="fl-d8"/>
      </object_component>
      <object_component id="oc-38b">
         <name>.text:__TI_ltoa</name>
         <load_address>0x6f32</load_address>
         <run_address>0x6f32</run_address>
         <size>0x54</size>
         <input_file_ref idref="fl-e7"/>
      </object_component>
      <object_component id="oc-39b">
         <name>.text:_ecpy</name>
         <load_address>0x6f86</load_address>
         <run_address>0x6f86</run_address>
         <size>0x52</size>
         <input_file_ref idref="fl-d8"/>
      </object_component>
      <object_component id="oc-28c">
         <name>.text:atoi</name>
         <load_address>0x6fd8</load_address>
         <run_address>0x6fd8</run_address>
         <size>0x4c</size>
         <input_file_ref idref="fl-e9"/>
      </object_component>
      <object_component id="oc-f6">
         <name>.text:snprintf</name>
         <load_address>0x7024</load_address>
         <run_address>0x7024</run_address>
         <size>0x4c</size>
         <input_file_ref idref="fl-cc"/>
      </object_component>
      <object_component id="oc-386">
         <name>.text</name>
         <load_address>0x7070</load_address>
         <run_address>0x7070</run_address>
         <size>0x48</size>
         <input_file_ref idref="fl-de"/>
      </object_component>
      <object_component id="oc-169">
         <name>.text:__TI_auto_init_nobinit_nopinit:__TI_auto_init_nobinit_nopinit</name>
         <load_address>0x70b8</load_address>
         <run_address>0x70b8</run_address>
         <size>0x44</size>
         <input_file_ref idref="fl-e2"/>
      </object_component>
      <object_component id="oc-11a">
         <name>.text:strtok</name>
         <load_address>0x70fc</load_address>
         <run_address>0x70fc</run_address>
         <size>0x40</size>
         <input_file_ref idref="fl-d5"/>
      </object_component>
      <object_component id="oc-3ae">
         <name>.text:_fcpy</name>
         <load_address>0x713c</load_address>
         <run_address>0x713c</run_address>
         <size>0x3e</size>
         <input_file_ref idref="fl-d8"/>
      </object_component>
      <object_component id="oc-114">
         <name>.text:sscanf</name>
         <load_address>0x717c</load_address>
         <run_address>0x717c</run_address>
         <size>0x38</size>
         <input_file_ref idref="fl-cd"/>
      </object_component>
      <object_component id="oc-5f">
         <name>.text:_c_int00_noargs:_c_int00_noargs</name>
         <load_address>0x71b4</load_address>
         <run_address>0x71b4</run_address>
         <size>0x34</size>
         <input_file_ref idref="fl-d7"/>
      </object_component>
      <object_component id="oc-1d6">
         <name>.text:_outs</name>
         <load_address>0x71e8</load_address>
         <run_address>0x71e8</run_address>
         <size>0x30</size>
         <input_file_ref idref="fl-cc"/>
      </object_component>
      <object_component id="oc-391">
         <name>.text</name>
         <load_address>0x7218</load_address>
         <run_address>0x7218</run_address>
         <size>0x2e</size>
         <input_file_ref idref="fl-e0"/>
      </object_component>
      <object_component id="oc-22a">
         <name>.text:strspn</name>
         <load_address>0x7246</load_address>
         <run_address>0x7246</run_address>
         <size>0x2a</size>
         <input_file_ref idref="fl-f0"/>
      </object_component>
      <object_component id="oc-12c">
         <name>.text</name>
         <load_address>0x7270</load_address>
         <run_address>0x7270</run_address>
         <size>0x24</size>
         <input_file_ref idref="fl-a"/>
      </object_component>
      <object_component id="oc-230">
         <name>.text:strcspn</name>
         <load_address>0x7294</load_address>
         <run_address>0x7294</run_address>
         <size>0x24</size>
         <input_file_ref idref="fl-ed"/>
      </object_component>
      <object_component id="oc-139">
         <name>.text</name>
         <load_address>0x72b8</load_address>
         <run_address>0x72b8</run_address>
         <size>0x24</size>
         <input_file_ref idref="fl-12"/>
      </object_component>
      <object_component id="oc-4d">
         <name>.text:decompress:ZI:__TI_zero_init_nomemset:__TI_zero_init_nomemset</name>
         <load_address>0x72dc</load_address>
         <run_address>0x72dc</run_address>
         <size>0x1c</size>
         <input_file_ref idref="fl-d0"/>
      </object_component>
      <object_component id="oc-2b5">
         <name>.text:memccpy</name>
         <load_address>0x72f8</load_address>
         <run_address>0x72f8</run_address>
         <size>0x1c</size>
         <input_file_ref idref="fl-ea"/>
      </object_component>
      <object_component id="oc-42b">
         <name>.text:copysign</name>
         <load_address>0x7314</load_address>
         <run_address>0x7314</run_address>
         <size>0x1a</size>
         <input_file_ref idref="fl-fc"/>
      </object_component>
      <object_component id="oc-1dc">
         <name>.text:_outc</name>
         <load_address>0x732e</load_address>
         <run_address>0x732e</run_address>
         <size>0x18</size>
         <input_file_ref idref="fl-cc"/>
      </object_component>
      <object_component id="oc-3e1">
         <name>.text</name>
         <load_address>0x7346</load_address>
         <run_address>0x7346</run_address>
         <size>0x18</size>
         <input_file_ref idref="fl-fb"/>
      </object_component>
      <object_component id="oc-120">
         <name>.text:strcmp</name>
         <load_address>0x735e</load_address>
         <run_address>0x735e</run_address>
         <size>0x18</size>
         <input_file_ref idref="fl-d4"/>
      </object_component>
      <object_component id="oc-313">
         <name>.text:strrchr</name>
         <load_address>0x7376</load_address>
         <run_address>0x7376</run_address>
         <size>0x18</size>
         <input_file_ref idref="fl-ef"/>
      </object_component>
      <object_component id="oc-319">
         <name>.text:strchr</name>
         <load_address>0x738e</load_address>
         <run_address>0x738e</run_address>
         <size>0x16</size>
         <input_file_ref idref="fl-eb"/>
      </object_component>
      <object_component id="oc-2ea">
         <name>.text:strcpy</name>
         <load_address>0x73a4</load_address>
         <run_address>0x73a4</run_address>
         <size>0x14</size>
         <input_file_ref idref="fl-ec"/>
      </object_component>
      <object_component id="oc-286">
         <name>.text:strlen</name>
         <load_address>0x73b8</load_address>
         <run_address>0x73b8</run_address>
         <size>0x14</size>
         <input_file_ref idref="fl-ee"/>
      </object_component>
      <object_component id="oc-216">
         <name>.text:_inpchar</name>
         <load_address>0x73cc</load_address>
         <run_address>0x73cc</run_address>
         <size>0x12</size>
         <input_file_ref idref="fl-cd"/>
      </object_component>
      <object_component id="oc-2bb">
         <name>.text:wcslen</name>
         <load_address>0x73de</load_address>
         <run_address>0x73de</run_address>
         <size>0x12</size>
         <input_file_ref idref="fl-f7"/>
      </object_component>
      <object_component id="oc-de">
         <name>.text</name>
         <load_address>0x73f0</load_address>
         <run_address>0x73f0</run_address>
         <size>0x10</size>
         <input_file_ref idref="fl-2"/>
      </object_component>
      <object_component id="oc-10e">
         <name>.text:tolower</name>
         <load_address>0x7400</load_address>
         <run_address>0x7400</run_address>
         <size>0x10</size>
         <input_file_ref idref="fl-d6"/>
      </object_component>
      <object_component id="oc-1b">
         <name>.text:decompress:none:__TI_decompress_none</name>
         <load_address>0x7410</load_address>
         <run_address>0x7410</run_address>
         <size>0xe</size>
         <input_file_ref idref="fl-d1"/>
      </object_component>
      <object_component id="oc-27">
         <name>.text</name>
         <load_address>0x741e</load_address>
         <run_address>0x741e</run_address>
         <size>0xc</size>
         <input_file_ref idref="fl-f"/>
      </object_component>
      <object_component id="oc-2c1">
         <name>.text:__aeabi_errno_addr</name>
         <load_address>0x742c</load_address>
         <run_address>0x742c</run_address>
         <size>0x8</size>
         <input_file_ref idref="fl-f6"/>
      </object_component>
      <object_component id="oc-21c">
         <name>.text:_uninpchar</name>
         <load_address>0x7434</load_address>
         <run_address>0x7434</run_address>
         <size>0x8</size>
         <input_file_ref idref="fl-cd"/>
      </object_component>
      <object_component id="oc-ac">
         <name>.text:_system_pre_init</name>
         <load_address>0x743c</load_address>
         <run_address>0x743c</run_address>
         <size>0x4</size>
         <input_file_ref idref="fl-e3"/>
      </object_component>
      <object_component id="oc-15d">
         <name>.text:abort:abort</name>
         <load_address>0x7440</load_address>
         <run_address>0x7440</run_address>
         <size>0x4</size>
         <input_file_ref idref="fl-e5"/>
      </object_component>
      <object_component id="oc-20b">
         <name>.const:.string:_ctypes_</name>
         <load_address>0x7448</load_address>
         <run_address>0x7448</run_address>
         <size>0x101</size>
         <input_file_ref idref="fl-d3"/>
      </object_component>
      <object_component id="oc-3ea">
         <name>.const:$O1$$</name>
         <load_address>0x7550</load_address>
         <run_address>0x7550</run_address>
         <size>0xc8</size>
         <input_file_ref idref="fl-f1"/>
      </object_component>
      <object_component id="oc-31f">
         <name>.const:$O1$$</name>
         <load_address>0x7618</load_address>
         <run_address>0x7618</run_address>
         <size>0x10</size>
         <input_file_ref idref="fl-d9"/>
      </object_component>
      <object_component id="oc-490">
         <name>.cinit..data.load</name>
         <load_address>0x7628</load_address>
         <run_address>0x7628</run_address>
         <size>0x1d</size>
      </object_component>
      <object_component id="oc-48e">
         <name>__TI_handler_table</name>
         <load_address>0x7648</load_address>
         <run_address>0x7648</run_address>
         <size>0xc</size>
      </object_component>
      <object_component id="oc-491">
         <name>.cinit..bss.load</name>
         <load_address>0x7658</load_address>
         <run_address>0x7658</run_address>
         <size>0x8</size>
      </object_component>
      <object_component id="oc-48f">
         <name>__TI_cinit_table</name>
         <load_address>0x7660</load_address>
         <run_address>0x7660</run_address>
         <size>0x10</size>
      </object_component>
      <object_component id="oc-204">
         <name>.data</name>
         <load_address>0x20001200</load_address>
         <run_address>0x20001200</run_address>
         <size>0x16</size>
         <input_file_ref idref="fl-3"/>
      </object_component>
      <object_component id="oc-1c6">
         <name>.data</name>
         <load_address>0x20001238</load_address>
         <run_address>0x20001238</run_address>
         <size>0x3</size>
         <input_file_ref idref="fl-5"/>
      </object_component>
      <object_component id="oc-1c9">
         <name>.data:hwAddress</name>
         <load_address>0x20001216</load_address>
         <run_address>0x20001216</run_address>
         <size>0x6</size>
         <input_file_ref idref="fl-5"/>
      </object_component>
      <object_component id="oc-126">
         <name>.data</name>
         <load_address>0x2000123b</load_address>
         <run_address>0x2000123b</run_address>
         <size>0x1</size>
         <input_file_ref idref="fl-6"/>
      </object_component>
      <object_component id="oc-1f3">
         <name>.data:ipAddress</name>
         <load_address>0x2000121c</load_address>
         <run_address>0x2000121c</run_address>
         <size>0x4</size>
         <input_file_ref idref="fl-9"/>
      </object_component>
      <object_component id="oc-1f6">
         <name>.data:ipSubnetMask</name>
         <load_address>0x20001228</load_address>
         <run_address>0x20001228</run_address>
         <size>0x4</size>
         <input_file_ref idref="fl-9"/>
      </object_component>
      <object_component id="oc-1f9">
         <name>.data:ipGwAddress</name>
         <load_address>0x20001224</load_address>
         <run_address>0x20001224</run_address>
         <size>0x4</size>
         <input_file_ref idref="fl-9"/>
      </object_component>
      <object_component id="oc-1fc">
         <name>.data:ipDnsAddress</name>
         <load_address>0x20001220</load_address>
         <run_address>0x20001220</run_address>
         <size>0x4</size>
         <input_file_ref idref="fl-9"/>
      </object_component>
      <object_component id="oc-1ff">
         <name>.data:ipTimeServerAddress</name>
         <load_address>0x2000122c</load_address>
         <run_address>0x2000122c</run_address>
         <size>0x4</size>
         <input_file_ref idref="fl-9"/>
      </object_component>
      <object_component id="oc-236">
         <name>.data</name>
         <load_address>0x20001234</load_address>
         <run_address>0x20001234</run_address>
         <size>0x4</size>
         <input_file_ref idref="fl-d5"/>
      </object_component>
      <object_component id="oc-3cc">
         <name>.data</name>
         <load_address>0x20001230</load_address>
         <run_address>0x20001230</run_address>
         <size>0x4</size>
         <input_file_ref idref="fl-f6"/>
      </object_component>
      <object_component id="oc-207">
         <name>.common:dhcpOfferedIpAdd</name>
         <uninitialized>true</uninitialized>
         <run_address>0x200011f0</run_address>
         <size>0x4</size>
      </object_component>
      <object_component id="oc-208">
         <name>.common:dhcpServerIpAdd</name>
         <uninitialized>true</uninitialized>
         <run_address>0x200011f4</run_address>
         <size>0x4</size>
      </object_component>
      <object_component id="oc-129">
         <name>.common:strInput</name>
         <uninitialized>true</uninitialized>
         <run_address>0x20001118</run_address>
         <size>0x54</size>
      </object_component>
      <object_component id="oc-132">
         <name>.common:token</name>
         <uninitialized>true</uninitialized>
         <run_address>0x200011fc</run_address>
         <size>0x4</size>
      </object_component>
      <object_component id="oc-24d">
         <name>.common:sockets</name>
         <uninitialized>true</uninitialized>
         <run_address>0x20001000</run_address>
         <size>0x118</size>
      </object_component>
      <object_component id="oc-252">
         <name>.common:tcpState</name>
         <uninitialized>true</uninitialized>
         <run_address>0x200011f8</run_address>
         <size>0x4</size>
      </object_component>
      <object_component id="oc-78">
         <name>.common:fn</name>
         <uninitialized>true</uninitialized>
         <run_address>0x2000116c</run_address>
         <size>0x28</size>
      </object_component>
      <object_component id="oc-74">
         <name>.common:period</name>
         <uninitialized>true</uninitialized>
         <run_address>0x20001194</run_address>
         <size>0x28</size>
      </object_component>
      <object_component id="oc-77">
         <name>.common:ticks</name>
         <uninitialized>true</uninitialized>
         <run_address>0x200011bc</run_address>
         <size>0x28</size>
      </object_component>
      <object_component id="oc-79">
         <name>.common:reload</name>
         <uninitialized>true</uninitialized>
         <run_address>0x200011e4</run_address>
         <size>0xc</size>
      </object_component>
      <object_component id="oc-24">
         <name>.stack</name>
         <uninitialized>true</uninitialized>
         <run_address>0x20000000</run_address>
         <size>0x4</size>
         <input_file_ref idref="fl-d7"/>
      </object_component>
      <object_component id="oc-493">
         <name>.stack</name>
         <uninitialized>true</uninitialized>
         <run_address>0x20000000</run_address>
         <size>0x0</size>
      </object_component>
      <object_component id="oc-cd">
         <name>.debug_info</name>
         <load_address>0x0</load_address>
         <run_address>0x0</run_address>
         <size>0x35e</size>
         <input_file_ref idref="fl-1"/>
      </object_component>
      <object_component id="oc-146">
         <name>.debug_info</name>
         <load_address>0x35e</load_address>
         <run_address>0x35e</run_address>
         <size>0x4c2</size>
         <input_file_ref idref="fl-1"/>
      </object_component>
      <object_component id="oc-8c">
         <name>.debug_info</name>
         <load_address>0x820</load_address>
         <run_address>0x820</run_address>
         <size>0x26b</size>
         <input_file_ref idref="fl-1"/>
      </object_component>
      <object_component id="oc-80">
         <name>.debug_info</name>
         <load_address>0xa8b</load_address>
         <run_address>0xa8b</run_address>
         <size>0x8b</size>
         <input_file_ref idref="fl-1"/>
      </object_component>
      <object_component id="oc-c6">
         <name>.debug_info</name>
         <load_address>0xb16</load_address>
         <run_address>0xb16</run_address>
         <size>0x2a4</size>
         <input_file_ref idref="fl-1"/>
      </object_component>
      <object_component id="oc-7b">
         <name>.debug_info</name>
         <load_address>0xdba</load_address>
         <run_address>0xdba</run_address>
         <size>0xbb</size>
         <input_file_ref idref="fl-1"/>
      </object_component>
      <object_component id="oc-246">
         <name>.debug_info</name>
         <load_address>0xe75</load_address>
         <run_address>0xe75</run_address>
         <size>0xcc</size>
         <input_file_ref idref="fl-1"/>
      </object_component>
      <object_component id="oc-1ee">
         <name>.debug_info</name>
         <load_address>0xf41</load_address>
         <run_address>0xf41</run_address>
         <size>0x2c</size>
         <input_file_ref idref="fl-1"/>
      </object_component>
      <object_component id="oc-1b3">
         <name>.debug_info</name>
         <load_address>0xf6d</load_address>
         <run_address>0xf6d</run_address>
         <size>0xee</size>
         <input_file_ref idref="fl-1"/>
      </object_component>
      <object_component id="oc-1a2">
         <name>.debug_info</name>
         <load_address>0x105b</load_address>
         <run_address>0x105b</run_address>
         <size>0xe1</size>
         <input_file_ref idref="fl-1"/>
      </object_component>
      <object_component id="oc-1a7">
         <name>.debug_info</name>
         <load_address>0x113c</load_address>
         <run_address>0x113c</run_address>
         <size>0x12e</size>
         <input_file_ref idref="fl-1"/>
      </object_component>
      <object_component id="oc-df">
         <name>.debug_info</name>
         <load_address>0x126a</load_address>
         <run_address>0x126a</run_address>
         <size>0x126</size>
         <input_file_ref idref="fl-2"/>
      </object_component>
      <object_component id="oc-3c">
         <name>.debug_info</name>
         <load_address>0x1390</load_address>
         <run_address>0x1390</run_address>
         <size>0x84</size>
         <input_file_ref idref="fl-2"/>
      </object_component>
      <object_component id="oc-cb">
         <name>.debug_info</name>
         <load_address>0x1414</load_address>
         <run_address>0x1414</run_address>
         <size>0x6f6</size>
         <input_file_ref idref="fl-3"/>
      </object_component>
      <object_component id="oc-205">
         <name>.debug_info</name>
         <load_address>0x1b0a</load_address>
         <run_address>0x1b0a</run_address>
         <size>0x246</size>
         <input_file_ref idref="fl-3"/>
      </object_component>
      <object_component id="oc-103">
         <name>.debug_info</name>
         <load_address>0x1d50</load_address>
         <run_address>0x1d50</run_address>
         <size>0x1899</size>
         <input_file_ref idref="fl-3"/>
      </object_component>
      <object_component id="oc-85">
         <name>.debug_info</name>
         <load_address>0x35e9</load_address>
         <run_address>0x35e9</run_address>
         <size>0x2c</size>
         <input_file_ref idref="fl-3"/>
      </object_component>
      <object_component id="oc-19d">
         <name>.debug_info</name>
         <load_address>0x3615</load_address>
         <run_address>0x3615</run_address>
         <size>0x168</size>
         <input_file_ref idref="fl-3"/>
      </object_component>
      <object_component id="oc-158">
         <name>.debug_info</name>
         <load_address>0x377d</load_address>
         <run_address>0x377d</run_address>
         <size>0xc6</size>
         <input_file_ref idref="fl-3"/>
      </object_component>
      <object_component id="oc-1ac">
         <name>.debug_info</name>
         <load_address>0x3843</load_address>
         <run_address>0x3843</run_address>
         <size>0x9e</size>
         <input_file_ref idref="fl-3"/>
      </object_component>
      <object_component id="oc-109">
         <name>.debug_info</name>
         <load_address>0x38e1</load_address>
         <run_address>0x38e1</run_address>
         <size>0x20e</size>
         <input_file_ref idref="fl-4"/>
      </object_component>
      <object_component id="oc-1cd">
         <name>.debug_info</name>
         <load_address>0x3aef</load_address>
         <run_address>0x3aef</run_address>
         <size>0x470</size>
         <input_file_ref idref="fl-5"/>
      </object_component>
      <object_component id="oc-1c7">
         <name>.debug_info</name>
         <load_address>0x3f5f</load_address>
         <run_address>0x3f5f</run_address>
         <size>0x137</size>
         <input_file_ref idref="fl-5"/>
      </object_component>
      <object_component id="oc-1ca">
         <name>.debug_info</name>
         <load_address>0x4096</load_address>
         <run_address>0x4096</run_address>
         <size>0xdf</size>
         <input_file_ref idref="fl-5"/>
      </object_component>
      <object_component id="oc-eb">
         <name>.debug_info</name>
         <load_address>0x4175</load_address>
         <run_address>0x4175</run_address>
         <size>0x1890</size>
         <input_file_ref idref="fl-5"/>
      </object_component>
      <object_component id="oc-1ba">
         <name>.debug_info</name>
         <load_address>0x5a05</load_address>
         <run_address>0x5a05</run_address>
         <size>0x88</size>
         <input_file_ref idref="fl-5"/>
      </object_component>
      <object_component id="oc-12a">
         <name>.debug_info</name>
         <load_address>0x5a8d</load_address>
         <run_address>0x5a8d</run_address>
         <size>0x1027</size>
         <input_file_ref idref="fl-6"/>
      </object_component>
      <object_component id="oc-127">
         <name>.debug_info</name>
         <load_address>0x6ab4</load_address>
         <run_address>0x6ab4</run_address>
         <size>0xdb</size>
         <input_file_ref idref="fl-6"/>
      </object_component>
      <object_component id="oc-b3">
         <name>.debug_info</name>
         <load_address>0x6b8f</load_address>
         <run_address>0x6b8f</run_address>
         <size>0x12b3</size>
         <input_file_ref idref="fl-6"/>
      </object_component>
      <object_component id="oc-344">
         <name>.debug_info</name>
         <load_address>0x7e42</load_address>
         <run_address>0x7e42</run_address>
         <size>0xb2</size>
         <input_file_ref idref="fl-6"/>
      </object_component>
      <object_component id="oc-33b">
         <name>.debug_info</name>
         <load_address>0x7ef4</load_address>
         <run_address>0x7ef4</run_address>
         <size>0xee</size>
         <input_file_ref idref="fl-6"/>
      </object_component>
      <object_component id="oc-241">
         <name>.debug_info</name>
         <load_address>0x7fe2</load_address>
         <run_address>0x7fe2</run_address>
         <size>0x35</size>
         <input_file_ref idref="fl-6"/>
      </object_component>
      <object_component id="oc-1bf">
         <name>.debug_info</name>
         <load_address>0x8017</load_address>
         <run_address>0x8017</run_address>
         <size>0x273</size>
         <input_file_ref idref="fl-7"/>
      </object_component>
      <object_component id="oc-e5">
         <name>.debug_info</name>
         <load_address>0x828a</load_address>
         <run_address>0x828a</run_address>
         <size>0x10f3</size>
         <input_file_ref idref="fl-7"/>
      </object_component>
      <object_component id="oc-258">
         <name>.debug_info</name>
         <load_address>0x937d</load_address>
         <run_address>0x937d</run_address>
         <size>0x36b</size>
         <input_file_ref idref="fl-8"/>
      </object_component>
      <object_component id="oc-14c">
         <name>.debug_info</name>
         <load_address>0x96e8</load_address>
         <run_address>0x96e8</run_address>
         <size>0x37b</size>
         <input_file_ref idref="fl-8"/>
      </object_component>
      <object_component id="oc-203">
         <name>.debug_info</name>
         <load_address>0x9a63</load_address>
         <run_address>0x9a63</run_address>
         <size>0x2d7</size>
         <input_file_ref idref="fl-9"/>
      </object_component>
      <object_component id="oc-1f4">
         <name>.debug_info</name>
         <load_address>0x9d3a</load_address>
         <run_address>0x9d3a</run_address>
         <size>0xdd</size>
         <input_file_ref idref="fl-9"/>
      </object_component>
      <object_component id="oc-1f7">
         <name>.debug_info</name>
         <load_address>0x9e17</load_address>
         <run_address>0x9e17</run_address>
         <size>0xe3</size>
         <input_file_ref idref="fl-9"/>
      </object_component>
      <object_component id="oc-1fa">
         <name>.debug_info</name>
         <load_address>0x9efa</load_address>
         <run_address>0x9efa</run_address>
         <size>0xe1</size>
         <input_file_ref idref="fl-9"/>
      </object_component>
      <object_component id="oc-1fd">
         <name>.debug_info</name>
         <load_address>0x9fdb</load_address>
         <run_address>0x9fdb</run_address>
         <size>0xe3</size>
         <input_file_ref idref="fl-9"/>
      </object_component>
      <object_component id="oc-200">
         <name>.debug_info</name>
         <load_address>0xa0be</load_address>
         <run_address>0xa0be</run_address>
         <size>0xf1</size>
         <input_file_ref idref="fl-9"/>
      </object_component>
      <object_component id="oc-fd">
         <name>.debug_info</name>
         <load_address>0xa1af</load_address>
         <run_address>0xa1af</run_address>
         <size>0xa9f</size>
         <input_file_ref idref="fl-9"/>
      </object_component>
      <object_component id="oc-24c">
         <name>.debug_info</name>
         <load_address>0xac4e</load_address>
         <run_address>0xac4e</run_address>
         <size>0x2aa</size>
         <input_file_ref idref="fl-a"/>
      </object_component>
      <object_component id="oc-12d">
         <name>.debug_info</name>
         <load_address>0xaef8</load_address>
         <run_address>0xaef8</run_address>
         <size>0x30b</size>
         <input_file_ref idref="fl-a"/>
      </object_component>
      <object_component id="oc-24e">
         <name>.debug_info</name>
         <load_address>0xb203</load_address>
         <run_address>0xb203</run_address>
         <size>0x30a</size>
         <input_file_ref idref="fl-b"/>
      </object_component>
      <object_component id="oc-134">
         <name>.debug_info</name>
         <load_address>0xb50d</load_address>
         <run_address>0xb50d</run_address>
         <size>0x51f</size>
         <input_file_ref idref="fl-b"/>
      </object_component>
      <object_component id="oc-1c1">
         <name>.debug_info</name>
         <load_address>0xba2c</load_address>
         <run_address>0xba2c</run_address>
         <size>0x460</size>
         <input_file_ref idref="fl-c"/>
      </object_component>
      <object_component id="oc-253">
         <name>.debug_info</name>
         <load_address>0xbe8c</load_address>
         <run_address>0xbe8c</run_address>
         <size>0x30b</size>
         <input_file_ref idref="fl-d"/>
      </object_component>
      <object_component id="oc-140">
         <name>.debug_info</name>
         <load_address>0xc197</load_address>
         <run_address>0xc197</run_address>
         <size>0x756</size>
         <input_file_ref idref="fl-d"/>
      </object_component>
      <object_component id="oc-75">
         <name>.debug_info</name>
         <load_address>0xc8ed</load_address>
         <run_address>0xc8ed</run_address>
         <size>0x333</size>
         <input_file_ref idref="fl-e"/>
      </object_component>
      <object_component id="oc-2e">
         <name>.debug_info</name>
         <load_address>0xcc20</load_address>
         <run_address>0xcc20</run_address>
         <size>0x4b5</size>
         <input_file_ref idref="fl-e"/>
      </object_component>
      <object_component id="oc-35">
         <name>.debug_info</name>
         <load_address>0xd0d5</load_address>
         <run_address>0xd0d5</run_address>
         <size>0x2d0</size>
         <input_file_ref idref="fl-f"/>
      </object_component>
      <object_component id="oc-13">
         <name>.debug_info</name>
         <load_address>0xd3a5</load_address>
         <run_address>0xd3a5</run_address>
         <size>0xf9</size>
         <input_file_ref idref="fl-f"/>
      </object_component>
      <object_component id="oc-28">
         <name>.debug_info</name>
         <load_address>0xd49e</load_address>
         <run_address>0xd49e</run_address>
         <size>0x275</size>
         <input_file_ref idref="fl-f"/>
      </object_component>
      <object_component id="oc-1cf">
         <name>.debug_info</name>
         <load_address>0xd713</load_address>
         <run_address>0xd713</run_address>
         <size>0x359</size>
         <input_file_ref idref="fl-10"/>
      </object_component>
      <object_component id="oc-f1">
         <name>.debug_info</name>
         <load_address>0xda6c</load_address>
         <run_address>0xda6c</run_address>
         <size>0x3d2</size>
         <input_file_ref idref="fl-10"/>
      </object_component>
      <object_component id="oc-25a">
         <name>.debug_info</name>
         <load_address>0xde3e</load_address>
         <run_address>0xde3e</run_address>
         <size>0x3f8</size>
         <input_file_ref idref="fl-11"/>
      </object_component>
      <object_component id="oc-152">
         <name>.debug_info</name>
         <load_address>0xe236</load_address>
         <run_address>0xe236</run_address>
         <size>0x523</size>
         <input_file_ref idref="fl-11"/>
      </object_component>
      <object_component id="oc-13a">
         <name>.debug_info</name>
         <load_address>0xe759</load_address>
         <run_address>0xe759</run_address>
         <size>0x130</size>
         <input_file_ref idref="fl-12"/>
      </object_component>
      <object_component id="oc-1e3">
         <name>.debug_info</name>
         <load_address>0xe889</load_address>
         <run_address>0xe889</run_address>
         <size>0x33a</size>
         <input_file_ref idref="fl-cc"/>
      </object_component>
      <object_component id="oc-f9">
         <name>.debug_info</name>
         <load_address>0xebc3</load_address>
         <run_address>0xebc3</run_address>
         <size>0x1ee</size>
         <input_file_ref idref="fl-cc"/>
      </object_component>
      <object_component id="oc-1da">
         <name>.debug_info</name>
         <load_address>0xedb1</load_address>
         <run_address>0xedb1</run_address>
         <size>0x1c3</size>
         <input_file_ref idref="fl-cc"/>
      </object_component>
      <object_component id="oc-1e0">
         <name>.debug_info</name>
         <load_address>0xef74</load_address>
         <run_address>0xef74</run_address>
         <size>0x176</size>
         <input_file_ref idref="fl-cc"/>
      </object_component>
      <object_component id="oc-1e4">
         <name>.debug_info</name>
         <load_address>0xf0ea</load_address>
         <run_address>0xf0ea</run_address>
         <size>0x2c</size>
         <input_file_ref idref="fl-cc"/>
      </object_component>
      <object_component id="oc-1e9">
         <name>.debug_info</name>
         <load_address>0xf116</load_address>
         <run_address>0xf116</run_address>
         <size>0x69</size>
         <input_file_ref idref="fl-cc"/>
      </object_component>
      <object_component id="oc-229">
         <name>.debug_info</name>
         <load_address>0xf17f</load_address>
         <run_address>0xf17f</run_address>
         <size>0x37a</size>
         <input_file_ref idref="fl-cd"/>
      </object_component>
      <object_component id="oc-115">
         <name>.debug_info</name>
         <load_address>0xf4f9</load_address>
         <run_address>0xf4f9</run_address>
         <size>0x17e</size>
         <input_file_ref idref="fl-cd"/>
      </object_component>
      <object_component id="oc-21d">
         <name>.debug_info</name>
         <load_address>0xf677</load_address>
         <run_address>0xf677</run_address>
         <size>0x171</size>
         <input_file_ref idref="fl-cd"/>
      </object_component>
      <object_component id="oc-217">
         <name>.debug_info</name>
         <load_address>0xf7e8</load_address>
         <run_address>0xf7e8</run_address>
         <size>0x17e</size>
         <input_file_ref idref="fl-cd"/>
      </object_component>
      <object_component id="oc-223">
         <name>.debug_info</name>
         <load_address>0xf966</load_address>
         <run_address>0xf966</run_address>
         <size>0x1de</size>
         <input_file_ref idref="fl-cd"/>
      </object_component>
      <object_component id="oc-42">
         <name>.debug_info</name>
         <load_address>0xfb44</load_address>
         <run_address>0xfb44</run_address>
         <size>0x119</size>
         <input_file_ref idref="fl-ce"/>
      </object_component>
      <object_component id="oc-a7">
         <name>.debug_info</name>
         <load_address>0xfc5d</load_address>
         <run_address>0xfc5d</run_address>
         <size>0x147</size>
         <input_file_ref idref="fl-cf"/>
      </object_component>
      <object_component id="oc-a5">
         <name>.debug_info</name>
         <load_address>0xfda4</load_address>
         <run_address>0xfda4</run_address>
         <size>0x2d4</size>
         <input_file_ref idref="fl-d0"/>
      </object_component>
      <object_component id="oc-4e">
         <name>.debug_info</name>
         <load_address>0x10078</load_address>
         <run_address>0x10078</run_address>
         <size>0x1d2</size>
         <input_file_ref idref="fl-d0"/>
      </object_component>
      <object_component id="oc-a0">
         <name>.debug_info</name>
         <load_address>0x1024a</load_address>
         <run_address>0x1024a</run_address>
         <size>0x46</size>
         <input_file_ref idref="fl-d0"/>
      </object_component>
      <object_component id="oc-d5">
         <name>.debug_info</name>
         <load_address>0x10290</load_address>
         <run_address>0x10290</run_address>
         <size>0x2c</size>
         <input_file_ref idref="fl-d0"/>
      </object_component>
      <object_component id="oc-4c">
         <name>.debug_info</name>
         <load_address>0x102bc</load_address>
         <run_address>0x102bc</run_address>
         <size>0x2a8</size>
         <input_file_ref idref="fl-d1"/>
      </object_component>
      <object_component id="oc-1c">
         <name>.debug_info</name>
         <load_address>0x10564</load_address>
         <run_address>0x10564</run_address>
         <size>0x1ea</size>
         <input_file_ref idref="fl-d1"/>
      </object_component>
      <object_component id="oc-47">
         <name>.debug_info</name>
         <load_address>0x1074e</load_address>
         <run_address>0x1074e</run_address>
         <size>0x46</size>
         <input_file_ref idref="fl-d1"/>
      </object_component>
      <object_component id="oc-98">
         <name>.debug_info</name>
         <load_address>0x10794</load_address>
         <run_address>0x10794</run_address>
         <size>0x2c</size>
         <input_file_ref idref="fl-d1"/>
      </object_component>
      <object_component id="oc-96">
         <name>.debug_info</name>
         <load_address>0x107c0</load_address>
         <run_address>0x107c0</run_address>
         <size>0x29e</size>
         <input_file_ref idref="fl-d2"/>
      </object_component>
      <object_component id="oc-16">
         <name>.debug_info</name>
         <load_address>0x10a5e</load_address>
         <run_address>0x10a5e</run_address>
         <size>0x250</size>
         <input_file_ref idref="fl-d2"/>
      </object_component>
      <object_component id="oc-37">
         <name>.debug_info</name>
         <load_address>0x10cae</load_address>
         <run_address>0x10cae</run_address>
         <size>0x60</size>
         <input_file_ref idref="fl-d2"/>
      </object_component>
      <object_component id="oc-ce">
         <name>.debug_info</name>
         <load_address>0x10d0e</load_address>
         <run_address>0x10d0e</run_address>
         <size>0x46</size>
         <input_file_ref idref="fl-d2"/>
      </object_component>
      <object_component id="oc-91">
         <name>.debug_info</name>
         <load_address>0x10d54</load_address>
         <run_address>0x10d54</run_address>
         <size>0x39</size>
         <input_file_ref idref="fl-d2"/>
      </object_component>
      <object_component id="oc-2e7">
         <name>.debug_info</name>
         <load_address>0x10d8d</load_address>
         <run_address>0x10d8d</run_address>
         <size>0xf9</size>
         <input_file_ref idref="fl-d3"/>
      </object_component>
      <object_component id="oc-20c">
         <name>.debug_info</name>
         <load_address>0x10e86</load_address>
         <run_address>0x10e86</run_address>
         <size>0x105</size>
         <input_file_ref idref="fl-d3"/>
      </object_component>
      <object_component id="oc-23c">
         <name>.debug_info</name>
         <load_address>0x10f8b</load_address>
         <run_address>0x10f8b</run_address>
         <size>0x28a</size>
         <input_file_ref idref="fl-d4"/>
      </object_component>
      <object_component id="oc-121">
         <name>.debug_info</name>
         <load_address>0x11215</load_address>
         <run_address>0x11215</run_address>
         <size>0x273</size>
         <input_file_ref idref="fl-d4"/>
      </object_component>
      <object_component id="oc-23a">
         <name>.debug_info</name>
         <load_address>0x11488</load_address>
         <run_address>0x11488</run_address>
         <size>0x2fe</size>
         <input_file_ref idref="fl-d5"/>
      </object_component>
      <object_component id="oc-237">
         <name>.debug_info</name>
         <load_address>0x11786</load_address>
         <run_address>0x11786</run_address>
         <size>0x105</size>
         <input_file_ref idref="fl-d5"/>
      </object_component>
      <object_component id="oc-11b">
         <name>.debug_info</name>
         <load_address>0x1188b</load_address>
         <run_address>0x1188b</run_address>
         <size>0x1ab</size>
         <input_file_ref idref="fl-d5"/>
      </object_component>
      <object_component id="oc-20f">
         <name>.debug_info</name>
         <load_address>0x11a36</load_address>
         <run_address>0x11a36</run_address>
         <size>0x2b6</size>
         <input_file_ref idref="fl-d6"/>
      </object_component>
      <object_component id="oc-10f">
         <name>.debug_info</name>
         <load_address>0x11cec</load_address>
         <run_address>0x11cec</run_address>
         <size>0x154</size>
         <input_file_ref idref="fl-d6"/>
      </object_component>
      <object_component id="oc-25">
         <name>.debug_info</name>
         <load_address>0x11e40</load_address>
         <run_address>0x11e40</run_address>
         <size>0x10b</size>
         <input_file_ref idref="fl-d7"/>
      </object_component>
      <object_component id="oc-60">
         <name>.debug_info</name>
         <load_address>0x11f4b</load_address>
         <run_address>0x11f4b</run_address>
         <size>0x1a9</size>
         <input_file_ref idref="fl-d7"/>
      </object_component>
      <object_component id="oc-2c8">
         <name>.debug_info</name>
         <load_address>0x120f4</load_address>
         <run_address>0x120f4</run_address>
         <size>0x590</size>
         <input_file_ref idref="fl-d8"/>
      </object_component>
      <object_component id="oc-293">
         <name>.debug_info</name>
         <load_address>0x12684</load_address>
         <run_address>0x12684</run_address>
         <size>0x21e</size>
         <input_file_ref idref="fl-d8"/>
      </object_component>
      <object_component id="oc-39c">
         <name>.debug_info</name>
         <load_address>0x128a2</load_address>
         <run_address>0x128a2</run_address>
         <size>0x1b3</size>
         <input_file_ref idref="fl-d8"/>
      </object_component>
      <object_component id="oc-3a2">
         <name>.debug_info</name>
         <load_address>0x12a55</load_address>
         <run_address>0x12a55</run_address>
         <size>0x21b</size>
         <input_file_ref idref="fl-d8"/>
      </object_component>
      <object_component id="oc-29e">
         <name>.debug_info</name>
         <load_address>0x12c70</load_address>
         <run_address>0x12c70</run_address>
         <size>0x3c0</size>
         <input_file_ref idref="fl-d8"/>
      </object_component>
      <object_component id="oc-3a9">
         <name>.debug_info</name>
         <load_address>0x13030</load_address>
         <run_address>0x13030</run_address>
         <size>0x30a</size>
         <input_file_ref idref="fl-d8"/>
      </object_component>
      <object_component id="oc-3af">
         <name>.debug_info</name>
         <load_address>0x1333a</load_address>
         <run_address>0x1333a</run_address>
         <size>0x215</size>
         <input_file_ref idref="fl-d8"/>
      </object_component>
      <object_component id="oc-2a4">
         <name>.debug_info</name>
         <load_address>0x1354f</load_address>
         <run_address>0x1354f</run_address>
         <size>0x215</size>
         <input_file_ref idref="fl-d8"/>
      </object_component>
      <object_component id="oc-2aa">
         <name>.debug_info</name>
         <load_address>0x13764</load_address>
         <run_address>0x13764</run_address>
         <size>0x304</size>
         <input_file_ref idref="fl-d8"/>
      </object_component>
      <object_component id="oc-2b0">
         <name>.debug_info</name>
         <load_address>0x13a68</load_address>
         <run_address>0x13a68</run_address>
         <size>0x4b5</size>
         <input_file_ref idref="fl-d8"/>
      </object_component>
      <object_component id="oc-1d1">
         <name>.debug_info</name>
         <load_address>0x13f1d</load_address>
         <run_address>0x13f1d</run_address>
         <size>0x5f4</size>
         <input_file_ref idref="fl-d8"/>
      </object_component>
      <object_component id="oc-2c9">
         <name>.debug_info</name>
         <load_address>0x14511</load_address>
         <run_address>0x14511</run_address>
         <size>0x86</size>
         <input_file_ref idref="fl-d8"/>
      </object_component>
      <object_component id="oc-3d3">
         <name>.debug_info</name>
         <load_address>0x14597</load_address>
         <run_address>0x14597</run_address>
         <size>0x39</size>
         <input_file_ref idref="fl-d8"/>
      </object_component>
      <object_component id="oc-440">
         <name>.debug_info</name>
         <load_address>0x145d0</load_address>
         <run_address>0x145d0</run_address>
         <size>0xb6</size>
         <input_file_ref idref="fl-d8"/>
      </object_component>
      <object_component id="oc-3d8">
         <name>.debug_info</name>
         <load_address>0x14686</load_address>
         <run_address>0x14686</run_address>
         <size>0x46</size>
         <input_file_ref idref="fl-d8"/>
      </object_component>
      <object_component id="oc-2ce">
         <name>.debug_info</name>
         <load_address>0x146cc</load_address>
         <run_address>0x146cc</run_address>
         <size>0x46</size>
         <input_file_ref idref="fl-d8"/>
      </object_component>
      <object_component id="oc-321">
         <name>.debug_info</name>
         <load_address>0x14712</load_address>
         <run_address>0x14712</run_address>
         <size>0x5ce</size>
         <input_file_ref idref="fl-d9"/>
      </object_component>
      <object_component id="oc-211">
         <name>.debug_info</name>
         <load_address>0x14ce0</load_address>
         <run_address>0x14ce0</run_address>
         <size>0xa45</size>
         <input_file_ref idref="fl-d9"/>
      </object_component>
      <object_component id="oc-323">
         <name>.debug_info</name>
         <load_address>0x15725</load_address>
         <run_address>0x15725</run_address>
         <size>0x9a</size>
         <input_file_ref idref="fl-d9"/>
      </object_component>
      <object_component id="oc-399">
         <name>.debug_info</name>
         <load_address>0x157bf</load_address>
         <run_address>0x157bf</run_address>
         <size>0x14c</size>
         <input_file_ref idref="fl-da"/>
      </object_component>
      <object_component id="oc-299">
         <name>.debug_info</name>
         <load_address>0x1590b</load_address>
         <run_address>0x1590b</run_address>
         <size>0x128</size>
         <input_file_ref idref="fl-db"/>
      </object_component>
      <object_component id="oc-382">
         <name>.debug_info</name>
         <load_address>0x15a33</load_address>
         <run_address>0x15a33</run_address>
         <size>0x12a</size>
         <input_file_ref idref="fl-db"/>
      </object_component>
      <object_component id="oc-37d">
         <name>.debug_info</name>
         <load_address>0x15b5d</load_address>
         <run_address>0x15b5d</run_address>
         <size>0x13a</size>
         <input_file_ref idref="fl-dc"/>
      </object_component>
      <object_component id="oc-378">
         <name>.debug_info</name>
         <load_address>0x15c97</load_address>
         <run_address>0x15c97</run_address>
         <size>0x13a</size>
         <input_file_ref idref="fl-dd"/>
      </object_component>
      <object_component id="oc-387">
         <name>.debug_info</name>
         <load_address>0x15dd1</load_address>
         <run_address>0x15dd1</run_address>
         <size>0x12e</size>
         <input_file_ref idref="fl-de"/>
      </object_component>
      <object_component id="oc-303">
         <name>.debug_info</name>
         <load_address>0x15eff</load_address>
         <run_address>0x15eff</run_address>
         <size>0x13e</size>
         <input_file_ref idref="fl-df"/>
      </object_component>
      <object_component id="oc-392">
         <name>.debug_info</name>
         <load_address>0x1603d</load_address>
         <run_address>0x1603d</run_address>
         <size>0x12c</size>
         <input_file_ref idref="fl-e0"/>
      </object_component>
      <object_component id="oc-371">
         <name>.debug_info</name>
         <load_address>0x16169</load_address>
         <run_address>0x16169</run_address>
         <size>0x134</size>
         <input_file_ref idref="fl-e1"/>
      </object_component>
      <object_component id="oc-266">
         <name>.debug_info</name>
         <load_address>0x1629d</load_address>
         <run_address>0x1629d</run_address>
         <size>0x4b3</size>
         <input_file_ref idref="fl-e2"/>
      </object_component>
      <object_component id="oc-16a">
         <name>.debug_info</name>
         <load_address>0x16750</load_address>
         <run_address>0x16750</run_address>
         <size>0x1a6</size>
         <input_file_ref idref="fl-e2"/>
      </object_component>
      <object_component id="oc-35b">
         <name>.debug_info</name>
         <load_address>0x168f6</load_address>
         <run_address>0x168f6</run_address>
         <size>0x39</size>
         <input_file_ref idref="fl-e2"/>
      </object_component>
      <object_component id="oc-402">
         <name>.debug_info</name>
         <load_address>0x1692f</load_address>
         <run_address>0x1692f</run_address>
         <size>0x39</size>
         <input_file_ref idref="fl-e2"/>
      </object_component>
      <object_component id="oc-360">
         <name>.debug_info</name>
         <load_address>0x16968</load_address>
         <run_address>0x16968</run_address>
         <size>0x39</size>
         <input_file_ref idref="fl-e2"/>
      </object_component>
      <object_component id="oc-365">
         <name>.debug_info</name>
         <load_address>0x169a1</load_address>
         <run_address>0x169a1</run_address>
         <size>0xcd</size>
         <input_file_ref idref="fl-e2"/>
      </object_component>
      <object_component id="oc-ad">
         <name>.debug_info</name>
         <load_address>0x16a6e</load_address>
         <run_address>0x16a6e</run_address>
         <size>0x153</size>
         <input_file_ref idref="fl-e3"/>
      </object_component>
      <object_component id="oc-15e">
         <name>.debug_info</name>
         <load_address>0x16bc1</load_address>
         <run_address>0x16bc1</run_address>
         <size>0x122</size>
         <input_file_ref idref="fl-e5"/>
      </object_component>
      <object_component id="oc-41d">
         <name>.debug_info</name>
         <load_address>0x16ce3</load_address>
         <run_address>0x16ce3</run_address>
         <size>0x29c</size>
         <input_file_ref idref="fl-e7"/>
      </object_component>
      <object_component id="oc-38c">
         <name>.debug_info</name>
         <load_address>0x16f7f</load_address>
         <run_address>0x16f7f</run_address>
         <size>0x1da</size>
         <input_file_ref idref="fl-e7"/>
      </object_component>
      <object_component id="oc-36f">
         <name>.debug_info</name>
         <load_address>0x17159</load_address>
         <run_address>0x17159</run_address>
         <size>0x2b9</size>
         <input_file_ref idref="fl-e9"/>
      </object_component>
      <object_component id="oc-28d">
         <name>.debug_info</name>
         <load_address>0x17412</load_address>
         <run_address>0x17412</run_address>
         <size>0x17c</size>
         <input_file_ref idref="fl-e9"/>
      </object_component>
      <object_component id="oc-3c4">
         <name>.debug_info</name>
         <load_address>0x1758e</load_address>
         <run_address>0x1758e</run_address>
         <size>0x2a7</size>
         <input_file_ref idref="fl-ea"/>
      </object_component>
      <object_component id="oc-2b6">
         <name>.debug_info</name>
         <load_address>0x17835</load_address>
         <run_address>0x17835</run_address>
         <size>0x1b8</size>
         <input_file_ref idref="fl-ea"/>
      </object_component>
      <object_component id="oc-3f8">
         <name>.debug_info</name>
         <load_address>0x179ed</load_address>
         <run_address>0x179ed</run_address>
         <size>0x29a</size>
         <input_file_ref idref="fl-eb"/>
      </object_component>
      <object_component id="oc-31a">
         <name>.debug_info</name>
         <load_address>0x17c87</load_address>
         <run_address>0x17c87</run_address>
[...]
      </symbol>
      <symbol id="sm-40a">
         <name>setIpSubnetMask</name>
         <value>0x3faf</value>
         <object_component_ref idref="oc-fc"/>
      </symbol>
      <symbol id="sm-40b">
         <name>ipAddress</name>
         <value>0x2000121c</value>
         <object_component_ref idref="oc-1f3"/>
      </symbol>
      <symbol id="sm-40c">
         <name>isIpUnicast</name>
         <value>0x3eb5</value>
         <object_component_ref idref="oc-fc"/>
      </symbol>
      <symbol id="sm-40d">
         <name>setIpAddress</name>
         <value>0x3f3b</value>
         <object_component_ref idref="oc-fc"/>
      </symbol>
      <symbol id="sm-40e">
         <name>getIpDnsAddress</name>
         <value>0x40d1</value>
         <object_component_ref idref="oc-fc"/>
      </symbol>
      <symbol id="sm-40f">
         <name>setIpDnsAddress</name>
         <value>0x4097</value>
         <object_component_ref idref="oc-fc"/>
      </symbol>
      <symbol id="sm-420">
         <name>connectMqtt</name>
         <value>0x7271</value>
         <object_component_ref idref="oc-12c"/>
      </symbol>
      <symbol id="sm-421">
         <name>publishMqtt</name>
         <value>0x7275</value>
         <object_component_ref idref="oc-12c"/>
      </symbol>
      <symbol id="sm-422">
         <name>subscribeMqtt</name>
         <value>0x7281</value>
         <object_component_ref idref="oc-12c"/>
      </symbol>
      <symbol id="sm-423">
         <name>unsubscribeMqtt</name>
         <value>0x728b</value>
         <object_component_ref idref="oc-12c"/>
      </symbol>
      <symbol id="sm-424">
         <name>disconnectMqtt</name>
         <value>0x7273</value>
         <object_component_ref idref="oc-12c"/>
      </symbol>
      <symbol id="sm-454">
         <name>sockets</name>
         <value>0x20001000</value>
      </symbol>
      <symbol id="sm-455">
         <name>getSocketInfoFromArpResponse</name>
         <value>0x4e87</value>
         <object_component_ref idref="oc-133"/>
      </symbol>
      <symbol id="sm-456">
         <name>initSockets</name>
         <value>0x4d7d</value>
         <object_component_ref idref="oc-133"/>
      </symbol>
      <symbol id="sm-457">
         <name>newSocket</name>
         <value>0x4db5</value>
         <object_component_ref idref="oc-133"/>
      </symbol>
      <symbol id="sm-458">
         <name>deleteSocket</name>
         <value>0x4e1f</value>
         <object_component_ref idref="oc-133"/>
      </symbol>
      <symbol id="sm-459">
         <name>getSocketInfoFromTcpPacket</name>
         <value>0x4fa9</value>
         <object_component_ref idref="oc-133"/>
      </symbol>
      <symbol id="sm-45a">
         <name>getSocketInfoFromUdpPacket</name>
         <value>0x4eff</value>
         <object_component_ref idref="oc-133"/>
      </symbol>
      <symbol id="sm-476">
         <name>setSpi0Mode</name>
         <value>0x5d33</value>
         <object_component_ref idref="oc-1c0"/>
      </symbol>
      <symbol id="sm-477">
         <name>readSpi0Data</name>
         <value>0x5d99</value>
         <object_component_ref idref="oc-1c0"/>
      </symbol>
      <symbol id="sm-478">
         <name>writeSpi0Data</name>
         <value>0x5d81</value>
         <object_component_ref idref="oc-1c0"/>
      </symbol>
      <symbol id="sm-479">
         <name>initSpi0</name>
         <value>0x5c61</value>
         <object_component_ref idref="oc-1c0"/>
      </symbol>
      <symbol id="sm-47a">
         <name>setSpi0BaudRate</name>
         <value>0x5cfd</value>
         <object_component_ref idref="oc-1c0"/>
      </symbol>
      <symbol id="sm-495">
         <name>tcpState</name>
         <value>0x200011f8</value>
      </symbol>
      <symbol id="sm-496">
         <name>isTcp</name>
         <value>0x6859</value>
         <object_component_ref idref="oc-13f"/>
      </symbol>
      <symbol id="sm-497">
         <name>sendTcpResponse</name>
         <value>0x68b5</value>
         <object_component_ref idref="oc-13f"/>
      </symbol>
      <symbol id="sm-498">
         <name>setTcpPortList</name>
         <value>0x689b</value>
         <object_component_ref idref="oc-13f"/>
      </symbol>
      <symbol id="sm-499">
         <name>isTcpSyn</name>
         <value>0x6865</value>
         <object_component_ref idref="oc-13f"/>
      </symbol>
      <symbol id="sm-49a">
         <name>processTcpArpResponse</name>
         <value>0x6891</value>
         <object_component_ref idref="oc-13f"/>
      </symbol>
      <symbol id="sm-49b">
         <name>getTcpState</name>
         <value>0x6845</value>
         <object_component_ref idref="oc-13f"/>
      </symbol>
      <symbol id="sm-49c">
         <name>sendTcpPendingMessages</name>
         <value>0x687d</value>
         <object_component_ref idref="oc-13f"/>
      </symbol>
      <symbol id="sm-49d">
         <name>isTcpAck</name>
         <value>0x6871</value>
         <object_component_ref idref="oc-13f"/>
      </symbol>
      <symbol id="sm-49e">
         <name>setTcpState</name>
         <value>0x6829</value>
         <object_component_ref idref="oc-13f"/>
      </symbol>
      <symbol id="sm-49f">
         <name>sendTcpMessage</name>
         <value>0x68c5</value>
         <object_component_ref idref="oc-13f"/>
      </symbol>
      <symbol id="sm-4a0">
         <name>processTcpResponse</name>
         <value>0x6887</value>
         <object_component_ref idref="oc-13f"/>
      </symbol>
      <symbol id="sm-4a1">
         <name>isTcpPortOpen</name>
         <value>0x68a9</value>
         <object_component_ref idref="oc-13f"/>
      </symbol>
      <symbol id="sm-4e2">
         <name>fn</name>
         <value>0x2000116c</value>
      </symbol>
      <symbol id="sm-4e3">
         <name>period</name>
         <value>0x20001194</value>
      </symbol>
      <symbol id="sm-4e4">
         <name>ticks</name>
         <value>0x200011bc</value>
      </symbol>
      <symbol id="sm-4e5">
         <name>reload</name>
         <value>0x200011e4</value>
      </symbol>
      <symbol id="sm-4e6">
         <name>initTimer</name>
         <value>0x4751</value>
         <object_component_ref idref="oc-2d"/>
      </symbol>
      <symbol id="sm-4e7">
         <name>stopTimer</name>
         <value>0x48fd</value>
         <object_component_ref idref="oc-2d"/>
      </symbol>
      <symbol id="sm-4e8">
         <name>startOneshotTimer</name>
         <value>0x47f1</value>
         <object_component_ref idref="oc-2d"/>
      </symbol>
      <symbol id="sm-4e9">
         <name>restartTimer</name>
         <value>0x4963</value>
         <object_component_ref idref="oc-2d"/>
      </symbol>
      <symbol id="sm-4ea">
         <name>random32</name>
         <value>0x4a4b</value>
         <object_component_ref idref="oc-2d"/>
      </symbol>
      <symbol id="sm-4eb">
         <name>tickIsr</name>
         <value>0x49d1</value>
         <object_component_ref idref="oc-2d"/>
      </symbol>
      <symbol id="sm-4ec">
         <name>startPeriodicTimer</name>
         <value>0x4877</value>
         <object_component_ref idref="oc-2d"/>
      </symbol>
      <symbol id="sm-508">
         <name>ResetISR</name>
         <value>0x741f</value>
         <object_component_ref idref="oc-27"/>
      </symbol>
      <symbol id="sm-509">
         <name>g_pfnVectors</name>
         <value>0x0</value>
         <object_component_ref idref="oc-12"/>
      </symbol>
      <symbol id="sm-52c">
         <name>getcUart0</name>
         <value>0x6397</value>
         <object_component_ref idref="oc-f0"/>
      </symbol>
      <symbol id="sm-52d">
         <name>kbhitUart0</name>
         <value>0x63ab</value>
         <object_component_ref idref="oc-f0"/>
      </symbol>
      <symbol id="sm-52e">
         <name>setUart0BaudRate</name>
         <value>0x630b</value>
         <object_component_ref idref="oc-f0"/>
      </symbol>
      <symbol id="sm-52f">
         <name>putsUart0</name>
         <value>0x636b</value>
         <object_component_ref idref="oc-f0"/>
      </symbol>
      <symbol id="sm-530">
         <name>initUart0</name>
         <value>0x62c1</value>
         <object_component_ref idref="oc-f0"/>
      </symbol>
      <symbol id="sm-531">
         <name>putcUart0</name>
         <value>0x634f</value>
         <object_component_ref idref="oc-f0"/>
      </symbol>
      <symbol id="sm-54b">
         <name>sendUdpMessage</name>
         <value>0x5131</value>
         <object_component_ref idref="oc-151"/>
      </symbol>
      <symbol id="sm-54c">
         <name>getUdpData</name>
         <value>0x5105</value>
         <object_component_ref idref="oc-151"/>
      </symbol>
      <symbol id="sm-54d">
         <name>isUdp</name>
         <value>0x505d</value>
         <object_component_ref idref="oc-151"/>
      </symbol>
      <symbol id="sm-55b">
         <name>waitMicrosecond</name>
         <value>0x72b9</value>
         <object_component_ref idref="oc-139"/>
      </symbol>
      <symbol id="sm-58a">
         <name>snprintf</name>
         <value>0x7025</value>
         <object_component_ref idref="oc-f6"/>
      </symbol>
      <symbol id="sm-5c1">
         <name>sscanf</name>
         <value>0x717d</value>
         <object_component_ref idref="oc-114"/>
      </symbol>
      <symbol id="sm-5dc">
         <name>memcpy</name>
         <value>0x698f</value>
         <object_component_ref idref="oc-41"/>
      </symbol>
      <symbol id="sm-5dd">
         <name>__aeabi_memcpy</name>
         <value>0x698f</value>
         <object_component_ref idref="oc-41"/>
      </symbol>
      <symbol id="sm-5de">
         <name>__aeabi_memcpy8</name>
         <value>0x698f</value>
         <object_component_ref idref="oc-41"/>
      </symbol>
      <symbol id="sm-5df">
         <name>__aeabi_memcpy4</name>
         <value>0x698f</value>
         <object_component_ref idref="oc-41"/>
      </symbol>
      <symbol id="sm-5ee">
         <name>__aeabi_memset</name>
         <value>0x6c53</value>
         <object_component_ref idref="oc-a6"/>
      </symbol>
      <symbol id="sm-5ef">
         <name>memset</name>
         <value>0x6c59</value>
         <object_component_ref idref="oc-a6"/>
      </symbol>
      <symbol id="sm-5f0">
         <name>__aeabi_memset8</name>
         <value>0x6c53</value>
         <object_component_ref idref="oc-a6"/>
      </symbol>
      <symbol id="sm-5f1">
         <name>__aeabi_memset4</name>
         <value>0x6c53</value>
         <object_component_ref idref="oc-a6"/>
      </symbol>
      <symbol id="sm-5f2">
         <name>__aeabi_memclr8</name>
         <value>0x6c51</value>
         <object_component_ref idref="oc-a6"/>
      </symbol>
      <symbol id="sm-5f3">
         <name>__aeabi_memclr4</name>
         <value>0x6c51</value>
         <object_component_ref idref="oc-a6"/>
      </symbol>
      <symbol id="sm-5f4">
         <name>__aeabi_memclr</name>
         <value>0x6c51</value>
         <object_component_ref idref="oc-a6"/>
      </symbol>
      <symbol id="sm-60d">
         <name>__TI_zero_init_nomemset</name>
         <value>0x72dd</value>
         <object_component_ref idref="oc-4d"/>
      </symbol>
      <symbol id="sm-624">
         <name>__TI_decompress_none</name>
         <value>0x7411</value>
         <object_component_ref idref="oc-1b"/>
      </symbol>
      <symbol id="sm-647">
         <name>__TI_decompress_lzss</name>
         <value>0x6e11</value>
         <object_component_ref idref="oc-15"/>
      </symbol>
      <symbol id="sm-652">
         <name>_ctypes_</name>
         <value>0x7448</value>
         <object_component_ref idref="oc-20b"/>
      </symbol>
      <symbol id="sm-661">
         <name>strcmp</name>
         <value>0x735f</value>
         <object_component_ref idref="oc-120"/>
      </symbol>
      <symbol id="sm-679">
         <name>strtok</name>
         <value>0x70fd</value>
         <object_component_ref idref="oc-11a"/>
      </symbol>
      <symbol id="sm-688">
         <name>tolower</name>
         <value>0x7401</value>
         <object_component_ref idref="oc-10e"/>
      </symbol>
      <symbol id="sm-69b">
         <name>__stack</name>
         <value>0x20000000</value>
         <object_component_ref idref="oc-24"/>
      </symbol>
      <symbol id="sm-69c">
         <name>_c_int00_noargs</name>
         <value>0x71b5</value>
         <object_component_ref idref="oc-5f"/>
      </symbol>
      <symbol id="sm-801">
         <name>__TI_printfi</name>
         <value>0x1acd</value>
         <object_component_ref idref="oc-1d0"/>
      </symbol>
      <symbol id="sm-8b7">
         <name>__TI_scanfi</name>
         <value>0xfb9</value>
         <object_component_ref idref="oc-210"/>
      </symbol>
      <symbol id="sm-8ce">
         <name>__aeabi_dsub</name>
         <value>0x5949</value>
         <object_component_ref idref="oc-396"/>
      </symbol>
      <symbol id="sm-8cf">
         <name>__aeabi_dadd</name>
         <value>0x5953</value>
         <object_component_ref idref="oc-396"/>
      </symbol>
      <symbol id="sm-8f1">
         <name>__aeabi_cdcmpeq</name>
         <value>0x6ac1</value>
         <object_component_ref idref="oc-298"/>
      </symbol>
      <symbol id="sm-8f2">
         <name>__aeabi_cdcmple</name>
         <value>0x6ac1</value>
         <object_component_ref idref="oc-298"/>
      </symbol>
      <symbol id="sm-8f3">
         <name>__aeabi_cdrcmple</name>
         <value>0x6b47</value>
         <object_component_ref idref="oc-381"/>
      </symbol>
      <symbol id="sm-907">
         <name>__aeabi_ddiv</name>
         <value>0x6059</value>
         <object_component_ref idref="oc-37c"/>
      </symbol>
      <symbol id="sm-912">
         <name>__aeabi_dmul</name>
         <value>0x672d</value>
         <object_component_ref idref="oc-377"/>
      </symbol>
      <symbol id="sm-91c">
         <name>__aeabi_d2iz</name>
         <value>0x7071</value>
         <object_component_ref idref="oc-386"/>
      </symbol>
      <symbol id="sm-928">
         <name>__aeabi_d2f</name>
         <value>0x6d39</value>
         <object_component_ref idref="oc-302"/>
      </symbol>
      <symbol id="sm-932">
         <name>__aeabi_i2d</name>
         <value>0x7219</value>
         <object_component_ref idref="oc-391"/>
      </symbol>
      <symbol id="sm-93f">
         <name>__aeabi_uldivmod</name>
         <value>0x6a2b</value>
         <object_component_ref idref="oc-370"/>
      </symbol>
      <symbol id="sm-967">
         <name>__TI_auto_init_nobinit_nopinit</name>
         <value>0x70b9</value>
         <object_component_ref idref="oc-169"/>
      </symbol>
      <symbol id="sm-971">
         <name>_system_pre_init</name>
         <value>0x743d</value>
         <object_component_ref idref="oc-ac"/>
      </symbol>
      <symbol id="sm-97d">
         <name>C$$EXIT</name>
         <value>0x7441</value>
         <object_component_ref idref="oc-15d"/>
      </symbol>
      <symbol id="sm-97e">
         <name>abort</name>
         <value>0x7441</value>
         <object_component_ref idref="oc-15d"/>
      </symbol>
      <symbol id="sm-98e">
         <name>__TI_ltoa</name>
         <value>0x6f33</value>
         <object_component_ref idref="oc-38b"/>
      </symbol>
      <symbol id="sm-9a5">
         <name>atoi</name>
         <value>0x6fd9</value>
         <object_component_ref idref="oc-28c"/>
      </symbol>
      <symbol id="sm-9b5">
         <name>memccpy</name>
         <value>0x72f9</value>
         <object_component_ref idref="oc-2b5"/>
      </symbol>
      <symbol id="sm-9c5">
         <name>strchr</name>
         <value>0x738f</value>
         <object_component_ref idref="oc-319"/>
      </symbol>
      <symbol id="sm-9d3">
         <name>strcpy</name>
         <value>0x73a5</value>
         <object_component_ref idref="oc-2ea"/>
      </symbol>
      <symbol id="sm-9e4">
         <name>strcspn</name>
         <value>0x7295</value>
         <object_component_ref idref="oc-230"/>
      </symbol>
      <symbol id="sm-9f2">
         <name>strlen</name>
         <value>0x73b9</value>
         <object_component_ref idref="oc-286"/>
      </symbol>
      <symbol id="sm-a01">
         <name>strrchr</name>
         <value>0x7377</value>
         <object_component_ref idref="oc-313"/>
      </symbol>
      <symbol id="sm-a13">
         <name>strspn</name>
         <value>0x7247</value>
         <object_component_ref idref="oc-22a"/>
      </symbol>
      <symbol id="sm-a73">
         <name>strtold</name>
         <value>0x42f1</value>
         <object_component_ref idref="oc-2fc"/>
      </symbol>
      <symbol id="sm-a74">
         <name>strtod</name>
         <value>0x42f1</value>
         <object_component_ref idref="oc-2fc"/>
      </symbol>
      <symbol id="sm-a98">
         <name>strtol</name>
         <value>0x6191</value>
         <object_component_ref idref="oc-307"/>
      </symbol>
      <symbol id="sm-abe">
         <name>strtoll</name>
         <value>0x559d</value>
         <object_component_ref idref="oc-30d"/>
      </symbol>
      <symbol id="sm-ade">
         <name>strtoul</name>
         <value>0x661d</value>
         <object_component_ref idref="oc-2f6"/>
      </symbol>
      <symbol id="sm-b01">
         <name>strtoull</name>
         <value>0x5dc1</value>
         <object_component_ref idref="oc-2f0"/>
      </symbol>
      <symbol id="sm-b17">
         <name>__aeabi_errno_addr</name>
         <value>0x742d</value>
         <object_component_ref idref="oc-2c1"/>
      </symbol>
      <symbol id="sm-b18">
         <name>errno</name>
         <value>0x20001230</value>
         <object_component_ref idref="oc-3cc"/>
      </symbol>
      <symbol id="sm-b31">
         <name>wcslen</name>
         <value>0x73df</value>
         <object_component_ref idref="oc-2bb"/>
      </symbol>
      <symbol id="sm-b51">
         <name>frexpl</name>
         <value>0x6e79</value>
         <object_component_ref idref="oc-3b6"/>
      </symbol>
      <symbol id="sm-b52">
         <name>frexp</name>
         <value>0x6e79</value>
         <object_component_ref idref="oc-3b6"/>
      </symbol>
      <symbol id="sm-b6f">
         <name>scalbn</name>
         <value>0x650d</value>
         <object_component_ref idref="oc-3bc"/>
      </symbol>
      <symbol id="sm-b70">
         <name>scalbnl</name>
         <value>0x650d</value>
         <object_component_ref idref="oc-3bc"/>
      </symbol>
      <symbol id="sm-b71">
         <name>ldexpl</name>
         <value>0x650d</value>
         <object_component_ref idref="oc-3bc"/>
      </symbol>
      <symbol id="sm-b72">
         <name>ldexp</name>
         <value>0x650d</value>
         <object_component_ref idref="oc-3bc"/>
      </symbol>
      <symbol id="sm-b7c">
         <name>__aeabi_idiv0</name>
         <value>0x251b</value>
         <object_component_ref idref="oc-412"/>
      </symbol>
      <symbol id="sm-b7d">
         <name>__aeabi_ldiv0</name>
         <value>0x251b</value>
         <object_component_ref idref="oc-412"/>
      </symbol>
      <symbol id="sm-b86">
         <name>__aeabi_lmul</name>
         <value>0x7347</value>
         <object_component_ref idref="oc-3e1"/>
      </symbol>
      <symbol id="sm-b90">
         <name>copysign</name>
         <value>0x7315</value>
         <object_component_ref idref="oc-42b"/>
      </symbol>
      <symbol id="sm-b91">
         <name>copysignl</name>
         <value>0x7315</value>
         <object_component_ref idref="oc-42b"/>
      </symbol>
      <symbol id="sm-b92">
         <name>__TI_static_base__</name>
         <value>0x0</value>
      </symbol>
      <symbol id="sm-b95">
         <name>__mpu_init</name>
         <value>0x0</value>
      </symbol>
      <symbol id="sm-b96">
         <name>_system_post_cinit</name>
         <value>0x0</value>
      </symbol>
   </symbol_table>
   <title>Link successful</title>
</link_info>
