******************************************************************************
                  TI ARM Linker Unix v20.2.7                   
******************************************************************************
>> Linked Tue Mar 19 17:01:28 2024

OUTPUT FILE NAME:   <4352_Project-1.out>
ENTRY POINT SYMBOL: "_c_int00_noargs"  address: 0000763d


MEMORY CONFIGURATION

         name            origin    length      used     unused   attr    fill
----------------------  --------  ---------  --------  --------  ----  --------
  FLASH                 00000000   00040000  00007af4  0003850c  R  X
  SRAM                  20000000   00008000  00001253  00006dad  RW X


SEGMENT ALLOCATION MAP

run origin  load origin   length   init length attrs members
----------  ----------- ---------- ----------- ----- -------
00000000    00000000    00007af8   00007af8    r-x
  00000000    00000000    0000026c   0000026c    r-- .intvecs
  0000026c    0000026c    00007660   00007660    r-x .text
  000078d0    000078d0    000001e0   000001e0    r-- .const
  00007ab0    00007ab0    00000048   00000048    r-- .cinit
20000000    20000000    00001253   00000000    rw-
  20000000    20000000    00001000   00000000    rw- .stack
  20001000    20001000    00000210   00000000    rw- .bss
  20001210    20001210    00000043   00000000    rw- .data


SECTION ALLOCATION MAP

 output                                  attributes/
section   page    origin      length       input sections
--------  ----  ----------  ----------   ----------------
.intvecs   0    00000000    0000026c     
                  00000000    0000026c     tm4c123gh6pm_startup_ccs.obj (.intvecs)

.text      0    0000026c    00007660     
                  0000026c    00000e94     dhcp.obj (.text)
                  00001100    00000d4c     ethernet.obj (.text)
                  00001e4c    00000b14     rtsv7M4_T_le_v4SPD16_eabi.lib : _scanfi.c.obj (.text:__TI_scanfi)
                  00002960    00000a4e                                   : _printfi.c.obj (.text:__TI_printfi)
                  000033ae    00000002                                   : div0.asm.obj (.text)
                  000033b0    00000808     gpio.obj (.text)
                  00003bb8    00000714     eth0.obj (.text)
                  000042cc    000004ac     ip.obj (.text)
                  00004778    00000460     rtsv7M4_T_le_v4SPD16_eabi.lib : strtod.c.obj (.text:strtod)
                  00004bd8    00000338     timer.obj (.text)
                  00004f10    000002f4     arp.obj (.text)
                  00005204    000002e0     socket.obj (.text)
                  000054e4    000002ce     udp.obj (.text)
                  000057b2    00000002     --HOLE-- [fill = 0]
                  000057b4    00000270     rtsv7M4_T_le_v4SPD16_eabi.lib : _printfi.c.obj (.text:_pconv_a)
                  00005a24    000001dc                                   : strtoll.c.obj (.text:strtoll)
                  00005c00    000001d0                                   : _printfi.c.obj (.text:_pconv_g)
                  00005dd0    000001b6                                   : fd_add_t2.asm.obj (.text)
                  00005f86    00000160     icmp.obj (.text)
                  000060e6    00000002     --HOLE-- [fill = 0]
                  000060e8    00000160     spi0.obj (.text)
                  00006248    0000015c     rtsv7M4_T_le_v4SPD16_eabi.lib : strtoull.c.obj (.text:strtoull)
                  000063a4    0000013c                                   : _printfi.c.obj (.text:_pconv_e)
                  000064e0    00000136                                   : fd_div_t2.asm.obj (.text)
                  00006616    00000002     --HOLE-- [fill = 0]
                  00006618    00000130                                   : strtol.c.obj (.text:strtol)
                  00006748    00000128     uart0.obj (.text)
                  00006870    00000124     rtsv7M4_T_le_v4SPD16_eabi.lib : _printfi.c.obj (.text:fcvt)
                  00006994    00000110                                   : s_scalbn.c.obj (.text:scalbn)
                  00006aa4    00000110                                   : strtoul.c.obj (.text:strtoul)
                  00006bb4    000000fc                                   : fd_mul_t2.asm.obj (.text)
                  00006cb0    000000b4     tcp.obj (.text)
                  00006d64    000000b1     rtsv7M4_T_le_v4SPD16_eabi.lib : _printfi.c.obj (.text:_ltostr)
                  00006e15    00000001     --HOLE-- [fill = 0]
                  00006e16    0000009c                                   : memcpy_t2.asm.obj (.text)
                  00006eb2    00000096                                   : ull_div_t2.asm.obj (.text)
                  00006f48    00000086                                   : fd_cmp_t2.asm.obj (.text:__aeabi_cdcmple)
                  00006fce    00000086                                   : fd_cmp_t2.asm.obj (.text:__aeabi_cdrcmple)
                  00007054    00000084     eeprom.obj (.text)
                  000070d8    0000007a     rtsv7M4_T_le_v4SPD16_eabi.lib : memset_t2.asm.obj (.text)
                  00007152    0000006e                                   : _printfi.c.obj (.text:_mcpy)
                  000071c0    0000006e                                   : fd_tos_t2.asm.obj (.text)
                  0000722e    00000002     --HOLE-- [fill = 0]
                  00007230    00000068                                   : sscanf.c.obj (.text:_chkmbc)
                  00007298    00000068                                   : copy_decompress_lzss.c.obj (.text:decompress:lzss:__TI_decompress_lzss)
                  00007300    00000064                                   : s_frexp.c.obj (.text:frexp)
                  00007364    00000056                                   : _printfi.c.obj (.text:_pconv_f)
                  000073ba    00000054                                   : _ltoa.c.obj (.text:__TI_ltoa)
                  0000740e    00000052                                   : _printfi.c.obj (.text:_ecpy)
                  00007460    0000004c                                   : atoi.c.obj (.text:atoi)
                  000074ac    0000004c                                   : snprintf.c.obj (.text:snprintf)
                  000074f8    00000048                                   : fd_toi_t2.asm.obj (.text)
                  00007540    00000044                                   : autoinit.c.obj (.text:__TI_auto_init_nobinit_nopinit:__TI_auto_init_nobinit_nopinit)
                  00007584    00000040                                   : strtok.c.obj (.text:strtok)
                  000075c4    0000003e                                   : _printfi.c.obj (.text:_fcpy)
                  00007602    00000002     --HOLE-- [fill = 0]
                  00007604    00000038                                   : sscanf.c.obj (.text:sscanf)
                  0000763c    00000034                                   : boot_cortex_m.c.obj (.text:_c_int00_noargs:_c_int00_noargs)
                  00007670    00000030                                   : snprintf.c.obj (.text:_outs)
                  000076a0    0000002e                                   : i_tofd_t2.asm.obj (.text)
                  000076ce    0000002a                                   : strspn.c.obj (.text:strspn)
                  000076f8    00000024     mqtt.obj (.text)
                  0000771c    00000024     rtsv7M4_T_le_v4SPD16_eabi.lib : strcspn.c.obj (.text:strcspn)
                  00007740    00000024     wait.obj (.text)
                  00007764    0000001c     rtsv7M4_T_le_v4SPD16_eabi.lib : copy_zero_init.c.obj (.text:decompress:ZI:__TI_zero_init_nomemset:__TI_zero_init_nomemset)
                  00007780    0000001c                                   : memccpy.c.obj (.text:memccpy)
                  0000779c    0000001a                                   : s_copysign.c.obj (.text:copysign)
                  000077b6    00000018                                   : snprintf.c.obj (.text:_outc)
                  000077ce    00000018                                   : ll_mul_t2.asm.obj (.text)
                  000077e6    00000018                                   : strcmp.c.obj (.text:strcmp)
                  000077fe    00000018                                   : strrchr.c.obj (.text:strrchr)
                  00007816    00000016                                   : strchr.c.obj (.text:strchr)
                  0000782c    00000014                                   : strcpy.c.obj (.text:strcpy)
                  00007840    00000014                                   : strlen.c.obj (.text:strlen)
                  00007854    00000012                                   : sscanf.c.obj (.text:_inpchar)
                  00007866    00000012                                   : wcslen.c.obj (.text:wcslen)
                  00007878    00000010     clock.obj (.text)
                  00007888    00000010     rtsv7M4_T_le_v4SPD16_eabi.lib : tolower.c.obj (.text:tolower)
                  00007898    0000000e                                   : copy_decompress_none.c.obj (.text:decompress:none:__TI_decompress_none)
                  000078a6    0000000c     tm4c123gh6pm_startup_ccs.obj (.text)
                  000078b2    00000002     --HOLE-- [fill = 0]
                  000078b4    00000008     rtsv7M4_T_le_v4SPD16_eabi.lib : errno.c.obj (.text:__aeabi_errno_addr)
                  000078bc    00000008                                   : sscanf.c.obj (.text:_uninpchar)
                  000078c4    00000004                                   : pre_init.c.obj (.text:_system_pre_init)
                  000078c8    00000004                                   : exit.c.obj (.text:abort:abort)

.const     0    000078d0    000001e0     
                  000078d0    00000101     rtsv7M4_T_le_v4SPD16_eabi.lib : ctype.c.obj (.const:.string:_ctypes_)
                  000079d1    00000007     --HOLE-- [fill = 0]
                  000079d8    000000c8                                   : strtod.c.obj (.const:$O1$$)
                  00007aa0    00000010                                   : _scanfi.c.obj (.const:$O1$$)

.cinit     0    00007ab0    00000048     
                  00007ab0    00000020     (.cinit..data.load) [load image, compression = lzss]
                  00007ad0    0000000c     (__TI_handler_table)
                  00007adc    00000004     --HOLE-- [fill = 0]
                  00007ae0    00000008     (.cinit..bss.load) [load image, compression = zero_init]
                  00007ae8    00000010     (__TI_cinit_table)

.init_array 
*          0    00000000    00000000     UNINITIALIZED

.bss       0    20001000    00000210     UNINITIALIZED
                  20001000    00000118     (.common:sockets)
                  20001118    00000054     (.common:strInput)
                  2000116c    00000028     (.common:fn)
                  20001194    00000028     (.common:period)
                  200011bc    00000028     (.common:ticks)
                  200011e4    0000000c     (.common:reload)
                  200011f0    00000004     (.common:dhcpOfferedIpAdd)
                  200011f4    00000004     (.common:dhcpServerIpAdd)
                  200011f8    00000004     (.common:tcpState)
                  200011fc    00000004     (.common:tempDns)
                  20001200    00000004     (.common:tempGw)
                  20001204    00000004     (.common:tempLs)
                  20001208    00000004     (.common:tempSub)
                  2000120c    00000004     (.common:token)

.data      0    20001210    00000043     UNINITIALIZED
                  20001210    0000001c     dhcp.obj (.data)
                  2000122c    00000006     eth0.obj (.data:hwAddress)
                  20001232    00000004     ip.obj (.data:ipAddress)
                  20001236    00000004     ip.obj (.data:ipDnsAddress)
                  2000123a    00000004     ip.obj (.data:ipGwAddress)
                  2000123e    00000004     ip.obj (.data:ipSubnetMask)
                  20001242    00000004     ip.obj (.data:ipTimeServerAddress)
                  20001246    00000001     ethernet.obj (.data)
                  20001247    00000001     --HOLE--
                  20001248    00000004     rtsv7M4_T_le_v4SPD16_eabi.lib : errno.c.obj (.data)
                  2000124c    00000004                                   : strtok.c.obj (.data)
                  20001250    00000003     eth0.obj (.data)

.stack     0    20000000    00001000     UNINITIALIZED
                  20000000    00000004     rtsv7M4_T_le_v4SPD16_eabi.lib : boot_cortex_m.c.obj (.stack)
                  20000004    00000ffc     --HOLE--

__llvm_prf_cnts 
*          0    20000000    00000000     UNINITIALIZED

MODULE SUMMARY

       Module                         code    ro data   rw data
       ------                         ----    -------   -------
    ./
       dhcp.obj                       3732    0         52     
       ethernet.obj                   3404    0         89     
       gpio.obj                       2056    0         0      
       eth0.obj                       1812    0         9      
       ip.obj                         1196    0         20     
       socket.obj                     736     0         280    
       timer.obj                      824     0         132    
       arp.obj                        756     0         0      
       udp.obj                        718     0         0      
       tm4c123gh6pm_startup_ccs.obj   12      620       0      
       icmp.obj                       352     0         0      
       spi0.obj                       352     0         0      
       uart0.obj                      296     0         0      
       tcp.obj                        180     0         4      
       eeprom.obj                     132     0         0      
       mqtt.obj                       36      0         0      
       wait.obj                       36      0         0      
       clock.obj                      16      0         0      
    +--+------------------------------+-------+---------+---------+
       Total:                         16646   620       586    
                                                               
    /home/rolo/.local/share/ti/ccs1240/ccs/tools/compiler/ti-cgt-arm_20.2.7.LTS/lib/rtsv7M4_T_le_v4SPD16_eabi.lib
       _printfi.c.obj                 4851    0         0      
       _scanfi.c.obj                  2836    16        0      
       strtod.c.obj                   1120    200       0      
       strtoll.c.obj                  476     0         0      
       fd_add_t2.asm.obj              438     0         0      
       strtoull.c.obj                 348     0         0      
       fd_div_t2.asm.obj              310     0         0      
       strtol.c.obj                   304     0         0      
       s_scalbn.c.obj                 272     0         0      
       strtoul.c.obj                  272     0         0      
       fd_cmp_t2.asm.obj              268     0         0      
       ctype.c.obj                    0       257       0      
       fd_mul_t2.asm.obj              252     0         0      
       sscanf.c.obj                   186     0         0      
       memcpy_t2.asm.obj              156     0         0      
       ull_div_t2.asm.obj             150     0         0      
       snprintf.c.obj                 148     0         0      
       memset_t2.asm.obj              122     0         0      
       fd_tos_t2.asm.obj              110     0         0      
       copy_decompress_lzss.c.obj     104     0         0      
       s_frexp.c.obj                  100     0         0      
       _ltoa.c.obj                    84      0         0      
       atoi.c.obj                     76      0         0      
       fd_toi_t2.asm.obj              72      0         0      
       autoinit.c.obj                 68      0         0      
       strtok.c.obj                   64      0         4      
       boot_cortex_m.c.obj            52      0         0      
       i_tofd_t2.asm.obj              46      0         0      
       strspn.c.obj                   42      0         0      
       strcspn.c.obj                  36      0         0      
       copy_zero_init.c.obj           28      0         0      
       memccpy.c.obj                  28      0         0      
       s_copysign.c.obj               26      0         0      
       ll_mul_t2.asm.obj              24      0         0      
       strcmp.c.obj                   24      0         0      
       strrchr.c.obj                  24      0         0      
       strchr.c.obj                   22      0         0      
       strcpy.c.obj                   20      0         0      
       strlen.c.obj                   20      0         0      
       wcslen.c.obj                   18      0         0      
       tolower.c.obj                  16      0         0      
       copy_decompress_none.c.obj     14      0         0      
       errno.c.obj                    8       0         4      
       exit.c.obj                     4       0         0      
       pre_init.c.obj                 4       0         0      
       div0.asm.obj                   2       0         0      
    +--+------------------------------+-------+---------+---------+
       Total:                         13645   473       8      
                                                               
       Stack:                         0       0         4096   
       Linker Generated:              0       68        0      
    +--+------------------------------+-------+---------+---------+
       Grand Total:                   30291   1161      4690   


LINKER GENERATED COPY TABLES

__TI_cinit_table @ 00007ae8 records: 2, size/record: 8, table size: 16
	.data: load addr=00007ab0, load size=00000020 bytes, run addr=20001210, run size=00000043 bytes, compression=lzss
	.bss: load addr=00007ae0, load size=00000008 bytes, run addr=20001000, run size=00000210 bytes, compression=zero_init


LINKER GENERATED HANDLER TABLE

__TI_handler_table @ 00007ad0 records: 3, size/record: 4, table size: 12
	index: 0, handler: __TI_decompress_lzss
	index: 1, handler: __TI_decompress_none
	index: 2, handler: __TI_zero_init


GLOBAL SYMBOLS: SORTED ALPHABETICALLY BY Name 

address   name                          
-------   ----                          
000078c9  C$$EXIT                       
000078a7  ResetISR                      
20001000  __STACK_END                   
00001000  __STACK_SIZE                  
20000200  __STACK_TOP                   
00007ae8  __TI_CINIT_Base               
00007af8  __TI_CINIT_Limit              
00007ad0  __TI_Handler_Table_Base       
00007adc  __TI_Handler_Table_Limit      
00007541  __TI_auto_init_nobinit_nopinit
00007299  __TI_decompress_lzss          
00007899  __TI_decompress_none          
000073bb  __TI_ltoa                     
ffffffff  __TI_pprof_out_hndl           
00002961  __TI_printfi                  
ffffffff  __TI_prof_data_size           
ffffffff  __TI_prof_data_start          
00001e4d  __TI_scanfi                   
00000000  __TI_static_base__            
00007765  __TI_zero_init_nomemset       
00006f49  __aeabi_cdcmpeq               
00006f49  __aeabi_cdcmple               
00006fcf  __aeabi_cdrcmple              
000071c1  __aeabi_d2f                   
000074f9  __aeabi_d2iz                  
00005ddb  __aeabi_dadd                  
000064e1  __aeabi_ddiv                  
00006bb5  __aeabi_dmul                  
00005dd1  __aeabi_dsub                  
000078b5  __aeabi_errno_addr            
000076a1  __aeabi_i2d                   
000033af  __aeabi_idiv0                 
000033af  __aeabi_ldiv0                 
000077cf  __aeabi_lmul                  
000070d9  __aeabi_memclr                
000070d9  __aeabi_memclr4               
000070d9  __aeabi_memclr8               
00006e17  __aeabi_memcpy                
00006e17  __aeabi_memcpy4               
00006e17  __aeabi_memcpy8               
000070db  __aeabi_memset                
000070db  __aeabi_memset4               
000070db  __aeabi_memset8               
00006eb3  __aeabi_uldivmod              
ffffffff  __binit__                     
ffffffff  __c_args__                    
UNDEFED   __mpu_init                    
20000000  __stack                       
20000000  __start___llvm_prf_cnts       
20000000  __stop___llvm_prf_cnts        
0000763d  _c_int00_noargs               
000078d0  _ctypes_                      
UNDEFED   _system_post_cinit            
000078c5  _system_pre_init              
000078c9  abort                         
000003cd  applyDhcpAckValues            
00001557  asciiToUint8                  
00007461  atoi                          
ffffffff  binit                         
00004733  calcIpChecksum                
000002c9  callbackDhcpGetNewAddressTimer
0000040d  callbackDhcpIpConflictWindow  
00000341  callbackDhcpLeaseEndTimer     
0000030b  callbackDhcpT1HitTimer        
000002eb  callbackDhcpT1PeriodicTimer   
00000339  callbackDhcpT2HitTimer        
00000313  callbackDhcpT2PeriodicTimer   
00003c77  clearEtherReg                 
00003a05  clearPinInterrupt             
000076f9  connectMqtt                   
0000779d  copysign                      
0000779d  copysignl                     
20001246  count                         
0000026d  debugLed                      
000052a7  deleteSocket                  
20001226  dhcpEnabled                   
200011f0  dhcpOfferedIpAdd              
200011f4  dhcpServerIpAdd               
20001225  dhcpState                     
000010c1  disableDhcp                   
00003bcf  disableEtherCs                
000039e1  disablePinInterrupt           
00003719  disablePinPulldown            
000036d1  disablePinPullup              
0000346d  disablePort                   
000076fb  disconnectMqtt                
20001220  discoverNeeded                
00001141  displayConnectionInfo         
000010b9  enableDhcp                    
00003bb9  enableEtherCs                 
000039bd  enablePinInterrupt            
000036f5  enablePinPulldown             
000036a3  enablePinPullup               
000033b1  enablePort                    
20001248  errno                         
2000116c  fn                            
00007301  frexp                         
00007301  frexpl                        
00000000  g_pfnVectors                  
0000043f  getDhcpLeaseSeconds           
00000d09  getDhcpOption                 
000002c3  getDhcpState                  
000041d3  getEtherId                    
0000426d  getEtherMacAddress            
00003fad  getEtherPacket                
000043fd  getIpAddress                  
00004701  getIpChecksum                 
00004559  getIpDnsAddress               
000044e5  getIpGatewayAddress           
00004645  getIpMqttBrokerAddress        
00004471  getIpSubnetMask               
000045cd  getIpTimeServerAddress        
00003a73  getPinValue                   
00003b29  getPortValue                  
0000530f  getSocketInfoFromArpResponse  
00005431  getSocketInfoFromTcpPacket    
00005387  getSocketInfoFromUdpPacket    
00006ccd  getTcpState                   
0000558d  getUdpData                    
0000681f  getcUart0                     
00000e39  handleDhcpAck                 
000041a7  htonl                         
00004183  htons                         
2000122c  hwAddress                     
000041df  incEtherId                    
00007055  initEeprom                    
00003dc3  initEther                     
00001101  initHw                        
00005205  initSockets                   
000060e9  initSpi0                      
00007879  initSystemClockTo40Mhz        
00004bd9  initTimer                     
00006749  initUart0                     
20001232  ipAddress                     
20001224  ipConflictDetectionMode       
20001236  ipDnsAddress                  
2000123a  ipGwAddress                   
2000123e  ipSubnetMask                  
20001242  ipTimeServerAddress           
00004f11  isArpRequest                  
00004fb5  isArpResponse                 
00000df1  isDhcpAck                     
00000eeb  isDhcpDiscoverNeeded          
000010c9  isDhcpEnabled                 
00000439  isDhcpIpConflictDetectionMode 
00000d71  isDhcpOffer                   
00000ef7  isDhcpReleaseNeeded           
00000ef1  isDhcpRequestNeeded           
00000445  isDhcpResponse                
00003f63  isEtherDataAvailable          
0000439d  isEtherIpValid                
00003f49  isEtherLinkUp                 
00003f7d  isEtherOverflow               
000042cd  isIp                          
0000433d  isIpUnicast                   
00005f87  isPingRequest                 
00006ce1  isTcp                         
00006cf9  isTcpAck                      
00006d31  isTcpPortOpen                 
00006ced  isTcpSyn                      
000054e5  isUdp                         
00006833  kbhitUart0                    
00006995  ldexp                         
00006995  ldexpl                        
20001214  leaseSeconds                  
20001218  leaseT1                       
2000121c  leaseT2                       
00001b89  main                          
00007781  memccpy                       
00006e17  memcpy                        
000070e1  memset                        
0000523d  newSocket                     
20001250  nextPacketLsb                 
20001251  nextPacketMsb                 
20001194  period                        
00000ff9  processDhcpArpResponse        
00000fef  processDhcpResponse           
00001601  processShell                  
00006d19  processTcpArpResponse         
00006d0f  processTcpResponse            
000076fd  publishMqtt                   
0000409d  putEtherPacket                
000067d7  putcUart0                     
000067f3  putsUart0                     
00004ed3  random32                      
00001497  readConfiguration             
0000709d  readEeprom                    
00003dab  readEtherMem                  
00003cff  readEtherPhy                  
00003c11  readEtherReg                  
00006221  readSpi0Data                  
0000031b  rebindDhcp                    
20001223  receivedArpResp               
00000391  releaseDhcp                   
20001222  releaseNeeded                 
200011e4  reload                        
000002f3  renewDhcp                     
0000041f  requestDhcpIpConflictTest     
000002d9  requestDhcpNewAddress         
20001221  requestNeeded                 
00004deb  restartTimer                  
00006995  scalbn                        
00006995  scalbnl                       
000035d7  selectPinAnalogInput          
00003589  selectPinDigitalInput         
000038f3  selectPinInterruptBothEdges   
000038a3  selectPinInterruptFallingEdge 
00003949  selectPinInterruptHighLevel   
00003983  selectPinInterruptLowLevel    
00003853  selectPinInterruptRisingEdge  
0000353b  selectPinOpenDrainOutput      
000034ed  selectPinPushPullOutput       
000050e7  sendArpRequest                
00005009  sendArpResponse               
000004a5  sendDhcpMessage               
00000efd  sendDhcpPendingMessages       
00005fcb  sendPingRequest               
00005fd7  sendPingResponse              
00006d4d  sendTcpMessage                
00006d05  sendTcpPendingMessages        
00006d3d  sendTcpResponse               
000055b9  sendUdpMessage                
20001252  sequenceId                    
000002af  setDhcpState                  
00003cab  setEtherBank                  
000041e9  setEtherMacAddress            
00003c43  setEtherReg                   
000043c3  setIpAddress                  
0000451f  setIpDnsAddress               
000044ab  setIpGatewayAddress           
00004607  setIpMqttBrokerAddress        
00004437  setIpSubnetMask               
00004593  setIpTimeServerAddress        
00003741  setPinAuxFunction             
00003627  setPinCommitControl           
00003a29  setPinValue                   
00003ab1  setPortValue                  
00006185  setSpi0BaudRate               
000061bb  setSpi0Mode                   
00006d23  setTcpPortList                
00006cb1  setTcpState                   
00006793  setUart0BaudRate              
000074ad  snprintf                      
20001000  sockets                       
00007605  sscanf                        
00000393  startDhcpTimers               
00003d99  startEtherMemRead             
00003d6b  startEtherMemWrite            
00004c79  startOneshotTimer             
00004cff  startPeriodicTimer            
00003dbb  stopEtherMemRead              
00003d91  stopEtherMemWrite             
00004d85  stopTimer                     
20001118  strInput                      
00007817  strchr                        
000077e7  strcmp                        
0000782d  strcpy                        
0000771d  strcspn                       
00007841  strlen                        
000077ff  strrchr                       
000076cf  strspn                        
00004779  strtod                        
00007585  strtok                        
00006619  strtol                        
00004779  strtold                       
00005a25  strtoll                       
00006aa5  strtoul                       
00006249  strtoull                      
00007709  subscribeMqtt                 
0000468d  sumIpWords                    
200011f8  tcpState                      
200011fc  tempDns                       
20001200  tempGw                        
20001228  tempLeaseSecs                 
20001204  tempLs                        
20001208  tempSub                       
00004e59  tickIsr                       
200011bc  ticks                         
00001b67  timerTest                     
00003a4f  togglePinValue                
2000120c  token                         
00007889  tolower                       
00007713  unsubscribeMqtt               
00007741  waitMicrosecond               
00007867  wcslen                        
0000706b  writeEeprom                   
00003d7d  writeEtherMem                 
00003cc7  writeEtherPhy                 
00003bdd  writeEtherReg                 
00006209  writeSpi0Data                 
20001210  xid                           


GLOBAL SYMBOLS: SORTED BY Symbol Address 

address   name                          
-------   ----                          
00000000  __TI_static_base__            
00000000  g_pfnVectors                  
0000026d  debugLed                      
000002af  setDhcpState                  
000002c3  getDhcpState                  
000002c9  callbackDhcpGetNewAddressTimer
000002d9  requestDhcpNewAddress         
000002eb  callbackDhcpT1PeriodicTimer   
000002f3  renewDhcp                     
0000030b  callbackDhcpT1HitTimer        
00000313  callbackDhcpT2PeriodicTimer   
0000031b  rebindDhcp                    
00000339  callbackDhcpT2HitTimer        
00000341  callbackDhcpLeaseEndTimer     
00000391  releaseDhcp                   
00000393  startDhcpTimers               
000003cd  applyDhcpAckValues            
0000040d  callbackDhcpIpConflictWindow  
0000041f  requestDhcpIpConflictTest     
00000439  isDhcpIpConflictDetectionMode 
0000043f  getDhcpLeaseSeconds           
00000445  isDhcpResponse                
000004a5  sendDhcpMessage               
00000d09  getDhcpOption                 
00000d71  isDhcpOffer                   
00000df1  isDhcpAck                     
00000e39  handleDhcpAck                 
00000eeb  isDhcpDiscoverNeeded          
00000ef1  isDhcpRequestNeeded           
00000ef7  isDhcpReleaseNeeded           
00000efd  sendDhcpPendingMessages       
00000fef  processDhcpResponse           
00000ff9  processDhcpArpResponse        
00001000  __STACK_SIZE                  
000010b9  enableDhcp                    
000010c1  disableDhcp                   
000010c9  isDhcpEnabled                 
00001101  initHw                        
00001141  displayConnectionInfo         
00001497  readConfiguration             
00001557  asciiToUint8                  
00001601  processShell                  
00001b67  timerTest                     
00001b89  main                          
00001e4d  __TI_scanfi                   
00002961  __TI_printfi                  
000033af  __aeabi_idiv0                 
000033af  __aeabi_ldiv0                 
000033b1  enablePort                    
0000346d  disablePort                   
000034ed  selectPinPushPullOutput       
0000353b  selectPinOpenDrainOutput      
00003589  selectPinDigitalInput         
000035d7  selectPinAnalogInput          
00003627  setPinCommitControl           
000036a3  enablePinPullup               
000036d1  disablePinPullup              
000036f5  enablePinPulldown             
00003719  disablePinPulldown            
00003741  setPinAuxFunction             
00003853  selectPinInterruptRisingEdge  
000038a3  selectPinInterruptFallingEdge 
000038f3  selectPinInterruptBothEdges   
00003949  selectPinInterruptHighLevel   
00003983  selectPinInterruptLowLevel    
000039bd  enablePinInterrupt            
000039e1  disablePinInterrupt           
00003a05  clearPinInterrupt             
00003a29  setPinValue                   
00003a4f  togglePinValue                
00003a73  getPinValue                   
00003ab1  setPortValue                  
00003b29  getPortValue                  
00003bb9  enableEtherCs                 
00003bcf  disableEtherCs                
00003bdd  writeEtherReg                 
00003c11  readEtherReg                  
00003c43  setEtherReg                   
00003c77  clearEtherReg                 
00003cab  setEtherBank                  
00003cc7  writeEtherPhy                 
00003cff  readEtherPhy                  
00003d6b  startEtherMemWrite            
00003d7d  writeEtherMem                 
00003d91  stopEtherMemWrite             
00003d99  startEtherMemRead             
00003dab  readEtherMem                  
00003dbb  stopEtherMemRead              
00003dc3  initEther                     
00003f49  isEtherLinkUp                 
00003f63  isEtherDataAvailable          
00003f7d  isEtherOverflow               
00003fad  getEtherPacket                
0000409d  putEtherPacket                
00004183  htons                         
000041a7  htonl                         
000041d3  getEtherId                    
000041df  incEtherId                    
000041e9  setEtherMacAddress            
0000426d  getEtherMacAddress            
000042cd  isIp                          
0000433d  isIpUnicast                   
0000439d  isEtherIpValid                
000043c3  setIpAddress                  
000043fd  getIpAddress                  
00004437  setIpSubnetMask               
00004471  getIpSubnetMask               
000044ab  setIpGatewayAddress           
000044e5  getIpGatewayAddress           
0000451f  setIpDnsAddress               
00004559  getIpDnsAddress               
00004593  setIpTimeServerAddress        
000045cd  getIpTimeServerAddress        
00004607  setIpMqttBrokerAddress        
00004645  getIpMqttBrokerAddress        
0000468d  sumIpWords                    
00004701  getIpChecksum                 
00004733  calcIpChecksum                
00004779  strtod                        
00004779  strtold                       
00004bd9  initTimer                     
00004c79  startOneshotTimer             
00004cff  startPeriodicTimer            
00004d85  stopTimer                     
00004deb  restartTimer                  
00004e59  tickIsr                       
00004ed3  random32                      
00004f11  isArpRequest                  
00004fb5  isArpResponse                 
00005009  sendArpResponse               
000050e7  sendArpRequest                
00005205  initSockets                   
0000523d  newSocket                     
000052a7  deleteSocket                  
0000530f  getSocketInfoFromArpResponse  
00005387  getSocketInfoFromUdpPacket    
00005431  getSocketInfoFromTcpPacket    
000054e5  isUdp                         
0000558d  getUdpData                    
000055b9  sendUdpMessage                
00005a25  strtoll                       
00005dd1  __aeabi_dsub                  
00005ddb  __aeabi_dadd                  
00005f87  isPingRequest                 
00005fcb  sendPingRequest               
00005fd7  sendPingResponse              
000060e9  initSpi0                      
00006185  setSpi0BaudRate               
000061bb  setSpi0Mode                   
00006209  writeSpi0Data                 
00006221  readSpi0Data                  
00006249  strtoull                      
000064e1  __aeabi_ddiv                  
00006619  strtol                        
00006749  initUart0                     
00006793  setUart0BaudRate              
000067d7  putcUart0                     
000067f3  putsUart0                     
0000681f  getcUart0                     
00006833  kbhitUart0                    
00006995  ldexp                         
00006995  ldexpl                        
00006995  scalbn                        
00006995  scalbnl                       
00006aa5  strtoul                       
00006bb5  __aeabi_dmul                  
00006cb1  setTcpState                   
00006ccd  getTcpState                   
00006ce1  isTcp                         
00006ced  isTcpSyn                      
00006cf9  isTcpAck                      
00006d05  sendTcpPendingMessages        
00006d0f  processTcpResponse            
00006d19  processTcpArpResponse         
00006d23  setTcpPortList                
00006d31  isTcpPortOpen                 
00006d3d  sendTcpResponse               
00006d4d  sendTcpMessage                
00006e17  __aeabi_memcpy                
00006e17  __aeabi_memcpy4               
00006e17  __aeabi_memcpy8               
00006e17  memcpy                        
00006eb3  __aeabi_uldivmod              
00006f49  __aeabi_cdcmpeq               
00006f49  __aeabi_cdcmple               
00006fcf  __aeabi_cdrcmple              
00007055  initEeprom                    
0000706b  writeEeprom                   
0000709d  readEeprom                    
000070d9  __aeabi_memclr                
000070d9  __aeabi_memclr4               
000070d9  __aeabi_memclr8               
000070db  __aeabi_memset                
000070db  __aeabi_memset4               
000070db  __aeabi_memset8               
000070e1  memset                        
000071c1  __aeabi_d2f                   
00007299  __TI_decompress_lzss          
00007301  frexp                         
00007301  frexpl                        
000073bb  __TI_ltoa                     
00007461  atoi                          
000074ad  snprintf                      
000074f9  __aeabi_d2iz                  
00007541  __TI_auto_init_nobinit_nopinit
00007585  strtok                        
00007605  sscanf                        
0000763d  _c_int00_noargs               
000076a1  __aeabi_i2d                   
000076cf  strspn                        
000076f9  connectMqtt                   
000076fb  disconnectMqtt                
000076fd  publishMqtt                   
00007709  subscribeMqtt                 
00007713  unsubscribeMqtt               
0000771d  strcspn                       
00007741  waitMicrosecond               
00007765  __TI_zero_init_nomemset       
00007781  memccpy                       
0000779d  copysign                      
0000779d  copysignl                     
000077cf  __aeabi_lmul                  
000077e7  strcmp                        
000077ff  strrchr                       
00007817  strchr                        
0000782d  strcpy                        
00007841  strlen                        
00007867  wcslen                        
00007879  initSystemClockTo40Mhz        
00007889  tolower                       
00007899  __TI_decompress_none          
000078a7  ResetISR                      
000078b5  __aeabi_errno_addr            
000078c5  _system_pre_init              
000078c9  C$$EXIT                       
000078c9  abort                         
000078d0  _ctypes_                      
00007ad0  __TI_Handler_Table_Base       
00007adc  __TI_Handler_Table_Limit      
00007ae8  __TI_CINIT_Base               
00007af8  __TI_CINIT_Limit              
20000000  __stack                       
20000000  __start___llvm_prf_cnts       
20000000  __stop___llvm_prf_cnts        
20000200  __STACK_TOP                   
20001000  __STACK_END                   
20001000  sockets                       
20001118  strInput                      
2000116c  fn                            
20001194  period                        
200011bc  ticks                         
200011e4  reload                        
200011f0  dhcpOfferedIpAdd              
200011f4  dhcpServerIpAdd               
200011f8  tcpState                      
200011fc  tempDns                       
20001200  tempGw                        
20001204  tempLs                        
20001208  tempSub                       
2000120c  token                         
20001210  xid                           
20001214  leaseSeconds                  
20001218  leaseT1                       
2000121c  leaseT2                       
20001220  discoverNeeded                
20001221  requestNeeded                 
20001222  releaseNeeded                 
20001223  receivedArpResp               
20001224  ipConflictDetectionMode       
20001225  dhcpState                     
20001226  dhcpEnabled                   
20001228  tempLeaseSecs                 
2000122c  hwAddress                     
20001232  ipAddress                     
20001236  ipDnsAddress                  
2000123a  ipGwAddress                   
2000123e  ipSubnetMask                  
20001242  ipTimeServerAddress           
20001246  count                         
20001248  errno                         
20001250  nextPacketLsb                 
20001251  nextPacketMsb                 
20001252  sequenceId                    
ffffffff  __TI_pprof_out_hndl           
ffffffff  __TI_prof_data_size           
ffffffff  __TI_prof_data_start          
ffffffff  __binit__                     
ffffffff  __c_args__                    
ffffffff  binit                         
UNDEFED   __mpu_init                    
UNDEFED   _system_post_cinit            

[291 symbols]
