******************************************************************************
                  TI ARM Linker Unix v20.2.7                   
******************************************************************************
>> Linked Thu Mar  7 13:15:44 2024

OUTPUT FILE NAME:   <4352_Project-1.out>
ENTRY POINT SYMBOL: "_c_int00_noargs"  address: 000068bd


MEMORY CONFIGURATION

         name            origin    length      used     unused   attr    fill
----------------------  --------  ---------  --------  --------  ----  --------
  FLASH                 00000000   00040000  00006d6c  00039294  R  X
  SRAM                  20000000   00008000  00001238  00006dc8  RW X


SEGMENT ALLOCATION MAP

run origin  load origin   length   init length attrs members
----------  ----------- ---------- ----------- ----- -------
00000000    00000000    00006d70   00006d70    r-x
  00000000    00000000    0000026c   0000026c    r-- .intvecs
  0000026c    0000026c    000068e0   000068e0    r-x .text
  00006b50    00006b50    000001e0   000001e0    r-- .const
  00006d30    00006d30    00000040   00000040    r-- .cinit
20000000    20000000    00001238   00000000    rw-
  20000000    20000000    00001000   00000000    rw- .stack
  20001000    20001000    000001fc   00000000    rw- .bss
  200011fc    200011fc    0000003c   00000000    rw- .data


SECTION ALLOCATION MAP

 output                                  attributes/
section   page    origin      length       input sections
--------  ----  ----------  ----------   ----------------
.intvecs   0    00000000    0000026c     
                  00000000    0000026c     tm4c123gh6pm_startup_ccs.obj (.intvecs)

.text      0    0000026c    000068e0     
                  0000026c    00000c3c     ethernet.obj (.text)
                  00000ea8    00000b14     rtsv7M4_T_le_v4SPD16_eabi.lib : _scanfi.c.obj (.text:__TI_scanfi)
                  000019bc    00000a4e                                   : _printfi.c.obj (.text:__TI_printfi)
                  0000240a    00000002                                   : div0.asm.obj (.text)
                  0000240c    00000808     gpio.obj (.text)
                  00002c14    00000714     eth0.obj (.text)
                  00003328    00000708     dhcp.obj (.text)
                  00003a30    000004ac     ip.obj (.text)
                  00003edc    00000460     rtsv7M4_T_le_v4SPD16_eabi.lib : strtod.c.obj (.text:strtod)
                  0000433c    00000338     timer.obj (.text)
                  00004674    000002f4     arp.obj (.text)
                  00004968    000002e0     socket.obj (.text)
                  00004c48    00000270     rtsv7M4_T_le_v4SPD16_eabi.lib : _printfi.c.obj (.text:_pconv_a)
                  00004eb8    000001dc                                   : strtoll.c.obj (.text:strtoll)
                  00005094    000001d0                                   : _printfi.c.obj (.text:_pconv_g)
                  00005264    000001b6                                   : fd_add_t2.asm.obj (.text)
                  0000541a    00000002     --HOLE-- [fill = 0]
                  0000541c    00000160     spi0.obj (.text)
                  0000557c    0000015c     rtsv7M4_T_le_v4SPD16_eabi.lib : strtoull.c.obj (.text:strtoull)
                  000056d8    0000013c                                   : _printfi.c.obj (.text:_pconv_e)
                  00005814    00000136                                   : fd_div_t2.asm.obj (.text)
                  0000594a    00000002     --HOLE-- [fill = 0]
                  0000594c    00000130                                   : strtol.c.obj (.text:strtol)
                  00005a7c    00000128     uart0.obj (.text)
                  00005ba4    00000124     rtsv7M4_T_le_v4SPD16_eabi.lib : _printfi.c.obj (.text:fcvt)
                  00005cc8    00000110                                   : s_scalbn.c.obj (.text:scalbn)
                  00005dd8    00000110                                   : strtoul.c.obj (.text:strtoul)
                  00005ee8    000000fc                                   : fd_mul_t2.asm.obj (.text)
                  00005fe4    000000b1                                   : _printfi.c.obj (.text:_ltostr)
                  00006095    00000001     --HOLE-- [fill = 0]
                  00006096    0000009c                                   : memcpy_t2.asm.obj (.text)
                  00006132    00000096                                   : ull_div_t2.asm.obj (.text)
                  000061c8    00000086                                   : fd_cmp_t2.asm.obj (.text:__aeabi_cdcmple)
                  0000624e    00000086                                   : fd_cmp_t2.asm.obj (.text:__aeabi_cdrcmple)
                  000062d4    00000084     eeprom.obj (.text)
                  00006358    0000007a     rtsv7M4_T_le_v4SPD16_eabi.lib : memset_t2.asm.obj (.text)
                  000063d2    0000006e                                   : _printfi.c.obj (.text:_mcpy)
                  00006440    0000006e                                   : fd_tos_t2.asm.obj (.text)
                  000064ae    00000002     --HOLE-- [fill = 0]
                  000064b0    00000068                                   : sscanf.c.obj (.text:_chkmbc)
                  00006518    00000068                                   : copy_decompress_lzss.c.obj (.text:decompress:lzss:__TI_decompress_lzss)
                  00006580    00000064                                   : s_frexp.c.obj (.text:frexp)
                  000065e4    00000056                                   : _printfi.c.obj (.text:_pconv_f)
                  0000663a    00000054                                   : _ltoa.c.obj (.text:__TI_ltoa)
                  0000668e    00000052                                   : _printfi.c.obj (.text:_ecpy)
                  000066e0    0000004c                                   : atoi.c.obj (.text:atoi)
                  0000672c    0000004c                                   : snprintf.c.obj (.text:snprintf)
                  00006778    00000048                                   : fd_toi_t2.asm.obj (.text)
                  000067c0    00000044                                   : autoinit.c.obj (.text:__TI_auto_init_nobinit_nopinit:__TI_auto_init_nobinit_nopinit)
                  00006804    00000040                                   : strtok.c.obj (.text:strtok)
                  00006844    0000003e                                   : _printfi.c.obj (.text:_fcpy)
                  00006882    00000002     --HOLE-- [fill = 0]
                  00006884    00000038                                   : sscanf.c.obj (.text:sscanf)
                  000068bc    00000034                                   : boot_cortex_m.c.obj (.text:_c_int00_noargs:_c_int00_noargs)
                  000068f0    00000030                                   : snprintf.c.obj (.text:_outs)
                  00006920    0000002e                                   : i_tofd_t2.asm.obj (.text)
                  0000694e    0000002a                                   : strspn.c.obj (.text:strspn)
                  00006978    00000024     mqtt.obj (.text)
                  0000699c    00000024     rtsv7M4_T_le_v4SPD16_eabi.lib : strcspn.c.obj (.text:strcspn)
                  000069c0    00000024     wait.obj (.text)
                  000069e4    0000001c     rtsv7M4_T_le_v4SPD16_eabi.lib : copy_zero_init.c.obj (.text:decompress:ZI:__TI_zero_init_nomemset:__TI_zero_init_nomemset)
                  00006a00    0000001c                                   : memccpy.c.obj (.text:memccpy)
                  00006a1c    0000001a                                   : s_copysign.c.obj (.text:copysign)
                  00006a36    00000018                                   : snprintf.c.obj (.text:_outc)
                  00006a4e    00000018                                   : ll_mul_t2.asm.obj (.text)
                  00006a66    00000018                                   : strcmp.c.obj (.text:strcmp)
                  00006a7e    00000018                                   : strrchr.c.obj (.text:strrchr)
                  00006a96    00000016                                   : strchr.c.obj (.text:strchr)
                  00006aac    00000014                                   : strcpy.c.obj (.text:strcpy)
                  00006ac0    00000014                                   : strlen.c.obj (.text:strlen)
                  00006ad4    00000012                                   : sscanf.c.obj (.text:_inpchar)
                  00006ae6    00000012                                   : wcslen.c.obj (.text:wcslen)
                  00006af8    00000010     clock.obj (.text)
                  00006b08    00000010     rtsv7M4_T_le_v4SPD16_eabi.lib : tolower.c.obj (.text:tolower)
                  00006b18    0000000e                                   : copy_decompress_none.c.obj (.text:decompress:none:__TI_decompress_none)
                  00006b26    0000000c     tm4c123gh6pm_startup_ccs.obj (.text)
                  00006b32    00000002     --HOLE-- [fill = 0]
                  00006b34    00000008     rtsv7M4_T_le_v4SPD16_eabi.lib : errno.c.obj (.text:__aeabi_errno_addr)
                  00006b3c    00000008                                   : sscanf.c.obj (.text:_uninpchar)
                  00006b44    00000004                                   : pre_init.c.obj (.text:_system_pre_init)
                  00006b48    00000004                                   : exit.c.obj (.text:abort:abort)

.const     0    00006b50    000001e0     
                  00006b50    00000101     rtsv7M4_T_le_v4SPD16_eabi.lib : ctype.c.obj (.const:.string:_ctypes_)
                  00006c51    00000007     --HOLE-- [fill = 0]
                  00006c58    000000c8                                   : strtod.c.obj (.const:$O1$$)
                  00006d20    00000010                                   : _scanfi.c.obj (.const:$O1$$)

.cinit     0    00006d30    00000040     
                  00006d30    0000001c     (.cinit..data.load) [load image, compression = lzss]
                  00006d4c    0000000c     (__TI_handler_table)
                  00006d58    00000008     (.cinit..bss.load) [load image, compression = zero_init]
                  00006d60    00000010     (__TI_cinit_table)

.init_array 
*          0    00000000    00000000     UNINITIALIZED

.bss       0    20001000    000001fc     UNINITIALIZED
                  20001000    00000118     (.common:sockets)
                  20001118    00000054     (.common:strInput)
                  2000116c    00000028     (.common:fn)
                  20001194    00000028     (.common:period)
                  200011bc    00000028     (.common:ticks)
                  200011e4    0000000c     (.common:reload)
                  200011f0    00000004     (.common:dhcpOfferedIpAdd)
                  200011f4    00000004     (.common:dhcpServerIpAdd)
                  200011f8    00000004     (.common:token)

.data      0    200011fc    0000003c     UNINITIALIZED
                  200011fc    00000016     dhcp.obj (.data)
                  20001212    00000006     eth0.obj (.data:hwAddress)
                  20001218    00000004     ip.obj (.data:ipAddress)
                  2000121c    00000004     ip.obj (.data:ipDnsAddress)
                  20001220    00000004     ip.obj (.data:ipGwAddress)
                  20001224    00000004     ip.obj (.data:ipSubnetMask)
                  20001228    00000004     ip.obj (.data:ipTimeServerAddress)
                  2000122c    00000004     rtsv7M4_T_le_v4SPD16_eabi.lib : errno.c.obj (.data)
                  20001230    00000004                                   : strtok.c.obj (.data)
                  20001234    00000003     eth0.obj (.data)
                  20001237    00000001     ethernet.obj (.data)

.stack     0    20000000    00001000     UNINITIALIZED
                  20000000    00000004     rtsv7M4_T_le_v4SPD16_eabi.lib : boot_cortex_m.c.obj (.stack)
                  20000004    00000ffc     --HOLE--

__llvm_prf_cnts 
*          0    20000000    00000000     UNINITIALIZED

MODULE SUMMARY

       Module                         code    ro data   rw data
       ------                         ----    -------   -------
    ./
       ethernet.obj                   3132    0         89     
       gpio.obj                       2056    0         0      
       dhcp.obj                       1800    0         30     
       eth0.obj                       1812    0         9      
       ip.obj                         1196    0         20     
       socket.obj                     736     0         280    
       timer.obj                      824     0         132    
       arp.obj                        756     0         0      
       tm4c123gh6pm_startup_ccs.obj   12      620       0      
       spi0.obj                       352     0         0      
       uart0.obj                      296     0         0      
       eeprom.obj                     132     0         0      
       mqtt.obj                       36      0         0      
       wait.obj                       36      0         0      
       clock.obj                      16      0         0      
    +--+------------------------------+-------+---------+---------+
       Total:                         13192   620       560    
                                                               
    /home/rolo/.local/share/ti/ccs1240/ccs/tools/compiler/ti-cgt-arm_20.2.7.LTS/lib/rtsv7M4_T_le_v4SPD16_eabi.lib
       _printfi.c.obj                 4851    0         0      
       _scanfi.c.obj                  2836    16        0      
       strtod.c.obj                   1120    200       0      
       strtoll.c.obj                  476     0         0      
       fd_add_t2.asm.obj              438     0         0      
       strtoull.c.obj                 348     0         0      
       fd_div_t2.asm.obj              310     0         0      
       strtol.c.obj                   304     0         0      
       s_scalbn.c.obj                 272     0         0      
       strtoul.c.obj                  272     0         0      
       fd_cmp_t2.asm.obj              268     0         0      
       ctype.c.obj                    0       257       0      
       fd_mul_t2.asm.obj              252     0         0      
       sscanf.c.obj                   186     0         0      
       memcpy_t2.asm.obj              156     0         0      
       ull_div_t2.asm.obj             150     0         0      
       snprintf.c.obj                 148     0         0      
       memset_t2.asm.obj              122     0         0      
       fd_tos_t2.asm.obj              110     0         0      
       copy_decompress_lzss.c.obj     104     0         0      
       s_frexp.c.obj                  100     0         0      
       _ltoa.c.obj                    84      0         0      
       atoi.c.obj                     76      0         0      
       fd_toi_t2.asm.obj              72      0         0      
       autoinit.c.obj                 68      0         0      
       strtok.c.obj                   64      0         4      
       boot_cortex_m.c.obj            52      0         0      
       i_tofd_t2.asm.obj              46      0         0      
       strspn.c.obj                   42      0         0      
       strcspn.c.obj                  36      0         0      
       copy_zero_init.c.obj           28      0         0      
       memccpy.c.obj                  28      0         0      
       s_copysign.c.obj               26      0         0      
       ll_mul_t2.asm.obj              24      0         0      
       strcmp.c.obj                   24      0         0      
       strrchr.c.obj                  24      0         0      
       strchr.c.obj                   22      0         0      
       strcpy.c.obj                   20      0         0      
       strlen.c.obj                   20      0         0      
       wcslen.c.obj                   18      0         0      
       tolower.c.obj                  16      0         0      
       copy_decompress_none.c.obj     14      0         0      
       errno.c.obj                    8       0         4      
       exit.c.obj                     4       0         0      
       pre_init.c.obj                 4       0         0      
       div0.asm.obj                   2       0         0      
    +--+------------------------------+-------+---------+---------+
       Total:                         13645   473       8      
                                                               
       Stack:                         0       0         4096   
       Linker Generated:              0       64        0      
    +--+------------------------------+-------+---------+---------+
       Grand Total:                   26837   1157      4664   


LINKER GENERATED COPY TABLES

__TI_cinit_table @ 00006d60 records: 2, size/record: 8, table size: 16
	.data: load addr=00006d30, load size=0000001c bytes, run addr=200011fc, run size=0000003c bytes, compression=lzss
	.bss: load addr=00006d58, load size=00000008 bytes, run addr=20001000, run size=000001fc bytes, compression=zero_init


LINKER GENERATED HANDLER TABLE

__TI_handler_table @ 00006d4c records: 3, size/record: 4, table size: 12
	index: 0, handler: __TI_decompress_lzss
	index: 1, handler: __TI_decompress_none
	index: 2, handler: __TI_zero_init


GLOBAL SYMBOLS: SORTED ALPHABETICALLY BY Name 

address   name                          
-------   ----                          
00006b49  C$$EXIT                       
00006b27  ResetISR                      
20001000  __STACK_END                   
00001000  __STACK_SIZE                  
20000200  __STACK_TOP                   
00006d60  __TI_CINIT_Base               
00006d70  __TI_CINIT_Limit              
00006d4c  __TI_Handler_Table_Base       
00006d58  __TI_Handler_Table_Limit      
000067c1  __TI_auto_init_nobinit_nopinit
00006519  __TI_decompress_lzss          
00006b19  __TI_decompress_none          
0000663b  __TI_ltoa                     
ffffffff  __TI_pprof_out_hndl           
000019bd  __TI_printfi                  
ffffffff  __TI_prof_data_size           
ffffffff  __TI_prof_data_start          
00000ea9  __TI_scanfi                   
00000000  __TI_static_base__            
000069e5  __TI_zero_init_nomemset       
000061c9  __aeabi_cdcmpeq               
000061c9  __aeabi_cdcmple               
0000624f  __aeabi_cdrcmple              
00006441  __aeabi_d2f                   
00006779  __aeabi_d2iz                  
0000526f  __aeabi_dadd                  
00005815  __aeabi_ddiv                  
00005ee9  __aeabi_dmul                  
00005265  __aeabi_dsub                  
00006b35  __aeabi_errno_addr            
00006921  __aeabi_i2d                   
0000240b  __aeabi_idiv0                 
0000240b  __aeabi_ldiv0                 
00006a4f  __aeabi_lmul                  
00006359  __aeabi_memclr                
00006359  __aeabi_memclr4               
00006359  __aeabi_memclr8               
00006097  __aeabi_memcpy                
00006097  __aeabi_memcpy4               
00006097  __aeabi_memcpy8               
0000635b  __aeabi_memset                
0000635b  __aeabi_memset4               
0000635b  __aeabi_memset8               
00006133  __aeabi_uldivmod              
ffffffff  __binit__                     
ffffffff  __c_args__                    
UNDEFED   __mpu_init                    
20000000  __stack                       
20000000  __start___llvm_prf_cnts       
20000000  __stop___llvm_prf_cnts        
000068bd  _c_int00_noargs               
00006b50  _ctypes_                      
UNDEFED   _system_post_cinit            
00006b45  _system_pre_init              
00006b49  abort                         
000006c3  asciiToUint8                  
000066e1  atoi                          
ffffffff  binit                         
00003e97  calcIpChecksum                
00003343  callbackDhcpGetNewAddressTimer
00003357  callbackDhcpIpConflictWindow  
00003353  callbackDhcpLeaseEndTimer     
0000334b  callbackDhcpT1HitTimer        
00003349  callbackDhcpT1PeriodicTimer   
00003351  callbackDhcpT2HitTimer        
0000334f  callbackDhcpT2PeriodicTimer   
00002cd3  clearEtherReg                 
00002a61  clearPinInterrupt             
00006979  connectMqtt                   
00006a1d  copysign                      
00006a1d  copysignl                     
20001237  count                         
00004a0b  deleteSocket                  
20001211  dhcpEnabled                   
200011f0  dhcpOfferedIpAdd              
200011f4  dhcpServerIpAdd               
20001210  dhcpState                     
00003a0b  disableDhcp                   
00002c2b  disableEtherCs                
00002a3d  disablePinInterrupt           
00002775  disablePinPulldown            
0000272d  disablePinPullup              
000024c9  disablePort                   
0000697b  disconnectMqtt                
2000120c  discoverNeeded                
000002ad  displayConnectionInfo         
00003a03  enableDhcp                    
00002c15  enableEtherCs                 
00002a19  enablePinInterrupt            
00002751  enablePinPulldown             
000026ff  enablePinPullup               
0000240d  enablePort                    
2000122c  errno                         
2000116c  fn                            
00006581  frexp                         
00006581  frexpl                        
00000000  g_pfnVectors                  
00003379  getDhcpLeaseSeconds           
00003805  getDhcpOption                 
0000333d  getDhcpState                  
0000322f  getEtherId                    
000032c9  getEtherMacAddress            
00003009  getEtherPacket                
00003b61  getIpAddress                  
00003e65  getIpChecksum                 
00003cbd  getIpDnsAddress               
00003c49  getIpGatewayAddress           
00003da9  getIpMqttBrokerAddress        
00003bd5  getIpSubnetMask               
00003d31  getIpTimeServerAddress        
00002acf  getPinValue                   
00002b85  getPortValue                  
00004a73  getSocketInfoFromArpResponse  
00004b95  getSocketInfoFromTcpPacket    
00004aeb  getSocketInfoFromUdpPacket    
00005b53  getcUart0                     
000038ff  handleDhcpAck                 
00003203  htonl                         
000031df  htons                         
20001212  hwAddress                     
0000323b  incEtherId                    
000062d5  initEeprom                    
00002e1f  initEther                     
0000026d  initHw                        
00004969  initSockets                   
0000541d  initSpi0                      
00006af9  initSystemClockTo40Mhz        
0000433d  initTimer                     
00005a7d  initUart0                     
20001218  ipAddress                     
2000120f  ipConflictDetectionMode       
2000121c  ipDnsAddress                  
20001220  ipGwAddress                   
20001224  ipSubnetMask                  
20001228  ipTimeServerAddress           
00004675  isArpRequest                  
00004719  isArpResponse                 
000038e3  isDhcpAck                     
0000390b  isDhcpDiscoverNeeded          
00003a13  isDhcpEnabled                 
00003373  isDhcpIpConflictDetectionMode 
00003863  isDhcpOffer                   
00003917  isDhcpReleaseNeeded           
00003911  isDhcpRequestNeeded           
0000337f  isDhcpResponse                
00002fbf  isEtherDataAvailable          
00003b01  isEtherIpValid                
00002fa5  isEtherLinkUp                 
00002fd9  isEtherOverflow               
00003a31  isIp                          
00003aa1  isIpUnicast                   
00005b67  kbhitUart0                    
00005cc9  ldexp                         
00005cc9  ldexpl                        
20001200  leaseSeconds                  
20001204  leaseT1                       
20001208  leaseT2                       
00000ce9  main                          
00006a01  memccpy                       
00006097  memcpy                        
00006361  memset                        
000049a1  newSocket                     
20001234  nextPacketLsb                 
20001235  nextPacketMsb                 
20001194  period                        
000039f9  processDhcpArpResponse        
000039ef  processDhcpResponse           
0000076d  processShell                  
0000697d  publishMqtt                   
000030f9  putEtherPacket                
00005b0b  putcUart0                     
00005b27  putsUart0                     
00004637  random32                      
00000603  readConfiguration             
0000631d  readEeprom                    
00002e07  readEtherMem                  
00002d5b  readEtherPhy                  
00002c6d  readEtherReg                  
00005555  readSpi0Data                  
0000334d  rebindDhcp                    
00003355  releaseDhcp                   
2000120e  releaseNeeded                 
200011e4  reload                        
00003347  renewDhcp                     
00003361  requestDhcpIpConflictTest     
00003345  requestDhcpNewAddress         
2000120d  requestNeeded                 
0000454f  restartTimer                  
00005cc9  scalbn                        
00005cc9  scalbnl                       
00002633  selectPinAnalogInput          
000025e5  selectPinDigitalInput         
0000294f  selectPinInterruptBothEdges   
000028ff  selectPinInterruptFallingEdge 
000029a5  selectPinInterruptHighLevel   
000029df  selectPinInterruptLowLevel    
000028af  selectPinInterruptRisingEdge  
00002597  selectPinOpenDrainOutput      
00002549  selectPinPushPullOutput       
0000484b  sendArpRequest                
0000476d  sendArpResponse               
0000339d  sendDhcpMessage               
00003921  sendDhcpPendingMessages       
20001236  sequenceId                    
00003329  setDhcpState                  
00002d07  setEtherBank                  
00003245  setEtherMacAddress            
00002c9f  setEtherReg                   
00003b27  setIpAddress                  
00003c83  setIpDnsAddress               
00003c0f  setIpGatewayAddress           
00003d6b  setIpMqttBrokerAddress        
00003b9b  setIpSubnetMask               
00003cf7  setIpTimeServerAddress        
0000279d  setPinAuxFunction             
00002683  setPinCommitControl           
00002a85  setPinValue                   
00002b0d  setPortValue                  
000054b9  setSpi0BaudRate               
000054ef  setSpi0Mode                   
00005ac7  setUart0BaudRate              
0000672d  snprintf                      
20001000  sockets                       
00006885  sscanf                        
00002df5  startEtherMemRead             
00002dc7  startEtherMemWrite            
000043dd  startOneshotTimer             
00004463  startPeriodicTimer            
00002e17  stopEtherMemRead              
00002ded  stopEtherMemWrite             
000044e9  stopTimer                     
20001118  strInput                      
00006a97  strchr                        
00006a67  strcmp                        
00006aad  strcpy                        
0000699d  strcspn                       
00006ac1  strlen                        
00006a7f  strrchr                       
0000694f  strspn                        
00003edd  strtod                        
00006805  strtok                        
0000594d  strtol                        
00003edd  strtold                       
00004eb9  strtoll                       
00005dd9  strtoul                       
0000557d  strtoull                      
00006989  subscribeMqtt                 
00003df1  sumIpWords                    
000045bd  tickIsr                       
200011bc  ticks                         
00000cd3  timerTest                     
00002aab  togglePinValue                
200011f8  token                         
00006b09  tolower                       
00006993  unsubscribeMqtt               
000069c1  waitMicrosecond               
00006ae7  wcslen                        
000062eb  writeEeprom                   
00002dd9  writeEtherMem                 
00002d23  writeEtherPhy                 
00002c39  writeEtherReg                 
0000553d  writeSpi0Data                 
200011fc  xid                           


GLOBAL SYMBOLS: SORTED BY Symbol Address 

address   name                          
-------   ----                          
00000000  __TI_static_base__            
00000000  g_pfnVectors                  
0000026d  initHw                        
000002ad  displayConnectionInfo         
00000603  readConfiguration             
000006c3  asciiToUint8                  
0000076d  processShell                  
00000cd3  timerTest                     
00000ce9  main                          
00000ea9  __TI_scanfi                   
00001000  __STACK_SIZE                  
000019bd  __TI_printfi                  
0000240b  __aeabi_idiv0                 
0000240b  __aeabi_ldiv0                 
0000240d  enablePort                    
000024c9  disablePort                   
00002549  selectPinPushPullOutput       
00002597  selectPinOpenDrainOutput      
000025e5  selectPinDigitalInput         
00002633  selectPinAnalogInput          
00002683  setPinCommitControl           
000026ff  enablePinPullup               
0000272d  disablePinPullup              
00002751  enablePinPulldown             
00002775  disablePinPulldown            
0000279d  setPinAuxFunction             
000028af  selectPinInterruptRisingEdge  
000028ff  selectPinInterruptFallingEdge 
0000294f  selectPinInterruptBothEdges   
000029a5  selectPinInterruptHighLevel   
000029df  selectPinInterruptLowLevel    
00002a19  enablePinInterrupt            
00002a3d  disablePinInterrupt           
00002a61  clearPinInterrupt             
00002a85  setPinValue                   
00002aab  togglePinValue                
00002acf  getPinValue                   
00002b0d  setPortValue                  
00002b85  getPortValue                  
00002c15  enableEtherCs                 
00002c2b  disableEtherCs                
00002c39  writeEtherReg                 
00002c6d  readEtherReg                  
00002c9f  setEtherReg                   
00002cd3  clearEtherReg                 
00002d07  setEtherBank                  
00002d23  writeEtherPhy                 
00002d5b  readEtherPhy                  
00002dc7  startEtherMemWrite            
00002dd9  writeEtherMem                 
00002ded  stopEtherMemWrite             
00002df5  startEtherMemRead             
00002e07  readEtherMem                  
00002e17  stopEtherMemRead              
00002e1f  initEther                     
00002fa5  isEtherLinkUp                 
00002fbf  isEtherDataAvailable          
00002fd9  isEtherOverflow               
00003009  getEtherPacket                
000030f9  putEtherPacket                
000031df  htons                         
00003203  htonl                         
0000322f  getEtherId                    
0000323b  incEtherId                    
00003245  setEtherMacAddress            
000032c9  getEtherMacAddress            
00003329  setDhcpState                  
0000333d  getDhcpState                  
00003343  callbackDhcpGetNewAddressTimer
00003345  requestDhcpNewAddress         
00003347  renewDhcp                     
00003349  callbackDhcpT1PeriodicTimer   
0000334b  callbackDhcpT1HitTimer        
0000334d  rebindDhcp                    
0000334f  callbackDhcpT2PeriodicTimer   
00003351  callbackDhcpT2HitTimer        
00003353  callbackDhcpLeaseEndTimer     
00003355  releaseDhcp                   
00003357  callbackDhcpIpConflictWindow  
00003361  requestDhcpIpConflictTest     
00003373  isDhcpIpConflictDetectionMode 
00003379  getDhcpLeaseSeconds           
0000337f  isDhcpResponse                
0000339d  sendDhcpMessage               
00003805  getDhcpOption                 
00003863  isDhcpOffer                   
000038e3  isDhcpAck                     
000038ff  handleDhcpAck                 
0000390b  isDhcpDiscoverNeeded          
00003911  isDhcpRequestNeeded           
00003917  isDhcpReleaseNeeded           
00003921  sendDhcpPendingMessages       
000039ef  processDhcpResponse           
000039f9  processDhcpArpResponse        
00003a03  enableDhcp                    
00003a0b  disableDhcp                   
00003a13  isDhcpEnabled                 
00003a31  isIp                          
00003aa1  isIpUnicast                   
00003b01  isEtherIpValid                
00003b27  setIpAddress                  
00003b61  getIpAddress                  
00003b9b  setIpSubnetMask               
00003bd5  getIpSubnetMask               
00003c0f  setIpGatewayAddress           
00003c49  getIpGatewayAddress           
00003c83  setIpDnsAddress               
00003cbd  getIpDnsAddress               
00003cf7  setIpTimeServerAddress        
00003d31  getIpTimeServerAddress        
00003d6b  setIpMqttBrokerAddress        
00003da9  getIpMqttBrokerAddress        
00003df1  sumIpWords                    
00003e65  getIpChecksum                 
00003e97  calcIpChecksum                
00003edd  strtod                        
00003edd  strtold                       
0000433d  initTimer                     
000043dd  startOneshotTimer             
00004463  startPeriodicTimer            
000044e9  stopTimer                     
0000454f  restartTimer                  
000045bd  tickIsr                       
00004637  random32                      
00004675  isArpRequest                  
00004719  isArpResponse                 
0000476d  sendArpResponse               
0000484b  sendArpRequest                
00004969  initSockets                   
000049a1  newSocket                     
00004a0b  deleteSocket                  
00004a73  getSocketInfoFromArpResponse  
00004aeb  getSocketInfoFromUdpPacket    
00004b95  getSocketInfoFromTcpPacket    
00004eb9  strtoll                       
00005265  __aeabi_dsub                  
0000526f  __aeabi_dadd                  
0000541d  initSpi0                      
000054b9  setSpi0BaudRate               
000054ef  setSpi0Mode                   
0000553d  writeSpi0Data                 
00005555  readSpi0Data                  
0000557d  strtoull                      
00005815  __aeabi_ddiv                  
0000594d  strtol                        
00005a7d  initUart0                     
00005ac7  setUart0BaudRate              
00005b0b  putcUart0                     
00005b27  putsUart0                     
00005b53  getcUart0                     
00005b67  kbhitUart0                    
00005cc9  ldexp                         
00005cc9  ldexpl                        
00005cc9  scalbn                        
00005cc9  scalbnl                       
00005dd9  strtoul                       
00005ee9  __aeabi_dmul                  
00006097  __aeabi_memcpy                
00006097  __aeabi_memcpy4               
00006097  __aeabi_memcpy8               
00006097  memcpy                        
00006133  __aeabi_uldivmod              
000061c9  __aeabi_cdcmpeq               
000061c9  __aeabi_cdcmple               
0000624f  __aeabi_cdrcmple              
000062d5  initEeprom                    
000062eb  writeEeprom                   
0000631d  readEeprom                    
00006359  __aeabi_memclr                
00006359  __aeabi_memclr4               
00006359  __aeabi_memclr8               
0000635b  __aeabi_memset                
0000635b  __aeabi_memset4               
0000635b  __aeabi_memset8               
00006361  memset                        
00006441  __aeabi_d2f                   
00006519  __TI_decompress_lzss          
00006581  frexp                         
00006581  frexpl                        
0000663b  __TI_ltoa                     
000066e1  atoi                          
0000672d  snprintf                      
00006779  __aeabi_d2iz                  
000067c1  __TI_auto_init_nobinit_nopinit
00006805  strtok                        
00006885  sscanf                        
000068bd  _c_int00_noargs               
00006921  __aeabi_i2d                   
0000694f  strspn                        
00006979  connectMqtt                   
0000697b  disconnectMqtt                
0000697d  publishMqtt                   
00006989  subscribeMqtt                 
00006993  unsubscribeMqtt               
0000699d  strcspn                       
000069c1  waitMicrosecond               
000069e5  __TI_zero_init_nomemset       
00006a01  memccpy                       
00006a1d  copysign                      
00006a1d  copysignl                     
00006a4f  __aeabi_lmul                  
00006a67  strcmp                        
00006a7f  strrchr                       
00006a97  strchr                        
00006aad  strcpy                        
00006ac1  strlen                        
00006ae7  wcslen                        
00006af9  initSystemClockTo40Mhz        
00006b09  tolower                       
00006b19  __TI_decompress_none          
00006b27  ResetISR                      
00006b35  __aeabi_errno_addr            
00006b45  _system_pre_init              
00006b49  C$$EXIT                       
00006b49  abort                         
00006b50  _ctypes_                      
00006d4c  __TI_Handler_Table_Base       
00006d58  __TI_Handler_Table_Limit      
00006d60  __TI_CINIT_Base               
00006d70  __TI_CINIT_Limit              
20000000  __stack                       
20000000  __start___llvm_prf_cnts       
20000000  __stop___llvm_prf_cnts        
20000200  __STACK_TOP                   
20001000  __STACK_END                   
20001000  sockets                       
20001118  strInput                      
2000116c  fn                            
20001194  period                        
200011bc  ticks                         
200011e4  reload                        
200011f0  dhcpOfferedIpAdd              
200011f4  dhcpServerIpAdd               
200011f8  token                         
200011fc  xid                           
20001200  leaseSeconds                  
20001204  leaseT1                       
20001208  leaseT2                       
2000120c  discoverNeeded                
2000120d  requestNeeded                 
2000120e  releaseNeeded                 
2000120f  ipConflictDetectionMode       
20001210  dhcpState                     
20001211  dhcpEnabled                   
20001212  hwAddress                     
20001218  ipAddress                     
2000121c  ipDnsAddress                  
20001220  ipGwAddress                   
20001224  ipSubnetMask                  
20001228  ipTimeServerAddress           
2000122c  errno                         
20001234  nextPacketLsb                 
20001235  nextPacketMsb                 
20001236  sequenceId                    
20001237  count                         
ffffffff  __TI_pprof_out_hndl           
ffffffff  __TI_prof_data_size           
ffffffff  __TI_prof_data_start          
ffffffff  __binit__                     
ffffffff  __c_args__                    
ffffffff  binit                         
UNDEFED   __mpu_init                    
UNDEFED   _system_post_cinit            

[263 symbols]
