******************************************************************************
                  TI ARM Linker Unix v20.2.7                   
******************************************************************************
>> Linked Thu Mar  7 11:28:08 2024

OUTPUT FILE NAME:   <4352_Project-1.out>
ENTRY POINT SYMBOL: "_c_int00_noargs"  address: 00006895


MEMORY CONFIGURATION

         name            origin    length      used     unused   attr    fill
----------------------  --------  ---------  --------  --------  ----  --------
  FLASH                 00000000   00040000  00006d44  000392bc  R  X
  SRAM                  20000000   00008000  00001238  00006dc8  RW X


SEGMENT ALLOCATION MAP

run origin  load origin   length   init length attrs members
----------  ----------- ---------- ----------- ----- -------
00000000    00000000    00006d48   00006d48    r-x
  00000000    00000000    0000026c   0000026c    r-- .intvecs
  0000026c    0000026c    000068b8   000068b8    r-x .text
  00006b28    00006b28    000001e0   000001e0    r-- .const
  00006d08    00006d08    00000040   00000040    r-- .cinit
20000000    20000000    00001238   00000000    rw-
  20000000    20000000    00001000   00000000    rw- .stack
  20001000    20001000    000001fc   00000000    rw- .bss
  200011fc    200011fc    0000003c   00000000    rw- .data


SECTION ALLOCATION MAP

 output                                  attributes/
section   page    origin      length       input sections
--------  ----  ----------  ----------   ----------------
.intvecs   0    00000000    0000026c     
                  00000000    0000026c     tm4c123gh6pm_startup_ccs.obj (.intvecs)

.text      0    0000026c    000068b8     
                  0000026c    00000c3c     ethernet.obj (.text)
                  00000ea8    00000b14     rtsv7M4_T_le_v4SPD16_eabi.lib : _scanfi.c.obj (.text:__TI_scanfi)
                  000019bc    00000a4e                                   : _printfi.c.obj (.text:__TI_printfi)
                  0000240a    00000002                                   : div0.asm.obj (.text)
                  0000240c    00000808     gpio.obj (.text)
                  00002c14    00000714     eth0.obj (.text)
                  00003328    000006e0     dhcp.obj (.text)
                  00003a08    000004ac     ip.obj (.text)
                  00003eb4    00000460     rtsv7M4_T_le_v4SPD16_eabi.lib : strtod.c.obj (.text:strtod)
                  00004314    00000338     timer.obj (.text)
                  0000464c    000002f4     arp.obj (.text)
                  00004940    000002e0     socket.obj (.text)
                  00004c20    00000270     rtsv7M4_T_le_v4SPD16_eabi.lib : _printfi.c.obj (.text:_pconv_a)
                  00004e90    000001dc                                   : strtoll.c.obj (.text:strtoll)
                  0000506c    000001d0                                   : _printfi.c.obj (.text:_pconv_g)
                  0000523c    000001b6                                   : fd_add_t2.asm.obj (.text)
                  000053f2    00000002     --HOLE-- [fill = 0]
                  000053f4    00000160     spi0.obj (.text)
                  00005554    0000015c     rtsv7M4_T_le_v4SPD16_eabi.lib : strtoull.c.obj (.text:strtoull)
                  000056b0    0000013c                                   : _printfi.c.obj (.text:_pconv_e)
                  000057ec    00000136                                   : fd_div_t2.asm.obj (.text)
                  00005922    00000002     --HOLE-- [fill = 0]
                  00005924    00000130                                   : strtol.c.obj (.text:strtol)
                  00005a54    00000128     uart0.obj (.text)
                  00005b7c    00000124     rtsv7M4_T_le_v4SPD16_eabi.lib : _printfi.c.obj (.text:fcvt)
                  00005ca0    00000110                                   : s_scalbn.c.obj (.text:scalbn)
                  00005db0    00000110                                   : strtoul.c.obj (.text:strtoul)
                  00005ec0    000000fc                                   : fd_mul_t2.asm.obj (.text)
                  00005fbc    000000b1                                   : _printfi.c.obj (.text:_ltostr)
                  0000606d    00000001     --HOLE-- [fill = 0]
                  0000606e    0000009c                                   : memcpy_t2.asm.obj (.text)
                  0000610a    00000096                                   : ull_div_t2.asm.obj (.text)
                  000061a0    00000086                                   : fd_cmp_t2.asm.obj (.text:__aeabi_cdcmple)
                  00006226    00000086                                   : fd_cmp_t2.asm.obj (.text:__aeabi_cdrcmple)
                  000062ac    00000084     eeprom.obj (.text)
                  00006330    0000007a     rtsv7M4_T_le_v4SPD16_eabi.lib : memset_t2.asm.obj (.text)
                  000063aa    0000006e                                   : _printfi.c.obj (.text:_mcpy)
                  00006418    0000006e                                   : fd_tos_t2.asm.obj (.text)
                  00006486    00000002     --HOLE-- [fill = 0]
                  00006488    00000068                                   : sscanf.c.obj (.text:_chkmbc)
                  000064f0    00000068                                   : copy_decompress_lzss.c.obj (.text:decompress:lzss:__TI_decompress_lzss)
                  00006558    00000064                                   : s_frexp.c.obj (.text:frexp)
                  000065bc    00000056                                   : _printfi.c.obj (.text:_pconv_f)
                  00006612    00000054                                   : _ltoa.c.obj (.text:__TI_ltoa)
                  00006666    00000052                                   : _printfi.c.obj (.text:_ecpy)
                  000066b8    0000004c                                   : atoi.c.obj (.text:atoi)
                  00006704    0000004c                                   : snprintf.c.obj (.text:snprintf)
                  00006750    00000048                                   : fd_toi_t2.asm.obj (.text)
                  00006798    00000044                                   : autoinit.c.obj (.text:__TI_auto_init_nobinit_nopinit:__TI_auto_init_nobinit_nopinit)
                  000067dc    00000040                                   : strtok.c.obj (.text:strtok)
                  0000681c    0000003e                                   : _printfi.c.obj (.text:_fcpy)
                  0000685a    00000002     --HOLE-- [fill = 0]
                  0000685c    00000038                                   : sscanf.c.obj (.text:sscanf)
                  00006894    00000034                                   : boot_cortex_m.c.obj (.text:_c_int00_noargs:_c_int00_noargs)
                  000068c8    00000030                                   : snprintf.c.obj (.text:_outs)
                  000068f8    0000002e                                   : i_tofd_t2.asm.obj (.text)
                  00006926    0000002a                                   : strspn.c.obj (.text:strspn)
                  00006950    00000024     mqtt.obj (.text)
                  00006974    00000024     rtsv7M4_T_le_v4SPD16_eabi.lib : strcspn.c.obj (.text:strcspn)
                  00006998    00000024     wait.obj (.text)
                  000069bc    0000001c     rtsv7M4_T_le_v4SPD16_eabi.lib : copy_zero_init.c.obj (.text:decompress:ZI:__TI_zero_init_nomemset:__TI_zero_init_nomemset)
                  000069d8    0000001c                                   : memccpy.c.obj (.text:memccpy)
                  000069f4    0000001a                                   : s_copysign.c.obj (.text:copysign)
                  00006a0e    00000018                                   : snprintf.c.obj (.text:_outc)
                  00006a26    00000018                                   : ll_mul_t2.asm.obj (.text)
                  00006a3e    00000018                                   : strcmp.c.obj (.text:strcmp)
                  00006a56    00000018                                   : strrchr.c.obj (.text:strrchr)
                  00006a6e    00000016                                   : strchr.c.obj (.text:strchr)
                  00006a84    00000014                                   : strcpy.c.obj (.text:strcpy)
                  00006a98    00000014                                   : strlen.c.obj (.text:strlen)
                  00006aac    00000012                                   : sscanf.c.obj (.text:_inpchar)
                  00006abe    00000012                                   : wcslen.c.obj (.text:wcslen)
                  00006ad0    00000010     clock.obj (.text)
                  00006ae0    00000010     rtsv7M4_T_le_v4SPD16_eabi.lib : tolower.c.obj (.text:tolower)
                  00006af0    0000000e                                   : copy_decompress_none.c.obj (.text:decompress:none:__TI_decompress_none)
                  00006afe    0000000c     tm4c123gh6pm_startup_ccs.obj (.text)
                  00006b0a    00000002     --HOLE-- [fill = 0]
                  00006b0c    00000008     rtsv7M4_T_le_v4SPD16_eabi.lib : errno.c.obj (.text:__aeabi_errno_addr)
                  00006b14    00000008                                   : sscanf.c.obj (.text:_uninpchar)
                  00006b1c    00000004                                   : pre_init.c.obj (.text:_system_pre_init)
                  00006b20    00000004                                   : exit.c.obj (.text:abort:abort)

.const     0    00006b28    000001e0     
                  00006b28    00000101     rtsv7M4_T_le_v4SPD16_eabi.lib : ctype.c.obj (.const:.string:_ctypes_)
                  00006c29    00000007     --HOLE-- [fill = 0]
                  00006c30    000000c8                                   : strtod.c.obj (.const:$O1$$)
                  00006cf8    00000010                                   : _scanfi.c.obj (.const:$O1$$)

.cinit     0    00006d08    00000040     
                  00006d08    0000001c     (.cinit..data.load) [load image, compression = lzss]
                  00006d24    0000000c     (__TI_handler_table)
                  00006d30    00000008     (.cinit..bss.load) [load image, compression = zero_init]
                  00006d38    00000010     (__TI_cinit_table)

.init_array 
*          0    00000000    00000000     UNINITIALIZED

.bss       0    20001000    000001fc     UNINITIALIZED
                  20001000    00000118     (.common:sockets)
                  20001118    00000054     (.common:strInput)
                  2000116c    00000028     (.common:fn)
                  20001194    00000028     (.common:period)
                  200011bc    00000028     (.common:ticks)
                  200011e4    0000000c     (.common:reload)
                  200011f0    00000004     (.common:dhcpOfferedIpAdd)
                  200011f4    00000004     (.common:dhcpServerIpAdd)
                  200011f8    00000004     (.common:token)

.data      0    200011fc    0000003c     UNINITIALIZED
                  200011fc    00000016     dhcp.obj (.data)
                  20001212    00000006     eth0.obj (.data:hwAddress)
                  20001218    00000004     ip.obj (.data:ipAddress)
                  2000121c    00000004     ip.obj (.data:ipDnsAddress)
                  20001220    00000004     ip.obj (.data:ipGwAddress)
                  20001224    00000004     ip.obj (.data:ipSubnetMask)
                  20001228    00000004     ip.obj (.data:ipTimeServerAddress)
                  2000122c    00000004     rtsv7M4_T_le_v4SPD16_eabi.lib : errno.c.obj (.data)
                  20001230    00000004                                   : strtok.c.obj (.data)
                  20001234    00000003     eth0.obj (.data)
                  20001237    00000001     ethernet.obj (.data)

.stack     0    20000000    00001000     UNINITIALIZED
                  20000000    00000004     rtsv7M4_T_le_v4SPD16_eabi.lib : boot_cortex_m.c.obj (.stack)
                  20000004    00000ffc     --HOLE--

__llvm_prf_cnts 
*          0    20000000    00000000     UNINITIALIZED

MODULE SUMMARY

       Module                         code    ro data   rw data
       ------                         ----    -------   -------
    ./
       ethernet.obj                   3132    0         89     
       gpio.obj                       2056    0         0      
       eth0.obj                       1812    0         9      
       dhcp.obj                       1760    0         30     
       ip.obj                         1196    0         20     
       socket.obj                     736     0         280    
       timer.obj                      824     0         132    
       arp.obj                        756     0         0      
       tm4c123gh6pm_startup_ccs.obj   12      620       0      
       spi0.obj                       352     0         0      
       uart0.obj                      296     0         0      
       eeprom.obj                     132     0         0      
       mqtt.obj                       36      0         0      
       wait.obj                       36      0         0      
       clock.obj                      16      0         0      
    +--+------------------------------+-------+---------+---------+
       Total:                         13152   620       560    
                                                               
    /home/rolo/.local/share/ti/ccs1240/ccs/tools/compiler/ti-cgt-arm_20.2.7.LTS/lib/rtsv7M4_T_le_v4SPD16_eabi.lib
       _printfi.c.obj                 4851    0         0      
       _scanfi.c.obj                  2836    16        0      
       strtod.c.obj                   1120    200       0      
       strtoll.c.obj                  476     0         0      
       fd_add_t2.asm.obj              438     0         0      
       strtoull.c.obj                 348     0         0      
       fd_div_t2.asm.obj              310     0         0      
       strtol.c.obj                   304     0         0      
       s_scalbn.c.obj                 272     0         0      
       strtoul.c.obj                  272     0         0      
       fd_cmp_t2.asm.obj              268     0         0      
       ctype.c.obj                    0       257       0      
       fd_mul_t2.asm.obj              252     0         0      
       sscanf.c.obj                   186     0         0      
       memcpy_t2.asm.obj              156     0         0      
       ull_div_t2.asm.obj             150     0         0      
       snprintf.c.obj                 148     0         0      
       memset_t2.asm.obj              122     0         0      
       fd_tos_t2.asm.obj              110     0         0      
       copy_decompress_lzss.c.obj     104     0         0      
       s_frexp.c.obj                  100     0         0      
       _ltoa.c.obj                    84      0         0      
       atoi.c.obj                     76      0         0      
       fd_toi_t2.asm.obj              72      0         0      
       autoinit.c.obj                 68      0         0      
       strtok.c.obj                   64      0         4      
       boot_cortex_m.c.obj            52      0         0      
       i_tofd_t2.asm.obj              46      0         0      
       strspn.c.obj                   42      0         0      
       strcspn.c.obj                  36      0         0      
       copy_zero_init.c.obj           28      0         0      
       memccpy.c.obj                  28      0         0      
       s_copysign.c.obj               26      0         0      
       ll_mul_t2.asm.obj              24      0         0      
       strcmp.c.obj                   24      0         0      
       strrchr.c.obj                  24      0         0      
       strchr.c.obj                   22      0         0      
       strcpy.c.obj                   20      0         0      
       strlen.c.obj                   20      0         0      
       wcslen.c.obj                   18      0         0      
       tolower.c.obj                  16      0         0      
       copy_decompress_none.c.obj     14      0         0      
       errno.c.obj                    8       0         4      
       exit.c.obj                     4       0         0      
       pre_init.c.obj                 4       0         0      
       div0.asm.obj                   2       0         0      
    +--+------------------------------+-------+---------+---------+
       Total:                         13645   473       8      
                                                               
       Stack:                         0       0         4096   
       Linker Generated:              0       64        0      
    +--+------------------------------+-------+---------+---------+
       Grand Total:                   26797   1157      4664   


LINKER GENERATED COPY TABLES

__TI_cinit_table @ 00006d38 records: 2, size/record: 8, table size: 16
	.data: load addr=00006d08, load size=0000001c bytes, run addr=200011fc, run size=0000003c bytes, compression=lzss
	.bss: load addr=00006d30, load size=00000008 bytes, run addr=20001000, run size=000001fc bytes, compression=zero_init


LINKER GENERATED HANDLER TABLE

__TI_handler_table @ 00006d24 records: 3, size/record: 4, table size: 12
	index: 0, handler: __TI_decompress_lzss
	index: 1, handler: __TI_decompress_none
	index: 2, handler: __TI_zero_init


GLOBAL SYMBOLS: SORTED ALPHABETICALLY BY Name 

address   name                          
-------   ----                          
00006b21  C$$EXIT                       
00006aff  ResetISR                      
20001000  __STACK_END                   
00001000  __STACK_SIZE                  
20000200  __STACK_TOP                   
00006d38  __TI_CINIT_Base               
00006d48  __TI_CINIT_Limit              
00006d24  __TI_Handler_Table_Base       
00006d30  __TI_Handler_Table_Limit      
00006799  __TI_auto_init_nobinit_nopinit
000064f1  __TI_decompress_lzss          
00006af1  __TI_decompress_none          
00006613  __TI_ltoa                     
ffffffff  __TI_pprof_out_hndl           
000019bd  __TI_printfi                  
ffffffff  __TI_prof_data_size           
ffffffff  __TI_prof_data_start          
00000ea9  __TI_scanfi                   
00000000  __TI_static_base__            
000069bd  __TI_zero_init_nomemset       
000061a1  __aeabi_cdcmpeq               
000061a1  __aeabi_cdcmple               
00006227  __aeabi_cdrcmple              
00006419  __aeabi_d2f                   
00006751  __aeabi_d2iz                  
00005247  __aeabi_dadd                  
000057ed  __aeabi_ddiv                  
00005ec1  __aeabi_dmul                  
0000523d  __aeabi_dsub                  
00006b0d  __aeabi_errno_addr            
000068f9  __aeabi_i2d                   
0000240b  __aeabi_idiv0                 
0000240b  __aeabi_ldiv0                 
00006a27  __aeabi_lmul                  
00006331  __aeabi_memclr                
00006331  __aeabi_memclr4               
00006331  __aeabi_memclr8               
0000606f  __aeabi_memcpy                
0000606f  __aeabi_memcpy4               
0000606f  __aeabi_memcpy8               
00006333  __aeabi_memset                
00006333  __aeabi_memset4               
00006333  __aeabi_memset8               
0000610b  __aeabi_uldivmod              
ffffffff  __binit__                     
ffffffff  __c_args__                    
UNDEFED   __mpu_init                    
20000000  __stack                       
20000000  __start___llvm_prf_cnts       
20000000  __stop___llvm_prf_cnts        
00006895  _c_int00_noargs               
00006b28  _ctypes_                      
UNDEFED   _system_post_cinit            
00006b1d  _system_pre_init              
00006b21  abort                         
000006c3  asciiToUint8                  
000066b9  atoi                          
ffffffff  binit                         
00003e6f  calcIpChecksum                
00003343  callbackDhcpGetNewAddressTimer
00003357  callbackDhcpIpConflictWindow  
00003353  callbackDhcpLeaseEndTimer     
0000334b  callbackDhcpT1HitTimer        
00003349  callbackDhcpT1PeriodicTimer   
00003351  callbackDhcpT2HitTimer        
0000334f  callbackDhcpT2PeriodicTimer   
00002cd3  clearEtherReg                 
00002a61  clearPinInterrupt             
00006951  connectMqtt                   
000069f5  copysign                      
000069f5  copysignl                     
20001237  count                         
000049e3  deleteSocket                  
20001211  dhcpEnabled                   
200011f0  dhcpOfferedIpAdd              
200011f4  dhcpServerIpAdd               
20001210  dhcpState                     
000039e7  disableDhcp                   
00002c2b  disableEtherCs                
00002a3d  disablePinInterrupt           
00002775  disablePinPulldown            
0000272d  disablePinPullup              
000024c9  disablePort                   
00006953  disconnectMqtt                
2000120c  discoverNeeded                
000002ad  displayConnectionInfo         
000039df  enableDhcp                    
00002c15  enableEtherCs                 
00002a19  enablePinInterrupt            
00002751  enablePinPulldown             
000026ff  enablePinPullup               
0000240d  enablePort                    
2000122c  errno                         
2000116c  fn                            
00006559  frexp                         
00006559  frexpl                        
00000000  g_pfnVectors                  
00003379  getDhcpLeaseSeconds           
00003805  getDhcpOption                 
0000333d  getDhcpState                  
0000322f  getEtherId                    
000032c9  getEtherMacAddress            
00003009  getEtherPacket                
00003b39  getIpAddress                  
00003e3d  getIpChecksum                 
00003c95  getIpDnsAddress               
00003c21  getIpGatewayAddress           
00003d81  getIpMqttBrokerAddress        
00003bad  getIpSubnetMask               
00003d09  getIpTimeServerAddress        
00002acf  getPinValue                   
00002b85  getPortValue                  
00004a4b  getSocketInfoFromArpResponse  
00004b6d  getSocketInfoFromTcpPacket    
00004ac3  getSocketInfoFromUdpPacket    
00005b2b  getcUart0                     
000038ff  handleDhcpAck                 
00003203  htonl                         
000031df  htons                         
20001212  hwAddress                     
0000323b  incEtherId                    
000062ad  initEeprom                    
00002e1f  initEther                     
0000026d  initHw                        
00004941  initSockets                   
000053f5  initSpi0                      
00006ad1  initSystemClockTo40Mhz        
00004315  initTimer                     
00005a55  initUart0                     
20001218  ipAddress                     
2000120f  ipConflictDetectionMode       
2000121c  ipDnsAddress                  
20001220  ipGwAddress                   
20001224  ipSubnetMask                  
20001228  ipTimeServerAddress           
0000464d  isArpRequest                  
000046f1  isArpResponse                 
000038e3  isDhcpAck                     
0000390b  isDhcpDiscoverNeeded          
000039ef  isDhcpEnabled                 
00003373  isDhcpIpConflictDetectionMode 
00003863  isDhcpOffer                   
00003917  isDhcpReleaseNeeded           
00003911  isDhcpRequestNeeded           
0000337f  isDhcpResponse                
00002fbf  isEtherDataAvailable          
00003ad9  isEtherIpValid                
00002fa5  isEtherLinkUp                 
00002fd9  isEtherOverflow               
00003a09  isIp                          
00003a79  isIpUnicast                   
00005b3f  kbhitUart0                    
00005ca1  ldexp                         
00005ca1  ldexpl                        
20001200  leaseSeconds                  
20001204  leaseT1                       
20001208  leaseT2                       
00000ce9  main                          
000069d9  memccpy                       
0000606f  memcpy                        
00006339  memset                        
00004979  newSocket                     
20001234  nextPacketLsb                 
20001235  nextPacketMsb                 
20001194  period                        
000039d5  processDhcpArpResponse        
000039c5  processDhcpResponse           
0000076d  processShell                  
00006955  publishMqtt                   
000030f9  putEtherPacket                
00005ae3  putcUart0                     
00005aff  putsUart0                     
0000460f  random32                      
00000603  readConfiguration             
000062f5  readEeprom                    
00002e07  readEtherMem                  
00002d5b  readEtherPhy                  
00002c6d  readEtherReg                  
0000552d  readSpi0Data                  
0000334d  rebindDhcp                    
00003355  releaseDhcp                   
2000120e  releaseNeeded                 
200011e4  reload                        
00003347  renewDhcp                     
00003361  requestDhcpIpConflictTest     
00003345  requestDhcpNewAddress         
2000120d  requestNeeded                 
00004527  restartTimer                  
00005ca1  scalbn                        
00005ca1  scalbnl                       
00002633  selectPinAnalogInput          
000025e5  selectPinDigitalInput         
0000294f  selectPinInterruptBothEdges   
000028ff  selectPinInterruptFallingEdge 
000029a5  selectPinInterruptHighLevel   
000029df  selectPinInterruptLowLevel    
000028af  selectPinInterruptRisingEdge  
00002597  selectPinOpenDrainOutput      
00002549  selectPinPushPullOutput       
00004823  sendArpRequest                
00004745  sendArpResponse               
0000339d  sendDhcpMessage               
00003921  sendDhcpPendingMessages       
20001236  sequenceId                    
00003329  setDhcpState                  
00002d07  setEtherBank                  
00003245  setEtherMacAddress            
00002c9f  setEtherReg                   
00003aff  setIpAddress                  
00003c5b  setIpDnsAddress               
00003be7  setIpGatewayAddress           
00003d43  setIpMqttBrokerAddress        
00003b73  setIpSubnetMask               
00003ccf  setIpTimeServerAddress        
0000279d  setPinAuxFunction             
00002683  setPinCommitControl           
00002a85  setPinValue                   
00002b0d  setPortValue                  
00005491  setSpi0BaudRate               
000054c7  setSpi0Mode                   
00005a9f  setUart0BaudRate              
00006705  snprintf                      
20001000  sockets                       
0000685d  sscanf                        
00002df5  startEtherMemRead             
00002dc7  startEtherMemWrite            
000043b5  startOneshotTimer             
0000443b  startPeriodicTimer            
00002e17  stopEtherMemRead              
00002ded  stopEtherMemWrite             
000044c1  stopTimer                     
20001118  strInput                      
00006a6f  strchr                        
00006a3f  strcmp                        
00006a85  strcpy                        
00006975  strcspn                       
00006a99  strlen                        
00006a57  strrchr                       
00006927  strspn                        
00003eb5  strtod                        
000067dd  strtok                        
00005925  strtol                        
00003eb5  strtold                       
00004e91  strtoll                       
00005db1  strtoul                       
00005555  strtoull                      
00006961  subscribeMqtt                 
00003dc9  sumIpWords                    
00004595  tickIsr                       
200011bc  ticks                         
00000cd3  timerTest                     
00002aab  togglePinValue                
200011f8  token                         
00006ae1  tolower                       
0000696b  unsubscribeMqtt               
00006999  waitMicrosecond               
00006abf  wcslen                        
000062c3  writeEeprom                   
00002dd9  writeEtherMem                 
00002d23  writeEtherPhy                 
00002c39  writeEtherReg                 
00005515  writeSpi0Data                 
200011fc  xid                           


GLOBAL SYMBOLS: SORTED BY Symbol Address 

address   name                          
-------   ----                          
00000000  __TI_static_base__            
00000000  g_pfnVectors                  
0000026d  initHw                        
000002ad  displayConnectionInfo         
00000603  readConfiguration             
000006c3  asciiToUint8                  
0000076d  processShell                  
00000cd3  timerTest                     
00000ce9  main                          
00000ea9  __TI_scanfi                   
00001000  __STACK_SIZE                  
000019bd  __TI_printfi                  
0000240b  __aeabi_idiv0                 
0000240b  __aeabi_ldiv0                 
0000240d  enablePort                    
000024c9  disablePort                   
00002549  selectPinPushPullOutput       
00002597  selectPinOpenDrainOutput      
000025e5  selectPinDigitalInput         
00002633  selectPinAnalogInput          
00002683  setPinCommitControl           
000026ff  enablePinPullup               
0000272d  disablePinPullup              
00002751  enablePinPulldown             
00002775  disablePinPulldown            
0000279d  setPinAuxFunction             
000028af  selectPinInterruptRisingEdge  
000028ff  selectPinInterruptFallingEdge 
0000294f  selectPinInterruptBothEdges   
000029a5  selectPinInterruptHighLevel   
000029df  selectPinInterruptLowLevel    
00002a19  enablePinInterrupt            
00002a3d  disablePinInterrupt           
00002a61  clearPinInterrupt             
00002a85  setPinValue                   
00002aab  togglePinValue                
00002acf  getPinValue                   
00002b0d  setPortValue                  
00002b85  getPortValue                  
00002c15  enableEtherCs                 
00002c2b  disableEtherCs                
00002c39  writeEtherReg                 
00002c6d  readEtherReg                  
00002c9f  setEtherReg                   
00002cd3  clearEtherReg                 
00002d07  setEtherBank                  
00002d23  writeEtherPhy                 
00002d5b  readEtherPhy                  
00002dc7  startEtherMemWrite            
00002dd9  writeEtherMem                 
00002ded  stopEtherMemWrite             
00002df5  startEtherMemRead             
00002e07  readEtherMem                  
00002e17  stopEtherMemRead              
00002e1f  initEther                     
00002fa5  isEtherLinkUp                 
00002fbf  isEtherDataAvailable          
00002fd9  isEtherOverflow               
00003009  getEtherPacket                
000030f9  putEtherPacket                
000031df  htons                         
00003203  htonl                         
0000322f  getEtherId                    
0000323b  incEtherId                    
00003245  setEtherMacAddress            
000032c9  getEtherMacAddress            
00003329  setDhcpState                  
0000333d  getDhcpState                  
00003343  callbackDhcpGetNewAddressTimer
00003345  requestDhcpNewAddress         
00003347  renewDhcp                     
00003349  callbackDhcpT1PeriodicTimer   
0000334b  callbackDhcpT1HitTimer        
0000334d  rebindDhcp                    
0000334f  callbackDhcpT2PeriodicTimer   
00003351  callbackDhcpT2HitTimer        
00003353  callbackDhcpLeaseEndTimer     
00003355  releaseDhcp                   
00003357  callbackDhcpIpConflictWindow  
00003361  requestDhcpIpConflictTest     
00003373  isDhcpIpConflictDetectionMode 
00003379  getDhcpLeaseSeconds           
0000337f  isDhcpResponse                
0000339d  sendDhcpMessage               
00003805  getDhcpOption                 
00003863  isDhcpOffer                   
000038e3  isDhcpAck                     
000038ff  handleDhcpAck                 
0000390b  isDhcpDiscoverNeeded          
00003911  isDhcpRequestNeeded           
00003917  isDhcpReleaseNeeded           
00003921  sendDhcpPendingMessages       
000039c5  processDhcpResponse           
000039d5  processDhcpArpResponse        
000039df  enableDhcp                    
000039e7  disableDhcp                   
000039ef  isDhcpEnabled                 
00003a09  isIp                          
00003a79  isIpUnicast                   
00003ad9  isEtherIpValid                
00003aff  setIpAddress                  
00003b39  getIpAddress                  
00003b73  setIpSubnetMask               
00003bad  getIpSubnetMask               
00003be7  setIpGatewayAddress           
00003c21  getIpGatewayAddress           
00003c5b  setIpDnsAddress               
00003c95  getIpDnsAddress               
00003ccf  setIpTimeServerAddress        
00003d09  getIpTimeServerAddress        
00003d43  setIpMqttBrokerAddress        
00003d81  getIpMqttBrokerAddress        
00003dc9  sumIpWords                    
00003e3d  getIpChecksum                 
00003e6f  calcIpChecksum                
00003eb5  strtod                        
00003eb5  strtold                       
00004315  initTimer                     
000043b5  startOneshotTimer             
0000443b  startPeriodicTimer            
000044c1  stopTimer                     
00004527  restartTimer                  
00004595  tickIsr                       
0000460f  random32                      
0000464d  isArpRequest                  
000046f1  isArpResponse                 
00004745  sendArpResponse               
00004823  sendArpRequest                
00004941  initSockets                   
00004979  newSocket                     
000049e3  deleteSocket                  
00004a4b  getSocketInfoFromArpResponse  
00004ac3  getSocketInfoFromUdpPacket    
00004b6d  getSocketInfoFromTcpPacket    
00004e91  strtoll                       
0000523d  __aeabi_dsub                  
00005247  __aeabi_dadd                  
000053f5  initSpi0                      
00005491  setSpi0BaudRate               
000054c7  setSpi0Mode                   
00005515  writeSpi0Data                 
0000552d  readSpi0Data                  
00005555  strtoull                      
000057ed  __aeabi_ddiv                  
00005925  strtol                        
00005a55  initUart0                     
00005a9f  setUart0BaudRate              
00005ae3  putcUart0                     
00005aff  putsUart0                     
00005b2b  getcUart0                     
00005b3f  kbhitUart0                    
00005ca1  ldexp                         
00005ca1  ldexpl                        
00005ca1  scalbn                        
00005ca1  scalbnl                       
00005db1  strtoul                       
00005ec1  __aeabi_dmul                  
0000606f  __aeabi_memcpy                
0000606f  __aeabi_memcpy4               
0000606f  __aeabi_memcpy8               
0000606f  memcpy                        
0000610b  __aeabi_uldivmod              
000061a1  __aeabi_cdcmpeq               
000061a1  __aeabi_cdcmple               
00006227  __aeabi_cdrcmple              
000062ad  initEeprom                    
000062c3  writeEeprom                   
000062f5  readEeprom                    
00006331  __aeabi_memclr                
00006331  __aeabi_memclr4               
00006331  __aeabi_memclr8               
00006333  __aeabi_memset                
00006333  __aeabi_memset4               
00006333  __aeabi_memset8               
00006339  memset                        
00006419  __aeabi_d2f                   
000064f1  __TI_decompress_lzss          
00006559  frexp                         
00006559  frexpl                        
00006613  __TI_ltoa                     
000066b9  atoi                          
00006705  snprintf                      
00006751  __aeabi_d2iz                  
00006799  __TI_auto_init_nobinit_nopinit
000067dd  strtok                        
0000685d  sscanf                        
00006895  _c_int00_noargs               
000068f9  __aeabi_i2d                   
00006927  strspn                        
00006951  connectMqtt                   
00006953  disconnectMqtt                
00006955  publishMqtt                   
00006961  subscribeMqtt                 
0000696b  unsubscribeMqtt               
00006975  strcspn                       
00006999  waitMicrosecond               
000069bd  __TI_zero_init_nomemset       
000069d9  memccpy                       
000069f5  copysign                      
000069f5  copysignl                     
00006a27  __aeabi_lmul                  
00006a3f  strcmp                        
00006a57  strrchr                       
00006a6f  strchr                        
00006a85  strcpy                        
00006a99  strlen                        
00006abf  wcslen                        
00006ad1  initSystemClockTo40Mhz        
00006ae1  tolower                       
00006af1  __TI_decompress_none          
00006aff  ResetISR                      
00006b0d  __aeabi_errno_addr            
00006b1d  _system_pre_init              
00006b21  C$$EXIT                       
00006b21  abort                         
00006b28  _ctypes_                      
00006d24  __TI_Handler_Table_Base       
00006d30  __TI_Handler_Table_Limit      
00006d38  __TI_CINIT_Base               
00006d48  __TI_CINIT_Limit              
20000000  __stack                       
20000000  __start___llvm_prf_cnts       
20000000  __stop___llvm_prf_cnts        
20000200  __STACK_TOP                   
20001000  __STACK_END                   
20001000  sockets                       
20001118  strInput                      
2000116c  fn                            
20001194  period                        
200011bc  ticks                         
200011e4  reload                        
200011f0  dhcpOfferedIpAdd              
200011f4  dhcpServerIpAdd               
200011f8  token                         
200011fc  xid                           
20001200  leaseSeconds                  
20001204  leaseT1                       
20001208  leaseT2                       
2000120c  discoverNeeded                
2000120d  requestNeeded                 
2000120e  releaseNeeded                 
2000120f  ipConflictDetectionMode       
20001210  dhcpState                     
20001211  dhcpEnabled                   
20001212  hwAddress                     
20001218  ipAddress                     
2000121c  ipDnsAddress                  
20001220  ipGwAddress                   
20001224  ipSubnetMask                  
20001228  ipTimeServerAddress           
2000122c  errno                         
20001234  nextPacketLsb                 
20001235  nextPacketMsb                 
20001236  sequenceId                    
20001237  count                         
ffffffff  __TI_pprof_out_hndl           
ffffffff  __TI_prof_data_size           
ffffffff  __TI_prof_data_start          
ffffffff  __binit__                     
ffffffff  __c_args__                    
ffffffff  binit                         
UNDEFED   __mpu_init                    
UNDEFED   _system_post_cinit            

[263 symbols]
