******************************************************************************
                  TI ARM Linker Unix v20.2.7                   
******************************************************************************
>> Linked Thu Mar  7 09:55:46 2024

OUTPUT FILE NAME:   <4352_Project-1.out>
ENTRY POINT SYMBOL: "_c_int00_noargs"  address: 00006565


MEMORY CONFIGURATION

         name            origin    length      used     unused   attr    fill
----------------------  --------  ---------  --------  --------  ----  --------
  FLASH                 00000000   00040000  00006a1c  000395e4  R  X
  SRAM                  20000000   00008000  00001238  00006dc8  RW X


SEGMENT ALLOCATION MAP

run origin  load origin   length   init length attrs members
----------  ----------- ---------- ----------- ----- -------
00000000    00000000    00006a20   00006a20    r-x
  00000000    00000000    0000026c   0000026c    r-- .intvecs
  0000026c    0000026c    00006588   00006588    r-x .text
  000067f8    000067f8    000001e0   000001e0    r-- .const
  000069d8    000069d8    00000048   00000048    r-- .cinit
20000000    20000000    00001238   00000000    rw-
  20000000    20000000    00001000   00000000    rw- .stack
  20001000    20001000    000001fc   00000000    rw- .bss
  200011fc    200011fc    0000003c   00000000    rw- .data


SECTION ALLOCATION MAP

 output                                  attributes/
section   page    origin      length       input sections
--------  ----  ----------  ----------   ----------------
.intvecs   0    00000000    0000026c     
                  00000000    0000026c     tm4c123gh6pm_startup_ccs.obj (.intvecs)

.text      0    0000026c    00006588     
                  0000026c    00000c3c     ethernet.obj (.text)
                  00000ea8    00000b14     rtsv7M4_T_le_v4SPD16_eabi.lib : _scanfi.c.obj (.text:__TI_scanfi)
                  000019bc    00000a4e                                   : _printfi.c.obj (.text:__TI_printfi)
                  0000240a    00000002                                   : div0.asm.obj (.text)
                  0000240c    00000808     gpio.obj (.text)
                  00002c14    00000714     eth0.obj (.text)
                  00003328    000006a4     dhcp.obj (.text)
                  000039cc    000004ac     ip.obj (.text)
                  00003e78    00000460     rtsv7M4_T_le_v4SPD16_eabi.lib : strtod.c.obj (.text:strtod)
                  000042d8    00000338     timer.obj (.text)
                  00004610    000002e0     socket.obj (.text)
                  000048f0    00000270     rtsv7M4_T_le_v4SPD16_eabi.lib : _printfi.c.obj (.text:_pconv_a)
                  00004b60    000001dc                                   : strtoll.c.obj (.text:strtoll)
                  00004d3c    000001d0                                   : _printfi.c.obj (.text:_pconv_g)
                  00004f0c    000001b6                                   : fd_add_t2.asm.obj (.text)
                  000050c2    00000002     --HOLE-- [fill = 0]
                  000050c4    00000160     spi0.obj (.text)
                  00005224    0000015c     rtsv7M4_T_le_v4SPD16_eabi.lib : strtoull.c.obj (.text:strtoull)
                  00005380    0000013c                                   : _printfi.c.obj (.text:_pconv_e)
                  000054bc    00000136                                   : fd_div_t2.asm.obj (.text)
                  000055f2    00000002     --HOLE-- [fill = 0]
                  000055f4    00000130                                   : strtol.c.obj (.text:strtol)
                  00005724    00000128     uart0.obj (.text)
                  0000584c    00000124     rtsv7M4_T_le_v4SPD16_eabi.lib : _printfi.c.obj (.text:fcvt)
                  00005970    00000110                                   : s_scalbn.c.obj (.text:scalbn)
                  00005a80    00000110                                   : strtoul.c.obj (.text:strtoul)
                  00005b90    000000fc                                   : fd_mul_t2.asm.obj (.text)
                  00005c8c    000000b1                                   : _printfi.c.obj (.text:_ltostr)
                  00005d3d    00000001     --HOLE-- [fill = 0]
                  00005d3e    0000009c                                   : memcpy_t2.asm.obj (.text)
                  00005dda    00000096                                   : ull_div_t2.asm.obj (.text)
                  00005e70    00000086                                   : fd_cmp_t2.asm.obj (.text:__aeabi_cdcmple)
                  00005ef6    00000086                                   : fd_cmp_t2.asm.obj (.text:__aeabi_cdrcmple)
                  00005f7c    00000084     eeprom.obj (.text)
                  00006000    0000007a     rtsv7M4_T_le_v4SPD16_eabi.lib : memset_t2.asm.obj (.text)
                  0000607a    0000006e                                   : _printfi.c.obj (.text:_mcpy)
                  000060e8    0000006e                                   : fd_tos_t2.asm.obj (.text)
                  00006156    00000002     --HOLE-- [fill = 0]
                  00006158    00000068                                   : sscanf.c.obj (.text:_chkmbc)
                  000061c0    00000068                                   : copy_decompress_lzss.c.obj (.text:decompress:lzss:__TI_decompress_lzss)
                  00006228    00000064                                   : s_frexp.c.obj (.text:frexp)
                  0000628c    00000056                                   : _printfi.c.obj (.text:_pconv_f)
                  000062e2    00000054                                   : _ltoa.c.obj (.text:__TI_ltoa)
                  00006336    00000052                                   : _printfi.c.obj (.text:_ecpy)
                  00006388    0000004c                                   : atoi.c.obj (.text:atoi)
                  000063d4    0000004c                                   : snprintf.c.obj (.text:snprintf)
                  00006420    00000048                                   : fd_toi_t2.asm.obj (.text)
                  00006468    00000044                                   : autoinit.c.obj (.text:__TI_auto_init_nobinit_nopinit:__TI_auto_init_nobinit_nopinit)
                  000064ac    00000040                                   : strtok.c.obj (.text:strtok)
                  000064ec    0000003e                                   : _printfi.c.obj (.text:_fcpy)
                  0000652a    00000002     --HOLE-- [fill = 0]
                  0000652c    00000038                                   : sscanf.c.obj (.text:sscanf)
                  00006564    00000034                                   : boot_cortex_m.c.obj (.text:_c_int00_noargs:_c_int00_noargs)
                  00006598    00000030                                   : snprintf.c.obj (.text:_outs)
                  000065c8    0000002e                                   : i_tofd_t2.asm.obj (.text)
                  000065f6    0000002a                                   : strspn.c.obj (.text:strspn)
                  00006620    00000024     mqtt.obj (.text)
                  00006644    00000024     rtsv7M4_T_le_v4SPD16_eabi.lib : strcspn.c.obj (.text:strcspn)
                  00006668    00000024     wait.obj (.text)
                  0000668c    0000001c     rtsv7M4_T_le_v4SPD16_eabi.lib : copy_zero_init.c.obj (.text:decompress:ZI:__TI_zero_init_nomemset:__TI_zero_init_nomemset)
                  000066a8    0000001c                                   : memccpy.c.obj (.text:memccpy)
                  000066c4    0000001a                                   : s_copysign.c.obj (.text:copysign)
                  000066de    00000018                                   : snprintf.c.obj (.text:_outc)
                  000066f6    00000018                                   : ll_mul_t2.asm.obj (.text)
                  0000670e    00000018                                   : strcmp.c.obj (.text:strcmp)
                  00006726    00000018                                   : strrchr.c.obj (.text:strrchr)
                  0000673e    00000016                                   : strchr.c.obj (.text:strchr)
                  00006754    00000014                                   : strcpy.c.obj (.text:strcpy)
                  00006768    00000014                                   : strlen.c.obj (.text:strlen)
                  0000677c    00000012                                   : sscanf.c.obj (.text:_inpchar)
                  0000678e    00000012                                   : wcslen.c.obj (.text:wcslen)
                  000067a0    00000010     clock.obj (.text)
                  000067b0    00000010     rtsv7M4_T_le_v4SPD16_eabi.lib : tolower.c.obj (.text:tolower)
                  000067c0    0000000e                                   : copy_decompress_none.c.obj (.text:decompress:none:__TI_decompress_none)
                  000067ce    0000000c     tm4c123gh6pm_startup_ccs.obj (.text)
                  000067da    00000002     --HOLE-- [fill = 0]
                  000067dc    00000008     rtsv7M4_T_le_v4SPD16_eabi.lib : errno.c.obj (.text:__aeabi_errno_addr)
                  000067e4    00000008                                   : sscanf.c.obj (.text:_uninpchar)
                  000067ec    00000004                                   : pre_init.c.obj (.text:_system_pre_init)
                  000067f0    00000004                                   : exit.c.obj (.text:abort:abort)

.const     0    000067f8    000001e0     
                  000067f8    00000101     rtsv7M4_T_le_v4SPD16_eabi.lib : ctype.c.obj (.const:.string:_ctypes_)
                  000068f9    00000007     --HOLE-- [fill = 0]
                  00006900    000000c8                                   : strtod.c.obj (.const:$O1$$)
                  000069c8    00000010                                   : _scanfi.c.obj (.const:$O1$$)

.cinit     0    000069d8    00000048     
                  000069d8    0000001e     (.cinit..data.load) [load image, compression = lzss]
                  000069f6    00000002     --HOLE-- [fill = 0]
                  000069f8    0000000c     (__TI_handler_table)
                  00006a04    00000004     --HOLE-- [fill = 0]
                  00006a08    00000008     (.cinit..bss.load) [load image, compression = zero_init]
                  00006a10    00000010     (__TI_cinit_table)

.init_array 
*          0    00000000    00000000     UNINITIALIZED

.bss       0    20001000    000001fc     UNINITIALIZED
                  20001000    00000118     (.common:sockets)
                  20001118    00000054     (.common:strInput)
                  2000116c    00000028     (.common:fn)
                  20001194    00000028     (.common:period)
                  200011bc    00000028     (.common:ticks)
                  200011e4    0000000c     (.common:reload)
                  200011f0    00000004     (.common:dhcpOfferedIpAdd)
                  200011f4    00000004     (.common:dhcpServerIpAdd)
                  200011f8    00000004     (.common:token)

.data      0    200011fc    0000003c     UNINITIALIZED
                  200011fc    00000016     dhcp.obj (.data)
                  20001212    00000006     eth0.obj (.data:hwAddress)
                  20001218    00000004     ip.obj (.data:ipAddress)
                  2000121c    00000004     ip.obj (.data:ipDnsAddress)
                  20001220    00000004     ip.obj (.data:ipGwAddress)
                  20001224    00000004     ip.obj (.data:ipSubnetMask)
                  20001228    00000004     ip.obj (.data:ipTimeServerAddress)
                  2000122c    00000004     rtsv7M4_T_le_v4SPD16_eabi.lib : errno.c.obj (.data)
                  20001230    00000004                                   : strtok.c.obj (.data)
                  20001234    00000003     eth0.obj (.data)
                  20001237    00000001     ethernet.obj (.data)

.stack     0    20000000    00001000     UNINITIALIZED
                  20000000    00000004     rtsv7M4_T_le_v4SPD16_eabi.lib : boot_cortex_m.c.obj (.stack)
                  20000004    00000ffc     --HOLE--

__llvm_prf_cnts 
*          0    20000000    00000000     UNINITIALIZED

MODULE SUMMARY

       Module                         code    ro data   rw data
       ------                         ----    -------   -------
    ./
       ethernet.obj                   3132    0         89     
       gpio.obj                       2056    0         0      
       eth0.obj                       1812    0         9      
       dhcp.obj                       1700    0         30     
       ip.obj                         1196    0         20     
       socket.obj                     736     0         280    
       timer.obj                      824     0         132    
       tm4c123gh6pm_startup_ccs.obj   12      620       0      
       spi0.obj                       352     0         0      
       uart0.obj                      296     0         0      
       eeprom.obj                     132     0         0      
       mqtt.obj                       36      0         0      
       wait.obj                       36      0         0      
       clock.obj                      16      0         0      
    +--+------------------------------+-------+---------+---------+
       Total:                         12336   620       560    
                                                               
    /home/rolo/.local/share/ti/ccs1240/ccs/tools/compiler/ti-cgt-arm_20.2.7.LTS/lib/rtsv7M4_T_le_v4SPD16_eabi.lib
       _printfi.c.obj                 4851    0         0      
       _scanfi.c.obj                  2836    16        0      
       strtod.c.obj                   1120    200       0      
       strtoll.c.obj                  476     0         0      
       fd_add_t2.asm.obj              438     0         0      
       strtoull.c.obj                 348     0         0      
       fd_div_t2.asm.obj              310     0         0      
       strtol.c.obj                   304     0         0      
       s_scalbn.c.obj                 272     0         0      
       strtoul.c.obj                  272     0         0      
       fd_cmp_t2.asm.obj              268     0         0      
       ctype.c.obj                    0       257       0      
       fd_mul_t2.asm.obj              252     0         0      
       sscanf.c.obj                   186     0         0      
       memcpy_t2.asm.obj              156     0         0      
       ull_div_t2.asm.obj             150     0         0      
       snprintf.c.obj                 148     0         0      
       memset_t2.asm.obj              122     0         0      
       fd_tos_t2.asm.obj              110     0         0      
       copy_decompress_lzss.c.obj     104     0         0      
       s_frexp.c.obj                  100     0         0      
       _ltoa.c.obj                    84      0         0      
       atoi.c.obj                     76      0         0      
       fd_toi_t2.asm.obj              72      0         0      
       autoinit.c.obj                 68      0         0      
       strtok.c.obj                   64      0         4      
       boot_cortex_m.c.obj            52      0         0      
       i_tofd_t2.asm.obj              46      0         0      
       strspn.c.obj                   42      0         0      
       strcspn.c.obj                  36      0         0      
       copy_zero_init.c.obj           28      0         0      
       memccpy.c.obj                  28      0         0      
       s_copysign.c.obj               26      0         0      
       ll_mul_t2.asm.obj              24      0         0      
       strcmp.c.obj                   24      0         0      
       strrchr.c.obj                  24      0         0      
       strchr.c.obj                   22      0         0      
       strcpy.c.obj                   20      0         0      
       strlen.c.obj                   20      0         0      
       wcslen.c.obj                   18      0         0      
       tolower.c.obj                  16      0         0      
       copy_decompress_none.c.obj     14      0         0      
       errno.c.obj                    8       0         4      
       exit.c.obj                     4       0         0      
       pre_init.c.obj                 4       0         0      
       div0.asm.obj                   2       0         0      
    +--+------------------------------+-------+---------+---------+
       Total:                         13645   473       8      
                                                               
       Stack:                         0       0         4096   
       Linker Generated:              0       66        0      
    +--+------------------------------+-------+---------+---------+
       Grand Total:                   25981   1159      4664   


LINKER GENERATED COPY TABLES

__TI_cinit_table @ 00006a10 records: 2, size/record: 8, table size: 16
	.data: load addr=000069d8, load size=0000001e bytes, run addr=200011fc, run size=0000003c bytes, compression=lzss
	.bss: load addr=00006a08, load size=00000008 bytes, run addr=20001000, run size=000001fc bytes, compression=zero_init


LINKER GENERATED HANDLER TABLE

__TI_handler_table @ 000069f8 records: 3, size/record: 4, table size: 12
	index: 0, handler: __TI_decompress_lzss
	index: 1, handler: __TI_decompress_none
	index: 2, handler: __TI_zero_init


GLOBAL SYMBOLS: SORTED ALPHABETICALLY BY Name 

address   name                          
-------   ----                          
000067f1  C$$EXIT                       
000067cf  ResetISR                      
20001000  __STACK_END                   
00001000  __STACK_SIZE                  
20000200  __STACK_TOP                   
00006a10  __TI_CINIT_Base               
00006a20  __TI_CINIT_Limit              
000069f8  __TI_Handler_Table_Base       
00006a04  __TI_Handler_Table_Limit      
00006469  __TI_auto_init_nobinit_nopinit
000061c1  __TI_decompress_lzss          
000067c1  __TI_decompress_none          
000062e3  __TI_ltoa                     
ffffffff  __TI_pprof_out_hndl           
000019bd  __TI_printfi                  
ffffffff  __TI_prof_data_size           
ffffffff  __TI_prof_data_start          
00000ea9  __TI_scanfi                   
00000000  __TI_static_base__            
0000668d  __TI_zero_init_nomemset       
00005e71  __aeabi_cdcmpeq               
00005e71  __aeabi_cdcmple               
00005ef7  __aeabi_cdrcmple              
000060e9  __aeabi_d2f                   
00006421  __aeabi_d2iz                  
00004f17  __aeabi_dadd                  
000054bd  __aeabi_ddiv                  
00005b91  __aeabi_dmul                  
00004f0d  __aeabi_dsub                  
000067dd  __aeabi_errno_addr            
000065c9  __aeabi_i2d                   
0000240b  __aeabi_idiv0                 
0000240b  __aeabi_ldiv0                 
000066f7  __aeabi_lmul                  
00006001  __aeabi_memclr                
00006001  __aeabi_memclr4               
00006001  __aeabi_memclr8               
00005d3f  __aeabi_memcpy                
00005d3f  __aeabi_memcpy4               
00005d3f  __aeabi_memcpy8               
00006003  __aeabi_memset                
00006003  __aeabi_memset4               
00006003  __aeabi_memset8               
00005ddb  __aeabi_uldivmod              
ffffffff  __binit__                     
ffffffff  __c_args__                    
UNDEFED   __mpu_init                    
20000000  __stack                       
20000000  __start___llvm_prf_cnts       
20000000  __stop___llvm_prf_cnts        
00006565  _c_int00_noargs               
000067f8  _ctypes_                      
UNDEFED   _system_post_cinit            
000067ed  _system_pre_init              
000067f1  abort                         
000006c3  asciiToUint8                  
00006389  atoi                          
ffffffff  binit                         
00003e33  calcIpChecksum                
00003343  callbackDhcpGetNewAddressTimer
00003357  callbackDhcpIpConflictWindow  
00003353  callbackDhcpLeaseEndTimer     
0000334b  callbackDhcpT1HitTimer        
00003349  callbackDhcpT1PeriodicTimer   
00003351  callbackDhcpT2HitTimer        
0000334f  callbackDhcpT2PeriodicTimer   
00002cd3  clearEtherReg                 
00002a61  clearPinInterrupt             
00006621  connectMqtt                   
000066c5  copysign                      
000066c5  copysignl                     
20001237  count                         
000046b3  deleteSocket                  
20001211  dhcpEnabled                   
200011f0  dhcpOfferedIpAdd              
200011f4  dhcpServerIpAdd               
20001210  dhcpState                     
000039ab  disableDhcp                   
00002c2b  disableEtherCs                
00002a3d  disablePinInterrupt           
00002775  disablePinPulldown            
0000272d  disablePinPullup              
000024c9  disablePort                   
00006623  disconnectMqtt                
2000120c  discoverNeeded                
000002ad  displayConnectionInfo         
000039a3  enableDhcp                    
00002c15  enableEtherCs                 
00002a19  enablePinInterrupt            
00002751  enablePinPulldown             
000026ff  enablePinPullup               
0000240d  enablePort                    
2000122c  errno                         
2000116c  fn                            
00006229  frexp                         
00006229  frexpl                        
00000000  g_pfnVectors                  
00003361  getDhcpLeaseSeconds           
0000381d  getDhcpOption                 
0000333d  getDhcpState                  
0000322f  getEtherId                    
000032c9  getEtherMacAddress            
00003009  getEtherPacket                
00003afd  getIpAddress                  
00003e01  getIpChecksum                 
00003c59  getIpDnsAddress               
00003be5  getIpGatewayAddress           
00003d45  getIpMqttBrokerAddress        
00003b71  getIpSubnetMask               
00003ccd  getIpTimeServerAddress        
00002acf  getPinValue                   
00002b85  getPortValue                  
0000471b  getSocketInfoFromArpResponse  
0000483d  getSocketInfoFromTcpPacket    
00004793  getSocketInfoFromUdpPacket    
000057fb  getcUart0                     
000038dd  handleDhcpAck                 
00003203  htonl                         
000031df  htons                         
20001212  hwAddress                     
0000323b  incEtherId                    
00005f7d  initEeprom                    
00002e1f  initEther                     
0000026d  initHw                        
00004611  initSockets                   
000050c5  initSpi0                      
000067a1  initSystemClockTo40Mhz        
000042d9  initTimer                     
00005725  initUart0                     
20001218  ipAddress                     
2000120f  ipConflictDetectionMode       
2000121c  ipDnsAddress                  
20001220  ipGwAddress                   
20001224  ipSubnetMask                  
20001228  ipTimeServerAddress           
000038c1  isDhcpAck                     
000038ed  isDhcpDiscoverNeeded          
000039b3  isDhcpEnabled                 
0000335b  isDhcpIpConflictDetectionMode 
0000387b  isDhcpOffer                   
000038fd  isDhcpReleaseNeeded           
000038f3  isDhcpRequestNeeded           
00003367  isDhcpResponse                
00002fbf  isEtherDataAvailable          
00003a9d  isEtherIpValid                
00002fa5  isEtherLinkUp                 
00002fd9  isEtherOverflow               
000039cd  isIp                          
00003a3d  isIpUnicast                   
0000580f  kbhitUart0                    
00005971  ldexp                         
00005971  ldexpl                        
20001200  leaseSeconds                  
20001204  leaseT1                       
20001208  leaseT2                       
00000ce9  main                          
000066a9  memccpy                       
00005d3f  memcpy                        
00006009  memset                        
00004649  newSocket                     
20001234  nextPacketLsb                 
20001235  nextPacketMsb                 
20001194  period                        
00003999  processDhcpArpResponse        
0000398f  processDhcpResponse           
0000076d  processShell                  
00006625  publishMqtt                   
000030f9  putEtherPacket                
000057b3  putcUart0                     
000057cf  putsUart0                     
000045d3  random32                      
00000603  readConfiguration             
00005fc5  readEeprom                    
00002e07  readEtherMem                  
00002d5b  readEtherPhy                  
00002c6d  readEtherReg                  
000051fd  readSpi0Data                  
0000334d  rebindDhcp                    
00003355  releaseDhcp                   
2000120e  releaseNeeded                 
200011e4  reload                        
00003347  renewDhcp                     
00003359  requestDhcpIpConflictTest     
00003345  requestDhcpNewAddress         
2000120d  requestNeeded                 
000044eb  restartTimer                  
00005971  scalbn                        
00005971  scalbnl                       
00002633  selectPinAnalogInput          
000025e5  selectPinDigitalInput         
0000294f  selectPinInterruptBothEdges   
000028ff  selectPinInterruptFallingEdge 
000029a5  selectPinInterruptHighLevel   
000029df  selectPinInterruptLowLevel    
000028af  selectPinInterruptRisingEdge  
00002597  selectPinOpenDrainOutput      
00002549  selectPinPushPullOutput       
0000337d  sendDhcpMessage               
00003909  sendDhcpPendingMessages       
20001236  sequenceId                    
00003329  setDhcpState                  
00002d07  setEtherBank                  
00003245  setEtherMacAddress            
00002c9f  setEtherReg                   
00003ac3  setIpAddress                  
00003c1f  setIpDnsAddress               
00003bab  setIpGatewayAddress           
00003d07  setIpMqttBrokerAddress        
00003b37  setIpSubnetMask               
00003c93  setIpTimeServerAddress        
0000279d  setPinAuxFunction             
00002683  setPinCommitControl           
00002a85  setPinValue                   
00002b0d  setPortValue                  
00005161  setSpi0BaudRate               
00005197  setSpi0Mode                   
0000576f  setUart0BaudRate              
000063d5  snprintf                      
20001000  sockets                       
0000652d  sscanf                        
00002df5  startEtherMemRead             
00002dc7  startEtherMemWrite            
00004379  startOneshotTimer             
000043ff  startPeriodicTimer            
00002e17  stopEtherMemRead              
00002ded  stopEtherMemWrite             
00004485  stopTimer                     
20001118  strInput                      
0000673f  strchr                        
0000670f  strcmp                        
00006755  strcpy                        
00006645  strcspn                       
00006769  strlen                        
00006727  strrchr                       
000065f7  strspn                        
00003e79  strtod                        
000064ad  strtok                        
000055f5  strtol                        
00003e79  strtold                       
00004b61  strtoll                       
00005a81  strtoul                       
00005225  strtoull                      
00006631  subscribeMqtt                 
00003d8d  sumIpWords                    
00004559  tickIsr                       
200011bc  ticks                         
00000cd3  timerTest                     
00002aab  togglePinValue                
200011f8  token                         
000067b1  tolower                       
0000663b  unsubscribeMqtt               
00006669  waitMicrosecond               
0000678f  wcslen                        
00005f93  writeEeprom                   
00002dd9  writeEtherMem                 
00002d23  writeEtherPhy                 
00002c39  writeEtherReg                 
000051e5  writeSpi0Data                 
200011fc  xid                           


GLOBAL SYMBOLS: SORTED BY Symbol Address 

address   name                          
-------   ----                          
00000000  __TI_static_base__            
00000000  g_pfnVectors                  
0000026d  initHw                        
000002ad  displayConnectionInfo         
00000603  readConfiguration             
000006c3  asciiToUint8                  
0000076d  processShell                  
00000cd3  timerTest                     
00000ce9  main                          
00000ea9  __TI_scanfi                   
00001000  __STACK_SIZE                  
000019bd  __TI_printfi                  
0000240b  __aeabi_idiv0                 
0000240b  __aeabi_ldiv0                 
0000240d  enablePort                    
000024c9  disablePort                   
00002549  selectPinPushPullOutput       
00002597  selectPinOpenDrainOutput      
000025e5  selectPinDigitalInput         
00002633  selectPinAnalogInput          
00002683  setPinCommitControl           
000026ff  enablePinPullup               
0000272d  disablePinPullup              
00002751  enablePinPulldown             
00002775  disablePinPulldown            
0000279d  setPinAuxFunction             
000028af  selectPinInterruptRisingEdge  
000028ff  selectPinInterruptFallingEdge 
0000294f  selectPinInterruptBothEdges   
000029a5  selectPinInterruptHighLevel   
000029df  selectPinInterruptLowLevel    
00002a19  enablePinInterrupt            
00002a3d  disablePinInterrupt           
00002a61  clearPinInterrupt             
00002a85  setPinValue                   
00002aab  togglePinValue                
00002acf  getPinValue                   
00002b0d  setPortValue                  
00002b85  getPortValue                  
00002c15  enableEtherCs                 
00002c2b  disableEtherCs                
00002c39  writeEtherReg                 
00002c6d  readEtherReg                  
00002c9f  setEtherReg                   
00002cd3  clearEtherReg                 
00002d07  setEtherBank                  
00002d23  writeEtherPhy                 
00002d5b  readEtherPhy                  
00002dc7  startEtherMemWrite            
00002dd9  writeEtherMem                 
00002ded  stopEtherMemWrite             
00002df5  startEtherMemRead             
00002e07  readEtherMem                  
00002e17  stopEtherMemRead              
00002e1f  initEther                     
00002fa5  isEtherLinkUp                 
00002fbf  isEtherDataAvailable          
00002fd9  isEtherOverflow               
00003009  getEtherPacket                
000030f9  putEtherPacket                
000031df  htons                         
00003203  htonl                         
0000322f  getEtherId                    
0000323b  incEtherId                    
00003245  setEtherMacAddress            
000032c9  getEtherMacAddress            
00003329  setDhcpState                  
0000333d  getDhcpState                  
00003343  callbackDhcpGetNewAddressTimer
00003345  requestDhcpNewAddress         
00003347  renewDhcp                     
00003349  callbackDhcpT1PeriodicTimer   
0000334b  callbackDhcpT1HitTimer        
0000334d  rebindDhcp                    
0000334f  callbackDhcpT2PeriodicTimer   
00003351  callbackDhcpT2HitTimer        
00003353  callbackDhcpLeaseEndTimer     
00003355  releaseDhcp                   
00003357  callbackDhcpIpConflictWindow  
00003359  requestDhcpIpConflictTest     
0000335b  isDhcpIpConflictDetectionMode 
00003361  getDhcpLeaseSeconds           
00003367  isDhcpResponse                
0000337d  sendDhcpMessage               
0000381d  getDhcpOption                 
0000387b  isDhcpOffer                   
000038c1  isDhcpAck                     
000038dd  handleDhcpAck                 
000038ed  isDhcpDiscoverNeeded          
000038f3  isDhcpRequestNeeded           
000038fd  isDhcpReleaseNeeded           
00003909  sendDhcpPendingMessages       
0000398f  processDhcpResponse           
00003999  processDhcpArpResponse        
000039a3  enableDhcp                    
000039ab  disableDhcp                   
000039b3  isDhcpEnabled                 
000039cd  isIp                          
00003a3d  isIpUnicast                   
00003a9d  isEtherIpValid                
00003ac3  setIpAddress                  
00003afd  getIpAddress                  
00003b37  setIpSubnetMask               
00003b71  getIpSubnetMask               
00003bab  setIpGatewayAddress           
00003be5  getIpGatewayAddress           
00003c1f  setIpDnsAddress               
00003c59  getIpDnsAddress               
00003c93  setIpTimeServerAddress        
00003ccd  getIpTimeServerAddress        
00003d07  setIpMqttBrokerAddress        
00003d45  getIpMqttBrokerAddress        
00003d8d  sumIpWords                    
00003e01  getIpChecksum                 
00003e33  calcIpChecksum                
00003e79  strtod                        
00003e79  strtold                       
000042d9  initTimer                     
00004379  startOneshotTimer             
000043ff  startPeriodicTimer            
00004485  stopTimer                     
000044eb  restartTimer                  
00004559  tickIsr                       
000045d3  random32                      
00004611  initSockets                   
00004649  newSocket                     
000046b3  deleteSocket                  
0000471b  getSocketInfoFromArpResponse  
00004793  getSocketInfoFromUdpPacket    
0000483d  getSocketInfoFromTcpPacket    
00004b61  strtoll                       
00004f0d  __aeabi_dsub                  
00004f17  __aeabi_dadd                  
000050c5  initSpi0                      
00005161  setSpi0BaudRate               
00005197  setSpi0Mode                   
000051e5  writeSpi0Data                 
000051fd  readSpi0Data                  
00005225  strtoull                      
000054bd  __aeabi_ddiv                  
000055f5  strtol                        
00005725  initUart0                     
0000576f  setUart0BaudRate              
000057b3  putcUart0                     
000057cf  putsUart0                     
000057fb  getcUart0                     
0000580f  kbhitUart0                    
00005971  ldexp                         
00005971  ldexpl                        
00005971  scalbn                        
00005971  scalbnl                       
00005a81  strtoul                       
00005b91  __aeabi_dmul                  
00005d3f  __aeabi_memcpy                
00005d3f  __aeabi_memcpy4               
00005d3f  __aeabi_memcpy8               
00005d3f  memcpy                        
00005ddb  __aeabi_uldivmod              
00005e71  __aeabi_cdcmpeq               
00005e71  __aeabi_cdcmple               
00005ef7  __aeabi_cdrcmple              
00005f7d  initEeprom                    
00005f93  writeEeprom                   
00005fc5  readEeprom                    
00006001  __aeabi_memclr                
00006001  __aeabi_memclr4               
00006001  __aeabi_memclr8               
00006003  __aeabi_memset                
00006003  __aeabi_memset4               
00006003  __aeabi_memset8               
00006009  memset                        
000060e9  __aeabi_d2f                   
000061c1  __TI_decompress_lzss          
00006229  frexp                         
00006229  frexpl                        
000062e3  __TI_ltoa                     
00006389  atoi                          
000063d5  snprintf                      
00006421  __aeabi_d2iz                  
00006469  __TI_auto_init_nobinit_nopinit
000064ad  strtok                        
0000652d  sscanf                        
00006565  _c_int00_noargs               
000065c9  __aeabi_i2d                   
000065f7  strspn                        
00006621  connectMqtt                   
00006623  disconnectMqtt                
00006625  publishMqtt                   
00006631  subscribeMqtt                 
0000663b  unsubscribeMqtt               
00006645  strcspn                       
00006669  waitMicrosecond               
0000668d  __TI_zero_init_nomemset       
000066a9  memccpy                       
000066c5  copysign                      
000066c5  copysignl                     
000066f7  __aeabi_lmul                  
0000670f  strcmp                        
00006727  strrchr                       
0000673f  strchr                        
00006755  strcpy                        
00006769  strlen                        
0000678f  wcslen                        
000067a1  initSystemClockTo40Mhz        
000067b1  tolower                       
000067c1  __TI_decompress_none          
000067cf  ResetISR                      
000067dd  __aeabi_errno_addr            
000067ed  _system_pre_init              
000067f1  C$$EXIT                       
000067f1  abort                         
000067f8  _ctypes_                      
000069f8  __TI_Handler_Table_Base       
00006a04  __TI_Handler_Table_Limit      
00006a10  __TI_CINIT_Base               
00006a20  __TI_CINIT_Limit              
20000000  __stack                       
20000000  __start___llvm_prf_cnts       
20000000  __stop___llvm_prf_cnts        
20000200  __STACK_TOP                   
20001000  __STACK_END                   
20001000  sockets                       
20001118  strInput                      
2000116c  fn                            
20001194  period                        
200011bc  ticks                         
200011e4  reload                        
200011f0  dhcpOfferedIpAdd              
200011f4  dhcpServerIpAdd               
200011f8  token                         
200011fc  xid                           
20001200  leaseSeconds                  
20001204  leaseT1                       
20001208  leaseT2                       
2000120c  discoverNeeded                
2000120d  requestNeeded                 
2000120e  releaseNeeded                 
2000120f  ipConflictDetectionMode       
20001210  dhcpState                     
20001211  dhcpEnabled                   
20001212  hwAddress                     
20001218  ipAddress                     
2000121c  ipDnsAddress                  
20001220  ipGwAddress                   
20001224  ipSubnetMask                  
20001228  ipTimeServerAddress           
2000122c  errno                         
20001234  nextPacketLsb                 
20001235  nextPacketMsb                 
20001236  sequenceId                    
20001237  count                         
ffffffff  __TI_pprof_out_hndl           
ffffffff  __TI_prof_data_size           
ffffffff  __TI_prof_data_start          
ffffffff  __binit__                     
ffffffff  __c_args__                    
ffffffff  binit                         
UNDEFED   __mpu_init                    
UNDEFED   _system_post_cinit            

[259 symbols]
