******************************************************************************
                  TI ARM Linker Unix v20.2.7                   
******************************************************************************
>> Linked Tue Mar 19 13:43:44 2024

OUTPUT FILE NAME:   <4352_Project-1.out>
ENTRY POINT SYMBOL: "_c_int00_noargs"  address: 00005c75


MEMORY CONFIGURATION

         name            origin    length      used     unused   attr    fill
----------------------  --------  ---------  --------  --------  ----  --------
  FLASH                 00000000   00040000  00006128  00039ed8  R  X
  SRAM                  20000000   00008000  00000453  00007bad  RW X


SEGMENT ALLOCATION MAP

run origin  load origin   length   init length attrs members
----------  ----------- ---------- ----------- ----- -------
00000000    00000000    00006128   00006128    r-x
  00000000    00000000    0000026c   0000026c    r-- .intvecs
  0000026c    0000026c    00005c94   00005c94    r-x .text
  00005f00    00005f00    000001e0   000001e0    r-- .const
  000060e0    000060e0    00000048   00000048    r-- .cinit
20000000    20000000    00000453   00000000    rw-
  20000000    20000000    00000210   00000000    rw- .bss
  20000210    20000210    00000200   00000000    rw- .stack
  20000410    20000410    00000043   00000000    rw- .data


SECTION ALLOCATION MAP

 output                                  attributes/
section   page    origin      length       input sections
--------  ----  ----------  ----------   ----------------
.intvecs   0    00000000    0000026c     
                  00000000    0000026c     tm4c123gh6pm_startup_ccs.obj (.intvecs)

.text      0    0000026c    00005c94     
                  0000026c    00000b14     rtsv7M4_T_le_v4SPD16_eabi.lib : _scanfi.c.obj (.text:__TI_scanfi)
                  00000d80    00000a84     ethernet.obj (.text)
                  00001804    00000a4e     rtsv7M4_T_le_v4SPD16_eabi.lib : _printfi.c.obj (.text:__TI_printfi)
                  00002252    00000002                                   : div0.asm.obj (.text)
                  00002254    00000828     dhcp.obj (.text)
                  00002a7c    00000548     eth0.obj (.text)
                  00002fc4    00000460     rtsv7M4_T_le_v4SPD16_eabi.lib : strtod.c.obj (.text:strtod)
                  00003424    000003e4     gpio.obj (.text)
                  00003808    00000270     rtsv7M4_T_le_v4SPD16_eabi.lib : _printfi.c.obj (.text:_pconv_a)
                  00003a78    0000020c     ip.obj (.text)
                  00003c84    000001dc     rtsv7M4_T_le_v4SPD16_eabi.lib : strtoll.c.obj (.text:strtoll)
                  00003e60    000001d0                                   : _printfi.c.obj (.text:_pconv_g)
                  00004030    000001ca     udp.obj (.text)
                  000041fa    00000002     --HOLE-- [fill = 0]
                  000041fc    000001bc     timer.obj (.text)
                  000043b8    000001b6     rtsv7M4_T_le_v4SPD16_eabi.lib : fd_add_t2.asm.obj (.text)
                  0000456e    0000016a     arp.obj (.text)
                  000046d8    0000015c     rtsv7M4_T_le_v4SPD16_eabi.lib : strtoull.c.obj (.text:strtoull)
                  00004834    0000013c                                   : _printfi.c.obj (.text:_pconv_e)
                  00004970    00000138     socket.obj (.text)
                  00004aa8    00000136     rtsv7M4_T_le_v4SPD16_eabi.lib : fd_div_t2.asm.obj (.text)
                  00004bde    00000002     --HOLE-- [fill = 0]
                  00004be0    00000130                                   : strtol.c.obj (.text:strtol)
                  00004d10    00000124                                   : _printfi.c.obj (.text:fcvt)
                  00004e34    00000114     spi0.obj (.text)
                  00004f48    00000110     rtsv7M4_T_le_v4SPD16_eabi.lib : s_scalbn.c.obj (.text:scalbn)
                  00005058    00000110                                   : strtoul.c.obj (.text:strtoul)
                  00005168    000000fc                                   : fd_mul_t2.asm.obj (.text)
                  00005264    000000cc     uart0.obj (.text)
                  00005330    000000b1     rtsv7M4_T_le_v4SPD16_eabi.lib : _printfi.c.obj (.text:_ltostr)
                  000053e1    00000001     --HOLE-- [fill = 0]
                  000053e2    000000a8     icmp.obj (.text)
                  0000548a    0000009c     rtsv7M4_T_le_v4SPD16_eabi.lib : memcpy_t2.asm.obj (.text)
                  00005526    00000096                                   : ull_div_t2.asm.obj (.text)
                  000055bc    00000086                                   : fd_cmp_t2.asm.obj (.text:__aeabi_cdcmple)
                  00005642    00000086                                   : fd_cmp_t2.asm.obj (.text:__aeabi_cdrcmple)
                  000056c8    0000007a                                   : memset_t2.asm.obj (.text)
                  00005742    0000006e                                   : _printfi.c.obj (.text:_mcpy)
                  000057b0    0000006e                                   : fd_tos_t2.asm.obj (.text)
                  0000581e    00000002     --HOLE-- [fill = 0]
                  00005820    00000068                                   : sscanf.c.obj (.text:_chkmbc)
                  00005888    00000068                                   : copy_decompress_lzss.c.obj (.text:decompress:lzss:__TI_decompress_lzss)
                  000058f0    00000064                                   : s_frexp.c.obj (.text:frexp)
                  00005954    00000056                                   : _printfi.c.obj (.text:_pconv_f)
                  000059aa    00000054                                   : _ltoa.c.obj (.text:__TI_ltoa)
                  000059fe    00000052                                   : _printfi.c.obj (.text:_ecpy)
                  00005a50    0000004c                                   : atoi.c.obj (.text:atoi)
                  00005a9c    0000004c                                   : snprintf.c.obj (.text:snprintf)
                  00005ae8    00000048     eeprom.obj (.text)
                  00005b30    00000048     rtsv7M4_T_le_v4SPD16_eabi.lib : fd_toi_t2.asm.obj (.text)
                  00005b78    00000044                                   : autoinit.c.obj (.text:__TI_auto_init_nobinit_nopinit:__TI_auto_init_nobinit_nopinit)
                  00005bbc    00000040                                   : strtok.c.obj (.text:strtok)
                  00005bfc    0000003e                                   : _printfi.c.obj (.text:_fcpy)
                  00005c3a    00000002     --HOLE-- [fill = 0]
                  00005c3c    00000038                                   : sscanf.c.obj (.text:sscanf)
                  00005c74    00000034                                   : boot_cortex_m.c.obj (.text:_c_int00_noargs:_c_int00_noargs)
                  00005ca8    00000030                                   : snprintf.c.obj (.text:_outs)
                  00005cd8    0000002e                                   : i_tofd_t2.asm.obj (.text)
                  00005d06    00000002     --HOLE-- [fill = 0]
                  00005d08    0000002c     tcp.obj (.text)
                  00005d34    0000002a     rtsv7M4_T_le_v4SPD16_eabi.lib : strspn.c.obj (.text:strspn)
                  00005d5e    00000024                                   : strcspn.c.obj (.text:strcspn)
                  00005d82    0000001c                                   : copy_zero_init.c.obj (.text:decompress:ZI:__TI_zero_init_nomemset:__TI_zero_init_nomemset)
                  00005d9e    0000001c                                   : memccpy.c.obj (.text:memccpy)
                  00005dba    0000001c     wait.obj (.text)
                  00005dd6    0000001a     rtsv7M4_T_le_v4SPD16_eabi.lib : s_copysign.c.obj (.text:copysign)
                  00005df0    00000018                                   : snprintf.c.obj (.text:_outc)
                  00005e08    00000018                                   : ll_mul_t2.asm.obj (.text)
                  00005e20    00000018                                   : strcmp.c.obj (.text:strcmp)
                  00005e38    00000018                                   : strrchr.c.obj (.text:strrchr)
                  00005e50    00000016                                   : strchr.c.obj (.text:strchr)
                  00005e66    00000014                                   : strcpy.c.obj (.text:strcpy)
                  00005e7a    00000014                                   : strlen.c.obj (.text:strlen)
                  00005e8e    00000012                                   : sscanf.c.obj (.text:_inpchar)
                  00005ea0    00000012                                   : wcslen.c.obj (.text:wcslen)
                  00005eb2    00000002     --HOLE-- [fill = 0]
                  00005eb4    00000010     clock.obj (.text)
                  00005ec4    0000000e     rtsv7M4_T_le_v4SPD16_eabi.lib : copy_decompress_none.c.obj (.text:decompress:none:__TI_decompress_none)
                  00005ed2    0000000c     tm4c123gh6pm_startup_ccs.obj (.text)
                  00005ede    0000000a     mqtt.obj (.text)
                  00005ee8    00000008     rtsv7M4_T_le_v4SPD16_eabi.lib : errno.c.obj (.text:__aeabi_errno_addr)
                  00005ef0    00000008                                   : sscanf.c.obj (.text:_uninpchar)
                  00005ef8    00000004                                   : pre_init.c.obj (.text:_system_pre_init)
                  00005efc    00000004                                   : exit.c.obj (.text:abort:abort)

.const     0    00005f00    000001e0     
                  00005f00    00000101     rtsv7M4_T_le_v4SPD16_eabi.lib : ctype.c.obj (.const:.string:_ctypes_)
                  00006001    00000007     --HOLE-- [fill = 0]
                  00006008    000000c8                                   : strtod.c.obj (.const:$O1$$)
                  000060d0    00000010                                   : _scanfi.c.obj (.const:$O1$$)

.cinit     0    000060e0    00000048     
                  000060e0    00000020     (.cinit..data.load) [load image, compression = lzss]
                  00006100    0000000c     (__TI_handler_table)
                  0000610c    00000004     --HOLE-- [fill = 0]
                  00006110    00000008     (.cinit..bss.load) [load image, compression = zero_init]
                  00006118    00000010     (__TI_cinit_table)

.init_array 
*          0    00000000    00000000     UNINITIALIZED

.bss       0    20000000    00000210     UNINITIALIZED
                  20000000    00000118     (.common:sockets)
                  20000118    00000054     (.common:strInput)
                  2000016c    00000028     (.common:fn)
                  20000194    00000028     (.common:period)
                  200001bc    00000028     (.common:ticks)
                  200001e4    0000000c     (.common:reload)
                  200001f0    00000004     (.common:dhcpOfferedIpAdd)
                  200001f4    00000004     (.common:dhcpServerIpAdd)
                  200001f8    00000004     (.common:tcpState)
                  200001fc    00000004     (.common:tempDns)
                  20000200    00000004     (.common:tempGw)
                  20000204    00000004     (.common:tempLs)
                  20000208    00000004     (.common:tempSub)
                  2000020c    00000004     (.common:token)

.data      0    20000410    00000043     UNINITIALIZED
                  20000410    0000001c     dhcp.obj (.data)
                  2000042c    00000006     eth0.obj (.data:hwAddress)
                  20000432    00000004     ip.obj (.data:ipAddress)
                  20000436    00000004     ip.obj (.data:ipDnsAddress)
                  2000043a    00000004     ip.obj (.data:ipGwAddress)
                  2000043e    00000004     ip.obj (.data:ipSubnetMask)
                  20000442    00000004     ip.obj (.data:ipTimeServerAddress)
                  20000446    00000001     ethernet.obj (.data)
                  20000447    00000001     --HOLE--
                  20000448    00000004     rtsv7M4_T_le_v4SPD16_eabi.lib : errno.c.obj (.data)
                  2000044c    00000004                                   : strtok.c.obj (.data)
                  20000450    00000003     eth0.obj (.data)

.stack     0    20000210    00000200     UNINITIALIZED
                  20000210    00000004     rtsv7M4_T_le_v4SPD16_eabi.lib : boot_cortex_m.c.obj (.stack)
                  20000214    000001fc     --HOLE--

__llvm_prf_cnts 
*          0    20000000    00000000     UNINITIALIZED

MODULE SUMMARY

       Module                         code    ro data   rw data
       ------                         ----    -------   -------
    ./
       ethernet.obj                   2692    0         89     
       dhcp.obj                       2088    0         52     
       eth0.obj                       1352    0         9      
       gpio.obj                       996     0         0      
       tm4c123gh6pm_startup_ccs.obj   12      620       0      
       socket.obj                     312     0         280    
       timer.obj                      444     0         132    
       ip.obj                         524     0         20     
       udp.obj                        458     0         0      
       arp.obj                        362     0         0      
       spi0.obj                       276     0         0      
       uart0.obj                      204     0         0      
       icmp.obj                       168     0         0      
       eeprom.obj                     72      0         0      
       tcp.obj                        44      0         4      
       wait.obj                       28      0         0      
       clock.obj                      16      0         0      
       mqtt.obj                       10      0         0      
    +--+------------------------------+-------+---------+---------+
       Total:                         10058   620       586    
                                                               
    /home/rolo/.local/share/ti/ccs1240/ccs/tools/compiler/ti-cgt-arm_20.2.7.LTS/lib/rtsv7M4_T_le_v4SPD16_eabi.lib
       _printfi.c.obj                 4851    0         0      
       _scanfi.c.obj                  2836    16        0      
       strtod.c.obj                   1120    200       0      
       strtoll.c.obj                  476     0         0      
       fd_add_t2.asm.obj              438     0         0      
       strtoull.c.obj                 348     0         0      
       fd_div_t2.asm.obj              310     0         0      
       strtol.c.obj                   304     0         0      
       s_scalbn.c.obj                 272     0         0      
       strtoul.c.obj                  272     0         0      
       fd_cmp_t2.asm.obj              268     0         0      
       ctype.c.obj                    0       257       0      
       fd_mul_t2.asm.obj              252     0         0      
       sscanf.c.obj                   186     0         0      
       memcpy_t2.asm.obj              156     0         0      
       ull_div_t2.asm.obj             150     0         0      
       snprintf.c.obj                 148     0         0      
       memset_t2.asm.obj              122     0         0      
       fd_tos_t2.asm.obj              110     0         0      
       copy_decompress_lzss.c.obj     104     0         0      
       s_frexp.c.obj                  100     0         0      
       _ltoa.c.obj                    84      0         0      
       atoi.c.obj                     76      0         0      
       fd_toi_t2.asm.obj              72      0         0      
       autoinit.c.obj                 68      0         0      
       strtok.c.obj                   64      0         4      
       boot_cortex_m.c.obj            52      0         0      
       i_tofd_t2.asm.obj              46      0         0      
       strspn.c.obj                   42      0         0      
       strcspn.c.obj                  36      0         0      
       copy_zero_init.c.obj           28      0         0      
       memccpy.c.obj                  28      0         0      
       s_copysign.c.obj               26      0         0      
       ll_mul_t2.asm.obj              24      0         0      
       strcmp.c.obj                   24      0         0      
       strrchr.c.obj                  24      0         0      
       strchr.c.obj                   22      0         0      
       strcpy.c.obj                   20      0         0      
       strlen.c.obj                   20      0         0      
       wcslen.c.obj                   18      0         0      
       copy_decompress_none.c.obj     14      0         0      
       errno.c.obj                    8       0         4      
       exit.c.obj                     4       0         0      
       pre_init.c.obj                 4       0         0      
       div0.asm.obj                   2       0         0      
    +--+------------------------------+-------+---------+---------+
       Total:                         13629   473       8      
                                                               
       Stack:                         0       0         512    
       Linker Generated:              0       68        0      
    +--+------------------------------+-------+---------+---------+
       Grand Total:                   23687   1161      1106   


LINKER GENERATED COPY TABLES

__TI_cinit_table @ 00006118 records: 2, size/record: 8, table size: 16
	.data: load addr=000060e0, load size=00000020 bytes, run addr=20000410, run size=00000043 bytes, compression=lzss
	.bss: load addr=00006110, load size=00000008 bytes, run addr=20000000, run size=00000210 bytes, compression=zero_init


LINKER GENERATED HANDLER TABLE

__TI_handler_table @ 00006100 records: 3, size/record: 4, table size: 12
	index: 0, handler: __TI_decompress_lzss
	index: 1, handler: __TI_decompress_none
	index: 2, handler: __TI_zero_init


GLOBAL SYMBOLS: SORTED ALPHABETICALLY BY Name 

address   name                          
-------   ----                          
00005efd  C$$EXIT                       
00005ed3  ResetISR                      
20000410  __STACK_END                   
00000200  __STACK_SIZE                  
20000410  __STACK_TOP                   
00006118  __TI_CINIT_Base               
00006128  __TI_CINIT_Limit              
00006100  __TI_Handler_Table_Base       
0000610c  __TI_Handler_Table_Limit      
00005b79  __TI_auto_init_nobinit_nopinit
00005889  __TI_decompress_lzss          
00005ec5  __TI_decompress_none          
000059ab  __TI_ltoa                     
ffffffff  __TI_pprof_out_hndl           
00001805  __TI_printfi                  
ffffffff  __TI_prof_data_size           
ffffffff  __TI_prof_data_start          
0000026d  __TI_scanfi                   
00000000  __TI_static_base__            
00005d83  __TI_zero_init_nomemset       
000055bd  __aeabi_cdcmpeq               
000055bd  __aeabi_cdcmple               
00005643  __aeabi_cdrcmple              
000057b1  __aeabi_d2f                   
00005b31  __aeabi_d2iz                  
000043c3  __aeabi_dadd                  
00004aa9  __aeabi_ddiv                  
00005169  __aeabi_dmul                  
000043b9  __aeabi_dsub                  
00005ee9  __aeabi_errno_addr            
00005cd9  __aeabi_i2d                   
00002253  __aeabi_idiv0                 
00002253  __aeabi_ldiv0                 
00005e09  __aeabi_lmul                  
000056c9  __aeabi_memclr                
000056c9  __aeabi_memclr4               
000056c9  __aeabi_memclr8               
0000548b  __aeabi_memcpy                
0000548b  __aeabi_memcpy4               
0000548b  __aeabi_memcpy8               
000056cb  __aeabi_memset                
000056cb  __aeabi_memset4               
000056cb  __aeabi_memset8               
00005527  __aeabi_uldivmod              
ffffffff  __binit__                     
ffffffff  __c_args__                    
UNDEFED   __mpu_init                    
20000210  __stack                       
20000000  __start___llvm_prf_cnts       
20000000  __stop___llvm_prf_cnts        
00005c75  _c_int00_noargs               
00005f00  _ctypes_                      
UNDEFED   _system_post_cinit            
00005ef9  _system_pre_init              
00005efd  abort                         
0000275d  applyDhcpAckValues            
00001023  asciiToUint8                  
00005a51  atoi                          
ffffffff  binit                         
00003c3d  calcIpChecksum                
00002a31  callbackDhcpGetNewAddressTimer
00002a0f  callbackDhcpIpConflictWindow  
000029c9  callbackDhcpLeaseEndTimer     
0000295b  callbackDhcpT1HitTimer        
000029c1  callbackDhcpT1PeriodicTimer   
00002975  callbackDhcpT2HitTimer        
000029b9  callbackDhcpT2PeriodicTimer   
00002ac9  clearEtherReg                 
000037b3  clearPinInterrupt             
00005ee7  connectMqtt                   
00005dd7  copysign                      
00005dd7  copysignl                     
20000446  count                         
000027f9  debugLed                      
00004a77  deleteSocket                  
20000426  dhcpEnabled                   
200001f0  dhcpOfferedIpAdd              
200001f4  dhcpServerIpAdd               
20000425  dhcpState                     
000029b1  disableDhcp                   
00002a93  disableEtherCs                
000037a7  disablePinInterrupt           
00003799  disablePinPulldown            
00003787  disablePinPullup              
0000371d  disablePort                   
00005ee5  disconnectMqtt                
20000420  discoverNeeded                
00000e21  displayConnectionInfo         
000029a9  enableDhcp                    
00002a7d  enableEtherCs                 
00003711  enablePinInterrupt            
00003703  enablePinPulldown             
000036f5  enablePinPullup               
00003643  enablePort                    
20000448  errno                         
2000016c  fn                            
000058f1  frexp                         
000058f1  frexpl                        
00000000  g_pfnVectors                  
000029a3  getDhcpLeaseSeconds           
000022a1  getDhcpOption                 
000022c9  getDhcpState                  
00002f9b  getEtherId                    
00002f87  getEtherMacAddress            
00002f01  getEtherPacket                
00003b1b  getIpAddress                  
00003b61  getIpChecksum                 
00003c29  getIpDnsAddress               
00003c15  getIpGatewayAddress           
00003c01  getIpMqttBrokerAddress        
00003bed  getIpSubnetMask               
00003bd9  getIpTimeServerAddress        
00003637  getPinValue                   
000035f7  getPortValue                  
00004a4b  getSocketInfoFromArpResponse  
000049fd  getSocketInfoFromTcpPacket    
000049af  getSocketInfoFromUdpPacket    
00005d2b  getTcpState                   
000041e5  getUdpData                    
00005311  getcUart0                     
000026e7  handleDhcpAck                 
00002ee1  htonl                         
00002ed5  htons                         
2000042c  hwAddress                     
00002ecb  incEtherId                    
00005b0f  initEeprom                    
00002d61  initEther                     
000014a1  initHw                        
0000499d  initSockets                   
00004ea3  initSpi0                      
00005eb5  initSystemClockTo40Mhz        
0000432d  initTimer                     
000052c7  initUart0                     
20000432  ipAddress                     
20000424  ipConflictDetectionMode       
20000436  ipDnsAddress                  
2000043a  ipGwAddress                   
2000043e  ipSubnetMask                  
20000442  ipTimeServerAddress           
00004683  isArpRequest                  
00004655  isArpResponse                 
000026d1  isDhcpAck                     
000027f3  isDhcpDiscoverNeeded          
0000299d  isDhcpEnabled                 
00002749  isDhcpIpConflictDetectionMode 
000027af  isDhcpOffer                   
00002997  isDhcpReleaseNeeded           
0000229b  isDhcpRequestNeeded           
00002995  isDhcpResponse                
00002d53  isEtherDataAvailable          
00003bc1  isEtherIpValid                
00002d45  isEtherLinkUp                 
00002d2b  isEtherOverflow               
00003b79  isIp                          
00003b2f  isIpUnicast                   
00005467  isPingRequest                 
00005d27  isTcp                         
00005d23  isTcpAck                      
00005d1f  isTcpPortOpen                 
00005d1b  isTcpSyn                      
0000417d  isUdp                         
000052b5  kbhitUart0                    
00004f49  ldexp                         
00004f49  ldexpl                        
20000414  leaseSeconds                  
20000418  leaseT1                       
2000041c  leaseT2                       
00001663  main                          
00005d9f  memccpy                       
0000548b  memcpy                        
000056d1  memset                        
00004971  newSocket                     
20000450  nextPacketLsb                 
20000451  nextPacketMsb                 
20000194  period                        
00002821  processDhcpArpResponse        
00002993  processDhcpResponse           
00001111  processShell                  
00005d19  processTcpArpResponse         
00005d17  processTcpResponse            
00005ee3  publishMqtt                   
00002c77  putEtherPacket                
0000528f  putcUart0                     
0000529d  putsUart0                     
00004325  random32                      
00000d89  readConfiguration             
00005aff  readEeprom                    
00002c67  readEtherMem                  
00002c13  readEtherPhy                  
00002beb  readEtherReg                  
00004e9d  readSpi0Data                  
00002975  rebindDhcp                    
20000423  receivedArpResp               
00002973  releaseDhcp                   
20000422  releaseNeeded                 
200001e4  reload                        
0000295b  renewDhcp                     
00002793  requestDhcpIpConflictTest     
00002949  requestDhcpNewAddress         
20000421  requestNeeded                 
000042f7  restartTimer                  
00004f49  scalbn                        
00004f49  scalbnl                       
000035df  selectPinAnalogInput          
000035c7  selectPinDigitalInput         
000035b5  selectPinInterruptBothEdges   
000035a1  selectPinInterruptFallingEdge 
00003591  selectPinInterruptHighLevel   
0000357f  selectPinInterruptLowLevel    
00003569  selectPinInterruptRisingEdge  
00003553  selectPinOpenDrainOutput      
0000353b  selectPinPushPullOutput       
000045c7  sendArpRequest                
0000456f  sendArpResponse               
000022f1  sendDhcpMessage               
00002887  sendDhcpPendingMessages       
00005465  sendPingRequest               
000053e3  sendPingResponse              
00005d15  sendTcpMessage                
00005d13  sendTcpPendingMessages        
00005d11  sendTcpResponse               
00004031  sendUdpMessage                
20000452  sequenceId                    
00002295  setDhcpState                  
00002b21  setEtherBank                  
00002b8d  setEtherMacAddress            
00002af5  setEtherReg                   
00003b07  setIpAddress                  
00003af3  setIpDnsAddress               
00003adf  setIpGatewayAddress           
00003acb  setIpMqttBrokerAddress        
00003ab7  setIpSubnetMask               
00003aa3  setIpTimeServerAddress        
000034c5  setPinAuxFunction             
00003477  setPinCommitControl           
00003471  setPinValue                   
00003433  setPortValue                  
00004e7b  setSpi0BaudRate               
00004e41  setSpi0Mode                   
00005d0f  setTcpPortList                
00005d09  setTcpState                   
00005265  setUart0BaudRate              
00005a9d  snprintf                      
20000000  sockets                       
00005c3d  sscanf                        
00002255  startDhcpTimers               
00002b7b  startEtherMemRead             
00002b69  startEtherMemWrite            
000042b3  startOneshotTimer             
0000426f  startPeriodicTimer            
00002a93  stopEtherMemRead              
00002a93  stopEtherMemWrite             
00004243  stopTimer                     
20000118  strInput                      
00005e51  strchr                        
00005e21  strcmp                        
00005e67  strcpy                        
00005d5f  strcspn                       
00005e7b  strlen                        
00005e39  strrchr                       
00005d35  strspn                        
00002fc5  strtod                        
00005bbd  strtok                        
00004be1  strtol                        
00002fc5  strtold                       
00003c85  strtoll                       
00005059  strtoul                       
000046d9  strtoull                      
00005ee1  subscribeMqtt                 
00003a79  sumIpWords                    
200001f8  tcpState                      
200001fc  tempDns                       
20000200  tempGw                        
20000428  tempLeaseSecs                 
20000204  tempLs                        
20000208  tempSub                       
000041fd  tickIsr                       
200001bc  ticks                         
00000d81  timerTest                     
00003425  togglePinValue                
2000020c  token                         
00005edf  unsubscribeMqtt               
00005dbb  waitMicrosecond               
00005ea1  wcslen                        
00005ae9  writeEeprom                   
00002b5d  writeEtherMem                 
00002b37  writeEtherPhy                 
00002a9d  writeEtherReg                 
00004e35  writeSpi0Data                 
20000410  xid                           


GLOBAL SYMBOLS: SORTED BY Symbol Address 

address   name                          
-------   ----                          
00000000  __TI_static_base__            
00000000  g_pfnVectors                  
00000200  __STACK_SIZE                  
0000026d  __TI_scanfi                   
00000d81  timerTest                     
00000d89  readConfiguration             
00000e21  displayConnectionInfo         
00001023  asciiToUint8                  
00001111  processShell                  
000014a1  initHw                        
00001663  main                          
00001805  __TI_printfi                  
00002253  __aeabi_idiv0                 
00002253  __aeabi_ldiv0                 
00002255  startDhcpTimers               
00002295  setDhcpState                  
0000229b  isDhcpRequestNeeded           
000022a1  getDhcpOption                 
000022c9  getDhcpState                  
000022f1  sendDhcpMessage               
000026d1  isDhcpAck                     
000026e7  handleDhcpAck                 
00002749  isDhcpIpConflictDetectionMode 
0000275d  applyDhcpAckValues            
00002793  requestDhcpIpConflictTest     
000027af  isDhcpOffer                   
000027f3  isDhcpDiscoverNeeded          
000027f9  debugLed                      
00002821  processDhcpArpResponse        
00002887  sendDhcpPendingMessages       
00002949  requestDhcpNewAddress         
0000295b  callbackDhcpT1HitTimer        
0000295b  renewDhcp                     
00002973  releaseDhcp                   
00002975  callbackDhcpT2HitTimer        
00002975  rebindDhcp                    
00002993  processDhcpResponse           
00002995  isDhcpResponse                
00002997  isDhcpReleaseNeeded           
0000299d  isDhcpEnabled                 
000029a3  getDhcpLeaseSeconds           
000029a9  enableDhcp                    
000029b1  disableDhcp                   
000029b9  callbackDhcpT2PeriodicTimer   
000029c1  callbackDhcpT1PeriodicTimer   
000029c9  callbackDhcpLeaseEndTimer     
00002a0f  callbackDhcpIpConflictWindow  
00002a31  callbackDhcpGetNewAddressTimer
00002a7d  enableEtherCs                 
00002a93  disableEtherCs                
00002a93  stopEtherMemRead              
00002a93  stopEtherMemWrite             
00002a9d  writeEtherReg                 
00002ac9  clearEtherReg                 
00002af5  setEtherReg                   
00002b21  setEtherBank                  
00002b37  writeEtherPhy                 
00002b5d  writeEtherMem                 
00002b69  startEtherMemWrite            
00002b7b  startEtherMemRead             
00002b8d  setEtherMacAddress            
00002beb  readEtherReg                  
00002c13  readEtherPhy                  
00002c67  readEtherMem                  
00002c77  putEtherPacket                
00002d2b  isEtherOverflow               
00002d45  isEtherLinkUp                 
00002d53  isEtherDataAvailable          
00002d61  initEther                     
00002ecb  incEtherId                    
00002ed5  htons                         
00002ee1  htonl                         
00002f01  getEtherPacket                
00002f87  getEtherMacAddress            
00002f9b  getEtherId                    
00002fc5  strtod                        
00002fc5  strtold                       
00003425  togglePinValue                
00003433  setPortValue                  
00003471  setPinValue                   
00003477  setPinCommitControl           
000034c5  setPinAuxFunction             
0000353b  selectPinPushPullOutput       
00003553  selectPinOpenDrainOutput      
00003569  selectPinInterruptRisingEdge  
0000357f  selectPinInterruptLowLevel    
00003591  selectPinInterruptHighLevel   
000035a1  selectPinInterruptFallingEdge 
000035b5  selectPinInterruptBothEdges   
000035c7  selectPinDigitalInput         
000035df  selectPinAnalogInput          
000035f7  getPortValue                  
00003637  getPinValue                   
00003643  enablePort                    
000036f5  enablePinPullup               
00003703  enablePinPulldown             
00003711  enablePinInterrupt            
0000371d  disablePort                   
00003787  disablePinPullup              
00003799  disablePinPulldown            
000037a7  disablePinInterrupt           
000037b3  clearPinInterrupt             
00003a79  sumIpWords                    
00003aa3  setIpTimeServerAddress        
00003ab7  setIpSubnetMask               
00003acb  setIpMqttBrokerAddress        
00003adf  setIpGatewayAddress           
00003af3  setIpDnsAddress               
00003b07  setIpAddress                  
00003b1b  getIpAddress                  
00003b2f  isIpUnicast                   
00003b61  getIpChecksum                 
00003b79  isIp                          
00003bc1  isEtherIpValid                
00003bd9  getIpTimeServerAddress        
00003bed  getIpSubnetMask               
00003c01  getIpMqttBrokerAddress        
00003c15  getIpGatewayAddress           
00003c29  getIpDnsAddress               
00003c3d  calcIpChecksum                
00003c85  strtoll                       
00004031  sendUdpMessage                
0000417d  isUdp                         
000041e5  getUdpData                    
000041fd  tickIsr                       
00004243  stopTimer                     
0000426f  startPeriodicTimer            
000042b3  startOneshotTimer             
000042f7  restartTimer                  
00004325  random32                      
0000432d  initTimer                     
000043b9  __aeabi_dsub                  
000043c3  __aeabi_dadd                  
0000456f  sendArpResponse               
000045c7  sendArpRequest                
00004655  isArpResponse                 
00004683  isArpRequest                  
000046d9  strtoull                      
00004971  newSocket                     
0000499d  initSockets                   
000049af  getSocketInfoFromUdpPacket    
000049fd  getSocketInfoFromTcpPacket    
00004a4b  getSocketInfoFromArpResponse  
00004a77  deleteSocket                  
00004aa9  __aeabi_ddiv                  
00004be1  strtol                        
00004e35  writeSpi0Data                 
00004e41  setSpi0Mode                   
00004e7b  setSpi0BaudRate               
00004e9d  readSpi0Data                  
00004ea3  initSpi0                      
00004f49  ldexp                         
00004f49  ldexpl                        
00004f49  scalbn                        
00004f49  scalbnl                       
00005059  strtoul                       
00005169  __aeabi_dmul                  
00005265  setUart0BaudRate              
0000528f  putcUart0                     
0000529d  putsUart0                     
000052b5  kbhitUart0                    
000052c7  initUart0                     
00005311  getcUart0                     
000053e3  sendPingResponse              
00005465  sendPingRequest               
00005467  isPingRequest                 
0000548b  __aeabi_memcpy                
0000548b  __aeabi_memcpy4               
0000548b  __aeabi_memcpy8               
0000548b  memcpy                        
00005527  __aeabi_uldivmod              
000055bd  __aeabi_cdcmpeq               
000055bd  __aeabi_cdcmple               
00005643  __aeabi_cdrcmple              
000056c9  __aeabi_memclr                
000056c9  __aeabi_memclr4               
000056c9  __aeabi_memclr8               
000056cb  __aeabi_memset                
000056cb  __aeabi_memset4               
000056cb  __aeabi_memset8               
000056d1  memset                        
000057b1  __aeabi_d2f                   
00005889  __TI_decompress_lzss          
000058f1  frexp                         
000058f1  frexpl                        
000059ab  __TI_ltoa                     
00005a51  atoi                          
00005a9d  snprintf                      
00005ae9  writeEeprom                   
00005aff  readEeprom                    
00005b0f  initEeprom                    
00005b31  __aeabi_d2iz                  
00005b79  __TI_auto_init_nobinit_nopinit
00005bbd  strtok                        
00005c3d  sscanf                        
00005c75  _c_int00_noargs               
00005cd9  __aeabi_i2d                   
00005d09  setTcpState                   
00005d0f  setTcpPortList                
00005d11  sendTcpResponse               
00005d13  sendTcpPendingMessages        
00005d15  sendTcpMessage                
00005d17  processTcpResponse            
00005d19  processTcpArpResponse         
00005d1b  isTcpSyn                      
00005d1f  isTcpPortOpen                 
00005d23  isTcpAck                      
00005d27  isTcp                         
00005d2b  getTcpState                   
00005d35  strspn                        
00005d5f  strcspn                       
00005d83  __TI_zero_init_nomemset       
00005d9f  memccpy                       
00005dbb  waitMicrosecond               
00005dd7  copysign                      
00005dd7  copysignl                     
00005e09  __aeabi_lmul                  
00005e21  strcmp                        
00005e39  strrchr                       
00005e51  strchr                        
00005e67  strcpy                        
00005e7b  strlen                        
00005ea1  wcslen                        
00005eb5  initSystemClockTo40Mhz        
00005ec5  __TI_decompress_none          
00005ed3  ResetISR                      
00005edf  unsubscribeMqtt               
00005ee1  subscribeMqtt                 
00005ee3  publishMqtt                   
00005ee5  disconnectMqtt                
00005ee7  connectMqtt                   
00005ee9  __aeabi_errno_addr            
00005ef9  _system_pre_init              
00005efd  C$$EXIT                       
00005efd  abort                         
00005f00  _ctypes_                      
00006100  __TI_Handler_Table_Base       
0000610c  __TI_Handler_Table_Limit      
00006118  __TI_CINIT_Base               
00006128  __TI_CINIT_Limit              
20000000  __start___llvm_prf_cnts       
20000000  __stop___llvm_prf_cnts        
20000000  sockets                       
20000118  strInput                      
2000016c  fn                            
20000194  period                        
200001bc  ticks                         
200001e4  reload                        
200001f0  dhcpOfferedIpAdd              
200001f4  dhcpServerIpAdd               
200001f8  tcpState                      
200001fc  tempDns                       
20000200  tempGw                        
20000204  tempLs                        
20000208  tempSub                       
2000020c  token                         
20000210  __stack                       
20000410  __STACK_END                   
20000410  __STACK_TOP                   
20000410  xid                           
20000414  leaseSeconds                  
20000418  leaseT1                       
2000041c  leaseT2                       
20000420  discoverNeeded                
20000421  requestNeeded                 
20000422  releaseNeeded                 
20000423  receivedArpResp               
20000424  ipConflictDetectionMode       
20000425  dhcpState                     
20000426  dhcpEnabled                   
20000428  tempLeaseSecs                 
2000042c  hwAddress                     
20000432  ipAddress                     
20000436  ipDnsAddress                  
2000043a  ipGwAddress                   
2000043e  ipSubnetMask                  
20000442  ipTimeServerAddress           
20000446  count                         
20000448  errno                         
20000450  nextPacketLsb                 
20000451  nextPacketMsb                 
20000452  sequenceId                    
ffffffff  __TI_pprof_out_hndl           
ffffffff  __TI_prof_data_size           
ffffffff  __TI_prof_data_start          
ffffffff  __binit__                     
ffffffff  __c_args__                    
ffffffff  binit                         
UNDEFED   __mpu_init                    
UNDEFED   _system_post_cinit            

[290 symbols]
