<?xml version="1.0" encoding="ISO-8859-1" ?>
<link_info>
   <banner>TI ARM Linker Unix v20.2.7.LTS</banner>
   <copyright>Copyright (c) 1996-2018 Texas Instruments Incorporated</copyright>
   <link_time>0x65f9dce0</link_time>
   <link_errors>0x0</link_errors>
   <output_file>4352_Project-1.out</output_file>
   <entry_point>
      <name>_c_int00_noargs</name>
      <address>0x5c75</address>
   </entry_point>
   <input_file_list>
      <input_file id="fl-1">
         <path>./</path>
         <kind>object</kind>
         <file>arp.obj</file>
         <name>arp.obj</name>
      </input_file>
      <input_file id="fl-2">
         <path>./</path>
         <kind>object</kind>
         <file>clock.obj</file>
         <name>clock.obj</name>
      </input_file>
      <input_file id="fl-3">
         <path>./</path>
         <kind>object</kind>
         <file>dhcp.obj</file>
         <name>dhcp.obj</name>
      </input_file>
      <input_file id="fl-4">
         <path>./</path>
         <kind>object</kind>
         <file>eeprom.obj</file>
         <name>eeprom.obj</name>
      </input_file>
      <input_file id="fl-5">
         <path>./</path>
         <kind>object</kind>
         <file>eth0.obj</file>
         <name>eth0.obj</name>
      </input_file>
      <input_file id="fl-6">
         <path>./</path>
         <kind>object</kind>
         <file>ethernet.obj</file>
         <name>ethernet.obj</name>
      </input_file>
      <input_file id="fl-7">
         <path>./</path>
         <kind>object</kind>
         <file>gpio.obj</file>
         <name>gpio.obj</name>
      </input_file>
      <input_file id="fl-8">
         <path>./</path>
         <kind>object</kind>
         <file>icmp.obj</file>
         <name>icmp.obj</name>
      </input_file>
      <input_file id="fl-9">
         <path>./</path>
         <kind>object</kind>
         <file>ip.obj</file>
         <name>ip.obj</name>
      </input_file>
      <input_file id="fl-a">
         <path>./</path>
         <kind>object</kind>
         <file>mqtt.obj</file>
         <name>mqtt.obj</name>
      </input_file>
      <input_file id="fl-b">
         <path>./</path>
         <kind>object</kind>
         <file>socket.obj</file>
         <name>socket.obj</name>
      </input_file>
      <input_file id="fl-c">
         <path>./</path>
         <kind>object</kind>
         <file>spi0.obj</file>
         <name>spi0.obj</name>
      </input_file>
      <input_file id="fl-d">
         <path>./</path>
         <kind>object</kind>
         <file>tcp.obj</file>
         <name>tcp.obj</name>
      </input_file>
      <input_file id="fl-e">
         <path>./</path>
         <kind>object</kind>
         <file>timer.obj</file>
         <name>timer.obj</name>
      </input_file>
      <input_file id="fl-f">
         <path>./</path>
         <kind>object</kind>
         <file>tm4c123gh6pm_startup_ccs.obj</file>
         <name>tm4c123gh6pm_startup_ccs.obj</name>
      </input_file>
      <input_file id="fl-10">
         <path>./</path>
         <kind>object</kind>
         <file>uart0.obj</file>
         <name>uart0.obj</name>
      </input_file>
      <input_file id="fl-11">
         <path>./</path>
         <kind>object</kind>
         <file>udp.obj</file>
         <name>udp.obj</name>
      </input_file>
      <input_file id="fl-12">
         <path>./</path>
         <kind>object</kind>
         <file>wait.obj</file>
         <name>wait.obj</name>
      </input_file>
      <input_file id="fl-16">
         <kind>object</kind>
         <file>&lt;internal&gt;</file>
         <name>&lt;internal&gt;</name>
      </input_file>
      <input_file id="fl-cc">
         <path>/home/rolo/.local/share/ti/ccs1240/ccs/tools/compiler/ti-cgt-arm_20.2.7.LTS/lib/</path>
         <kind>archive</kind>
         <file>rtsv7M4_T_le_v4SPD16_eabi.lib</file>
         <name>snprintf.c.obj</name>
      </input_file>
      <input_file id="fl-cd">
         <path>/home/rolo/.local/share/ti/ccs1240/ccs/tools/compiler/ti-cgt-arm_20.2.7.LTS/lib/</path>
         <kind>archive</kind>
         <file>rtsv7M4_T_le_v4SPD16_eabi.lib</file>
         <name>sscanf.c.obj</name>
      </input_file>
      <input_file id="fl-ce">
         <path>/home/rolo/.local/share/ti/ccs1240/ccs/tools/compiler/ti-cgt-arm_20.2.7.LTS/lib/</path>
         <kind>archive</kind>
         <file>rtsv7M4_T_le_v4SPD16_eabi.lib</file>
         <name>memcpy_t2.asm.obj</name>
      </input_file>
      <input_file id="fl-cf">
         <path>/home/rolo/.local/share/ti/ccs1240/ccs/tools/compiler/ti-cgt-arm_20.2.7.LTS/lib/</path>
         <kind>archive</kind>
         <file>rtsv7M4_T_le_v4SPD16_eabi.lib</file>
         <name>memset_t2.asm.obj</name>
      </input_file>
      <input_file id="fl-d0">
         <path>/home/rolo/.local/share/ti/ccs1240/ccs/tools/compiler/ti-cgt-arm_20.2.7.LTS/lib/</path>
         <kind>archive</kind>
         <file>rtsv7M4_T_le_v4SPD16_eabi.lib</file>
         <name>copy_zero_init.c.obj</name>
      </input_file>
      <input_file id="fl-d1">
         <path>/home/rolo/.local/share/ti/ccs1240/ccs/tools/compiler/ti-cgt-arm_20.2.7.LTS/lib/</path>
         <kind>archive</kind>
         <file>rtsv7M4_T_le_v4SPD16_eabi.lib</file>
         <name>copy_decompress_none.c.obj</name>
      </input_file>
      <input_file id="fl-d2">
         <path>/home/rolo/.local/share/ti/ccs1240/ccs/tools/compiler/ti-cgt-arm_20.2.7.LTS/lib/</path>
         <kind>archive</kind>
         <file>rtsv7M4_T_le_v4SPD16_eabi.lib</file>
         <name>copy_decompress_lzss.c.obj</name>
      </input_file>
      <input_file id="fl-d3">
         <path>/home/rolo/.local/share/ti/ccs1240/ccs/tools/compiler/ti-cgt-arm_20.2.7.LTS/lib/</path>
         <kind>archive</kind>
         <file>rtsv7M4_T_le_v4SPD16_eabi.lib</file>
         <name>ctype.c.obj</name>
      </input_file>
      <input_file id="fl-d4">
         <path>/home/rolo/.local/share/ti/ccs1240/ccs/tools/compiler/ti-cgt-arm_20.2.7.LTS/lib/</path>
         <kind>archive</kind>
         <file>rtsv7M4_T_le_v4SPD16_eabi.lib</file>
         <name>strcmp.c.obj</name>
      </input_file>
      <input_file id="fl-d5">
         <path>/home/rolo/.local/share/ti/ccs1240/ccs/tools/compiler/ti-cgt-arm_20.2.7.LTS/lib/</path>
         <kind>archive</kind>
         <file>rtsv7M4_T_le_v4SPD16_eabi.lib</file>
         <name>strtok.c.obj</name>
      </input_file>
      <input_file id="fl-d6">
         <path>/home/rolo/.local/share/ti/ccs1240/ccs/tools/compiler/ti-cgt-arm_20.2.7.LTS/lib/</path>
         <kind>archive</kind>
         <file>rtsv7M4_T_le_v4SPD16_eabi.lib</file>
         <name>boot_cortex_m.c.obj</name>
      </input_file>
      <input_file id="fl-d7">
         <path>/home/rolo/.local/share/ti/ccs1240/ccs/tools/compiler/ti-cgt-arm_20.2.7.LTS/lib/</path>
         <kind>archive</kind>
         <file>rtsv7M4_T_le_v4SPD16_eabi.lib</file>
         <name>_printfi.c.obj</name>
      </input_file>
      <input_file id="fl-d8">
         <path>/home/rolo/.local/share/ti/ccs1240/ccs/tools/compiler/ti-cgt-arm_20.2.7.LTS/lib/</path>
         <kind>archive</kind>
         <file>rtsv7M4_T_le_v4SPD16_eabi.lib</file>
         <name>_scanfi.c.obj</name>
      </input_file>
      <input_file id="fl-d9">
         <path>/home/rolo/.local/share/ti/ccs1240/ccs/tools/compiler/ti-cgt-arm_20.2.7.LTS/lib/</path>
         <kind>archive</kind>
         <file>rtsv7M4_T_le_v4SPD16_eabi.lib</file>
         <name>fd_add_t2.asm.obj</name>
      </input_file>
      <input_file id="fl-da">
         <path>/home/rolo/.local/share/ti/ccs1240/ccs/tools/compiler/ti-cgt-arm_20.2.7.LTS/lib/</path>
         <kind>archive</kind>
         <file>rtsv7M4_T_le_v4SPD16_eabi.lib</file>
         <name>fd_cmp_t2.asm.obj</name>
      </input_file>
      <input_file id="fl-db">
         <path>/home/rolo/.local/share/ti/ccs1240/ccs/tools/compiler/ti-cgt-arm_20.2.7.LTS/lib/</path>
         <kind>archive</kind>
         <file>rtsv7M4_T_le_v4SPD16_eabi.lib</file>
         <name>fd_div_t2.asm.obj</name>
      </input_file>
      <input_file id="fl-dc">
         <path>/home/rolo/.local/share/ti/ccs1240/ccs/tools/compiler/ti-cgt-arm_20.2.7.LTS/lib/</path>
         <kind>archive</kind>
         <file>rtsv7M4_T_le_v4SPD16_eabi.lib</file>
         <name>fd_mul_t2.asm.obj</name>
      </input_file>
      <input_file id="fl-dd">
         <path>/home/rolo/.local/share/ti/ccs1240/ccs/tools/compiler/ti-cgt-arm_20.2.7.LTS/lib/</path>
         <kind>archive</kind>
         <file>rtsv7M4_T_le_v4SPD16_eabi.lib</file>
         <name>fd_toi_t2.asm.obj</name>
      </input_file>
      <input_file id="fl-de">
         <path>/home/rolo/.local/share/ti/ccs1240/ccs/tools/compiler/ti-cgt-arm_20.2.7.LTS/lib/</path>
         <kind>archive</kind>
         <file>rtsv7M4_T_le_v4SPD16_eabi.lib</file>
         <name>fd_tos_t2.asm.obj</name>
      </input_file>
      <input_file id="fl-df">
         <path>/home/rolo/.local/share/ti/ccs1240/ccs/tools/compiler/ti-cgt-arm_20.2.7.LTS/lib/</path>
         <kind>archive</kind>
         <file>rtsv7M4_T_le_v4SPD16_eabi.lib</file>
         <name>i_tofd_t2.asm.obj</name>
      </input_file>
      <input_file id="fl-e0">
         <path>/home/rolo/.local/share/ti/ccs1240/ccs/tools/compiler/ti-cgt-arm_20.2.7.LTS/lib/</path>
         <kind>archive</kind>
         <file>rtsv7M4_T_le_v4SPD16_eabi.lib</file>
         <name>ull_div_t2.asm.obj</name>
      </input_file>
      <input_file id="fl-e1">
         <path>/home/rolo/.local/share/ti/ccs1240/ccs/tools/compiler/ti-cgt-arm_20.2.7.LTS/lib/</path>
         <kind>archive</kind>
         <file>rtsv7M4_T_le_v4SPD16_eabi.lib</file>
         <name>autoinit.c.obj</name>
      </input_file>
      <input_file id="fl-e2">
         <path>/home/rolo/.local/share/ti/ccs1240/ccs/tools/compiler/ti-cgt-arm_20.2.7.LTS/lib/</path>
         <kind>archive</kind>
         <file>rtsv7M4_T_le_v4SPD16_eabi.lib</file>
         <name>pre_init.c.obj</name>
      </input_file>
      <input_file id="fl-e3">
         <path>/home/rolo/.local/share/ti/ccs1240/ccs/tools/compiler/ti-cgt-arm_20.2.7.LTS/lib/</path>
         <kind>archive</kind>
         <file>rtsv7M4_T_le_v4SPD16_eabi.lib</file>
         <name>cpy_tbl.c.obj</name>
      </input_file>
      <input_file id="fl-e4">
         <path>/home/rolo/.local/share/ti/ccs1240/ccs/tools/compiler/ti-cgt-arm_20.2.7.LTS/lib/</path>
         <kind>archive</kind>
         <file>rtsv7M4_T_le_v4SPD16_eabi.lib</file>
         <name>exit.c.obj</name>
      </input_file>
      <input_file id="fl-e5">
         <path>/home/rolo/.local/share/ti/ccs1240/ccs/tools/compiler/ti-cgt-arm_20.2.7.LTS/lib/</path>
         <kind>archive</kind>
         <file>rtsv7M4_T_le_v4SPD16_eabi.lib</file>
         <name>_lock.c.obj</name>
      </input_file>
      <input_file id="fl-e6">
         <path>/home/rolo/.local/share/ti/ccs1240/ccs/tools/compiler/ti-cgt-arm_20.2.7.LTS/lib/</path>
         <kind>archive</kind>
         <file>rtsv7M4_T_le_v4SPD16_eabi.lib</file>
         <name>_ltoa.c.obj</name>
      </input_file>
      <input_file id="fl-e7">
         <path>/home/rolo/.local/share/ti/ccs1240/ccs/tools/compiler/ti-cgt-arm_20.2.7.LTS/lib/</path>
         <kind>archive</kind>
         <file>rtsv7M4_T_le_v4SPD16_eabi.lib</file>
         <name>args_main.c.obj</name>
      </input_file>
      <input_file id="fl-e8">
         <path>/home/rolo/.local/share/ti/ccs1240/ccs/tools/compiler/ti-cgt-arm_20.2.7.LTS/lib/</path>
         <kind>archive</kind>
         <file>rtsv7M4_T_le_v4SPD16_eabi.lib</file>
         <name>atoi.c.obj</name>
      </input_file>
      <input_file id="fl-e9">
         <path>/home/rolo/.local/share/ti/ccs1240/ccs/tools/compiler/ti-cgt-arm_20.2.7.LTS/lib/</path>
         <kind>archive</kind>
         <file>rtsv7M4_T_le_v4SPD16_eabi.lib</file>
         <name>memccpy.c.obj</name>
      </input_file>
      <input_file id="fl-ea">
         <path>/home/rolo/.local/share/ti/ccs1240/ccs/tools/compiler/ti-cgt-arm_20.2.7.LTS/lib/</path>
         <kind>archive</kind>
         <file>rtsv7M4_T_le_v4SPD16_eabi.lib</file>
         <name>strchr.c.obj</name>
      </input_file>
      <input_file id="fl-eb">
         <path>/home/rolo/.local/share/ti/ccs1240/ccs/tools/compiler/ti-cgt-arm_20.2.7.LTS/lib/</path>
         <kind>archive</kind>
         <file>rtsv7M4_T_le_v4SPD16_eabi.lib</file>
         <name>strcpy.c.obj</name>
      </input_file>
      <input_file id="fl-ec">
         <path>/home/rolo/.local/share/ti/ccs1240/ccs/tools/compiler/ti-cgt-arm_20.2.7.LTS/lib/</path>
         <kind>archive</kind>
         <file>rtsv7M4_T_le_v4SPD16_eabi.lib</file>
         <name>strcspn.c.obj</name>
      </input_file>
      <input_file id="fl-ed">
         <path>/home/rolo/.local/share/ti/ccs1240/ccs/tools/compiler/ti-cgt-arm_20.2.7.LTS/lib/</path>
         <kind>archive</kind>
         <file>rtsv7M4_T_le_v4SPD16_eabi.lib</file>
         <name>strlen.c.obj</name>
      </input_file>
      <input_file id="fl-ee">
         <path>/home/rolo/.local/share/ti/ccs1240/ccs/tools/compiler/ti-cgt-arm_20.2.7.LTS/lib/</path>
         <kind>archive</kind>
         <file>rtsv7M4_T_le_v4SPD16_eabi.lib</file>
         <name>strrchr.c.obj</name>
      </input_file>
      <input_file id="fl-ef">
         <path>/home/rolo/.local/share/ti/ccs1240/ccs/tools/compiler/ti-cgt-arm_20.2.7.LTS/lib/</path>
         <kind>archive</kind>
         <file>rtsv7M4_T_le_v4SPD16_eabi.lib</file>
         <name>strspn.c.obj</name>
      </input_file>
      <input_file id="fl-f0">
         <path>/home/rolo/.local/share/ti/ccs1240/ccs/tools/compiler/ti-cgt-arm_20.2.7.LTS/lib/</path>
         <kind>archive</kind>
         <file>rtsv7M4_T_le_v4SPD16_eabi.lib</file>
         <name>strtod.c.obj</name>
      </input_file>
      <input_file id="fl-f1">
         <path>/home/rolo/.local/share/ti/ccs1240/ccs/tools/compiler/ti-cgt-arm_20.2.7.LTS/lib/</path>
         <kind>archive</kind>
         <file>rtsv7M4_T_le_v4SPD16_eabi.lib</file>
         <name>strtol.c.obj</name>
      </input_file>
      <input_file id="fl-f2">
         <path>/home/rolo/.local/share/ti/ccs1240/ccs/tools/compiler/ti-cgt-arm_20.2.7.LTS/lib/</path>
         <kind>archive</kind>
         <file>rtsv7M4_T_le_v4SPD16_eabi.lib</file>
         <name>strtoll.c.obj</name>
      </input_file>
      <input_file id="fl-f3">
         <path>/home/rolo/.local/share/ti/ccs1240/ccs/tools/compiler/ti-cgt-arm_20.2.7.LTS/lib/</path>
         <kind>archive</kind>
         <file>rtsv7M4_T_le_v4SPD16_eabi.lib</file>
         <name>strtoul.c.obj</name>
      </input_file>
      <input_file id="fl-f4">
         <path>/home/rolo/.local/share/ti/ccs1240/ccs/tools/compiler/ti-cgt-arm_20.2.7.LTS/lib/</path>
         <kind>archive</kind>
         <file>rtsv7M4_T_le_v4SPD16_eabi.lib</file>
         <name>strtoull.c.obj</name>
      </input_file>
      <input_file id="fl-f5">
         <path>/home/rolo/.local/share/ti/ccs1240/ccs/tools/compiler/ti-cgt-arm_20.2.7.LTS/lib/</path>
         <kind>archive</kind>
         <file>rtsv7M4_T_le_v4SPD16_eabi.lib</file>
         <name>errno.c.obj</name>
      </input_file>
      <input_file id="fl-f6">
         <path>/home/rolo/.local/share/ti/ccs1240/ccs/tools/compiler/ti-cgt-arm_20.2.7.LTS/lib/</path>
         <kind>archive</kind>
         <file>rtsv7M4_T_le_v4SPD16_eabi.lib</file>
         <name>wcslen.c.obj</name>
      </input_file>
      <input_file id="fl-f7">
         <path>/home/rolo/.local/share/ti/ccs1240/ccs/tools/compiler/ti-cgt-arm_20.2.7.LTS/lib/</path>
         <kind>archive</kind>
         <file>rtsv7M4_T_le_v4SPD16_eabi.lib</file>
         <name>s_frexp.c.obj</name>
      </input_file>
      <input_file id="fl-f8">
         <path>/home/rolo/.local/share/ti/ccs1240/ccs/tools/compiler/ti-cgt-arm_20.2.7.LTS/lib/</path>
         <kind>archive</kind>
         <file>rtsv7M4_T_le_v4SPD16_eabi.lib</file>
         <name>s_scalbn.c.obj</name>
      </input_file>
      <input_file id="fl-f9">
         <path>/home/rolo/.local/share/ti/ccs1240/ccs/tools/compiler/ti-cgt-arm_20.2.7.LTS/lib/</path>
         <kind>archive</kind>
         <file>rtsv7M4_T_le_v4SPD16_eabi.lib</file>
         <name>div0.asm.obj</name>
      </input_file>
      <input_file id="fl-fa">
         <path>/home/rolo/.local/share/ti/ccs1240/ccs/tools/compiler/ti-cgt-arm_20.2.7.LTS/lib/</path>
         <kind>archive</kind>
         <file>rtsv7M4_T_le_v4SPD16_eabi.lib</file>
         <name>ll_mul_t2.asm.obj</name>
      </input_file>
      <input_file id="fl-fb">
         <path>/home/rolo/.local/share/ti/ccs1240/ccs/tools/compiler/ti-cgt-arm_20.2.7.LTS/lib/</path>
         <kind>archive</kind>
         <file>rtsv7M4_T_le_v4SPD16_eabi.lib</file>
         <name>s_copysign.c.obj</name>
      </input_file>
   </input_file_list>
   <object_component_list>
      <object_component id="oc-12">
         <name>.intvecs</name>
         <load_address>0x0</load_address>
         <run_address>0x0</run_address>
         <size>0x26c</size>
         <input_file_ref idref="fl-f"/>
      </object_component>
      <object_component id="oc-209">
         <name>.text:__TI_scanfi</name>
         <load_address>0x26c</load_address>
         <run_address>0x26c</run_address>
         <size>0xb14</size>
         <input_file_ref idref="fl-d8"/>
      </object_component>
      <object_component id="oc-b2">
         <name>.text</name>
         <load_address>0xd80</load_address>
         <run_address>0xd80</run_address>
         <size>0xa84</size>
         <input_file_ref idref="fl-6"/>
      </object_component>
      <object_component id="oc-1e6">
         <name>.text:__TI_printfi</name>
         <load_address>0x1804</load_address>
         <run_address>0x1804</run_address>
         <size>0xa4e</size>
         <input_file_ref idref="fl-d7"/>
      </object_component>
      <object_component id="oc-410">
         <name>.text</name>
         <load_address>0x2252</load_address>
         <run_address>0x2252</run_address>
         <size>0x2</size>
         <input_file_ref idref="fl-f9"/>
      </object_component>
      <object_component id="oc-ea">
         <name>.text</name>
         <load_address>0x2254</load_address>
         <run_address>0x2254</run_address>
         <size>0x828</size>
         <input_file_ref idref="fl-3"/>
      </object_component>
      <object_component id="oc-f6">
         <name>.text</name>
         <load_address>0x2a7c</load_address>
         <run_address>0x2a7c</run_address>
         <size>0x548</size>
         <input_file_ref idref="fl-5"/>
      </object_component>
      <object_component id="oc-2f4">
         <name>.text:strtod</name>
         <load_address>0x2fc4</load_address>
         <run_address>0x2fc4</run_address>
         <size>0x460</size>
         <input_file_ref idref="fl-f0"/>
      </object_component>
      <object_component id="oc-de">
         <name>.text</name>
         <load_address>0x3424</load_address>
         <run_address>0x3424</run_address>
         <size>0x3e4</size>
         <input_file_ref idref="fl-7"/>
      </object_component>
      <object_component id="oc-2ba">
         <name>.text:_pconv_a</name>
         <load_address>0x3808</load_address>
         <run_address>0x3808</run_address>
         <size>0x270</size>
         <input_file_ref idref="fl-d7"/>
      </object_component>
      <object_component id="oc-f0">
         <name>.text</name>
         <load_address>0x3a78</load_address>
         <run_address>0x3a78</run_address>
         <size>0x20c</size>
         <input_file_ref idref="fl-9"/>
      </object_component>
      <object_component id="oc-305">
         <name>.text:strtoll</name>
         <load_address>0x3c84</load_address>
         <run_address>0x3c84</run_address>
         <size>0x1dc</size>
         <input_file_ref idref="fl-f2"/>
      </object_component>
      <object_component id="oc-2a8">
         <name>.text:_pconv_g</name>
         <load_address>0x3e60</load_address>
         <run_address>0x3e60</run_address>
         <size>0x1d0</size>
         <input_file_ref idref="fl-d7"/>
      </object_component>
      <object_component id="oc-14b">
         <name>.text</name>
         <load_address>0x4030</load_address>
         <run_address>0x4030</run_address>
         <size>0x1ca</size>
         <input_file_ref idref="fl-11"/>
      </object_component>
      <object_component id="oc-2d">
         <name>.text</name>
         <load_address>0x41fc</load_address>
         <run_address>0x41fc</run_address>
         <size>0x1bc</size>
         <input_file_ref idref="fl-e"/>
      </object_component>
      <object_component id="oc-393">
         <name>.text</name>
         <load_address>0x43b8</load_address>
         <run_address>0x43b8</run_address>
         <size>0x1b6</size>
         <input_file_ref idref="fl-d9"/>
      </object_component>
      <object_component id="oc-13f">
         <name>.text</name>
         <load_address>0x456e</load_address>
         <run_address>0x456e</run_address>
         <size>0x16a</size>
         <input_file_ref idref="fl-1"/>
      </object_component>
      <object_component id="oc-2e8">
         <name>.text:strtoull</name>
         <load_address>0x46d8</load_address>
         <run_address>0x46d8</run_address>
         <size>0x15c</size>
         <input_file_ref idref="fl-f4"/>
      </object_component>
      <object_component id="oc-2b4">
         <name>.text:_pconv_e</name>
         <load_address>0x4834</load_address>
         <run_address>0x4834</run_address>
         <size>0x13c</size>
         <input_file_ref idref="fl-d7"/>
      </object_component>
      <object_component id="oc-12d">
         <name>.text</name>
         <load_address>0x4970</load_address>
         <run_address>0x4970</run_address>
         <size>0x138</size>
         <input_file_ref idref="fl-b"/>
      </object_component>
      <object_component id="oc-379">
         <name>.text</name>
         <load_address>0x4aa8</load_address>
         <run_address>0x4aa8</run_address>
         <size>0x136</size>
         <input_file_ref idref="fl-db"/>
      </object_component>
      <object_component id="oc-2ff">
         <name>.text:strtol</name>
         <load_address>0x4be0</load_address>
         <run_address>0x4be0</run_address>
         <size>0x130</size>
         <input_file_ref idref="fl-f1"/>
      </object_component>
      <object_component id="oc-3a5">
         <name>.text:fcvt</name>
         <load_address>0x4d10</load_address>
         <run_address>0x4d10</run_address>
         <size>0x124</size>
         <input_file_ref idref="fl-d7"/>
      </object_component>
      <object_component id="oc-1d6">
         <name>.text</name>
         <load_address>0x4e34</load_address>
         <run_address>0x4e34</run_address>
         <size>0x114</size>
         <input_file_ref idref="fl-c"/>
      </object_component>
      <object_component id="oc-3b9">
         <name>.text:scalbn</name>
         <load_address>0x4f48</load_address>
         <run_address>0x4f48</run_address>
         <size>0x110</size>
         <input_file_ref idref="fl-f8"/>
      </object_component>
      <object_component id="oc-2ee">
         <name>.text:strtoul</name>
         <load_address>0x5058</load_address>
         <run_address>0x5058</run_address>
         <size>0x110</size>
         <input_file_ref idref="fl-f3"/>
      </object_component>
      <object_component id="oc-374">
         <name>.text</name>
         <load_address>0x5168</load_address>
         <run_address>0x5168</run_address>
         <size>0xfc</size>
         <input_file_ref idref="fl-dc"/>
      </object_component>
      <object_component id="oc-fc">
         <name>.text</name>
         <load_address>0x5264</load_address>
         <run_address>0x5264</run_address>
         <size>0xcc</size>
         <input_file_ref idref="fl-10"/>
      </object_component>
      <object_component id="oc-29d">
         <name>.text:_ltostr</name>
         <load_address>0x5330</load_address>
         <run_address>0x5330</run_address>
         <size>0xb1</size>
         <input_file_ref idref="fl-d7"/>
      </object_component>
      <object_component id="oc-145">
         <name>.text</name>
         <load_address>0x53e2</load_address>
         <run_address>0x53e2</run_address>
         <size>0xa8</size>
         <input_file_ref idref="fl-8"/>
      </object_component>
      <object_component id="oc-41">
         <name>.text</name>
         <load_address>0x548a</load_address>
         <run_address>0x548a</run_address>
         <size>0x9c</size>
         <input_file_ref idref="fl-ce"/>
      </object_component>
      <object_component id="oc-36d">
         <name>.text</name>
         <load_address>0x5526</load_address>
         <run_address>0x5526</run_address>
         <size>0x96</size>
         <input_file_ref idref="fl-e0"/>
      </object_component>
      <object_component id="oc-2a3">
         <name>.text:__aeabi_cdcmple</name>
         <load_address>0x55bc</load_address>
         <run_address>0x55bc</run_address>
         <size>0x86</size>
         <input_file_ref idref="fl-da"/>
      </object_component>
      <object_component id="oc-37e">
         <name>.text:__aeabi_cdrcmple</name>
         <load_address>0x5642</load_address>
         <run_address>0x5642</run_address>
         <size>0x86</size>
         <input_file_ref idref="fl-da"/>
      </object_component>
      <object_component id="oc-a6">
         <name>.text</name>
         <load_address>0x56c8</load_address>
         <run_address>0x56c8</run_address>
         <size>0x7a</size>
         <input_file_ref idref="fl-cf"/>
      </object_component>
      <object_component id="oc-39e">
         <name>.text:_mcpy</name>
         <load_address>0x5742</load_address>
         <run_address>0x5742</run_address>
         <size>0x6e</size>
         <input_file_ref idref="fl-d7"/>
      </object_component>
      <object_component id="oc-2fa">
         <name>.text</name>
         <load_address>0x57b0</load_address>
         <run_address>0x57b0</run_address>
         <size>0x6e</size>
         <input_file_ref idref="fl-de"/>
      </object_component>
      <object_component id="oc-21b">
         <name>.text:_chkmbc</name>
         <load_address>0x5820</load_address>
         <run_address>0x5820</run_address>
         <size>0x68</size>
         <input_file_ref idref="fl-cd"/>
      </object_component>
      <object_component id="oc-15">
         <name>.text:decompress:lzss:__TI_decompress_lzss</name>
         <load_address>0x5888</load_address>
         <run_address>0x5888</run_address>
         <size>0x68</size>
         <input_file_ref idref="fl-d2"/>
      </object_component>
      <object_component id="oc-3b3">
         <name>.text:frexp</name>
         <load_address>0x58f0</load_address>
         <run_address>0x58f0</run_address>
         <size>0x64</size>
         <input_file_ref idref="fl-f7"/>
      </object_component>
      <object_component id="oc-2ae">
         <name>.text:_pconv_f</name>
         <load_address>0x5954</load_address>
         <run_address>0x5954</run_address>
         <size>0x56</size>
         <input_file_ref idref="fl-d7"/>
      </object_component>
      <object_component id="oc-388">
         <name>.text:__TI_ltoa</name>
         <load_address>0x59aa</load_address>
         <run_address>0x59aa</run_address>
         <size>0x54</size>
         <input_file_ref idref="fl-e6"/>
      </object_component>
      <object_component id="oc-398">
         <name>.text:_ecpy</name>
         <load_address>0x59fe</load_address>
         <run_address>0x59fe</run_address>
         <size>0x52</size>
         <input_file_ref idref="fl-d7"/>
      </object_component>
      <object_component id="oc-297">
         <name>.text:atoi</name>
         <load_address>0x5a50</load_address>
         <run_address>0x5a50</run_address>
         <size>0x4c</size>
         <input_file_ref idref="fl-e8"/>
      </object_component>
      <object_component id="oc-102">
         <name>.text:snprintf</name>
         <load_address>0x5a9c</load_address>
         <run_address>0x5a9c</run_address>
         <size>0x4c</size>
         <input_file_ref idref="fl-cc"/>
      </object_component>
      <object_component id="oc-e4">
         <name>.text</name>
         <load_address>0x5ae8</load_address>
         <run_address>0x5ae8</run_address>
         <size>0x48</size>
         <input_file_ref idref="fl-4"/>
      </object_component>
      <object_component id="oc-383">
         <name>.text</name>
         <load_address>0x5b30</load_address>
         <run_address>0x5b30</run_address>
         <size>0x48</size>
         <input_file_ref idref="fl-dd"/>
      </object_component>
      <object_component id="oc-163">
         <name>.text:__TI_auto_init_nobinit_nopinit:__TI_auto_init_nobinit_nopinit</name>
         <load_address>0x5b78</load_address>
         <run_address>0x5b78</run_address>
         <size>0x44</size>
         <input_file_ref idref="fl-e1"/>
      </object_component>
      <object_component id="oc-10e">
         <name>.text:strtok</name>
         <load_address>0x5bbc</load_address>
         <run_address>0x5bbc</run_address>
         <size>0x40</size>
         <input_file_ref idref="fl-d5"/>
      </object_component>
      <object_component id="oc-3ab">
         <name>.text:_fcpy</name>
         <load_address>0x5bfc</load_address>
         <run_address>0x5bfc</run_address>
         <size>0x3e</size>
         <input_file_ref idref="fl-d7"/>
      </object_component>
      <object_component id="oc-108">
         <name>.text:sscanf</name>
         <load_address>0x5c3c</load_address>
         <run_address>0x5c3c</run_address>
         <size>0x38</size>
         <input_file_ref idref="fl-cd"/>
      </object_component>
      <object_component id="oc-5f">
         <name>.text:_c_int00_noargs:_c_int00_noargs</name>
         <load_address>0x5c74</load_address>
         <run_address>0x5c74</run_address>
         <size>0x34</size>
         <input_file_ref idref="fl-d6"/>
      </object_component>
      <object_component id="oc-1ec">
         <name>.text:_outs</name>
         <load_address>0x5ca8</load_address>
         <run_address>0x5ca8</run_address>
         <size>0x30</size>
         <input_file_ref idref="fl-cc"/>
      </object_component>
      <object_component id="oc-38e">
         <name>.text</name>
         <load_address>0x5cd8</load_address>
         <run_address>0x5cd8</run_address>
         <size>0x2e</size>
         <input_file_ref idref="fl-df"/>
      </object_component>
      <object_component id="oc-139">
         <name>.text</name>
         <load_address>0x5d08</load_address>
         <run_address>0x5d08</run_address>
         <size>0x2c</size>
         <input_file_ref idref="fl-d"/>
      </object_component>
      <object_component id="oc-223">
         <name>.text:strspn</name>
         <load_address>0x5d34</load_address>
         <run_address>0x5d34</run_address>
         <size>0x2a</size>
         <input_file_ref idref="fl-ef"/>
      </object_component>
      <object_component id="oc-229">
         <name>.text:strcspn</name>
         <load_address>0x5d5e</load_address>
         <run_address>0x5d5e</run_address>
         <size>0x24</size>
         <input_file_ref idref="fl-ec"/>
      </object_component>
      <object_component id="oc-4d">
         <name>.text:decompress:ZI:__TI_zero_init_nomemset:__TI_zero_init_nomemset</name>
         <load_address>0x5d82</load_address>
         <run_address>0x5d82</run_address>
         <size>0x1c</size>
         <input_file_ref idref="fl-d0"/>
      </object_component>
      <object_component id="oc-2c0">
         <name>.text:memccpy</name>
         <load_address>0x5d9e</load_address>
         <run_address>0x5d9e</run_address>
         <size>0x1c</size>
         <input_file_ref idref="fl-e9"/>
      </object_component>
      <object_component id="oc-133">
         <name>.text</name>
         <load_address>0x5dba</load_address>
         <run_address>0x5dba</run_address>
         <size>0x1c</size>
         <input_file_ref idref="fl-12"/>
      </object_component>
      <object_component id="oc-429">
         <name>.text:copysign</name>
         <load_address>0x5dd6</load_address>
         <run_address>0x5dd6</run_address>
         <size>0x1a</size>
         <input_file_ref idref="fl-fb"/>
      </object_component>
      <object_component id="oc-1f2">
         <name>.text:_outc</name>
         <load_address>0x5df0</load_address>
         <run_address>0x5df0</run_address>
         <size>0x18</size>
         <input_file_ref idref="fl-cc"/>
      </object_component>
      <object_component id="oc-3dc">
         <name>.text</name>
         <load_address>0x5e08</load_address>
         <run_address>0x5e08</run_address>
         <size>0x18</size>
         <input_file_ref idref="fl-fa"/>
      </object_component>
      <object_component id="oc-114">
         <name>.text:strcmp</name>
         <load_address>0x5e20</load_address>
         <run_address>0x5e20</run_address>
         <size>0x18</size>
         <input_file_ref idref="fl-d4"/>
      </object_component>
      <object_component id="oc-30e">
         <name>.text:strrchr</name>
         <load_address>0x5e38</load_address>
         <run_address>0x5e38</run_address>
         <size>0x18</size>
         <input_file_ref idref="fl-ee"/>
      </object_component>
      <object_component id="oc-314">
         <name>.text:strchr</name>
         <load_address>0x5e50</load_address>
         <run_address>0x5e50</run_address>
         <size>0x16</size>
         <input_file_ref idref="fl-ea"/>
      </object_component>
      <object_component id="oc-2e2">
         <name>.text:strcpy</name>
         <load_address>0x5e66</load_address>
         <run_address>0x5e66</run_address>
         <size>0x14</size>
         <input_file_ref idref="fl-eb"/>
      </object_component>
      <object_component id="oc-291">
         <name>.text:strlen</name>
         <load_address>0x5e7a</load_address>
         <run_address>0x5e7a</run_address>
         <size>0x14</size>
         <input_file_ref idref="fl-ed"/>
      </object_component>
      <object_component id="oc-20f">
         <name>.text:_inpchar</name>
         <load_address>0x5e8e</load_address>
         <run_address>0x5e8e</run_address>
         <size>0x12</size>
         <input_file_ref idref="fl-cd"/>
      </object_component>
      <object_component id="oc-2c6">
         <name>.text:wcslen</name>
         <load_address>0x5ea0</load_address>
         <run_address>0x5ea0</run_address>
         <size>0x12</size>
         <input_file_ref idref="fl-f6"/>
      </object_component>
      <object_component id="oc-127">
         <name>.text</name>
         <load_address>0x5eb4</load_address>
         <run_address>0x5eb4</run_address>
         <size>0x10</size>
         <input_file_ref idref="fl-2"/>
      </object_component>
      <object_component id="oc-1b">
         <name>.text:decompress:none:__TI_decompress_none</name>
         <load_address>0x5ec4</load_address>
         <run_address>0x5ec4</run_address>
         <size>0xe</size>
         <input_file_ref idref="fl-d1"/>
      </object_component>
      <object_component id="oc-27">
         <name>.text</name>
         <load_address>0x5ed2</load_address>
         <run_address>0x5ed2</run_address>
         <size>0xc</size>
         <input_file_ref idref="fl-f"/>
      </object_component>
      <object_component id="oc-120">
         <name>.text</name>
         <load_address>0x5ede</load_address>
         <run_address>0x5ede</run_address>
         <size>0xa</size>
         <input_file_ref idref="fl-a"/>
      </object_component>
      <object_component id="oc-2cc">
         <name>.text:__aeabi_errno_addr</name>
         <load_address>0x5ee8</load_address>
         <run_address>0x5ee8</run_address>
         <size>0x8</size>
         <input_file_ref idref="fl-f5"/>
      </object_component>
      <object_component id="oc-215">
         <name>.text:_uninpchar</name>
         <load_address>0x5ef0</load_address>
         <run_address>0x5ef0</run_address>
         <size>0x8</size>
         <input_file_ref idref="fl-cd"/>
      </object_component>
      <object_component id="oc-ac">
         <name>.text:_system_pre_init</name>
         <load_address>0x5ef8</load_address>
         <run_address>0x5ef8</run_address>
         <size>0x4</size>
         <input_file_ref idref="fl-e2"/>
      </object_component>
      <object_component id="oc-157">
         <name>.text:abort:abort</name>
         <load_address>0x5efc</load_address>
         <run_address>0x5efc</run_address>
         <size>0x4</size>
         <input_file_ref idref="fl-e4"/>
      </object_component>
      <object_component id="oc-30b">
         <name>.const:.string:_ctypes_</name>
         <load_address>0x5f00</load_address>
         <run_address>0x5f00</run_address>
         <size>0x101</size>
         <input_file_ref idref="fl-d3"/>
      </object_component>
      <object_component id="oc-3e5">
         <name>.const:$O1$$</name>
         <load_address>0x6008</load_address>
         <run_address>0x6008</run_address>
         <size>0xc8</size>
         <input_file_ref idref="fl-f0"/>
      </object_component>
      <object_component id="oc-31a">
         <name>.const:$O1$$</name>
         <load_address>0x60d0</load_address>
         <run_address>0x60d0</run_address>
         <size>0x10</size>
         <input_file_ref idref="fl-d8"/>
      </object_component>
      <object_component id="oc-490">
         <name>.cinit..data.load</name>
         <load_address>0x60e0</load_address>
         <run_address>0x60e0</run_address>
         <size>0x20</size>
      </object_component>
      <object_component id="oc-48e">
         <name>__TI_handler_table</name>
         <load_address>0x6100</load_address>
         <run_address>0x6100</run_address>
         <size>0xc</size>
      </object_component>
      <object_component id="oc-491">
         <name>.cinit..bss.load</name>
         <load_address>0x6110</load_address>
         <run_address>0x6110</run_address>
         <size>0x8</size>
      </object_component>
      <object_component id="oc-48f">
         <name>__TI_cinit_table</name>
         <load_address>0x6118</load_address>
         <run_address>0x6118</run_address>
         <size>0x10</size>
      </object_component>
      <object_component id="oc-1bb">
         <name>.data</name>
         <load_address>0x20000410</load_address>
         <run_address>0x20000410</run_address>
         <size>0x1c</size>
         <input_file_ref idref="fl-3"/>
      </object_component>
      <object_component id="oc-1df">
         <name>.data</name>
         <load_address>0x20000450</load_address>
         <run_address>0x20000450</run_address>
         <size>0x3</size>
         <input_file_ref idref="fl-5"/>
      </object_component>
      <object_component id="oc-1dc">
         <name>.data:hwAddress</name>
         <load_address>0x2000042c</load_address>
         <run_address>0x2000042c</run_address>
         <size>0x6</size>
         <input_file_ref idref="fl-5"/>
      </object_component>
      <object_component id="oc-11a">
         <name>.data</name>
         <load_address>0x20000446</load_address>
         <run_address>0x20000446</run_address>
         <size>0x1</size>
         <input_file_ref idref="fl-6"/>
      </object_component>
      <object_component id="oc-1d1">
         <name>.data:ipAddress</name>
         <load_address>0x20000432</load_address>
         <run_address>0x20000432</run_address>
         <size>0x4</size>
         <input_file_ref idref="fl-9"/>
      </object_component>
      <object_component id="oc-1c8">
         <name>.data:ipSubnetMask</name>
         <load_address>0x2000043e</load_address>
         <run_address>0x2000043e</run_address>
         <size>0x4</size>
         <input_file_ref idref="fl-9"/>
      </object_component>
      <object_component id="oc-1cb">
         <name>.data:ipGwAddress</name>
         <load_address>0x2000043a</load_address>
         <run_address>0x2000043a</run_address>
         <size>0x4</size>
         <input_file_ref idref="fl-9"/>
      </object_component>
      <object_component id="oc-1ce">
         <name>.data:ipDnsAddress</name>
         <load_address>0x20000436</load_address>
         <run_address>0x20000436</run_address>
         <size>0x4</size>
         <input_file_ref idref="fl-9"/>
      </object_component>
      <object_component id="oc-1c5">
         <name>.data:ipTimeServerAddress</name>
         <load_address>0x20000442</load_address>
         <run_address>0x20000442</run_address>
         <size>0x4</size>
         <input_file_ref idref="fl-9"/>
      </object_component>
      <object_component id="oc-22f">
         <name>.data</name>
         <load_address>0x2000044c</load_address>
         <run_address>0x2000044c</run_address>
         <size>0x4</size>
         <input_file_ref idref="fl-d5"/>
      </object_component>
      <object_component id="oc-3c9">
         <name>.data</name>
         <load_address>0x20000448</load_address>
         <run_address>0x20000448</run_address>
         <size>0x4</size>
         <input_file_ref idref="fl-f5"/>
      </object_component>
      <object_component id="oc-1bf">
         <name>.common:dhcpOfferedIpAdd</name>
         <uninitialized>true</uninitialized>
         <run_address>0x200001f0</run_address>
         <size>0x4</size>
      </object_component>
      <object_component id="oc-1be">
         <name>.common:dhcpServerIpAdd</name>
         <uninitialized>true</uninitialized>
         <run_address>0x200001f4</run_address>
         <size>0x4</size>
      </object_component>
      <object_component id="oc-1c3">
         <name>.common:tempSub</name>
         <uninitialized>true</uninitialized>
         <run_address>0x20000208</run_address>
         <size>0x4</size>
      </object_component>
      <object_component id="oc-1c2">
         <name>.common:tempDns</name>
         <uninitialized>true</uninitialized>
         <run_address>0x200001fc</run_address>
         <size>0x4</size>
      </object_component>
      <object_component id="oc-1c1">
         <name>.common:tempGw</name>
         <uninitialized>true</uninitialized>
         <run_address>0x20000200</run_address>
         <size>0x4</size>
      </object_component>
      <object_component id="oc-1c0">
         <name>.common:tempLs</name>
         <uninitialized>true</uninitialized>
         <run_address>0x20000204</run_address>
         <size>0x4</size>
      </object_component>
      <object_component id="oc-11d">
         <name>.common:strInput</name>
         <uninitialized>true</uninitialized>
         <run_address>0x20000118</run_address>
         <size>0x54</size>
      </object_component>
      <object_component id="oc-126">
         <name>.common:token</name>
         <uninitialized>true</uninitialized>
         <run_address>0x2000020c</run_address>
         <size>0x4</size>
      </object_component>
      <object_component id="oc-247">
         <name>.common:sockets</name>
         <uninitialized>true</uninitialized>
         <run_address>0x20000000</run_address>
         <size>0x118</size>
      </object_component>
      <object_component id="oc-24c">
         <name>.common:tcpState</name>
         <uninitialized>true</uninitialized>
         <run_address>0x200001f8</run_address>
         <size>0x4</size>
      </object_component>
      <object_component id="oc-77">
         <name>.common:fn</name>
         <uninitialized>true</uninitialized>
         <run_address>0x2000016c</run_address>
         <size>0x28</size>
      </object_component>
      <object_component id="oc-79">
         <name>.common:period</name>
         <uninitialized>true</uninitialized>
         <run_address>0x20000194</run_address>
         <size>0x28</size>
      </object_component>
      <object_component id="oc-74">
         <name>.common:ticks</name>
         <uninitialized>true</uninitialized>
         <run_address>0x200001bc</run_address>
         <size>0x28</size>
      </object_component>
      <object_component id="oc-78">
         <name>.common:reload</name>
         <uninitialized>true</uninitialized>
         <run_address>0x200001e4</run_address>
         <size>0xc</size>
      </object_component>
      <object_component id="oc-24">
         <name>.stack</name>
         <uninitialized>true</uninitialized>
         <run_address>0x20000210</run_address>
         <size>0x4</size>
         <input_file_ref idref="fl-d6"/>
      </object_component>
      <object_component id="oc-493">
         <name>.stack</name>
         <uninitialized>true</uninitialized>
         <run_address>0x20000210</run_address>
         <size>0x0</size>
      </object_component>
      <object_component id="oc-cd">
         <name>.debug_info</name>
         <load_address>0x0</load_address>
         <run_address>0x0</run_address>
         <size>0x365</size>
         <input_file_ref idref="fl-1"/>
      </object_component>
      <object_component id="oc-140">
         <name>.debug_info</name>
         <load_address>0x365</load_address>
         <run_address>0x365</run_address>
         <size>0x469</size>
         <input_file_ref idref="fl-1"/>
      </object_component>
      <object_component id="oc-8c">
         <name>.debug_info</name>
         <load_address>0x7ce</load_address>
         <run_address>0x7ce</run_address>
         <size>0x26b</size>
         <input_file_ref idref="fl-1"/>
      </object_component>
      <object_component id="oc-7b">
         <name>.debug_info</name>
         <load_address>0xa39</load_address>
         <run_address>0xa39</run_address>
         <size>0x8b</size>
         <input_file_ref idref="fl-1"/>
      </object_component>
      <object_component id="oc-c8">
         <name>.debug_info</name>
         <load_address>0xac4</load_address>
         <run_address>0xac4</run_address>
         <size>0x2a4</size>
         <input_file_ref idref="fl-1"/>
      </object_component>
      <object_component id="oc-85">
         <name>.debug_info</name>
         <load_address>0xd68</load_address>
         <run_address>0xd68</run_address>
         <size>0xbb</size>
         <input_file_ref idref="fl-1"/>
      </object_component>
      <object_component id="oc-23f">
         <name>.debug_info</name>
         <load_address>0xe23</load_address>
         <run_address>0xe23</run_address>
         <size>0xcc</size>
         <input_file_ref idref="fl-1"/>
      </object_component>
      <object_component id="oc-204">
         <name>.debug_info</name>
         <load_address>0xeef</load_address>
         <run_address>0xeef</run_address>
         <size>0x2c</size>
         <input_file_ref idref="fl-1"/>
      </object_component>
      <object_component id="oc-1ad">
         <name>.debug_info</name>
         <load_address>0xf1b</load_address>
         <run_address>0xf1b</run_address>
         <size>0xee</size>
         <input_file_ref idref="fl-1"/>
      </object_component>
      <object_component id="oc-19c">
         <name>.debug_info</name>
         <load_address>0x1009</load_address>
         <run_address>0x1009</run_address>
         <size>0xe1</size>
         <input_file_ref idref="fl-1"/>
      </object_component>
      <object_component id="oc-1a1">
         <name>.debug_info</name>
         <load_address>0x10ea</load_address>
         <run_address>0x10ea</run_address>
         <size>0x12e</size>
         <input_file_ref idref="fl-1"/>
      </object_component>
      <object_component id="oc-128">
         <name>.debug_info</name>
         <load_address>0x1218</load_address>
         <run_address>0x1218</run_address>
         <size>0x128</size>
         <input_file_ref idref="fl-2"/>
      </object_component>
      <object_component id="oc-3c">
         <name>.debug_info</name>
         <load_address>0x1340</load_address>
         <run_address>0x1340</run_address>
         <size>0x84</size>
         <input_file_ref idref="fl-2"/>
      </object_component>
      <object_component id="oc-c6">
         <name>.debug_info</name>
         <load_address>0x13c4</load_address>
         <run_address>0x13c4</run_address>
         <size>0x77a</size>
         <input_file_ref idref="fl-3"/>
      </object_component>
      <object_component id="oc-1bc">
         <name>.debug_info</name>
         <load_address>0x1b3e</load_address>
         <run_address>0x1b3e</run_address>
         <size>0x2a2</size>
         <input_file_ref idref="fl-3"/>
      </object_component>
      <object_component id="oc-eb">
         <name>.debug_info</name>
         <load_address>0x1de0</load_address>
         <run_address>0x1de0</run_address>
         <size>0x1746</size>
         <input_file_ref idref="fl-3"/>
      </object_component>
      <object_component id="oc-80">
         <name>.debug_info</name>
         <load_address>0x3526</load_address>
         <run_address>0x3526</run_address>
         <size>0x2c</size>
         <input_file_ref idref="fl-3"/>
      </object_component>
      <object_component id="oc-197">
         <name>.debug_info</name>
         <load_address>0x3552</load_address>
         <run_address>0x3552</run_address>
         <size>0x168</size>
         <input_file_ref idref="fl-3"/>
      </object_component>
      <object_component id="oc-152">
         <name>.debug_info</name>
         <load_address>0x36ba</load_address>
         <run_address>0x36ba</run_address>
         <size>0xc6</size>
         <input_file_ref idref="fl-3"/>
      </object_component>
      <object_component id="oc-1a6">
         <name>.debug_info</name>
         <load_address>0x3780</load_address>
         <run_address>0x3780</run_address>
         <size>0x9e</size>
         <input_file_ref idref="fl-3"/>
      </object_component>
      <object_component id="oc-1ba">
         <name>.debug_info</name>
         <load_address>0x381e</load_address>
         <run_address>0x381e</run_address>
         <size>0x276</size>
         <input_file_ref idref="fl-4"/>
      </object_component>
      <object_component id="oc-e5">
         <name>.debug_info</name>
         <load_address>0x3a94</load_address>
         <run_address>0x3a94</run_address>
         <size>0x20d</size>
         <input_file_ref idref="fl-4"/>
      </object_component>
      <object_component id="oc-1e3">
         <name>.debug_info</name>
         <load_address>0x3ca1</load_address>
         <run_address>0x3ca1</run_address>
         <size>0x481</size>
         <input_file_ref idref="fl-5"/>
      </object_component>
      <object_component id="oc-1e0">
         <name>.debug_info</name>
         <load_address>0x4122</load_address>
         <run_address>0x4122</run_address>
         <size>0x139</size>
         <input_file_ref idref="fl-5"/>
      </object_component>
      <object_component id="oc-1dd">
         <name>.debug_info</name>
         <load_address>0x425b</load_address>
         <run_address>0x425b</run_address>
         <size>0xe1</size>
         <input_file_ref idref="fl-5"/>
      </object_component>
      <object_component id="oc-f7">
         <name>.debug_info</name>
         <load_address>0x433c</load_address>
         <run_address>0x433c</run_address>
         <size>0x16c3</size>
         <input_file_ref idref="fl-5"/>
      </object_component>
      <object_component id="oc-1b3">
         <name>.debug_info</name>
         <load_address>0x59ff</load_address>
         <run_address>0x59ff</run_address>
         <size>0x88</size>
         <input_file_ref idref="fl-5"/>
      </object_component>
      <object_component id="oc-11e">
         <name>.debug_info</name>
         <load_address>0x5a87</load_address>
         <run_address>0x5a87</run_address>
         <size>0x1004</size>
         <input_file_ref idref="fl-6"/>
      </object_component>
      <object_component id="oc-11b">
         <name>.debug_info</name>
         <load_address>0x6a8b</load_address>
         <run_address>0x6a8b</run_address>
         <size>0xdd</size>
         <input_file_ref idref="fl-6"/>
      </object_component>
      <object_component id="oc-b3">
         <name>.debug_info</name>
         <load_address>0x6b68</load_address>
         <run_address>0x6b68</run_address>
         <size>0x1275</size>
         <input_file_ref idref="fl-6"/>
      </object_component>
      <object_component id="oc-33f">
         <name>.debug_info</name>
         <load_address>0x7ddd</load_address>
         <run_address>0x7ddd</run_address>
         <size>0xb2</size>
         <input_file_ref idref="fl-6"/>
      </object_component>
      <object_component id="oc-336">
         <name>.debug_info</name>
         <load_address>0x7e8f</load_address>
         <run_address>0x7e8f</run_address>
         <size>0xee</size>
         <input_file_ref idref="fl-6"/>
      </object_component>
      <object_component id="oc-23a">
         <name>.debug_info</name>
         <load_address>0x7f7d</load_address>
         <run_address>0x7f7d</run_address>
         <size>0x35</size>
         <input_file_ref idref="fl-6"/>
      </object_component>
      <object_component id="oc-1b8">
         <name>.debug_info</name>
         <load_address>0x7fb2</load_address>
         <run_address>0x7fb2</run_address>
         <size>0x2dd</size>
         <input_file_ref idref="fl-7"/>
      </object_component>
      <object_component id="oc-df">
         <name>.debug_info</name>
         <load_address>0x828f</load_address>
         <run_address>0x828f</run_address>
         <size>0xf83</size>
         <input_file_ref idref="fl-7"/>
      </object_component>
      <object_component id="oc-252">
         <name>.debug_info</name>
         <load_address>0x9212</load_address>
         <run_address>0x9212</run_address>
         <size>0x372</size>
         <input_file_ref idref="fl-8"/>
      </object_component>
      <object_component id="oc-146">
         <name>.debug_info</name>
         <load_address>0x9584</load_address>
         <run_address>0x9584</run_address>
         <size>0x316</size>
         <input_file_ref idref="fl-8"/>
      </object_component>
      <object_component id="oc-1d5">
         <name>.debug_info</name>
         <load_address>0x989a</load_address>
         <run_address>0x989a</run_address>
         <size>0x2ed</size>
         <input_file_ref idref="fl-9"/>
      </object_component>
      <object_component id="oc-1d2">
         <name>.debug_info</name>
         <load_address>0x9b87</load_address>
         <run_address>0x9b87</run_address>
         <size>0xdf</size>
         <input_file_ref idref="fl-9"/>
      </object_component>
      <object_component id="oc-1c9">
         <name>.debug_info</name>
         <load_address>0x9c66</load_address>
         <run_address>0x9c66</run_address>
         <size>0xe5</size>
         <input_file_ref idref="fl-9"/>
      </object_component>
      <object_component id="oc-1cc">
         <name>.debug_info</name>
         <load_address>0x9d4b</load_address>
         <run_address>0x9d4b</run_address>
         <size>0xe3</size>
         <input_file_ref idref="fl-9"/>
      </object_component>
      <object_component id="oc-1cf">
         <name>.debug_info</name>
         <load_address>0x9e2e</load_address>
         <run_address>0x9e2e</run_address>
         <size>0xe5</size>
         <input_file_ref idref="fl-9"/>
      </object_component>
      <object_component id="oc-1c6">
         <name>.debug_info</name>
         <load_address>0x9f13</load_address>
         <run_address>0x9f13</run_address>
         <size>0xf3</size>
         <input_file_ref idref="fl-9"/>
      </object_component>
      <object_component id="oc-f1">
         <name>.debug_info</name>
         <load_address>0xa006</load_address>
         <run_address>0xa006</run_address>
         <size>0x8f6</size>
         <input_file_ref idref="fl-9"/>
      </object_component>
      <object_component id="oc-245">
         <name>.debug_info</name>
         <load_address>0xa8fc</load_address>
         <run_address>0xa8fc</run_address>
         <size>0x2ac</size>
         <input_file_ref idref="fl-a"/>
      </object_component>
      <object_component id="oc-121">
         <name>.debug_info</name>
         <load_address>0xaba8</load_address>
         <run_address>0xaba8</run_address>
         <size>0x2a7</size>
         <input_file_ref idref="fl-a"/>
      </object_component>
      <object_component id="oc-248">
         <name>.debug_info</name>
         <load_address>0xae4f</load_address>
         <run_address>0xae4f</run_address>
         <size>0x316</size>
         <input_file_ref idref="fl-b"/>
      </object_component>
      <object_component id="oc-12e">
         <name>.debug_info</name>
         <load_address>0xb165</load_address>
         <run_address>0xb165</run_address>
         <size>0x4aa</size>
         <input_file_ref idref="fl-b"/>
      </object_component>
      <object_component id="oc-288">
         <name>.debug_info</name>
         <load_address>0xb60f</load_address>
         <run_address>0xb60f</run_address>
         <size>0x393</size>
         <input_file_ref idref="fl-c"/>
      </object_component>
      <object_component id="oc-1d7">
         <name>.debug_info</name>
         <load_address>0xb9a2</load_address>
         <run_address>0xb9a2</run_address>
         <size>0x438</size>
         <input_file_ref idref="fl-c"/>
      </object_component>
      <object_component id="oc-24d">
         <name>.debug_info</name>
         <load_address>0xbdda</load_address>
         <run_address>0xbdda</run_address>
         <size>0x312</size>
         <input_file_ref idref="fl-d"/>
      </object_component>
      <object_component id="oc-13a">
         <name>.debug_info</name>
         <load_address>0xc0ec</load_address>
         <run_address>0xc0ec</run_address>
         <size>0x627</size>
         <input_file_ref idref="fl-d"/>
      </object_component>
      <object_component id="oc-75">
         <name>.debug_info</name>
         <load_address>0xc713</load_address>
         <run_address>0xc713</run_address>
         <size>0x33f</size>
         <input_file_ref idref="fl-e"/>
      </object_component>
      <object_component id="oc-2e">
         <name>.debug_info</name>
         <load_address>0xca52</load_address>
         <run_address>0xca52</run_address>
         <size>0x49c</size>
         <input_file_ref idref="fl-e"/>
      </object_component>
      <object_component id="oc-35">
         <name>.debug_info</name>
         <load_address>0xceee</load_address>
         <run_address>0xceee</run_address>
         <size>0x2d2</size>
         <input_file_ref idref="fl-f"/>
      </object_component>
      <object_component id="oc-13">
         <name>.debug_info</name>
         <load_address>0xd1c0</load_address>
         <run_address>0xd1c0</run_address>
         <size>0xfb</size>
         <input_file_ref idref="fl-f"/>
      </object_component>
      <object_component id="oc-28">
         <name>.debug_info</name>
         <load_address>0xd2bb</load_address>
         <run_address>0xd2bb</run_address>
         <size>0x277</size>
         <input_file_ref idref="fl-f"/>
      </object_component>
      <object_component id="oc-1e5">
         <name>.debug_info</name>
         <load_address>0xd532</load_address>
         <run_address>0xd532</run_address>
         <size>0x36a</size>
         <input_file_ref idref="fl-10"/>
      </object_component>
      <object_component id="oc-fd">
         <name>.debug_info</name>
         <load_address>0xd89c</load_address>
         <run_address>0xd89c</run_address>
         <size>0x3a7</size>
         <input_file_ref idref="fl-10"/>
      </object_component>
      <object_component id="oc-254">
         <name>.debug_info</name>
         <load_address>0xdc43</load_address>
         <run_address>0xdc43</run_address>
         <size>0x409</size>
         <input_file_ref idref="fl-11"/>
      </object_component>
      <object_component id="oc-14c">
         <name>.debug_info</name>
         <load_address>0xe04c</load_address>
         <run_address>0xe04c</run_address>
         <size>0x4af</size>
         <input_file_ref idref="fl-11"/>
      </object_component>
      <object_component id="oc-134">
         <name>.debug_info</name>
         <load_address>0xe4fb</load_address>
         <run_address>0xe4fb</run_address>
         <size>0x124</size>
         <input_file_ref idref="fl-12"/>
      </object_component>
      <object_component id="oc-1f9">
         <name>.debug_info</name>
         <load_address>0xe61f</load_address>
         <run_address>0xe61f</run_address>
         <size>0x33a</size>
         <input_file_ref idref="fl-cc"/>
      </object_component>
      <object_component id="oc-104">
         <name>.debug_info</name>
         <load_address>0xe959</load_address>
         <run_address>0xe959</run_address>
         <size>0x1ee</size>
         <input_file_ref idref="fl-cc"/>
      </object_component>
      <object_component id="oc-1ee">
         <name>.debug_info</name>
         <load_address>0xeb47</load_address>
         <run_address>0xeb47</run_address>
         <size>0x1c3</size>
         <input_file_ref idref="fl-cc"/>
      </object_component>
      <object_component id="oc-1f4">
         <name>.debug_info</name>
         <load_address>0xed0a</load_address>
         <run_address>0xed0a</run_address>
         <size>0x176</size>
         <input_file_ref idref="fl-cc"/>
      </object_component>
      <object_component id="oc-1fa">
         <name>.debug_info</name>
         <load_address>0xee80</load_address>
         <run_address>0xee80</run_address>
         <size>0x2c</size>
         <input_file_ref idref="fl-cc"/>
      </object_component>
      <object_component id="oc-1ff">
         <name>.debug_info</name>
         <load_address>0xeeac</load_address>
         <run_address>0xeeac</run_address>
         <size>0x69</size>
         <input_file_ref idref="fl-cc"/>
      </object_component>
      <object_component id="oc-222">
         <name>.debug_info</name>
         <load_address>0xef15</load_address>
         <run_address>0xef15</run_address>
         <size>0x37a</size>
         <input_file_ref idref="fl-cd"/>
      </object_component>
      <object_component id="oc-109">
         <name>.debug_info</name>
         <load_address>0xf28f</load_address>
         <run_address>0xf28f</run_address>
         <size>0x17e</size>
         <input_file_ref idref="fl-cd"/>
      </object_component>
      <object_component id="oc-216">
         <name>.debug_info</name>
         <load_address>0xf40d</load_address>
         <run_address>0xf40d</run_address>
         <size>0x171</size>
         <input_file_ref idref="fl-cd"/>
      </object_component>
      <object_component id="oc-210">
         <name>.debug_info</name>
         <load_address>0xf57e</load_address>
         <run_address>0xf57e</run_address>
         <size>0x17e</size>
         <input_file_ref idref="fl-cd"/>
      </object_component>
      <object_component id="oc-21c">
         <name>.debug_info</name>
         <load_address>0xf6fc</load_address>
         <run_address>0xf6fc</run_address>
         <size>0x1de</size>
         <input_file_ref idref="fl-cd"/>
      </object_component>
      <object_component id="oc-42">
         <name>.debug_info</name>
         <load_address>0xf8da</load_address>
         <run_address>0xf8da</run_address>
         <size>0x119</size>
         <input_file_ref idref="fl-ce"/>
      </object_component>
      <object_component id="oc-a7">
         <name>.debug_info</name>
         <load_address>0xf9f3</load_address>
         <run_address>0xf9f3</run_address>
         <size>0x147</size>
         <input_file_ref idref="fl-cf"/>
      </object_component>
      <object_component id="oc-a5">
         <name>.debug_info</name>
         <load_address>0xfb3a</load_address>
         <run_address>0xfb3a</run_address>
         <size>0x2d4</size>
         <input_file_ref idref="fl-d0"/>
      </object_component>
      <object_component id="oc-4e">
         <name>.debug_info</name>
         <load_address>0xfe0e</load_address>
         <run_address>0xfe0e</run_address>
         <size>0x1d2</size>
         <input_file_ref idref="fl-d0"/>
      </object_component>
      <object_component id="oc-a0">
         <name>.debug_info</name>
         <load_address>0xffe0</load_address>
         <run_address>0xffe0</run_address>
         <size>0x46</size>
         <input_file_ref idref="fl-d0"/>
      </object_component>
      <object_component id="oc-d5">
         <name>.debug_info</name>
         <load_address>0x10026</load_address>
         <run_address>0x10026</run_address>
         <size>0x2c</size>
         <input_file_ref idref="fl-d0"/>
      </object_component>
      <object_component id="oc-4c">
         <name>.debug_info</name>
         <load_address>0x10052</load_address>
         <run_address>0x10052</run_address>
         <size>0x2a8</size>
         <input_file_ref idref="fl-d1"/>
      </object_component>
      <object_component id="oc-1c">
         <name>.debug_info</name>
         <load_address>0x102fa</load_address>
         <run_address>0x102fa</run_address>
         <size>0x1ea</size>
         <input_file_ref idref="fl-d1"/>
      </object_component>
      <object_component id="oc-47">
         <name>.debug_info</name>
         <load_address>0x104e4</load_address>
         <run_address>0x104e4</run_address>
         <size>0x46</size>
         <input_file_ref idref="fl-d1"/>
      </object_component>
      <object_component id="oc-98">
         <name>.debug_info</name>
         <load_address>0x1052a</load_address>
         <run_address>0x1052a</run_address>
         <size>0x2c</size>
         <input_file_ref idref="fl-d1"/>
      </object_component>
      <object_component id="oc-96">
         <name>.debug_info</name>
         <load_address>0x10556</load_address>
         <run_address>0x10556</run_address>
         <size>0x29e</size>
         <input_file_ref idref="fl-d2"/>
      </object_component>
      <object_component id="oc-16">
         <name>.debug_info</name>
         <load_address>0x107f4</load_address>
         <run_address>0x107f4</run_address>
         <size>0x250</size>
         <input_file_ref idref="fl-d2"/>
      </object_component>
      <object_component id="oc-37">
         <name>.debug_info</name>
         <load_address>0x10a44</load_address>
         <run_address>0x10a44</run_address>
         <size>0x60</size>
         <input_file_ref idref="fl-d2"/>
      </object_component>
      <object_component id="oc-ce">
         <name>.debug_info</name>
         <load_address>0x10aa4</load_address>
         <run_address>0x10aa4</run_address>
         <size>0x46</size>
         <input_file_ref idref="fl-d2"/>
      </object_component>
      <object_component id="oc-91">
         <name>.debug_info</name>
         <load_address>0x10aea</load_address>
         <run_address>0x10aea</run_address>
         <size>0x39</size>
         <input_file_ref idref="fl-d2"/>
      </object_component>
      <object_component id="oc-3f2">
         <name>.debug_info</name>
         <load_address>0x10b23</load_address>
         <run_address>0x10b23</run_address>
         <size>0xf9</size>
         <input_file_ref idref="fl-d3"/>
      </object_component>
      <object_component id="oc-30c">
         <name>.debug_info</name>
         <load_address>0x10c1c</load_address>
         <run_address>0x10c1c</run_address>
         <size>0x105</size>
         <input_file_ref idref="fl-d3"/>
      </object_component>
      <object_component id="oc-235">
         <name>.debug_info</name>
         <load_address>0x10d21</load_address>
         <run_address>0x10d21</run_address>
         <size>0x28a</size>
         <input_file_ref idref="fl-d4"/>
      </object_component>
      <object_component id="oc-115">
         <name>.debug_info</name>
         <load_address>0x10fab</load_address>
         <run_address>0x10fab</run_address>
         <size>0x273</size>
         <input_file_ref idref="fl-d4"/>
      </object_component>
      <object_component id="oc-233">
         <name>.debug_info</name>
         <load_address>0x1121e</load_address>
         <run_address>0x1121e</run_address>
         <size>0x2fe</size>
         <input_file_ref idref="fl-d5"/>
      </object_component>
      <object_component id="oc-230">
         <name>.debug_info</name>
         <load_address>0x1151c</load_address>
         <run_address>0x1151c</run_address>
         <size>0x105</size>
         <input_file_ref idref="fl-d5"/>
      </object_component>
      <object_component id="oc-10f">
         <name>.debug_info</name>
         <load_address>0x11621</load_address>
         <run_address>0x11621</run_address>
         <size>0x1ab</size>
         <input_file_ref idref="fl-d5"/>
      </object_component>
      <object_component id="oc-25">
         <name>.debug_info</name>
         <load_address>0x117cc</load_address>
         <run_address>0x117cc</run_address>
         <size>0x10b</size>
         <input_file_ref idref="fl-d6"/>
      </object_component>
      <object_component id="oc-60">
         <name>.debug_info</name>
         <load_address>0x118d7</load_address>
         <run_address>0x118d7</run_address>
         <size>0x1a9</size>
         <input_file_ref idref="fl-d6"/>
      </object_component>
      <object_component id="oc-2d3">
         <name>.debug_info</name>
         <load_address>0x11a80</load_address>
         <run_address>0x11a80</run_address>
         <size>0x590</size>
         <input_file_ref idref="fl-d7"/>
      </object_component>
      <object_component id="oc-29e">
         <name>.debug_info</name>
         <load_address>0x12010</load_address>
         <run_address>0x12010</run_address>
         <size>0x21e</size>
         <input_file_ref idref="fl-d7"/>
      </object_component>
      <object_component id="oc-399">
         <name>.debug_info</name>
         <load_address>0x1222e</load_address>
         <run_address>0x1222e</run_address>
         <size>0x1b3</size>
         <input_file_ref idref="fl-d7"/>
      </object_component>
      <object_component id="oc-39f">
         <name>.debug_info</name>
         <load_address>0x123e1</load_address>
         <run_address>0x123e1</run_address>
         <size>0x21b</size>
         <input_file_ref idref="fl-d7"/>
      </object_component>
      <object_component id="oc-2a9">
         <name>.debug_info</name>
         <load_address>0x125fc</load_address>
         <run_address>0x125fc</run_address>
         <size>0x3c0</size>
         <input_file_ref idref="fl-d7"/>
      </object_component>
      <object_component id="oc-3a6">
         <name>.debug_info</name>
         <load_address>0x129bc</load_address>
         <run_address>0x129bc</run_address>
         <size>0x30a</size>
         <input_file_ref idref="fl-d7"/>
      </object_component>
      <object_component id="oc-3ac">
         <name>.debug_info</name>
         <load_address>0x12cc6</load_address>
         <run_address>0x12cc6</run_address>
         <size>0x215</size>
         <input_file_ref idref="fl-d7"/>
      </object_component>
      <object_component id="oc-2af">
         <name>.debug_info</name>
         <load_address>0x12edb</load_address>
         <run_address>0x12edb</run_address>
         <size>0x215</size>
         <input_file_ref idref="fl-d7"/>
      </object_component>
      <object_component id="oc-2b5">
         <name>.debug_info</name>
         <load_address>0x130f0</load_address>
         <run_address>0x130f0</run_address>
         <size>0x304</size>
         <input_file_ref idref="fl-d7"/>
      </object_component>
      <object_component id="oc-2bb">
         <name>.debug_info</name>
         <load_address>0x133f4</load_address>
         <run_address>0x133f4</run_address>
         <size>0x4b5</size>
         <input_file_ref idref="fl-d7"/>
      </object_component>
      <object_component id="oc-1e7">
         <name>.debug_info</name>
         <load_address>0x138a9</load_address>
         <run_address>0x138a9</run_address>
         <size>0x5f4</size>
         <input_file_ref idref="fl-d7"/>
      </object_component>
      <object_component id="oc-2d4">
         <name>.debug_info</name>
         <load_address>0x13e9d</load_address>
         <run_address>0x13e9d</run_address>
         <size>0x86</size>
         <input_file_ref idref="fl-d7"/>
      </object_component>
      <object_component id="oc-3d0">
         <name>.debug_info</name>
         <load_address>0x13f23</load_address>
         <run_address>0x13f23</run_address>
         <size>0x39</size>
         <input_file_ref idref="fl-d7"/>
      </object_component>
      <object_component id="oc-43e">
         <name>.debug_info</name>
         <load_address>0x13f5c</load_address>
         <run_address>0x13f5c</run_address>
         <size>0xb6</size>
         <input_file_ref idref="fl-d7"/>
      </object_component>
      <object_component id="oc-3d5">
         <name>.debug_info</name>
         <load_address>0x14012</load_address>
         <run_address>0x14012</run_address>
         <size>0x46</size>
         <input_file_ref idref="fl-d7"/>
      </object_component>
      <object_component id="oc-2d9">
         <name>.debug_info</name>
         <load_address>0x14058</load_address>
         <run_address>0x14058</run_address>
         <size>0x46</size>
         <input_file_ref idref="fl-d7"/>
      </object_component>
      <object_component id="oc-31c">
         <name>.debug_info</name>
         <load_address>0x1409e</load_address>
         <run_address>0x1409e</run_address>
         <size>0x5ce</size>
         <input_file_ref idref="fl-d8"/>
      </object_component>
      <object_component id="oc-20a">
         <name>.debug_info</name>
         <load_address>0x1466c</load_address>
         <run_address>0x1466c</run_address>
         <size>0xa45</size>
         <input_file_ref idref="fl-d8"/>
      </object_component>
      <object_component id="oc-31e">
         <name>.debug_info</name>
         <load_address>0x150b1</load_address>
         <run_address>0x150b1</run_address>
         <size>0x9a</size>
         <input_file_ref idref="fl-d8"/>
      </object_component>
      <object_component id="oc-396">
         <name>.debug_info</name>
         <load_address>0x1514b</load_address>
         <run_address>0x1514b</run_address>
         <size>0x14c</size>
         <input_file_ref idref="fl-d9"/>
      </object_component>
      <object_component id="oc-2a4">
         <name>.debug_info</name>
         <load_address>0x15297</load_address>
         <run_address>0x15297</run_address>
         <size>0x128</size>
         <input_file_ref idref="fl-da"/>
      </object_component>
      <object_component id="oc-37f">
         <name>.debug_info</name>
         <load_address>0x153bf</load_address>
         <run_address>0x153bf</run_address>
         <size>0x12a</size>
         <input_file_ref idref="fl-da"/>
      </object_component>
      <object_component id="oc-37a">
         <name>.debug_info</name>
         <load_address>0x154e9</load_address>
         <run_address>0x154e9</run_address>
         <size>0x13a</size>
         <input_file_ref idref="fl-db"/>
      </object_component>
      <object_component id="oc-375">
         <name>.debug_info</name>
         <load_address>0x15623</load_address>
         <run_address>0x15623</run_address>
         <size>0x13a</size>
         <input_file_ref idref="fl-dc"/>
      </object_component>
      <object_component id="oc-384">
         <name>.debug_info</name>
         <load_address>0x1575d</load_address>
         <run_address>0x1575d</run_address>
         <size>0x12e</size>
         <input_file_ref idref="fl-dd"/>
      </object_component>
      <object_component id="oc-2fb">
         <name>.debug_info</name>
         <load_address>0x1588b</load_address>
         <run_address>0x1588b</run_address>
         <size>0x13e</size>
         <input_file_ref idref="fl-de"/>
      </object_component>
      <object_component id="oc-38f">
         <name>.debug_info</name>
         <load_address>0x159c9</load_address>
         <run_address>0x159c9</run_address>
         <size>0x12c</size>
         <input_file_ref idref="fl-df"/>
      </object_component>
      <object_component id="oc-36e">
         <name>.debug_info</name>
         <load_address>0x15af5</load_address>
         <run_address>0x15af5</run_address>
         <size>0x134</size>
         <input_file_ref idref="fl-e0"/>
      </object_component>
      <object_component id="oc-260">
         <name>.debug_info</name>
         <load_address>0x15c29</load_address>
         <run_address>0x15c29</run_address>
         <size>0x4b3</size>
         <input_file_ref idref="fl-e1"/>
      </object_component>
      <object_component id="oc-164">
         <name>.debug_info</name>
         <load_address>0x160dc</load_address>
         <run_address>0x160dc</run_address>
         <size>0x1a6</size>
         <input_file_ref idref="fl-e1"/>
      </object_component>
      <object_component id="oc-356">
         <name>.debug_info</name>
         <load_address>0x16282</load_address>
         <run_address>0x16282</run_address>
         <size>0x39</size>
         <input_file_ref idref="fl-e1"/>
      </object_component>
      <object_component id="oc-400">
         <name>.debug_info</name>
         <load_address>0x162bb</load_address>
         <run_address>0x162bb</run_address>
         <size>0x39</size>
         <input_file_ref idref="fl-e1"/>
      </object_component>
      <object_component id="oc-35b">
         <name>.debug_info</name>
         <load_address>0x162f4</load_address>
         <run_address>0x162f4</run_address>
         <size>0x39</size>
         <input_file_ref idref="fl-e1"/>
      </object_component>
      <object_component id="oc-360">
         <name>.debug_info</name>
         <load_address>0x1632d</load_address>
         <run_address>0x1632d</run_address>
         <size>0xcd</size>
         <input_file_ref idref="fl-e1"/>
      </object_component>
      <object_component id="oc-ad">
         <name>.debug_info</name>
         <load_address>0x163fa</load_address>
         <run_address>0x163fa</run_address>
         <size>0x153</size>
         <input_file_ref idref="fl-e2"/>
      </object_component>
      <object_component id="oc-158">
         <name>.debug_info</name>
         <load_address>0x1654d</load_address>
         <run_address>0x1654d</run_address>
         <size>0x122</size>
         <input_file_ref idref="fl-e4"/>
      </object_component>
      <object_component id="oc-41b">
         <name>.debug_info</name>
         <load_address>0x1666f</load_address>
         <run_address>0x1666f</run_address>
         <size>0x29c</size>
         <input_file_ref idref="fl-e6"/>
      </object_component>
      <object_component id="oc-389">
         <name>.debug_info</name>
         <load_address>0x1690b</load_address>
         <run_address>0x1690b</run_address>
         <size>0x1da</size>
         <input_file_ref idref="fl-e6"/>
      </object_component>
      <object_component id="oc-36c">
         <name>.debug_info</name>
         <load_address>0x16ae5</load_address>
         <run_address>0x16ae5</run_address>
         <size>0x2b9</size>
         <input_file_ref idref="fl-e8"/>
      </object_component>
      <object_component id="oc-298">
         <name>.debug_info</name>
         <load_address>0x16d9e</load_address>
         <run_address>0x16d9e</run_address>
         <size>0x17c</size>
         <input_file_ref idref="fl-e8"/>
      </object_component>
      <object_component id="oc-3c1">
         <name>.debug_info</name>
         <load_address>0x16f1a</load_address>
         <run_address>0x16f1a</run_address>
         <size>0x2a7</size>
         <input_file_ref idref="fl-e9"/>
      </object_component>
      <object_component id="oc-2c1">
         <name>.debug_info</name>
         <load_address>0x171c1</load_address>
         <run_address>0x171c1</run_address>
         <size>0x1b8</size>
         <input_file_ref idref="fl-e9"/>
      </object_component>
      <object_component id="oc-3f6">
         <name>.debug_info</name>
[...]
      </symbol>
      <symbol id="sm-39d">
         <name>getIpSubnetMask</name>
         <value>0x3bed</value>
         <object_component_ref idref="oc-f0"/>
      </symbol>
      <symbol id="sm-39e">
         <name>setIpSubnetMask</name>
         <value>0x3ab7</value>
         <object_component_ref idref="oc-f0"/>
      </symbol>
      <symbol id="sm-39f">
         <name>ipAddress</name>
         <value>0x20000432</value>
         <object_component_ref idref="oc-1d1"/>
      </symbol>
      <symbol id="sm-3a0">
         <name>isIpUnicast</name>
         <value>0x3b2f</value>
         <object_component_ref idref="oc-f0"/>
      </symbol>
      <symbol id="sm-3a1">
         <name>setIpAddress</name>
         <value>0x3b07</value>
         <object_component_ref idref="oc-f0"/>
      </symbol>
      <symbol id="sm-3a2">
         <name>getIpDnsAddress</name>
         <value>0x3c29</value>
         <object_component_ref idref="oc-f0"/>
      </symbol>
      <symbol id="sm-3a3">
         <name>setIpDnsAddress</name>
         <value>0x3af3</value>
         <object_component_ref idref="oc-f0"/>
      </symbol>
      <symbol id="sm-3b4">
         <name>connectMqtt</name>
         <value>0x5ee7</value>
         <object_component_ref idref="oc-120"/>
      </symbol>
      <symbol id="sm-3b5">
         <name>publishMqtt</name>
         <value>0x5ee3</value>
         <object_component_ref idref="oc-120"/>
      </symbol>
      <symbol id="sm-3b6">
         <name>subscribeMqtt</name>
         <value>0x5ee1</value>
         <object_component_ref idref="oc-120"/>
      </symbol>
      <symbol id="sm-3b7">
         <name>unsubscribeMqtt</name>
         <value>0x5edf</value>
         <object_component_ref idref="oc-120"/>
      </symbol>
      <symbol id="sm-3b8">
         <name>disconnectMqtt</name>
         <value>0x5ee5</value>
         <object_component_ref idref="oc-120"/>
      </symbol>
      <symbol id="sm-3da">
         <name>sockets</name>
         <value>0x20000000</value>
      </symbol>
      <symbol id="sm-3db">
         <name>getSocketInfoFromArpResponse</name>
         <value>0x4a4b</value>
         <object_component_ref idref="oc-12d"/>
      </symbol>
      <symbol id="sm-3dc">
         <name>initSockets</name>
         <value>0x499d</value>
         <object_component_ref idref="oc-12d"/>
      </symbol>
      <symbol id="sm-3dd">
         <name>newSocket</name>
         <value>0x4971</value>
         <object_component_ref idref="oc-12d"/>
      </symbol>
      <symbol id="sm-3de">
         <name>deleteSocket</name>
         <value>0x4a77</value>
         <object_component_ref idref="oc-12d"/>
      </symbol>
      <symbol id="sm-3df">
         <name>getSocketInfoFromTcpPacket</name>
         <value>0x49fd</value>
         <object_component_ref idref="oc-12d"/>
      </symbol>
      <symbol id="sm-3e0">
         <name>getSocketInfoFromUdpPacket</name>
         <value>0x49af</value>
         <object_component_ref idref="oc-12d"/>
      </symbol>
      <symbol id="sm-3fb">
         <name>setSpi0Mode</name>
         <value>0x4e41</value>
         <object_component_ref idref="oc-1d6"/>
      </symbol>
      <symbol id="sm-3fc">
         <name>readSpi0Data</name>
         <value>0x4e9d</value>
         <object_component_ref idref="oc-1d6"/>
      </symbol>
      <symbol id="sm-3fd">
         <name>writeSpi0Data</name>
         <value>0x4e35</value>
         <object_component_ref idref="oc-1d6"/>
      </symbol>
      <symbol id="sm-3fe">
         <name>initSpi0</name>
         <value>0x4ea3</value>
         <object_component_ref idref="oc-1d6"/>
      </symbol>
      <symbol id="sm-3ff">
         <name>setSpi0BaudRate</name>
         <value>0x4e7b</value>
         <object_component_ref idref="oc-1d6"/>
      </symbol>
      <symbol id="sm-41a">
         <name>tcpState</name>
         <value>0x200001f8</value>
      </symbol>
      <symbol id="sm-41b">
         <name>isTcp</name>
         <value>0x5d27</value>
         <object_component_ref idref="oc-139"/>
      </symbol>
      <symbol id="sm-41c">
         <name>sendTcpResponse</name>
         <value>0x5d11</value>
         <object_component_ref idref="oc-139"/>
      </symbol>
      <symbol id="sm-41d">
         <name>setTcpPortList</name>
         <value>0x5d0f</value>
         <object_component_ref idref="oc-139"/>
      </symbol>
      <symbol id="sm-41e">
         <name>isTcpSyn</name>
         <value>0x5d1b</value>
         <object_component_ref idref="oc-139"/>
      </symbol>
      <symbol id="sm-41f">
         <name>processTcpArpResponse</name>
         <value>0x5d19</value>
         <object_component_ref idref="oc-139"/>
      </symbol>
      <symbol id="sm-420">
         <name>getTcpState</name>
         <value>0x5d2b</value>
         <object_component_ref idref="oc-139"/>
      </symbol>
      <symbol id="sm-421">
         <name>sendTcpPendingMessages</name>
         <value>0x5d13</value>
         <object_component_ref idref="oc-139"/>
      </symbol>
      <symbol id="sm-422">
         <name>isTcpAck</name>
         <value>0x5d23</value>
         <object_component_ref idref="oc-139"/>
      </symbol>
      <symbol id="sm-423">
         <name>setTcpState</name>
         <value>0x5d09</value>
         <object_component_ref idref="oc-139"/>
      </symbol>
      <symbol id="sm-424">
         <name>sendTcpMessage</name>
         <value>0x5d15</value>
         <object_component_ref idref="oc-139"/>
      </symbol>
      <symbol id="sm-425">
         <name>processTcpResponse</name>
         <value>0x5d17</value>
         <object_component_ref idref="oc-139"/>
      </symbol>
      <symbol id="sm-426">
         <name>isTcpPortOpen</name>
         <value>0x5d1f</value>
         <object_component_ref idref="oc-139"/>
      </symbol>
      <symbol id="sm-453">
         <name>fn</name>
         <value>0x2000016c</value>
      </symbol>
      <symbol id="sm-454">
         <name>period</name>
         <value>0x20000194</value>
      </symbol>
      <symbol id="sm-455">
         <name>ticks</name>
         <value>0x200001bc</value>
      </symbol>
      <symbol id="sm-456">
         <name>reload</name>
         <value>0x200001e4</value>
      </symbol>
      <symbol id="sm-457">
         <name>initTimer</name>
         <value>0x432d</value>
         <object_component_ref idref="oc-2d"/>
      </symbol>
      <symbol id="sm-458">
         <name>stopTimer</name>
         <value>0x4243</value>
         <object_component_ref idref="oc-2d"/>
      </symbol>
      <symbol id="sm-459">
         <name>startOneshotTimer</name>
         <value>0x42b3</value>
         <object_component_ref idref="oc-2d"/>
      </symbol>
      <symbol id="sm-45a">
         <name>restartTimer</name>
         <value>0x42f7</value>
         <object_component_ref idref="oc-2d"/>
      </symbol>
      <symbol id="sm-45b">
         <name>random32</name>
         <value>0x4325</value>
         <object_component_ref idref="oc-2d"/>
      </symbol>
      <symbol id="sm-45c">
         <name>tickIsr</name>
         <value>0x41fd</value>
         <object_component_ref idref="oc-2d"/>
      </symbol>
      <symbol id="sm-45d">
         <name>startPeriodicTimer</name>
         <value>0x426f</value>
         <object_component_ref idref="oc-2d"/>
      </symbol>
      <symbol id="sm-479">
         <name>ResetISR</name>
         <value>0x5ed3</value>
         <object_component_ref idref="oc-27"/>
      </symbol>
      <symbol id="sm-47a">
         <name>g_pfnVectors</name>
         <value>0x0</value>
         <object_component_ref idref="oc-12"/>
      </symbol>
      <symbol id="sm-494">
         <name>getcUart0</name>
         <value>0x5311</value>
         <object_component_ref idref="oc-fc"/>
      </symbol>
      <symbol id="sm-495">
         <name>kbhitUart0</name>
         <value>0x52b5</value>
         <object_component_ref idref="oc-fc"/>
      </symbol>
      <symbol id="sm-496">
         <name>setUart0BaudRate</name>
         <value>0x5265</value>
         <object_component_ref idref="oc-fc"/>
      </symbol>
      <symbol id="sm-497">
         <name>putsUart0</name>
         <value>0x529d</value>
         <object_component_ref idref="oc-fc"/>
      </symbol>
      <symbol id="sm-498">
         <name>initUart0</name>
         <value>0x52c7</value>
         <object_component_ref idref="oc-fc"/>
      </symbol>
      <symbol id="sm-499">
         <name>putcUart0</name>
         <value>0x528f</value>
         <object_component_ref idref="oc-fc"/>
      </symbol>
      <symbol id="sm-4ae">
         <name>sendUdpMessage</name>
         <value>0x4031</value>
         <object_component_ref idref="oc-14b"/>
      </symbol>
      <symbol id="sm-4af">
         <name>getUdpData</name>
         <value>0x41e5</value>
         <object_component_ref idref="oc-14b"/>
      </symbol>
      <symbol id="sm-4b0">
         <name>isUdp</name>
         <value>0x417d</value>
         <object_component_ref idref="oc-14b"/>
      </symbol>
      <symbol id="sm-4be">
         <name>waitMicrosecond</name>
         <value>0x5dbb</value>
         <object_component_ref idref="oc-133"/>
      </symbol>
      <symbol id="sm-4ed">
         <name>snprintf</name>
         <value>0x5a9d</value>
         <object_component_ref idref="oc-102"/>
      </symbol>
      <symbol id="sm-524">
         <name>sscanf</name>
         <value>0x5c3d</value>
         <object_component_ref idref="oc-108"/>
      </symbol>
      <symbol id="sm-53f">
         <name>memcpy</name>
         <value>0x548b</value>
         <object_component_ref idref="oc-41"/>
      </symbol>
      <symbol id="sm-540">
         <name>__aeabi_memcpy</name>
         <value>0x548b</value>
         <object_component_ref idref="oc-41"/>
      </symbol>
      <symbol id="sm-541">
         <name>__aeabi_memcpy8</name>
         <value>0x548b</value>
         <object_component_ref idref="oc-41"/>
      </symbol>
      <symbol id="sm-542">
         <name>__aeabi_memcpy4</name>
         <value>0x548b</value>
         <object_component_ref idref="oc-41"/>
      </symbol>
      <symbol id="sm-551">
         <name>__aeabi_memset</name>
         <value>0x56cb</value>
         <object_component_ref idref="oc-a6"/>
      </symbol>
      <symbol id="sm-552">
         <name>memset</name>
         <value>0x56d1</value>
         <object_component_ref idref="oc-a6"/>
      </symbol>
      <symbol id="sm-553">
         <name>__aeabi_memset8</name>
         <value>0x56cb</value>
         <object_component_ref idref="oc-a6"/>
      </symbol>
      <symbol id="sm-554">
         <name>__aeabi_memset4</name>
         <value>0x56cb</value>
         <object_component_ref idref="oc-a6"/>
      </symbol>
      <symbol id="sm-555">
         <name>__aeabi_memclr8</name>
         <value>0x56c9</value>
         <object_component_ref idref="oc-a6"/>
      </symbol>
      <symbol id="sm-556">
         <name>__aeabi_memclr4</name>
         <value>0x56c9</value>
         <object_component_ref idref="oc-a6"/>
      </symbol>
      <symbol id="sm-557">
         <name>__aeabi_memclr</name>
         <value>0x56c9</value>
         <object_component_ref idref="oc-a6"/>
      </symbol>
      <symbol id="sm-570">
         <name>__TI_zero_init_nomemset</name>
         <value>0x5d83</value>
         <object_component_ref idref="oc-4d"/>
      </symbol>
      <symbol id="sm-587">
         <name>__TI_decompress_none</name>
         <value>0x5ec5</value>
         <object_component_ref idref="oc-1b"/>
      </symbol>
      <symbol id="sm-5aa">
         <name>__TI_decompress_lzss</name>
         <value>0x5889</value>
         <object_component_ref idref="oc-15"/>
      </symbol>
      <symbol id="sm-5b5">
         <name>_ctypes_</name>
         <value>0x5f00</value>
         <object_component_ref idref="oc-30b"/>
      </symbol>
      <symbol id="sm-5c4">
         <name>strcmp</name>
         <value>0x5e21</value>
         <object_component_ref idref="oc-114"/>
      </symbol>
      <symbol id="sm-5dc">
         <name>strtok</name>
         <value>0x5bbd</value>
         <object_component_ref idref="oc-10e"/>
      </symbol>
      <symbol id="sm-5ef">
         <name>__stack</name>
         <value>0x20000210</value>
         <object_component_ref idref="oc-24"/>
      </symbol>
      <symbol id="sm-5f0">
         <name>_c_int00_noargs</name>
         <value>0x5c75</value>
         <object_component_ref idref="oc-5f"/>
      </symbol>
      <symbol id="sm-755">
         <name>__TI_printfi</name>
         <value>0x1805</value>
         <object_component_ref idref="oc-1e6"/>
      </symbol>
      <symbol id="sm-80b">
         <name>__TI_scanfi</name>
         <value>0x26d</value>
         <object_component_ref idref="oc-209"/>
      </symbol>
      <symbol id="sm-822">
         <name>__aeabi_dsub</name>
         <value>0x43b9</value>
         <object_component_ref idref="oc-393"/>
      </symbol>
      <symbol id="sm-823">
         <name>__aeabi_dadd</name>
         <value>0x43c3</value>
         <object_component_ref idref="oc-393"/>
      </symbol>
      <symbol id="sm-845">
         <name>__aeabi_cdcmpeq</name>
         <value>0x55bd</value>
         <object_component_ref idref="oc-2a3"/>
      </symbol>
      <symbol id="sm-846">
         <name>__aeabi_cdcmple</name>
         <value>0x55bd</value>
         <object_component_ref idref="oc-2a3"/>
      </symbol>
      <symbol id="sm-847">
         <name>__aeabi_cdrcmple</name>
         <value>0x5643</value>
         <object_component_ref idref="oc-37e"/>
      </symbol>
      <symbol id="sm-85b">
         <name>__aeabi_ddiv</name>
         <value>0x4aa9</value>
         <object_component_ref idref="oc-379"/>
      </symbol>
      <symbol id="sm-866">
         <name>__aeabi_dmul</name>
         <value>0x5169</value>
         <object_component_ref idref="oc-374"/>
      </symbol>
      <symbol id="sm-870">
         <name>__aeabi_d2iz</name>
         <value>0x5b31</value>
         <object_component_ref idref="oc-383"/>
      </symbol>
      <symbol id="sm-87c">
         <name>__aeabi_d2f</name>
         <value>0x57b1</value>
         <object_component_ref idref="oc-2fa"/>
      </symbol>
      <symbol id="sm-886">
         <name>__aeabi_i2d</name>
         <value>0x5cd9</value>
         <object_component_ref idref="oc-38e"/>
      </symbol>
      <symbol id="sm-893">
         <name>__aeabi_uldivmod</name>
         <value>0x5527</value>
         <object_component_ref idref="oc-36d"/>
      </symbol>
      <symbol id="sm-8bb">
         <name>__TI_auto_init_nobinit_nopinit</name>
         <value>0x5b79</value>
         <object_component_ref idref="oc-163"/>
      </symbol>
      <symbol id="sm-8c5">
         <name>_system_pre_init</name>
         <value>0x5ef9</value>
         <object_component_ref idref="oc-ac"/>
      </symbol>
      <symbol id="sm-8d1">
         <name>C$$EXIT</name>
         <value>0x5efd</value>
         <object_component_ref idref="oc-157"/>
      </symbol>
      <symbol id="sm-8d2">
         <name>abort</name>
         <value>0x5efd</value>
         <object_component_ref idref="oc-157"/>
      </symbol>
      <symbol id="sm-8e2">
         <name>__TI_ltoa</name>
         <value>0x59ab</value>
         <object_component_ref idref="oc-388"/>
      </symbol>
      <symbol id="sm-8f9">
         <name>atoi</name>
         <value>0x5a51</value>
         <object_component_ref idref="oc-297"/>
      </symbol>
      <symbol id="sm-909">
         <name>memccpy</name>
         <value>0x5d9f</value>
         <object_component_ref idref="oc-2c0"/>
      </symbol>
      <symbol id="sm-919">
         <name>strchr</name>
         <value>0x5e51</value>
         <object_component_ref idref="oc-314"/>
      </symbol>
      <symbol id="sm-927">
         <name>strcpy</name>
         <value>0x5e67</value>
         <object_component_ref idref="oc-2e2"/>
      </symbol>
      <symbol id="sm-938">
         <name>strcspn</name>
         <value>0x5d5f</value>
         <object_component_ref idref="oc-229"/>
      </symbol>
      <symbol id="sm-946">
         <name>strlen</name>
         <value>0x5e7b</value>
         <object_component_ref idref="oc-291"/>
      </symbol>
      <symbol id="sm-955">
         <name>strrchr</name>
         <value>0x5e39</value>
         <object_component_ref idref="oc-30e"/>
      </symbol>
      <symbol id="sm-967">
         <name>strspn</name>
         <value>0x5d35</value>
         <object_component_ref idref="oc-223"/>
      </symbol>
      <symbol id="sm-9c7">
         <name>strtold</name>
         <value>0x2fc5</value>
         <object_component_ref idref="oc-2f4"/>
      </symbol>
      <symbol id="sm-9c8">
         <name>strtod</name>
         <value>0x2fc5</value>
         <object_component_ref idref="oc-2f4"/>
      </symbol>
      <symbol id="sm-9ec">
         <name>strtol</name>
         <value>0x4be1</value>
         <object_component_ref idref="oc-2ff"/>
      </symbol>
      <symbol id="sm-a12">
         <name>strtoll</name>
         <value>0x3c85</value>
         <object_component_ref idref="oc-305"/>
      </symbol>
      <symbol id="sm-a32">
         <name>strtoul</name>
         <value>0x5059</value>
         <object_component_ref idref="oc-2ee"/>
      </symbol>
      <symbol id="sm-a55">
         <name>strtoull</name>
         <value>0x46d9</value>
         <object_component_ref idref="oc-2e8"/>
      </symbol>
      <symbol id="sm-a6b">
         <name>__aeabi_errno_addr</name>
         <value>0x5ee9</value>
         <object_component_ref idref="oc-2cc"/>
      </symbol>
      <symbol id="sm-a6c">
         <name>errno</name>
         <value>0x20000448</value>
         <object_component_ref idref="oc-3c9"/>
      </symbol>
      <symbol id="sm-a85">
         <name>wcslen</name>
         <value>0x5ea1</value>
         <object_component_ref idref="oc-2c6"/>
      </symbol>
      <symbol id="sm-aa5">
         <name>frexpl</name>
         <value>0x58f1</value>
         <object_component_ref idref="oc-3b3"/>
      </symbol>
      <symbol id="sm-aa6">
         <name>frexp</name>
         <value>0x58f1</value>
         <object_component_ref idref="oc-3b3"/>
      </symbol>
      <symbol id="sm-ac3">
         <name>scalbn</name>
         <value>0x4f49</value>
         <object_component_ref idref="oc-3b9"/>
      </symbol>
      <symbol id="sm-ac4">
         <name>scalbnl</name>
         <value>0x4f49</value>
         <object_component_ref idref="oc-3b9"/>
      </symbol>
      <symbol id="sm-ac5">
         <name>ldexpl</name>
         <value>0x4f49</value>
         <object_component_ref idref="oc-3b9"/>
      </symbol>
      <symbol id="sm-ac6">
         <name>ldexp</name>
         <value>0x4f49</value>
         <object_component_ref idref="oc-3b9"/>
      </symbol>
      <symbol id="sm-ad0">
         <name>__aeabi_idiv0</name>
         <value>0x2253</value>
         <object_component_ref idref="oc-410"/>
      </symbol>
      <symbol id="sm-ad1">
         <name>__aeabi_ldiv0</name>
         <value>0x2253</value>
         <object_component_ref idref="oc-410"/>
      </symbol>
      <symbol id="sm-ada">
         <name>__aeabi_lmul</name>
         <value>0x5e09</value>
         <object_component_ref idref="oc-3dc"/>
      </symbol>
      <symbol id="sm-ae4">
         <name>copysign</name>
         <value>0x5dd7</value>
         <object_component_ref idref="oc-429"/>
      </symbol>
      <symbol id="sm-ae5">
         <name>copysignl</name>
         <value>0x5dd7</value>
         <object_component_ref idref="oc-429"/>
      </symbol>
      <symbol id="sm-ae6">
         <name>__TI_static_base__</name>
         <value>0x0</value>
      </symbol>
      <symbol id="sm-ae9">
         <name>__mpu_init</name>
         <value>0x0</value>
      </symbol>
      <symbol id="sm-aea">
         <name>_system_post_cinit</name>
         <value>0x0</value>
      </symbol>
   </symbol_table>
   <title>Link successful</title>
</link_info>
